01:03:08.751  [APP] Inicio — log en: C:\Github\Tesis\src\python\geophone_scope\geophone_20260419_010307.log
01:03:10.965  [GUI] CLICK Conectar → port=COM3
01:03:10.966  [USB] Abriendo COM3 @ 115200
01:03:10.968  [USB] Puerto abierto OK — COM3
01:03:10.968  [GUI] Conectado USB — enviando cmd_start + cmd_get_state
01:03:10.969  [GUI] CLICK Iniciar streaming → cmd_start
01:03:10.969  [USB] TX: bb0100
01:03:11.972  [USB] TX ERROR: Write timeout
01:03:11.972  [USB] TX: bb0100
01:03:12.984  [USB] TX ERROR: Write timeout
01:03:12.984  [USB] TX: bb0900
01:03:13.986  [USB] TX ERROR: Write timeout
01:03:15.335  [GUI] CLICK Conectar UART → port=COM7
01:03:21.964  [GUI] CLICK Debug enable → True
01:03:22.005  [USB] TX: bb070101
01:03:23.010  [USB] TX ERROR: Write timeout
01:03:24.406  [USB] TX: bb0900
01:03:25.407  [USB] TX ERROR: Write timeout
01:03:28.430  [GUI] CLICK Debug channel → 2
01:03:28.431  [USB] TX: bb080102
01:03:29.436  [USB] TX ERROR: Write timeout
01:03:33.745  [GUI] CLICK Debug channel → 0
01:03:33.746  [USB] TX: bb080100
01:03:34.757  [USB] TX ERROR: Write timeout
01:03:42.799  [GUI] CLICK Detener streaming → cmd_stop
01:03:42.799  [USB] TX: bb0200
01:03:43.809  [USB] TX ERROR: Write timeout
01:03:45.515  [GUI] CLICK Entrada → 1 (cmd_set_mux_in)
01:03:45.515  [USB] TX: bb030101
01:03:46.524  [USB] TX ERROR: Write timeout
01:03:46.883  [GUI] CLICK Desconectar
01:03:46.884  [USB] TX: bb0200
01:03:47.898  [USB] TX ERROR: Write timeout
01:03:47.914  [USB] Sesión terminada — total_bytes=0 data=0 state=0 dbg=0 bad=0 garbage=0
01:03:47.925  [GUI] Desconectado USB
01:03:48.542  [GUI] CLICK Conectar → port=COM3
01:03:48.543  [USB] Abriendo COM3 @ 115200
01:03:48.546  [USB] Puerto abierto OK — COM3
01:03:48.546  [GUI] Conectado USB — enviando cmd_start + cmd_get_state
01:03:48.547  [GUI] CLICK Iniciar streaming → cmd_start
01:03:48.547  [USB] TX: bb0100
01:03:49.561  [USB] TX ERROR: Write timeout
01:03:49.561  [USB] TX: bb0100
01:03:50.574  [USB] TX ERROR: Write timeout
01:03:50.574  [USB] TX: bb0900
01:03:51.589  [USB] TX ERROR: Write timeout
01:03:51.602  [GUI] CLICK Detener streaming → cmd_stop
01:03:51.602  [USB] TX: bb0200
01:03:52.610  [USB] TX ERROR: Write timeout
01:03:52.614  [GUI] CLICK Desconectar
01:03:52.614  [USB] TX: bb0200
01:03:53.617  [USB] TX ERROR: Write timeout
01:03:53.680  [USB] Sesión terminada — total_bytes=0 data=0 state=0 dbg=0 bad=0 garbage=0
01:03:53.692  [GUI] Desconectado USB
01:03:55.048  [GUI] CLICK Conectar → port=COM3
01:03:55.048  [USB] Abriendo COM3 @ 115200
01:03:55.051  [USB] Puerto abierto OK — COM3
01:03:55.051  [GUI] Conectado USB — enviando cmd_start + cmd_get_state
01:03:55.051  [GUI] CLICK Iniciar streaming → cmd_start
01:03:55.052  [USB] TX: bb0100
01:03:56.066  [USB] TX ERROR: Write timeout
01:03:56.066  [USB] TX: bb0100
01:03:57.068  [USB] TX ERROR: Write timeout
01:03:57.068  [USB] TX: bb0900
01:03:58.079  [USB] TX ERROR: Write timeout
01:03:58.107  [GUI] CLICK Detener streaming → cmd_stop
01:03:58.107  [USB] TX: bb0200
01:03:59.108  [USB] TX ERROR: Write timeout
01:03:59.109  [GUI] CLICK Iniciar streaming → cmd_start
01:03:59.110  [USB] TX: bb0100
01:04:00.123  [USB] TX ERROR: Write timeout
01:04:00.124  [GUI] CLICK Detener streaming → cmd_stop
01:04:00.124  [USB] TX: bb0200
01:04:01.128  [USB] TX ERROR: Write timeout
01:04:01.129  [GUI] CLICK Iniciar streaming → cmd_start
01:04:01.129  [USB] TX: bb0100
01:04:02.142  [USB] TX ERROR: Write timeout
01:04:02.170  [GUI] CLICK Detener streaming → cmd_stop
01:04:02.170  [USB] TX: bb0200
01:04:03.175  [USB] TX ERROR: Write timeout
01:04:04.505  [GUI] CLICK Filtro salida → 1 (cmd_set_mux_out)
01:04:04.505  [USB] TX: bb040101
01:04:05.517  [USB] TX ERROR: Write timeout
01:04:08.437  [GUI] CLICK Iniciar streaming → cmd_start
01:04:08.437  [USB] TX: bb0100
01:04:09.439  [USB] TX ERROR: Write timeout
01:04:26.529  [APP] Cerrando aplicación
01:04:26.529  [USB] TX: bb0200
01:04:27.543  [USB] TX ERROR: Write timeout
01:04:27.607  [USB] Sesión terminada — total_bytes=0 data=0 state=0 dbg=0 bad=0 garbage=0
01:04:27.643  [GUI] Desconectado USB
01:04:27.644  [GUI] CLICK Desconectar
01:04:27.644  [GUI] CLICK Detener streaming → cmd_stop
