04:37:54.982 [INFO] Log file: C:\Github\Tesis\src\python\geophone_scope - Copy\logs\scope_min_20260420_043754.log
04:37:54.983 [INFO] ============================================================
04:37:54.983 [INFO] scope_min.py arrancando
04:37:54.983 [INFO] ============================================================
04:37:54.983 [INFO] [USB] Buscando dispositivo Cypress (VID=0x04B4)...
04:37:54.989 [INFO] [USB] Puertos encontrados: 1
04:37:54.989 [INFO] [USB]   COM7 | VID=0x04b4 | PID=0xf139 | desc=KitProg USB-UART (COM7)
04:37:54.989 [INFO] [USB] -> Cypress encontrado en COM7
04:37:54.989 [INFO] Usando puerto: COM7
04:37:55.001 [INFO] [GUI] Iniciando ScopeWindow, puerto=COM7
04:37:55.001 [INFO] [GUI] Construyendo UI...
04:37:55.177 [INFO] [GUI] UI construida OK
04:37:55.177 [INFO] [GUI] Creando SerialWorker para COM7
04:37:55.177 [INFO] [serial] Abriendo puerto COM7 ...
04:37:55.177 [INFO] [GUI] SerialWorker iniciado
04:37:55.178 [INFO] [GUI] Timer de refresh iniciado (80ms)
04:37:55.178 [INFO] [GUI] ScopeWindow lista
04:37:55.375 [INFO] [GUI] app.exec_() — entrando en event loop Qt
04:37:55.376 [INFO] [serial] Puerto abierto: Serial<id=0x234addcb9d0, open=True>(port='COM7', baudrate=9600, bytesize=8, parity='N', stopbits=1, timeout=0.1, xonxoff=False, rtscts=False, dsrdtr=False)
04:37:55.376 [INFO] [serial] Entrando en loop de lectura...
04:37:55.488 [DEBUG] [serial] RX 107 bytes: 0000000000aa00f800000000000000aa00f800000000000000aa00f800000000000000aa00f800000000000000aa00f800000000000000aa00f800000000000000aa00f800000000000000aa00f800000000000000aa00f800000000000000aa00f800000000000000aa00
04:37:55.488 [DEBUG] [serial] Descartando 5 bytes antes de 0xAA
04:37:55.488 [DEBUG] [serial] PKT #1: flags=0x00 in=-2048 ds=0 flt=0
04:37:55.489 [DEBUG] [serial] PKT #2: flags=0x00 in=-2048 ds=0 flt=0
04:37:55.489 [DEBUG] [serial] PKT #3: flags=0x00 in=-2048 ds=0 flt=0
04:37:55.489 [DEBUG] [serial] PKT #4: flags=0x00 in=-2048 ds=0 flt=0
04:37:55.489 [DEBUG] [serial] PKT #5: flags=0x00 in=-2048 ds=0 flt=0
04:37:55.598 [DEBUG] [serial] RX 105 bytes: f800000000000000aa00f800000000000000aa00f800000000000000aa00f800000000000000aa00f800000000000000aa00f800000000000000aa00f800000000000000aa00f800000000000000aa00f800000000000000aa00f800000000000000aa00f800000000
04:37:55.708 [DEBUG] [serial] RX 104 bytes: 000000aa00f800000000000000aa00f800000000000000aa00f800000000000000aa00f800000000000000aa00f800000000000000aa00f800000000000000aa00f800000000000000aa00f800000000000000aa00f800000000000000aa00f800000000000000aa
04:37:55.816 [DEBUG] [serial] RX 103 bytes: 00f800000000000000aa00f800000000000000aa00f800000000000000aa00f800000000000000aa00f800000000000000aa00f800000000000000aa00f800000000000000aa00f800000000000000aa00f800000000000000aa00f800000000000000aa00f800
04:37:55.923 [DEBUG] [serial] RX 102 bytes: 000000000000aa00f800000000000000aa00f800000000000000aa00f800000000000000aa00f800000000000000aa00f800000000000000aa00f800000000000000aa00f800000000000000aa00f800000000000000aa00f800000000000000aa00f8000000
04:37:56.032 [DEBUG] [serial] RX 104 bytes: 00000000aa00f800000000000000aa00f800000000000000aa00f800000000000000aa00f800000000000000aa00f800000000000000aa00f800000000000000aa00f800000000000000aa00f800000000000000aa00f800000000000000aa00f800000000000000
04:37:56.142 [DEBUG] [serial] RX 104 bytes: aa00f800000000000000aa00f800000000000000aa00f800000000000000aa00f800000000000000aa00f800000000000000aa00f800000000000000aa00f800000000000000aa00f800000000000000aa00f800000000000000aa00f800000000000000aa00f800
04:37:56.252 [DEBUG] [serial] RX 105 bytes: 000000000000aa00f800000000000000aa00f800000000000000aa00f800000000000000aa00f800000000000000aa00f800000000000000aa00f800000000000000aa00f800000000000000aa00f800000000000000aa00f800000000000000aa00f8000000000000
04:37:56.361 [DEBUG] [serial] RX 104 bytes: 00aa00f800000000000000aa00f800000000000000aa00f800000000000000aa00f800000000000000aa00f800000000000000aa00f800000000000000aa00f800000000000000aa00f800000000000000aa00f800000000000000aa00f800000000000000aa00f8
04:37:56.469 [DEBUG] [serial] RX 102 bytes: 00000000000000aa00f800000000000000aa00f800000000000000aa00f800000000000000aa00f800000000000000aa00f800000000000000aa00f800000000000000aa00f800000000000000aa00f800000000000000aa00f800000000000000aa00f80000
04:37:56.578 [DEBUG] [serial] RX 104 bytes: 0000000000aa00f800000000000000aa00f800000000000000aa00f800000000000000aa00f800000000000000aa00f800000000000000aa00f800000000000000aa00f800000000000000aa00f800000000000000aa00f800000000000000aa00f8000000000000
04:37:56.686 [DEBUG] [serial] RX 103 bytes: 00aa00f800000000000000aa00f800000000000000aa00f800000000000000aa00f800000000000000aa00f800000000000000aa00f800000000000000aa00f800000000000000aa00f800000000000000aa00f800000000000000aa00f800000000000000aa00
04:37:56.796 [DEBUG] [serial] RX 104 bytes: f800000000000000aa00f800000000000000aa00f800000000000000aa00f800000000000000aa00f800000000000000aa00f800000000000000aa00f800000000000000aa00f800000000000000aa00f800000000000000aa00f800000000000000aa00f8000000
04:37:56.906 [DEBUG] [serial] RX 105 bytes: 00000000aa00f800000000000000aa00f800000000000000aa00f800000000000000aa00f800000000000000aa00f800000000000000aa00f800000000000000aa00f800000000000000aa00f800000000000000aa00f800000000000000aa00f800000000000000aa
04:37:57.013 [DEBUG] [serial] RX 102 bytes: 00f800000000000000aa00f800000000000000aa00f800000000000000aa00f800000000000000aa00f800000000000000aa00f800000000000000aa00f800000000000000aa00f800000000000000aa00f800000000000000aa00f800000000000000aa00f8
04:37:57.122 [DEBUG] [serial] RX 104 bytes: 00000000000000aa00f800000000000000aa00f800000000000000aa00f800000000000000aa00f800000000000000aa00f800000000000000aa00f800000000000000aa00f800000000000000aa00f800000000000000aa00f800000000000000aa00f800000000
04:37:57.231 [DEBUG] [serial] RX 103 bytes: 000000aa00f800000000000000aa00f800000000000000aa00f800000000000000aa00f800000000000000aa00f800000000000000aa00f800000000000000aa00f800000000000000aa00f800000000000000aa00f800000000000000aa00f800000000000000
04:37:57.339 [DEBUG] [serial] RX 103 bytes: aa00f800000000000000aa00f800000000000000aa00f800000000000000aa00f800000000000000aa00f800000000000000aa00f800000000000000aa00f800000000000000aa00f800000000000000aa00f800000000000000aa00f800000000000000aa00f8
04:37:57.448 [DEBUG] [serial] RX 103 bytes: 00000000000000aa00f800000000000000aa00f800000000000000aa00f800000000000000aa00f800000000000000aa00f800000000000000aa00f800000000000000aa00f800000000000000aa00f800000000000000aa00f800000000000000aa00f8000000
04:37:57.556 [DEBUG] [serial] RX 103 bytes: 00000000aa00f800000000000000aa00f800000000000000aa00f800000000000000aa00f800000000000000aa00f800000000000000aa00f800000000000000aa00f800000000000000aa00f800000000000000aa00f800000000000000aa00f8000000000000
04:37:57.664 [DEBUG] [serial] RX 103 bytes: 00aa00f800000000000000aa00f800000000000000aa00f800000000000000aa00f800000000000000aa00f800000000000000aa00f800000000000000aa00f800000000000000aa00f800000000000000aa00f800000000000000aa00f800000000000000aa00
04:37:57.774 [DEBUG] [serial] RX 104 bytes: f800000000000000aa00f800000000000000aa00f800000000000000aa00f800000000000000aa00f800000000000000aa00f800000000000000aa00f800000000000000aa00f800000000000000aa00f800000000000000aa00f800000000000000aa00f8000000
04:37:57.883 [DEBUG] [serial] RX 105 bytes: 00000000aa00f800000000000000aa00f800000000000000aa00f800000000000000aa00f800000000000000aa00f800000000000000aa00f800000000000000aa00f800000000000000aa00f800000000000000aa00f800000000000000aa00f800000000000000aa
04:37:57.991 [DEBUG] [serial] RX 102 bytes: 00f800000000000000aa00f800000000000000aa00f800000000000000aa00f800000000000000aa00f800000000000000aa00f800000000000000aa00f800000000000000aa00f800000000000000aa00f800000000000000aa00f800000000000000aa00f8
04:37:58.099 [DEBUG] [serial] RX 102 bytes: 00000000000000aa00f800000000000000aa00f800000000000000aa00f800000000000000aa00f800000000000000aa00f800000000000000aa00f800000000000000aa00f800000000000000aa00f800000000000000aa00f800000000000000aa00f80000
04:37:58.207 [DEBUG] [serial] RX 103 bytes: 0000000000aa00f800000000000000aa00f800000000000000aa00f800000000000000aa00f800000000000000aa00f800000000000000aa00f800000000000000aa00f800000000000000aa00f800000000000000aa00f800000000000000aa00f80000000000
04:37:58.315 [DEBUG] [serial] RX 103 bytes: 0000aa00f800000000000000aa00f800000000000000aa00f800000000000000aa00f800000000000000aa00f800000000000000aa00f800000000000000aa00f800000000000000aa00f800000000000000aa00f800000000000000aa00f800000000000000aa
04:37:58.423 [DEBUG] [serial] RX 103 bytes: 00f800000000000000aa00f800000000000000aa00f800000000000000aa00f800000000000000aa00f800000000000000aa00f800000000000000aa00f800000000000000aa00f800000000000000aa00f800000000000000aa00f800000000000000aa00f800
04:37:58.533 [DEBUG] [serial] RX 105 bytes: 000000000000aa00f800000000000000aa00f800000000000000aa00f800000000000000aa00f800000000000000aa00f800000000000000aa00f800000000000000aa00f800000000000000aa00f800000000000000aa00f800000000000000aa00f8000000000000
04:37:58.642 [DEBUG] [serial] RX 103 bytes: 00aa00f800000000000000aa00f800000000000000aa00f800000000000000aa00f800000000000000aa00f800000000000000aa00f800000000000000aa00f800000000000000aa00f800000000000000aa00f800000000000000aa00f800000000000000aa00
04:37:58.752 [DEBUG] [serial] RX 105 bytes: f800000000000000aa00f800000000000000aa00f800000000000000aa00f800000000000000aa00f800000000000000aa00f800000000000000aa00f800000000000000aa00f800000000000000aa00f800000000000000aa00f800000000000000aa00f800000000
04:37:58.860 [DEBUG] [serial] RX 103 bytes: 000000aa00f800000000000000aa00f800000000000000aa00f800000000000000aa00f800000000000000aa00f800000000000000aa00f800000000000000aa00f800000000000000aa00f800000000000000aa00f800000000000000aa00f800000000000000
04:37:58.968 [DEBUG] [serial] RX 102 bytes: aa00f800000000000000aa00f800000000000000aa00f800000000000000aa00f800000000000000aa00f800000000000000aa00f800000000000000aa00f800000000000000aa00f800000000000000aa00f800000000000000aa00f800000000000000aa00
04:37:59.078 [DEBUG] [serial] RX 105 bytes: f800000000000000aa00f800000000000000aa00f800000000000000aa00f800000000000000aa00f800000000000000aa00f800000000000000aa00f800000000000000aa00f800000000000000aa00f800000000000000aa00f800000000000000aa00f800000000
04:37:59.187 [DEBUG] [serial] RX 104 bytes: 000000aa00f800000000000000aa00f800000000000000aa00f800000000000000aa00f800000000000000aa00f800000000000000aa00f800000000000000aa00f800000000000000aa00f800000000000000aa00f800000000000000aa00f800000000000000aa
04:37:59.297 [DEBUG] [serial] RX 105 bytes: 00f800000000000000aa00f800000000000000aa00f800000000000000aa00f800000000000000aa00f800000000000000aa00f800000000000000aa00f800000000000000aa00f800000000000000aa00f800000000000000aa00f800000000000000aa00f8000000
04:37:59.407 [DEBUG] [serial] RX 104 bytes: 00000000aa00f800000000000000aa00f800000000000000aa00f800000000000000aa00f800000000000000aa00f800000000000000aa00f800000000000000aa00f800000000000000aa00f800000000000000aa00f800000000000000aa00f800000000000000
04:37:59.514 [DEBUG] [serial] RX 102 bytes: aa00f800000000000000aa00f800000000000000aa00f800000000000000aa00f800000000000000aa00f800000000000000aa00f800000000000000aa00f800000000000000aa00f800000000000000aa00f800000000000000aa00f800000000000000aa00
04:37:59.623 [DEBUG] [serial] RX 104 bytes: f800000000000000aa00f800000000000000aa00f800000000000000aa00f800000000000000aa00f800000000000000aa00f800000000000000aa00f800000000000000aa00f800000000000000aa00f800000000000000aa00f800000000000000aa00f8000000
04:37:59.733 [DEBUG] [serial] RX 105 bytes: 00000000aa00f800000000000000aa00f800000000000000aa00f800000000000000aa00f800000000000000aa00f800000000000000aa00f800000000000000aa00f800000000000000aa00f800000000000000aa00f800000000000000aa00f800000000000000aa
04:37:59.842 [DEBUG] [serial] RX 103 bytes: 00f800000000000000aa00f800000000000000aa00f800000000000000aa00f800000000000000aa00f800000000000000aa00f800000000000000aa00f800000000000000aa00f800000000000000aa00f800000000000000aa00f800000000000000aa00f800
04:37:59.952 [DEBUG] [serial] RX 105 bytes: 000000000000aa00f800000000000000aa00f800000000000000aa00f800000000000000aa00f800000000000000aa00f800000000000000aa00f800000000000000aa00f800000000000000aa00f800000000000000aa00f800000000000000aa00f8000000000000
04:38:00.060 [DEBUG] [serial] RX 103 bytes: 00aa00f800000000000000aa00f800000000000000aa00f800000000000000aa00f800000000000000aa00f800000000000000aa00f800000000000000aa00f800000000000000aa00f800000000000000aa00f800000000000000aa00f800000000000000aa00
04:38:00.168 [DEBUG] [serial] RX 103 bytes: f800000000000000aa00f800000000000000aa00f800000000000000aa00f800000000000000aa00f800000000000000aa00f800000000000000aa00f800000000000000aa00f800000000000000aa00f800000000000000aa00f800000000000000aa00f80000
04:38:00.276 [DEBUG] [serial] RX 102 bytes: 0000000000aa00f800000000000000aa00f800000000000000aa00f800000000000000aa00f800000000000000aa00f800000000000000aa00f800000000000000aa00f800000000000000aa00f800000000000000aa00f800000000000000aa00f800000000
04:38:00.276 [INFO] [serial] Stats: 465 pkts, 4662 bytes rx
04:38:00.384 [DEBUG] [serial] RX 103 bytes: 000000aa00f800000000000000aa00f800000000000000aa00f800000000000000aa00f800000000000000aa00f800000000000000aa00f800000000000000aa00f800000000000000aa00f800000000000000aa00f800000000000000aa00f800000000000000
04:38:00.493 [DEBUG] [serial] RX 103 bytes: aa00f800000000000000aa00f800000000000000aa00f800000000000000aa00f800000000000000aa00f800000000000000aa00f800000000000000aa00f800000000000000aa00f800000000000000aa00f800000000000000aa00f800000000000000aa00f8
04:38:00.602 [DEBUG] [serial] RX 104 bytes: 00000000000000aa00f800000000000000aa00f800000000000000aa00f800000000000000aa00f800000000000000aa00f800000000000000aa00f800000000000000aa00f800000000000000aa00f800000000000000aa00f800000000000000aa00f800000000
04:38:00.711 [DEBUG] [serial] RX 104 bytes: 000000aa00f800000000000000aa00f800000000000000aa00f800000000000000aa00f800000000000000aa00f800000000000000aa00f800000000000000aa00f800000000000000aa00f800000000000000aa00f800000000000000aa00f800000000000000aa
04:38:00.711 [DEBUG] [serial] PKT #500: flags=0x00 in=-2048 ds=0 flt=0
04:38:00.820 [DEBUG] [serial] RX 103 bytes: 00f800000000000000aa00f800000000000000aa00f800000000000000aa00f800000000000000aa00f800000000000000aa00f800000000000000aa00f800000000000000aa00f800000000000000aa00f800000000000000aa00f800000000000000aa00f800
04:38:00.928 [DEBUG] [serial] RX 104 bytes: 000000000000aa00f800000000000000aa00f800000000000000aa00f800000000000000aa00f800000000000000aa00f800000000000000aa00f800000000000000aa00f800000000000000aa00f800000000000000aa00f800000000000000aa00f80000000000
04:38:01.039 [DEBUG] [serial] RX 105 bytes: 0000aa00f800000000000000aa00f800000000000000aa00f800000000000000aa00f800000000000000aa00f800000000000000aa00f800000000000000aa00f800000000000000aa00f800000000000000aa00f800000000000000aa00f800000000000000aa00f8
04:38:01.149 [DEBUG] [serial] RX 104 bytes: 00000000000000aa00f800000000000000aa00f800000000000000aa00f800000000000000aa00f800000000000000aa00f800000000000000aa00f800000000000000aa00f800000000000000aa00f800000000000000aa00f800000000000000aa00f800000000
04:38:01.258 [DEBUG] [serial] RX 104 bytes: 000000aa00f800000000000000aa00f800000000000000aa00f800000000000000aa00f800000000000000aa00f800000000000000aa00f800000000000000aa00f800000000000000aa00f800000000000000aa00f800000000000000aa00f800000000000000aa
04:38:01.371 [DEBUG] [serial] RX 107 bytes: 00f800000000000000aa00f800000000000000aa00f800000000000000aa00f800000000000000aa00f800000000000000aa00f800000000000000aa00f800000000000000aa00f800000000000000aa00f800000000000000aa00f800000000000000aa00f80000000000
04:38:01.478 [DEBUG] [serial] RX 102 bytes: 0000aa00f800000000000000aa00f800000000000000aa00f800000000000000aa00f800000000000000aa00f800000000000000aa00f800000000000000aa00f800000000000000aa00f800000000000000aa00f800000000000000aa00f800000000000000
04:38:01.588 [DEBUG] [serial] RX 105 bytes: aa00f800000000000000aa00f800000000000000aa00f800000000000000aa00f800000000000000aa00f800000000000000aa00f800000000000000aa00f800000000000000aa00f800000000000000aa00f800000000000000aa00f800000000000000aa00f80000
04:38:01.696 [DEBUG] [serial] RX 103 bytes: 0000000000aa00f800000000000000aa00f800000000000000aa00f800000000000000aa00f800000000000000aa00f800000000000000aa00f800000000000000aa00f800000000000000aa00f800000000000000aa00f800000000000000aa00f80000000000
04:38:01.806 [DEBUG] [serial] RX 104 bytes: 0000aa00f800000000000000aa00f800000000000000aa00f800000000000000aa00f800000000000000aa00f800000000000000aa00f800000000000000aa00f800000000000000aa00f800000000000000aa00f800000000000000aa00f800000000000000aa00
04:38:01.914 [DEBUG] [serial] RX 103 bytes: f800000000000000aa00f800000000000000aa00f800000000000000aa00f800000000000000aa00f800000000000000aa00f800000000000000aa00f800000000000000aa00f800000000000000aa00f800000000000000aa00f800000000000000aa00f80000
04:38:02.021 [DEBUG] [serial] RX 102 bytes: 0000000000aa00f800000000000000aa00f800000000000000aa00f800000000000000aa00f800000000000000aa00f800000000000000aa00f800000000000000aa00f800000000000000aa00f800000000000000aa00f800000000000000aa00f800000000
04:38:02.071 [INFO] [GUI] Freq cambiada a 150.0 Hz (freq_dh=1500)
04:38:02.071 [INFO] [serial] Encolando TX CMD_FREQ freq=150.0Hz dh=1500: bb0305dc
04:38:02.131 [INFO] [serial] TX CMD_FREQ freq=150.0Hz dh=1500: bb0305dc
04:38:02.132 [DEBUG] [serial] TX OK: 4 bytes escritos
04:38:02.132 [DEBUG] [serial] RX 105 bytes: 000000aa00f800000000000000aa00f800000000000000aa00f800000000000000aa00f800000000000000aa00f800000000000000aa00f800000000000000aa00f800000000000000aa00f800000000000000aa00f800000000000000aa00f800000000000000aa00
04:38:02.241 [DEBUG] [serial] RX 104 bytes: f800000000000000aa00f800000000000000aa00f800000000000000aa00f800000000000000aa00f800000000000000aa00f800000000000000aa00f800000000000000aa00f800000000000000aa00f800000000000000aa00f800000000000000aa00f8000000
04:38:02.350 [DEBUG] [serial] RX 104 bytes: 00000000aa00f800000000000000aa00f800000000000000aa00f800000000000000aa00f800000000000000aa00f800000000000000aa00f800000000000000aa00f800000000000000aa00f800000000000000aa00f800000000000000aa00f800000000000000
04:38:02.459 [DEBUG] [serial] RX 60 bytes: aa00f800000000000000aa00f800000000000000aa00f800000000000000aa00f800000000000000aa00f800000000000000aa00f800000000000000
04:38:19.506 [INFO] [GUI] Freq cambiada a 150.0 Hz (freq_dh=1500)
04:38:19.506 [INFO] [serial] Encolando TX CMD_FREQ freq=150.0Hz dh=1500: bb0305dc
04:38:19.547 [INFO] [serial] TX CMD_FREQ freq=150.0Hz dh=1500: bb0305dc
04:38:19.548 [DEBUG] [serial] TX OK: 4 bytes escritos
04:38:19.594 [INFO] [GUI] Click START
04:38:19.595 [INFO] [serial] Encolando TX CMD_START: bb04
04:38:19.654 [INFO] [serial] TX CMD_START: bb04
04:38:19.654 [DEBUG] [serial] TX OK: 2 bytes escritos
04:38:20.955 [INFO] [GUI] Click STOP
04:38:20.955 [INFO] [serial] Encolando TX CMD_STOP: bb05
04:38:20.962 [INFO] [serial] TX CMD_STOP: bb05
04:38:20.963 [DEBUG] [serial] TX OK: 2 bytes escritos
04:38:44.385 [DEBUG] [serial] RX 2 bytes: ffff
04:38:44.385 [DEBUG] [serial] Sin header 0xAA, descartando 2 bytes: ffff
04:38:44.386 [INFO] [serial] Stats: 669 pkts, 6697 bytes rx
04:38:44.819 [DEBUG] [serial] RX 3 bytes: ffa8fe
04:38:44.819 [DEBUG] [serial] Sin header 0xAA, descartando 3 bytes: ffa8fe
04:38:44.928 [DEBUG] [serial] RX 10 bytes: 02c40cfc00fe02ff00fe
04:38:44.928 [DEBUG] [serial] Sin header 0xAA, descartando 10 bytes: 02c40cfc00fe02ff00fe
04:38:45.036 [DEBUG] [serial] RX 10 bytes: 00ff00ff00fe00ff0000
04:38:45.036 [DEBUG] [serial] Sin header 0xAA, descartando 10 bytes: 00ff00ff00fe00ff0000
04:38:45.144 [DEBUG] [serial] RX 5 bytes: 0000000000
04:38:45.144 [DEBUG] [serial] Sin header 0xAA, descartando 5 bytes: 0000000000
04:38:45.252 [DEBUG] [serial] RX 8 bytes: 00ff0000ff0000ff
04:38:45.253 [DEBUG] [serial] Sin header 0xAA, descartando 8 bytes: 00ff0000ff0000ff
04:38:45.363 [DEBUG] [serial] RX 8 bytes: ff000000ff0000ff
04:38:45.363 [DEBUG] [serial] Sin header 0xAA, descartando 8 bytes: ff000000ff0000ff
04:38:45.470 [DEBUG] [serial] RX 12 bytes: 01ff000000ff0000ffde3b00
04:38:45.471 [DEBUG] [serial] Sin header 0xAA, descartando 12 bytes: 01ff000000ff0000ffde3b00
04:38:45.580 [DEBUG] [serial] RX 9 bytes: 000000ff0000ff0000
04:38:45.581 [DEBUG] [serial] Sin header 0xAA, descartando 9 bytes: 000000ff0000ff0000
04:38:45.688 [DEBUG] [serial] RX 8 bytes: 00ff0000ff0000ff
04:38:45.688 [DEBUG] [serial] Sin header 0xAA, descartando 8 bytes: 00ff0000ff0000ff
04:38:45.796 [DEBUG] [serial] RX 8 bytes: 00ff000000ff0000
04:38:45.796 [DEBUG] [serial] Sin header 0xAA, descartando 8 bytes: 00ff000000ff0000
04:38:45.905 [DEBUG] [serial] RX 7 bytes: 34ff0000000000
04:38:45.905 [DEBUG] [serial] Sin header 0xAA, descartando 7 bytes: 34ff0000000000
04:38:46.014 [DEBUG] [serial] RX 6 bytes: 000000000000
04:38:46.014 [DEBUG] [serial] Sin header 0xAA, descartando 6 bytes: 000000000000
04:38:46.125 [DEBUG] [serial] RX 5 bytes: 0000000000
04:38:46.125 [DEBUG] [serial] Sin header 0xAA, descartando 5 bytes: 0000000000
04:38:46.233 [DEBUG] [serial] RX 6 bytes: 000000000000
04:38:46.233 [DEBUG] [serial] Sin header 0xAA, descartando 6 bytes: 000000000000
04:38:46.343 [DEBUG] [serial] RX 15 bytes: 00f0000080b4bfbfbd012088f81c00
04:38:46.343 [DEBUG] [serial] Sin header 0xAA, descartando 15 bytes: 00f0000080b4bfbfbd012088f81c00
04:38:46.452 [DEBUG] [serial] RX 6 bytes: 000000000000
04:38:46.452 [DEBUG] [serial] Sin header 0xAA, descartando 6 bytes: 000000000000
04:38:46.558 [DEBUG] [serial] RX 5 bytes: 0000000000
04:38:46.560 [DEBUG] [serial] Sin header 0xAA, descartando 5 bytes: 0000000000
04:38:46.668 [DEBUG] [serial] RX 7 bytes: 0000ff000000ff
04:38:46.668 [DEBUG] [serial] Sin header 0xAA, descartando 7 bytes: 0000ff000000ff
04:38:46.778 [DEBUG] [serial] RX 7 bytes: 00ff0000000000
04:38:46.778 [DEBUG] [serial] Sin header 0xAA, descartando 7 bytes: 00ff0000000000
04:38:46.886 [DEBUG] [serial] RX 6 bytes: 0000000000ff
04:38:46.886 [DEBUG] [serial] Sin header 0xAA, descartando 6 bytes: 0000000000ff
04:38:46.997 [DEBUG] [serial] RX 10 bytes: 00ff00ff00ff00fe0100
04:38:46.997 [DEBUG] [serial] Sin header 0xAA, descartando 10 bytes: 00ff00ff00ff00fe0100
04:38:47.106 [DEBUG] [serial] RX 10 bytes: ff01fe00ff00ff00fc00
04:38:47.106 [DEBUG] [serial] Sin header 0xAA, descartando 10 bytes: ff01fe00ff00ff00fc00
04:38:47.218 [DEBUG] [serial] RX 9 bytes: fcfc0300fc00ff0003
04:38:47.219 [DEBUG] [serial] Sin header 0xAA, descartando 9 bytes: fcfc0300fc00ff0003
04:38:47.326 [DEBUG] [serial] RX 2 bytes: 0000
04:38:47.326 [DEBUG] [serial] Sin header 0xAA, descartando 2 bytes: 0000
04:38:54.729 [DEBUG] [serial] RX 101 bytes: aa00f800000000000000aa00f800000000000000aa00f800000000000000aa00f800000000000000aa00f800000000000000aa00f800000000000000aa00f800000000000000aa00f800000000000000aa00f800000000000000aa00f800000000000000aa
04:38:54.729 [INFO] [serial] Stats: 679 pkts, 6980 bytes rx
04:38:54.837 [DEBUG] [serial] RX 103 bytes: 00f800000000000000aa00f800000000000000aa00f800000000000000aa00f800000000000000aa00f800000000000000aa00f800000000000000aa00f800000000000000aa00f800000000000000aa00f800000000000000aa00f800000000000000aa00f800
04:38:54.945 [DEBUG] [serial] RX 103 bytes: 000000000000aa00f800000000000000aa00f800000000000000aa00f800000000000000aa00f800000000000000aa00f800000000000000aa00f800000000000000aa00f800000000000000aa00f800000000000000aa00f800000000000000aa00f800000000
04:38:55.053 [DEBUG] [serial] RX 103 bytes: 000000aa00f800000000000000aa00f800000000000000aa00f800000000000000aa00f800000000000000aa00f800000000000000aa00f800000000000000aa00f800000000000000aa00f800000000000000aa00f800000000000000aa00f800000000000000
04:38:55.162 [DEBUG] [serial] RX 103 bytes: aa00f800000000000000aa00f800000000000000aa00f800000000000000aa00f800000000000000aa00f800000000000000aa00f800000000000000aa00f800000000000000aa00f800000000000000aa00f800000000000000aa00f800000000000000aa00f8
04:38:55.271 [DEBUG] [serial] RX 104 bytes: 00000000000000aa00f800000000000000aa00f800000000000000aa00f800000000000000aa00f800000000000000aa00f800000000000000aa00f800000000000000aa00f800000000000000aa00f800000000000000aa00f800000000000000aa00f800000000
04:38:55.380 [DEBUG] [serial] RX 104 bytes: 000000aa00f800000000000000aa00f800000000000000aa00f800000000000000aa00f800000000000000aa00f800000000000000aa00f800000000000000aa00f800000000000000aa00f800000000000000aa00f800000000000000aa00f800000000000000aa
04:38:55.488 [DEBUG] [serial] RX 103 bytes: 00f800000000000000aa00f800000000000000aa00f800000000000000aa00f800000000000000aa00f800000000000000aa00f800000000000000aa00f800000000000000aa00f800000000000000aa00f800000000000000aa00f800000000000000aa00f800
04:38:55.599 [DEBUG] [serial] RX 105 bytes: 000000000000aa00f800000000000000aa00f800000000000000aa00f800000000000000aa00f800000000000000aa00f800000000000000aa00f800000000000000aa00f800000000000000aa00f800000000000000aa00f800000000000000aa00f8000000000000
04:38:55.708 [DEBUG] [serial] RX 104 bytes: 00aa00f800000000000000aa00f800000000000000aa00f800000000000000aa00f800000000000000aa00f800000000000000aa00f800000000000000aa00f800000000000000aa00f800000000000000aa00f800000000000000aa00f800000000000000aa00f8
04:38:55.817 [DEBUG] [serial] RX 103 bytes: 00000000000000aa00f800000000000000aa00f800000000000000aa00f800000000000000aa00f800000000000000aa00f800000000000000aa00f800000000000000aa00f800000000000000aa00f800000000000000aa00f800000000000000aa00f8000000
04:38:55.925 [DEBUG] [serial] RX 103 bytes: 00000000aa00f800000000000000aa00f800000000000000aa00f800000000000000aa00f800000000000000aa00f800000000000000aa00f800000000000000aa00f800000000000000aa00f800000000000000aa00f800000000000000aa00f8000000000000
04:38:56.034 [DEBUG] [serial] RX 104 bytes: 00aa00f800000000000000aa00f800000000000000aa00f800000000000000aa00f800000000000000aa00f800000000000000aa00f800000000000000aa00f800000000000000aa00f800000000000000aa00f800000000000000aa00f800000000000000aa00f8
04:38:56.144 [DEBUG] [serial] RX 104 bytes: 00000000000000aa00f800000000000000aa00f800000000000000aa00f800000000000000aa00f800000000000000aa00f800000000000000aa00f800000000000000aa00f800000000000000aa00f800000000000000aa00f800000000000000aa00f800000000
04:38:56.253 [DEBUG] [serial] RX 104 bytes: 000000aa00f800000000000000aa00f800000000000000aa00f800000000000000aa00f800000000000000aa00f800000000000000aa00f800000000000000aa00f800000000000000aa00f800000000000000aa00f800000000000000aa00f800000000000000aa
04:38:56.362 [DEBUG] [serial] RX 104 bytes: 00f800000000000000aa00f800000000000000aa00f800000000000000aa00f800000000000000aa00f800000000000000aa00f800000000000000aa00f800000000000000aa00f800000000000000aa00f800000000000000aa00f800000000000000aa00f80000
04:38:56.471 [DEBUG] [serial] RX 104 bytes: 0000000000aa00f800000000000000aa00f800000000000000aa00f800000000000000aa00f800000000000000aa00f800000000000000aa00f800000000000000aa00f800000000000000aa00f800000000000000aa00f800000000000000aa00f8000000000000
04:38:56.580 [DEBUG] [serial] RX 103 bytes: 00aa00f800000000000000aa00f800000000000000aa00f800000000000000aa00f800000000000000aa00f800000000000000aa00f800000000000000aa00f800000000000000aa00f800000000000000aa00f800000000000000aa00f800000000000000aa00
04:38:56.689 [DEBUG] [serial] RX 104 bytes: f800000000000000aa00f800000000000000aa00f800000000000000aa00f800000000000000aa00f800000000000000aa00f800000000000000aa00f800000000000000aa00f800000000000000aa00f800000000000000aa00f800000000000000aa00f8000000
04:38:56.798 [DEBUG] [serial] RX 104 bytes: 00000000aa00f800000000000000aa00f800000000000000aa00f800000000000000aa00f800000000000000aa00f800000000000000aa00f800000000000000aa00f800000000000000aa00f800000000000000aa00f800000000000000aa00f800000000000000
04:38:56.907 [DEBUG] [serial] RX 104 bytes: aa00f800000000000000aa00f800000000000000aa00f800000000000000aa00f800000000000000aa00f800000000000000aa00f800000000000000aa00f800000000000000aa00f800000000000000aa00f800000000000000aa00f800000000000000aa00f800
04:38:57.016 [DEBUG] [serial] RX 103 bytes: 000000000000aa00f800000000000000aa00f800000000000000aa00f800000000000000aa00f800000000000000aa00f800000000000000aa00f800000000000000aa00f800000000000000aa00f800000000000000aa00f800000000000000aa00f800000000
04:38:57.127 [DEBUG] [serial] RX 106 bytes: 000000aa00f800000000000000aa00f800000000000000aa00f800000000000000aa00f800000000000000aa00f800000000000000aa00f800000000000000aa00f800000000000000aa00f800000000000000aa00f800000000000000aa00f800000000000000aa00f8
04:38:57.236 [DEBUG] [serial] RX 103 bytes: 00000000000000aa00f800000000000000aa00f800000000000000aa00f800000000000000aa00f800000000000000aa00f800000000000000aa00f800000000000000aa00f800000000000000aa00f800000000000000aa00f800000000000000aa00f8000000
04:38:57.344 [DEBUG] [serial] RX 103 bytes: 00000000aa00f800000000000000aa00f800000000000000aa00f800000000000000aa00f800000000000000aa00f800000000000000aa00f800000000000000aa00f800000000000000aa00f800000000000000aa00f800000000000000aa00f8000000000000
04:38:57.453 [DEBUG] [serial] RX 104 bytes: 00aa00f800000000000000aa00f800000000000000aa00f800000000000000aa00f800000000000000aa00f800000000000000aa00f800000000000000aa00f800000000000000aa00f800000000000000aa00f800000000000000aa00f800000000000000aa00f8
04:38:57.563 [DEBUG] [serial] RX 105 bytes: 00000000000000aa00f800000000000000aa00f800000000000000aa00f800000000000000aa00f800000000000000aa00f800000000000000aa00f800000000000000aa00f800000000000000aa00f800000000000000aa00f800000000000000aa00f80000000000
04:38:57.672 [DEBUG] [serial] RX 103 bytes: 0000aa00f800000000000000aa00f800000000000000aa00f800000000000000aa00f800000000000000aa00f800000000000000aa00f800000000000000aa00f800000000000000aa00f800000000000000aa00f800000000000000aa00f800000000000000aa
04:38:57.781 [DEBUG] [serial] RX 104 bytes: 00f800000000000000aa00f800000000000000aa00f800000000000000aa00f800000000000000aa00f800000000000000aa00f800000000000000aa00f800000000000000aa00f800000000000000aa00f800000000000000aa00f800000000000000aa00f80000
04:38:57.889 [DEBUG] [serial] RX 102 bytes: 0000000000aa00f800000000000000aa00f800000000000000aa00f800000000000000aa00f800000000000000aa00f800000000000000aa00f800000000000000aa00f800000000000000aa00f800000000000000aa00f800000000000000aa00f800000000
04:38:57.999 [DEBUG] [serial] RX 105 bytes: 000000aa00f800000000000000aa00f800000000000000aa00f800000000000000aa00f800000000000000aa00f800000000000000aa00f800000000000000aa00f800000000000000aa00f800000000000000aa00f800000000000000aa00f800000000000000aa00
04:38:58.108 [DEBUG] [serial] RX 104 bytes: f800000000000000aa00f800000000000000aa00f800000000000000aa00f800000000000000aa00f800000000000000aa00f800000000000000aa00f800000000000000aa00f800000000000000aa00f800000000000000aa00f800000000000000aa00f8000000
04:38:58.108 [DEBUG] [serial] PKT #1000: flags=0x00 in=-2048 ds=0 flt=0
04:38:58.218 [DEBUG] [serial] RX 104 bytes: 00000000aa00f800000000000000aa00f800000000000000aa00f800000000000000aa00f800000000000000aa00f800000000000000aa00f800000000000000aa00f800000000000000aa00f800000000000000aa00f800000000000000aa00f800000000000000
04:38:58.327 [DEBUG] [serial] RX 104 bytes: aa00f800000000000000aa00f800000000000000aa00f800000000000000aa00f800000000000000aa00f800000000000000aa00f800000000000000aa00f800000000000000aa00f800000000000000aa00f800000000000000aa00f800000000000000aa00f800
04:38:58.437 [DEBUG] [serial] RX 105 bytes: 000000000000aa00f800000000000000aa00f800000000000000aa00f800000000000000aa00f800000000000000aa00f800000000000000aa00f800000000000000aa00f800000000000000aa00f800000000000000aa00f800000000000000aa00f8000000000000
04:38:58.546 [DEBUG] [serial] RX 104 bytes: 00aa00f800000000000000aa00f800000000000000aa00f800000000000000aa00f800000000000000aa00f800000000000000aa00f800000000000000aa00f800000000000000aa00f800000000000000aa00f800000000000000aa00f800000000000000aa00f8
04:38:58.653 [DEBUG] [serial] RX 102 bytes: 00000000000000aa00f800000000000000aa00f800000000000000aa00f800000000000000aa00f800000000000000aa00f800000000000000aa00f800000000000000aa00f800000000000000aa00f800000000000000aa00f800000000000000aa00f80000
04:38:58.762 [DEBUG] [serial] RX 104 bytes: 0000000000aa00f800000000000000aa00f800000000000000aa00f800000000000000aa00f800000000000000aa00f800000000000000aa00f800000000000000aa00f800000000000000aa00f800000000000000aa00f800000000000000aa00f8000000000000
04:38:58.872 [DEBUG] [serial] RX 104 bytes: 00aa00f800000000000000aa00f800000000000000aa00f800000000000000aa00f800000000000000aa00f800000000000000aa00f800000000000000aa00f800000000000000aa00f800000000000000aa00f800000000000000aa00f800000000000000aa00f8
04:38:58.980 [DEBUG] [serial] RX 103 bytes: 00000000000000aa00f800000000000000aa00f800000000000000aa00f800000000000000aa00f800000000000000aa00f800000000000000aa00f800000000000000aa00f800000000000000aa00f800000000000000aa00f800000000000000aa00f8000000
04:38:59.088 [DEBUG] [serial] RX 103 bytes: 00000000aa00f800000000000000aa00f800000000000000aa00f800000000000000aa00f800000000000000aa00f800000000000000aa00f800000000000000aa00f800000000000000aa00f800000000000000aa00f800000000000000aa00f8000000000000
04:38:59.197 [DEBUG] [serial] RX 103 bytes: 00aa00f800000000000000aa00f800000000000000aa00f800000000000000aa00f800000000000000aa00f800000000000000aa00f800000000000000aa00f800000000000000aa00f800000000000000aa00f800000000000000aa00f800000000000000aa00
04:38:59.307 [DEBUG] [serial] RX 105 bytes: f800000000000000aa00f800000000000000aa00f800000000000000aa00f800000000000000aa00f800000000000000aa00f800000000000000aa00f800000000000000aa00f800000000000000aa00f800000000000000aa00f800000000000000aa00f800000000
04:38:59.416 [DEBUG] [serial] RX 103 bytes: 000000aa00f800000000000000aa00f800000000000000aa00f800000000000000aa00f800000000000000aa00f800000000000000aa00f800000000000000aa00f800000000000000aa00f800000000000000aa00f800000000000000aa00f800000000000000
04:38:59.524 [DEBUG] [serial] RX 103 bytes: aa00f800000000000000aa00f800000000000000aa00f800000000000000aa00f800000000000000aa00f800000000000000aa00f800000000000000aa00f800000000000000aa00f800000000000000aa00f800000000000000aa00f800000000000000aa00f8
04:38:59.634 [DEBUG] [serial] RX 105 bytes: 00000000000000aa00f800000000000000aa00f800000000000000aa00f800000000000000aa00f800000000000000aa00f800000000000000aa00f800000000000000aa00f800000000000000aa00f800000000000000aa00f800000000000000aa00f80000000000
04:38:59.743 [DEBUG] [serial] RX 104 bytes: 0000aa00f800000000000000aa00f800000000000000aa00f800000000000000aa00f800000000000000aa00f800000000000000aa00f800000000000000aa00f800000000000000aa00f800000000000000aa00f800000000000000aa00f800000000000000aa00
04:38:59.744 [INFO] [serial] Stats: 1156 pkts, 11751 bytes rx
04:38:59.852 [DEBUG] [serial] RX 104 bytes: f800000000000000aa00f800000000000000aa00f800000000000000aa00f800000000000000aa00f800000000000000aa00f800000000000000aa00f800000000000000aa00f800000000000000aa00f800000000000000aa00f800000000000000aa00f8000000
04:38:59.960 [DEBUG] [serial] RX 102 bytes: 00000000aa00f800000000000000aa00f800000000000000aa00f800000000000000aa00f800000000000000aa00f800000000000000aa00f800000000000000aa00f800000000000000aa00f800000000000000aa00f800000000000000aa00f80000000000
04:39:00.069 [DEBUG] [serial] RX 104 bytes: 0000aa00f800000000000000aa00f800000000000000aa00f800000000000000aa00f800000000000000aa00f800000000000000aa00f800000000000000aa00f800000000000000aa00f800000000000000aa00f800000000000000aa00f800000000000000aa00
04:39:00.178 [DEBUG] [serial] RX 103 bytes: f800000000000000aa00f800000000000000aa00f800000000000000aa00f800000000000000aa00f800000000000000aa00f800000000000000aa00f800000000000000aa00f800000000000000aa00f800000000000000aa00f800000000000000aa00f80000
04:39:00.287 [DEBUG] [serial] RX 104 bytes: 0000000000aa00f800000000000000aa00f800000000000000aa00f800000000000000aa00f800000000000000aa00f800000000000000aa00f800000000000000aa00f800000000000000aa00f800000000000000aa00f800000000000000aa00f8000000000000
04:39:00.396 [DEBUG] [serial] RX 104 bytes: 00aa00f800000000000000aa00f800000000000000aa00f800000000000000aa00f800000000000000aa00f800000000000000aa00f800000000000000aa00f800000000000000aa00f800000000000000aa00f800000000000000aa00f800000000000000aa00f8
04:39:00.506 [DEBUG] [serial] RX 104 bytes: 00000000000000aa00f800000000000000aa00f800000000000000aa00f800000000000000aa00f800000000000000aa00f800000000000000aa00f800000000000000aa00f800000000000000aa00f800000000000000aa00f800000000000000aa00f800000000
04:39:00.615 [DEBUG] [serial] RX 104 bytes: 000000aa00f800000000000000aa00f800000000000000aa00f800000000000000aa00f800000000000000aa00f800000000000000aa00f800000000000000aa00f800000000000000aa00f800000000000000aa00f800000000000000aa00f800000000000000aa
04:39:00.724 [DEBUG] [serial] RX 104 bytes: 00f800000000000000aa00f800000000000000aa00f800000000000000aa00f800000000000000aa00f800000000000000aa00f800000000000000aa00f800000000000000aa00f800000000000000aa00f800000000000000aa00f800000000000000aa00f80000
04:39:00.833 [DEBUG] [serial] RX 104 bytes: 0000000000aa00f800000000000000aa00f800000000000000aa00f800000000000000aa00f800000000000000aa00f800000000000000aa00f800000000000000aa00f800000000000000aa00f800000000000000aa00f800000000000000aa00f8000000000000
04:39:00.943 [DEBUG] [serial] RX 104 bytes: 00aa00f800000000000000aa00f800000000000000aa00f800000000000000aa00f800000000000000aa00f800000000000000aa00f800000000000000aa00f800000000000000aa00f800000000000000aa00f800000000000000aa00f800000000000000aa00f8
04:39:01.052 [DEBUG] [serial] RX 104 bytes: 00000000000000aa00f800000000000000aa00f800000000000000aa00f800000000000000aa00f800000000000000aa00f800000000000000aa00f800000000000000aa00f800000000000000aa00f800000000000000aa00f800000000000000aa00f800000000
04:39:01.159 [DEBUG] [serial] RX 102 bytes: 000000aa00f800000000000000aa00f800000000000000aa00f800000000000000aa00f800000000000000aa00f800000000000000aa00f800000000000000aa00f800000000000000aa00f800000000000000aa00f800000000000000aa00f8000000000000
04:39:01.268 [DEBUG] [serial] RX 103 bytes: 00aa00f800000000000000aa00f800000000000000aa00f800000000000000aa00f800000000000000aa00f800000000000000aa00f800000000000000aa00f800000000000000aa00f800000000000000aa00f800000000000000aa00f800000000000000aa00
04:39:01.377 [DEBUG] [serial] RX 104 bytes: f800000000000000aa00f800000000000000aa00f800000000000000aa00f800000000000000aa00f800000000000000aa00f800000000000000aa00f800000000000000aa00f800000000000000aa00f800000000000000aa00f800000000000000aa00f8000000
04:39:01.487 [DEBUG] [serial] RX 105 bytes: 00000000aa00f800000000000000aa00f800000000000000aa00f800000000000000aa00f800000000000000aa00f800000000000000aa00f800000000000000aa00f800000000000000aa00f800000000000000aa00f800000000000000aa00f800000000000000aa
04:39:01.595 [DEBUG] [serial] RX 103 bytes: 00f800000000000000aa00f800000000000000aa00f800000000000000aa00f800000000000000aa00f800000000000000aa00f800000000000000aa00f800000000000000aa00f800000000000000aa00f800000000000000aa00f800000000000000aa00f800
04:39:01.703 [DEBUG] [serial] RX 102 bytes: 000000000000aa00f800000000000000aa00f800000000000000aa00f800000000000000aa00f800000000000000aa00f800000000000000aa00f800000000000000aa00f800000000000000aa00f800000000000000aa00f800000000000000aa00f8000000
04:39:01.811 [DEBUG] [serial] RX 103 bytes: 00000000aa00f800000000000000aa00f800000000000000aa00f800000000000000aa00f800000000000000aa00f800000000000000aa00f800000000000000aa00f800000000000000aa00f800000000000000aa00f800000000000000aa00f8000000000000
04:39:01.922 [DEBUG] [serial] RX 106 bytes: 00aa00f800000000000000aa00f800000000000000aa00f800000000000000aa00f800000000000000aa00f800000000000000aa00f800000000000000aa00f800000000000000aa00f800000000000000aa00f800000000000000aa00f800000000000000aa00f80000
04:39:02.032 [DEBUG] [serial] RX 104 bytes: 0000000000aa00f800000000000000aa00f800000000000000aa00f800000000000000aa00f800000000000000aa00f800000000000000aa00f800000000000000aa00f800000000000000aa00f800000000000000aa00f800000000000000aa00f8000000000000
04:39:02.141 [DEBUG] [serial] RX 104 bytes: 00aa00f800000000000000aa00f800000000000000aa00f800000000000000aa00f800000000000000aa00f800000000000000aa00f800000000000000aa00f800000000000000aa00f800000000000000aa00f800000000000000aa00f800000000000000aa00f8
04:39:02.251 [DEBUG] [serial] RX 105 bytes: 00000000000000aa00f800000000000000aa00f800000000000000aa00f800000000000000aa00f800000000000000aa00f800000000000000aa00f800000000000000aa00f800000000000000aa00f800000000000000aa00f800000000000000aa00f80000000000
04:39:02.263 [INFO] [GUI] Freq cambiada a 150.0 Hz (freq_dh=1500)
04:39:02.263 [INFO] [serial] Encolando TX CMD_FREQ freq=150.0Hz dh=1500: bb0305dc
04:39:02.360 [INFO] [serial] TX CMD_FREQ freq=150.0Hz dh=1500: bb0305dc
04:39:02.360 [DEBUG] [serial] TX OK: 4 bytes escritos
04:39:02.360 [DEBUG] [serial] RX 103 bytes: 0000aa00f800000000000000aa00f800000000000000aa00f800000000000000aa00f800000000000000aa00f800000000000000aa00f800000000000000aa00f800000000000000aa00f800000000000000aa00f800000000000000aa00f800000000000000aa
04:39:02.471 [DEBUG] [serial] RX 106 bytes: 00f800000000000000aa00f800000000000000aa00f800000000000000aa00f800000000000000aa00f800000000000000aa00f800000000000000aa00f800000000000000aa00f800000000000000aa00f800000000000000aa00f800000000000000aa00f800000000
04:39:02.580 [DEBUG] [serial] RX 104 bytes: 000000aa00f800000000000000aa00f800000000000000aa00f800000000000000aa00f800000000000000aa00f800000000000000aa00f800000000000000aa00f800000000000000aa00f800000000000000aa00f800000000000000aa00f800000000000000aa
04:39:02.689 [DEBUG] [serial] RX 59 bytes: 00f800000000000000aa00f800000000000000aa00f800000000000000aa00f800000000000000aa00f800000000000000aa00f800000000000000
04:39:04.684 [INFO] [GUI] Freq cambiada a 150.0 Hz (freq_dh=1500)
04:39:04.684 [INFO] [serial] Encolando TX CMD_FREQ freq=150.0Hz dh=1500: bb0305dc
04:39:04.760 [INFO] [serial] TX CMD_FREQ freq=150.0Hz dh=1500: bb0305dc
04:39:04.761 [DEBUG] [serial] TX OK: 4 bytes escritos
04:41:22.597 [INFO] [GUI] Cerrando ventana...
04:41:22.597 [INFO] [serial] Encolando TX CMD_STOP (close): bb05
04:41:22.597 [INFO] [serial] Solicitando parada del worker...
04:41:22.626 [INFO] [serial] TX CMD_STOP (close): bb05
04:41:22.626 [DEBUG] [serial] TX OK: 2 bytes escritos
04:41:22.632 [INFO] [serial] Loop de lectura terminado.
04:41:22.632 [INFO] [serial] Puerto cerrado.
04:41:22.633 [INFO] [GUI] Worker terminado, cerrando.
04:41:22.633 [INFO] [GUI] Freq cambiada a 150.0 Hz (freq_dh=1500)
04:41:22.633 [WARNING] [serial] TX ignorado (puerto no abierto): CMD_FREQ freq=150.0Hz dh=1500
04:41:22.642 [INFO] [GUI] app.exec_() retorno con codigo 0
