19:10:14.503 [INFO] Log file: C:\Github\Tesis\src\python\geophone_scope - Copy\logs\scope_min_20260419_191014.log
19:10:14.503 [INFO] ============================================================
19:10:14.503 [INFO] scope_min.py arrancando
19:10:14.503 [INFO] ============================================================
19:10:14.503 [INFO] Puerto forzado por argumento: COM3
19:10:14.504 [INFO] Usando puerto: COM3
19:10:14.514 [INFO] [GUI] Iniciando ScopeWindow, puerto=COM3
19:10:14.514 [INFO] [GUI] Construyendo UI...
19:10:14.678 [INFO] [GUI] UI construida OK
19:10:14.678 [INFO] [GUI] Creando SerialWorker para COM3
19:10:14.679 [INFO] [serial] Abriendo puerto COM3 ...
19:10:14.679 [INFO] [GUI] SerialWorker iniciado
19:10:14.680 [INFO] [GUI] Timer de refresh iniciado (80ms)
19:10:14.680 [INFO] [GUI] ScopeWindow lista
19:10:14.847 [INFO] [serial] Puerto abierto: Serial<id=0x1743d0f51e0, open=True>(port='COM3', baudrate=115200, bytesize=8, parity='N', stopbits=1, timeout=0.1, xonxoff=False, rtscts=False, dsrdtr=False)
19:10:14.862 [INFO] [GUI] app.exec_() — entrando en event loop Qt
19:10:14.862 [INFO] [serial] Entrando en loop de lectura...
19:10:20.013 [INFO] [GUI] Click MuxIn -> 1
19:10:20.013 [INFO] [serial] Encolando TX CMD_MUX_IN sel=1: bb0101
19:10:20.079 [INFO] [serial] TX CMD_MUX_IN sel=1: bb0101
19:10:33.074 [INFO] [GUI] Freq cambiada a 300.0 Hz (freq_dh=3000)
19:10:33.074 [INFO] [serial] Encolando TX CMD_FREQ freq=300.0Hz dh=3000: bb030bb8
19:10:37.314 [INFO] [GUI] Freq cambiada a 300.0 Hz (freq_dh=3000)
19:10:37.314 [INFO] [serial] Encolando TX CMD_FREQ freq=300.0Hz dh=3000: bb030bb8
19:10:37.406 [INFO] [GUI] Click START
19:10:37.406 [INFO] [serial] Encolando TX CMD_START: bb04
19:10:58.760 [INFO] [GUI] Click STOP
19:10:58.760 [INFO] [serial] Encolando TX CMD_STOP: bb05
19:18:36.642 [ERROR] [serial] TX ERROR: Write timeout
19:18:36.642 [INFO] [serial] TX CMD_FREQ freq=300.0Hz dh=3000: bb030bb8
19:18:36.642 [ERROR] [serial] TX ERROR: Write timeout
19:18:36.642 [INFO] [serial] TX CMD_FREQ freq=300.0Hz dh=3000: bb030bb8
19:18:36.643 [ERROR] [serial] TX ERROR: Write timeout
19:18:36.643 [INFO] [serial] TX CMD_START: bb04
19:18:36.643 [ERROR] [serial] TX ERROR: Write timeout
19:18:36.643 [INFO] [serial] TX CMD_STOP: bb05
19:18:36.643 [ERROR] [serial] TX ERROR: WriteFile failed (PermissionError(13, 'The device does not recognize the command.', None, 22))
19:18:36.648 [ERROR] [serial] Error de lectura: ClearCommError failed (PermissionError(13, 'The device does not recognize the command.', None, 22))
19:18:36.649 [INFO] [serial] Loop de lectura terminado.
19:18:36.649 [INFO] [serial] Puerto cerrado.
19:23:28.057 [INFO] [GUI] Cerrando ventana...
19:23:28.057 [WARNING] [serial] TX ignorado (puerto no abierto): CMD_STOP (close)
19:23:28.057 [INFO] [serial] Solicitando parada del worker...
19:23:28.057 [INFO] [GUI] Worker terminado, cerrando.
19:23:28.063 [INFO] [GUI] app.exec_() retorno con codigo 0
