02:21:10.412 [INFO] Log file: C:\Github\Tesis\src\python\geophone_scope - Copy\logs\scope_min_20260420_022110.log
02:21:10.412 [INFO] ============================================================
02:21:10.412 [INFO] scope_min.py arrancando
02:21:10.412 [INFO] ============================================================
02:21:10.412 [INFO] [USB] Buscando dispositivo Cypress (VID=0x04B4)...
02:21:10.418 [INFO] [USB] Puertos encontrados: 1
02:21:10.419 [INFO] [USB]   COM7 | VID=0x04b4 | PID=0xf139 | desc=KitProg USB-UART (COM7)
02:21:10.419 [INFO] [USB] -> Cypress encontrado en COM7
02:21:10.419 [INFO] Usando puerto: COM7
02:21:10.431 [INFO] [GUI] Iniciando ScopeWindow, puerto=COM7
02:21:10.431 [INFO] [GUI] Construyendo UI...
02:21:10.609 [INFO] [GUI] UI construida OK
02:21:10.609 [INFO] [GUI] Creando SerialWorker para COM7
02:21:10.609 [INFO] [serial] Abriendo puerto COM7 ...
02:21:10.609 [INFO] [GUI] SerialWorker iniciado
02:21:10.610 [INFO] [GUI] Timer de refresh iniciado (80ms)
02:21:10.610 [INFO] [GUI] ScopeWindow lista
02:21:10.808 [INFO] [serial] Puerto abierto: Serial<id=0x1c848efa2f0, open=True>(port='COM7', baudrate=9600, bytesize=8, parity='N', stopbits=1, timeout=0.1, xonxoff=False, rtscts=False, dsrdtr=False)
02:21:10.808 [INFO] [GUI] app.exec_() — entrando en event loop Qt
02:21:10.808 [INFO] [serial] Entrando en loop de lectura...
02:21:10.914 [DEBUG] [serial] RX 124 bytes: f800000000000000aa00f800000000000000aa00f800000000000000aa00f800000000000000aa00f800000000000000aa00f800000000000000aa00f800000000000000aa00f800000000000000aa00f800000000000000aa00f800000000000000aa00f800000000000000aa00f800000000000000aa00f8000000
02:21:10.914 [DEBUG] [serial] Descartando 8 bytes antes de 0xAA
02:21:10.915 [DEBUG] [serial] PKT #1: flags=0x00 in=-2048 ds=0 flt=0
02:21:10.915 [DEBUG] [serial] PKT #2: flags=0x00 in=-2048 ds=0 flt=0
02:21:10.915 [DEBUG] [serial] PKT #3: flags=0x00 in=-2048 ds=0 flt=0
02:21:10.915 [DEBUG] [serial] PKT #4: flags=0x00 in=-2048 ds=0 flt=0
02:21:10.915 [DEBUG] [serial] PKT #5: flags=0x00 in=-2048 ds=0 flt=0
02:21:11.023 [DEBUG] [serial] RX 104 bytes: 00000000aa00f800000000000000aa00f800000000000000aa00f800000000000000aa00f800000000000000aa00f800000000000000aa00f800000000000000aa00f800000000000000aa00f800000000000000aa00f800000000000000aa00f800000000000000
02:21:11.132 [DEBUG] [serial] RX 103 bytes: aa00f800000000000000aa00f800000000000000aa00f800000000000000aa00f800000000000000aa00f800000000000000aa00f800000000000000aa00f800000000000000aa00f800000000000000aa00f800000000000000aa00f800000000000000aa00f8
02:21:11.242 [DEBUG] [serial] RX 105 bytes: 00000000000000aa00f800000000000000aa00f800000000000000aa00f800000000000000aa00f800000000000000aa00f800000000000000aa00f800000000000000aa00f800000000000000aa00f800000000000000aa00f800000000000000aa00f80000000000
02:21:11.350 [DEBUG] [serial] RX 103 bytes: 0000aa00f800000000000000aa00f800000000000000aa00f800000000000000aa00f800000000000000aa00f800000000000000aa00f800000000000000aa00f800000000000000aa00f800000000000000aa00f800000000000000aa00f800000000000000aa
02:21:11.459 [DEBUG] [serial] RX 103 bytes: 00f800000000000000aa00f800000000000000aa00f800000000000000aa00f800000000000000aa00f800000000000000aa00f800000000000000aa00f800000000000000aa00f800000000000000aa00f800000000000000aa00f800000000000000aa00f800
02:21:11.568 [DEBUG] [serial] RX 104 bytes: 000000000000aa00f800000000000000aa00f800000000000000aa00f800000000000000aa00f800000000000000aa00f800000000000000aa00f800000000000000aa00f800000000000000aa00f800000000000000aa00f800000000000000aa00f80000000000
02:21:11.676 [DEBUG] [serial] RX 103 bytes: 0000aa00f800000000000000aa00f800000000000000aa00f800000000000000aa00f800000000000000aa00f800000000000000aa00f800000000000000aa00f800000000000000aa00f800000000000000aa00f800000000000000aa00f800000000000000aa
02:21:11.786 [DEBUG] [serial] RX 104 bytes: 00f800000000000000aa00f800000000000000aa00f800000000000000aa00f800000000000000aa00f800000000000000aa00f800000000000000aa00f800000000000000aa00f800000000000000aa00f800000000000000aa00f800000000000000aa00f80000
02:21:11.894 [DEBUG] [serial] RX 103 bytes: 0000000000aa00f800000000000000aa00f800000000000000aa00f800000000000000aa00f800000000000000aa00f800000000000000aa00f800000000000000aa00f800000000000000aa00f800000000000000aa00f800000000000000aa00f80000000000
02:21:12.002 [DEBUG] [serial] RX 103 bytes: 0000aa00f800000000000000aa00f800000000000000aa00f800000000000000aa00f800000000000000aa00f800000000000000aa00f800000000000000aa00f800000000000000aa00f800000000000000aa00f800000000000000aa00f800000000000000aa
02:21:12.111 [DEBUG] [serial] RX 104 bytes: 00f800000000000000aa00f800000000000000aa00f800000000000000aa00f800000000000000aa00f800000000000000aa00f800000000000000aa00f800000000000000aa00f800000000000000aa00f800000000000000aa00f800000000000000aa00f80000
02:21:12.220 [DEBUG] [serial] RX 103 bytes: 0000000000aa00f800000000000000aa00f800000000000000aa00f800000000000000aa00f800000000000000aa00f800000000000000aa00f800000000000000aa00f800000000000000aa00f800000000000000aa00f800000000000000aa00f80000000000
02:21:12.329 [DEBUG] [serial] RX 105 bytes: 0000aa00f800000000000000aa00f800000000000000aa00f800000000000000aa00f800000000000000aa00f800000000000000aa00f800000000000000aa00f800000000000000aa00f800000000000000aa00f800000000000000aa00f800000000000000aa00f8
02:21:12.440 [DEBUG] [serial] RX 105 bytes: 00000000000000aa00f800000000000000aa00f800000000000000aa00f800000000000000aa00f800000000000000aa00f800000000000000aa00f800000000000000aa00f800000000000000aa00f800000000000000aa00f800000000000000aa00f80000000000
02:21:12.548 [DEBUG] [serial] RX 103 bytes: 0000aa00f800000000000000aa00f800000000000000aa00f800000000000000aa00f800000000000000aa00f800000000000000aa00f800000000000000aa00f800000000000000aa00f800000000000000aa00f800000000000000aa00f800000000000000aa
02:21:12.656 [DEBUG] [serial] RX 103 bytes: 00f800000000000000aa00f800000000000000aa00f800000000000000aa00f800000000000000aa00f800000000000000aa00f800000000000000aa00f800000000000000aa00f800000000000000aa00f800000000000000aa00f800000000000000aa00f800
02:21:12.768 [DEBUG] [serial] RX 105 bytes: 000000000000aa00f800000000000000aa00f800000000000000aa00f800000000000000aa00f800000000000000aa00f800000000000000aa00f800000000000000aa00f800000000000000aa00f800000000000000aa00f800000000000000aa00f8000000000000
02:21:12.875 [DEBUG] [serial] RX 103 bytes: 00aa00f800000000000000aa00f800000000000000aa00f800000000000000aa00f800000000000000aa00f800000000000000aa00f800000000000000aa00f800000000000000aa00f800000000000000aa00f800000000000000aa00f800000000000000aa00
02:21:12.983 [DEBUG] [serial] RX 103 bytes: f800000000000000aa00f800000000000000aa00f800000000000000aa00f800000000000000aa00f800000000000000aa00f800000000000000aa00f800000000000000aa00f800000000000000aa00f800000000000000aa00f800000000000000aa00f80000
02:21:13.093 [DEBUG] [serial] RX 105 bytes: 0000000000aa00f800000000000000aa00f800000000000000aa00f800000000000000aa00f800000000000000aa00f800000000000000aa00f800000000000000aa00f800000000000000aa00f800000000000000aa00f800000000000000aa00f800000000000000
02:21:13.204 [DEBUG] [serial] RX 105 bytes: aa00f800000000000000aa00f800000000000000aa00f800000000000000aa00f800000000000000aa00f800000000000000aa00f800000000000000aa00f800000000000000aa00f800000000000000aa00f800000000000000aa00f800000000000000aa00f80000
02:21:13.312 [DEBUG] [serial] RX 103 bytes: 0000000000aa00f800000000000000aa00f800000000000000aa00f800000000000000aa00f800000000000000aa00f800000000000000aa00f800000000000000aa00f800000000000000aa00f800000000000000aa00f800000000000000aa00f80000000000
02:21:13.420 [DEBUG] [serial] RX 103 bytes: 0000aa00f800000000000000aa00f800000000000000aa00f800000000000000aa00f800000000000000aa00f800000000000000aa00f800000000000000aa00f800000000000000aa00f800000000000000aa00f800000000000000aa00f800000000000000aa
02:21:13.436 [INFO] [GUI] Click MuxIn -> 1
02:21:13.437 [INFO] [serial] Encolando TX CMD_MUX_IN sel=1: bb0101
02:21:13.530 [INFO] [serial] TX CMD_MUX_IN sel=1: bb0101
02:21:13.530 [DEBUG] [serial] TX OK: 3 bytes escritos
02:21:13.530 [DEBUG] [serial] RX 104 bytes: 00f800000000000000aa00f800000000000000aa00f800000000000000aa00f800000000000000aa00f800000000000000aa00f800000000000000aa00f800000000000000aa00f800000000000000aa00f800000000000000aa00f800000000000000aa00f80000
02:21:13.640 [DEBUG] [serial] RX 105 bytes: 0000000000aa00f800000000000000aa00f800000000000000aa00f800000000000000aa00f800000000000000aa00f800000000000000aa00f800000000000000aa00f800000000000000aa00f800000000000000aa00f800000000000000aa00f800000000000000
02:21:13.750 [DEBUG] [serial] RX 104 bytes: aa00f800000000000000aa00f800000000000000aa00f800000000000000aa00f800000000000000aa00f800000000000000aa00f800000000000000aa00f800000000000000aa00f800000000000000aa00f800000000000000aa00f800000000000000aa00f800
02:21:13.858 [DEBUG] [serial] RX 103 bytes: 000000000000aa00f800000000000000aa00f800000000000000aa00f800000000000000aa00f800000000000000aa00f800000000000000aa01f800000000000000aa01f800000000000000aa01f800000000000000aa01f800000000000000aa01f800000000
02:21:13.966 [DEBUG] [serial] RX 103 bytes: 000000aa01f800000000000000aa01f800000000000000aa01f800000000000000aa01f800000000000000aa01f800000000000000aa01f800000000000000aa01f800000000000000aa01f800000000000000aa01f800000000000000aa01f800000000000000
02:21:14.075 [DEBUG] [serial] RX 104 bytes: aa01f800000000000000aa01f800000000000000aa01f800000000000000aa01f800000000000000aa01f800000000000000aa01f800000000000000aa01f800000000000000aa01f800000000000000aa01f800000000000000aa01f800000000000000aa01f800
02:21:14.183 [DEBUG] [serial] RX 103 bytes: 000000000000aa01f800000000000000aa01f800000000000000aa01f800000000000000aa01f800000000000000aa01f800000000000000aa01f800000000000000aa01f800000000000000aa01f800000000000000aa01f800000000000000aa01f800000000
02:21:14.292 [DEBUG] [serial] RX 103 bytes: 000000aa01f800000000000000aa01f800000000000000aa01f800000000000000aa01f800000000000000aa01f800000000000000aa01f800000000000000aa01f800000000000000aa01f800000000000000aa01f800000000000000aa01f800000000000000
02:21:14.401 [DEBUG] [serial] RX 104 bytes: aa01f800000000000000aa01f800000000000000aa01f800000000000000aa01f800000000000000aa01f800000000000000aa01f800000000000000aa01f800000000000000aa01f800000000000000aa01f800000000000000aa01f800000000000000aa01f800
02:21:14.510 [DEBUG] [serial] RX 104 bytes: 000000000000aa01f800000000000000aa01f800000000000000aa01f800000000000000aa01f800000000000000aa01f800000000000000aa01f800000000000000aa01f800000000000000aa01f800000000000000aa01f800000000000000aa01f80000000000
02:21:14.619 [DEBUG] [serial] RX 104 bytes: 0000aa01f800000000000000aa01f800000000000000aa01f800000000000000aa01f800000000000000aa01f800000000000000aa01f800000000000000aa01f800000000000000aa01f800000000000000aa01f800000000000000aa01f800000000000000aa01
02:21:14.729 [DEBUG] [serial] RX 104 bytes: f800000000000000aa01f800000000000000aa01f800000000000000aa01f800000000000000aa01f800000000000000aa01f800000000000000aa01f800000000000000aa01f800000000000000aa01f800000000000000aa01f800000000000000aa01f8000000
02:21:14.836 [DEBUG] [serial] RX 102 bytes: 00000000aa01f800000000000000aa01f800000000000000aa01f800000000000000aa01f800000000000000aa01f800000000000000aa01f800000000000000aa01f800000000000000aa01f800000000000000aa01f800000000000000aa01f80000000000
02:21:14.945 [DEBUG] [serial] RX 103 bytes: 0000aa01f800000000000000aa01f800000000000000aa01f800000000000000aa01f800000000000000aa01f800000000000000aa01f800000000000000aa01f800000000000000aa01f800000000000000aa01f800000000000000aa01f800000000000000aa
02:21:15.052 [DEBUG] [serial] RX 103 bytes: 01f800000000000000aa01f800000000000000aa01f800000000000000aa01f800000000000000aa01f800000000000000aa01f800000000000000aa01f800000000000000aa01f800000000000000aa01f800000000000000aa01f800000000000000aa01f800
02:21:15.160 [DEBUG] [serial] RX 102 bytes: 000000000000aa01f800000000000000aa01f800000000000000aa01f800000000000000aa01f800000000000000aa01f800000000000000aa01f800000000000000aa01f800000000000000aa01f800000000000000aa01f800000000000000aa01f8000000
02:21:15.269 [DEBUG] [serial] RX 104 bytes: 00000000aa01f800000000000000aa01f800000000000000aa01f800000000000000aa01f800000000000000aa01f800000000000000aa01f800000000000000aa01f800000000000000aa01f800000000000000aa01f800000000000000aa01f800000000000000
02:21:15.376 [DEBUG] [serial] RX 102 bytes: aa01f800000000000000aa01f800000000000000aa01f800000000000000aa01f800000000000000aa01f800000000000000aa01f800000000000000aa01f800000000000000aa01f800000000000000aa01f800000000000000aa01f800000000000000aa01
02:21:15.484 [DEBUG] [serial] RX 103 bytes: f800000000000000aa01f800000000000000aa01f800000000000000aa01f800000000000000aa01f800000000000000aa01f800000000000000aa01f800000000000000aa01f800000000000000aa01f800000000000000aa01f800000000000000aa01f80000
02:21:15.591 [DEBUG] [serial] RX 101 bytes: 0000000000aa01f800000000000000aa01f800000000000000aa01f800000000000000aa01f800000000000000aa01f800000000000000aa01f800000000000000aa01f800000000000000aa01f800000000000000aa01f800000000000000aa01f8000000
02:21:15.699 [DEBUG] [serial] RX 104 bytes: 00000000aa01f800000000000000aa01f800000000000000aa01f800000000000000aa01f800000000000000aa01f800000000000000aa01f800000000000000aa01f800000000000000aa01f800000000000000aa01f800000000000000aa01f800000000000000
02:21:15.700 [INFO] [serial] Stats: 467 pkts, 4678 bytes rx
02:21:15.808 [DEBUG] [serial] RX 103 bytes: aa01f800000000000000aa01f800000000000000aa01f800000000000000aa01f800000000000000aa01f800000000000000aa01f800000000000000aa01f800000000000000aa01f800000000000000aa01f800000000000000aa01f800000000000000aa01f8
02:21:15.918 [DEBUG] [serial] RX 104 bytes: 00000000000000aa01f800000000000000aa01f800000000000000aa01f800000000000000aa01f800000000000000aa01f800000000000000aa01f800000000000000aa01f800000000000000aa01f800000000000000aa01f800000000000000aa01f800000000
02:21:16.026 [DEBUG] [serial] RX 104 bytes: 000000aa01f800000000000000aa01f800000000000000aa01f800000000000000aa01f800000000000000aa01f800000000000000aa01f800000000000000aa01f800000000000000aa01f800000000000000aa01f800000000000000aa01f800000000000000aa
02:21:16.135 [DEBUG] [serial] RX 103 bytes: 01f800000000000000aa01f800000000000000aa01f800000000000000aa01f800000000000000aa01f800000000000000aa01f800000000000000aa01f800000000000000aa01f800000000000000aa01f800000000000000aa01f800000000000000aa01f800
02:21:16.136 [DEBUG] [serial] PKT #500: flags=0x01 in=-2048 ds=0 flt=0
02:21:16.244 [DEBUG] [serial] RX 103 bytes: 000000000000aa01f800000000000000aa01f800000000000000aa01f800000000000000aa01f800000000000000aa01f800000000000000aa01f800000000000000aa01f800000000000000aa01f800000000000000aa01f800000000000000aa01f800000000
02:21:16.353 [DEBUG] [serial] RX 104 bytes: 000000aa01f800000000000000aa01f800000000000000aa01f800000000000000aa01f800000000000000aa01f800000000000000aa01f800000000000000aa01f800000000000000aa01f800000000000000aa01f800000000000000aa01f800000000000000aa
02:21:16.461 [DEBUG] [serial] RX 103 bytes: 01f800000000000000aa01f800000000000000aa01f800000000000000aa01f800000000000000aa01f800000000000000aa01f800000000000000aa01f800000000000000aa01f800000000000000aa01f800000000000000aa01f800000000000000aa01f800
02:21:16.570 [DEBUG] [serial] RX 103 bytes: 000000000000aa01f800000000000000aa01f800000000000000aa01f800000000000000aa01f800000000000000aa01f800000000000000aa01f800000000000000aa01f800000000000000aa01f800000000000000aa01f800000000000000aa01f800000000
02:21:16.678 [DEBUG] [serial] RX 104 bytes: 000000aa01f800000000000000aa01f800000000000000aa01f800000000000000aa01f800000000000000aa01f800000000000000aa01f800000000000000aa01f800000000000000aa01f800000000000000aa01f800000000000000aa01f800000000000000aa
02:21:16.788 [DEBUG] [serial] RX 104 bytes: 01f800000000000000aa01f800000000000000aa01f800000000000000aa01f800000000000000aa01f800000000000000aa01f800000000000000aa01f800000000000000aa01f800000000000000aa01f800000000000000aa01f800000000000000aa01f80000
02:21:16.896 [DEBUG] [serial] RX 103 bytes: 0000000000aa01f800000000000000aa01f800000000000000aa01f800000000000000aa01f800000000000000aa01f800000000000000aa01f800000000000000aa01f800000000000000aa01f800000000000000aa01f800000000000000aa01f80000000000
02:21:17.005 [DEBUG] [serial] RX 104 bytes: 0000aa01f800000000000000aa01f800000000000000aa01f800000000000000aa01f800000000000000aa01f800000000000000aa01f800000000000000aa01f800000000000000aa01f800000000000000aa01f800000000000000aa01f800000000000000aa01
02:21:17.115 [DEBUG] [serial] RX 104 bytes: f800000000000000aa01f800000000000000aa01f800000000000000aa01f800000000000000aa01f800000000000000aa01f800000000000000aa01f800000000000000aa01f800000000000000aa01f800000000000000aa01f800000000000000aa01f8000000
02:21:17.223 [DEBUG] [serial] RX 103 bytes: 00000000aa01f800000000000000aa01f800000000000000aa01f800000000000000aa01f800000000000000aa01f800000000000000aa01f800000000000000aa01f800000000000000aa01f800000000000000aa01f800000000000000aa01f8000000000000
02:21:17.299 [INFO] [GUI] Click MuxOut -> 1
02:21:17.300 [INFO] [serial] Encolando TX CMD_MUX_OUT sel=1: bb0201
02:21:17.332 [INFO] [serial] TX CMD_MUX_OUT sel=1: bb0201
02:21:17.332 [DEBUG] [serial] TX OK: 3 bytes escritos
02:21:17.333 [DEBUG] [serial] RX 104 bytes: 00aa01f800000000000000aa01f800000000000000aa01f800000000000000aa01f800000000000000aa01f800000000000000aa01f800000000000000aa01f800000000000000aa01f800000000000000aa01f800000000000000aa01f800000000000000aa01f8
02:21:17.441 [DEBUG] [serial] RX 103 bytes: 00000000000000aa01f800000000000000aa01f800000000000000aa01f800000000000000aa01f800000000000000aa01f800000000000000aa01f800000000000000aa01f800000000000000aa01f800000000000000aa01f800000000000000aa01f8000000
02:21:17.553 [DEBUG] [serial] RX 107 bytes: 00000000aa01f800000000000000aa01f800000000000000aa01f800000000000000aa01f800000000000000aa01f800000000000000aa01f800000000000000aa01f800000000000000aa01f800000000000000aa01f800000000000000aa01f800000000000000aa01f8
02:21:17.663 [DEBUG] [serial] RX 105 bytes: 00000000000000aa01f800000000000000aa01f800000000000000aa01f800000000000000aa01f800000000000000aa01f800000000000000aa03f800000000000000aa03f800000000000000aa03f800000000000000aa03f800000000000000aa03f80000000000
02:21:17.770 [DEBUG] [serial] RX 102 bytes: 0000aa03f800000000000000aa03f800000000000000aa03f800000000000000aa03f800000000000000aa03f800000000000000aa03f800000000000000aa03f800000000000000aa03f800000000000000aa03f800000000000000aa03f800000000000000
02:21:17.879 [DEBUG] [serial] RX 104 bytes: aa03f800000000000000aa03f800000000000000aa03f800000000000000aa03f800000000000000aa03f800000000000000aa03f800000000000000aa03f800000000000000aa03f800000000000000aa03f800000000000000aa03f800000000000000aa03f800
02:21:17.988 [DEBUG] [serial] RX 103 bytes: 000000000000aa03f800000000000000aa03f800000000000000aa03f800000000000000aa03f800000000000000aa03f800000000000000aa03f800000000000000aa03f800000000000000aa03f800000000000000aa03f800000000000000aa03f800000000
02:21:18.095 [DEBUG] [serial] RX 102 bytes: 000000aa03f800000000000000aa03f800000000000000aa03f800000000000000aa03f800000000000000aa03f800000000000000aa03f800000000000000aa03f800000000000000aa03f800000000000000aa03f800000000000000aa03f8000000000000
02:21:18.204 [DEBUG] [serial] RX 104 bytes: 00aa03f800000000000000aa03f800000000000000aa03f800000000000000aa03f800000000000000aa03f800000000000000aa03f800000000000000aa03f800000000000000aa03f800000000000000aa03f800000000000000aa03f800000000000000aa03f8
02:21:18.313 [DEBUG] [serial] RX 103 bytes: 00000000000000aa03f800000000000000aa03f800000000000000aa03f800000000000000aa03f800000000000000aa03f800000000000000aa03f800000000000000aa03f800000000000000aa03f800000000000000aa03f800000000000000aa03f8000000
02:21:18.383 [INFO] [GUI] Click MuxOut -> 0
02:21:18.384 [INFO] [serial] Encolando TX CMD_MUX_OUT sel=0: bb0200
02:21:18.423 [INFO] [serial] TX CMD_MUX_OUT sel=0: bb0200
02:21:18.423 [DEBUG] [serial] TX OK: 3 bytes escritos
02:21:18.424 [DEBUG] [serial] RX 105 bytes: 00000000aa03f800000000000000aa03f800000000000000aa03f800000000000000aa03f800000000000000aa03f800000000000000aa03f800000000000000aa03f800000000000000aa03f800000000000000aa03f800000000000000aa03f800000000000000aa
02:21:18.533 [DEBUG] [serial] RX 105 bytes: 03f800000000000000aa03f800000000000000aa03f800000000000000aa03f800000000000000aa03f800000000000000aa03f800000000000000aa03f800000000000000aa03f800000000000000aa03f800000000000000aa03f800000000000000aa03f8000000
02:21:18.641 [DEBUG] [serial] RX 102 bytes: 00000000aa03f800000000000000aa03f800000000000000aa03f800000000000000aa03f800000000000000aa03f800000000000000aa03f800000000000000aa03f800000000000000aa03f800000000000000aa03f800000000000000aa03f80000000000
02:21:18.748 [DEBUG] [serial] RX 103 bytes: 0000aa03f800000000000000aa03f800000000000000aa03f800000000000000aa03f800000000000000aa03f800000000000000aa03f800000000000000aa01f800000000000000aa01f800000000000000aa01f800000000000000aa01f800000000000000aa
02:21:18.859 [DEBUG] [serial] RX 105 bytes: 01f800000000000000aa01f800000000000000aa01f800000000000000aa01f800000000000000aa01f800000000000000aa01f800000000000000aa01f800000000000000aa01f800000000000000aa01f800000000000000aa01f800000000000000aa01f8000000
02:21:18.966 [DEBUG] [serial] RX 102 bytes: 00000000aa01f800000000000000aa01f800000000000000aa01f800000000000000aa01f800000000000000aa01f800000000000000aa01f800000000000000aa01f800000000000000aa01f800000000000000aa01f800000000000000aa01f80000000000
02:21:19.076 [DEBUG] [serial] RX 104 bytes: 0000aa01f800000000000000aa01f800000000000000aa01f800000000000000aa01f800000000000000aa01f800000000000000aa01f800000000000000aa01f800000000000000aa01f800000000000000aa01f800000000000000aa01f800000000000000aa01
02:21:19.185 [DEBUG] [serial] RX 104 bytes: f800000000000000aa01f800000000000000aa01f800000000000000aa01f800000000000000aa01f800000000000000aa01f800000000000000aa01f800000000000000aa01f800000000000000aa01f800000000000000aa01f800000000000000aa01f8000000
02:21:19.294 [DEBUG] [serial] RX 104 bytes: 00000000aa01f800000000000000aa01f800000000000000aa01f800000000000000aa01f800000000000000aa01f800000000000000aa01f800000000000000aa01f800000000000000aa01f800000000000000aa01f800000000000000aa01f800000000000000
02:21:19.403 [DEBUG] [serial] RX 103 bytes: aa01f800000000000000aa01f800000000000000aa01f800000000000000aa01f800000000000000aa01f800000000000000aa01f800000000000000aa01f800000000000000aa01f800000000000000aa01f800000000000000aa01f800000000000000aa01f8
02:21:19.512 [DEBUG] [serial] RX 104 bytes: 00000000000000aa01f800000000000000aa01f800000000000000aa01f800000000000000aa01f800000000000000aa01f800000000000000aa01f800000000000000aa01f800000000000000aa01f800000000000000aa01f800000000000000aa01f800000000
02:21:19.621 [DEBUG] [serial] RX 104 bytes: 000000aa01f800000000000000aa01f800000000000000aa01f800000000000000aa01f800000000000000aa01f800000000000000aa01f800000000000000aa01f800000000000000aa01f800000000000000aa01f800000000000000aa01f800000000000000aa
02:21:19.730 [DEBUG] [serial] RX 104 bytes: 01f800000000000000aa01f800000000000000aa01f800000000000000aa01f800000000000000aa01f800000000000000aa01f800000000000000aa01f800000000000000aa01f800000000000000aa01f800000000000000aa01f800000000000000aa01f80000
02:21:19.838 [DEBUG] [serial] RX 103 bytes: 0000000000aa01f800000000000000aa01f800000000000000aa01f800000000000000aa01f800000000000000aa01f800000000000000aa01f800000000000000aa01f800000000000000aa01f800000000000000aa01f800000000000000aa01f80000000000
02:21:19.948 [DEBUG] [serial] RX 104 bytes: 0000aa01f800000000000000aa01f800000000000000aa01f800000000000000aa01f800000000000000aa01f800000000000000aa01f800000000000000aa01f800000000000000aa01f800000000000000aa01f800000000000000aa01f800000000000000aa01
02:21:20.056 [DEBUG] [serial] RX 103 bytes: f800000000000000aa01f800000000000000aa01f800000000000000aa01f800000000000000aa01f800000000000000aa01f800000000000000aa01f800000000000000aa01f800000000000000aa01f800000000000000aa01f800000000000000aa01f80000
02:21:20.166 [DEBUG] [serial] RX 104 bytes: 0000000000aa01f800000000000000aa01f800000000000000aa01f800000000000000aa01f800000000000000aa01f800000000000000aa01f800000000000000aa01f800000000000000aa01f800000000000000aa01f800000000000000aa01f8000000000000
02:21:20.274 [DEBUG] [serial] RX 103 bytes: 00aa01f800000000000000aa01f800000000000000aa01f800000000000000aa01f800000000000000aa01f800000000000000aa01f800000000000000aa01f800000000000000aa01f800000000000000aa01f800000000000000aa01f800000000000000aa01
02:21:20.384 [DEBUG] [serial] RX 105 bytes: f800000000000000aa01f800000000000000aa01f800000000000000aa01f800000000000000aa01f800000000000000aa01f800000000000000aa01f800000000000000aa01f800000000000000aa01f800000000000000aa01f800000000000000aa01f800000000
02:21:20.493 [DEBUG] [serial] RX 103 bytes: 000000aa01f800000000000000aa01f800000000000000aa01f800000000000000aa01f800000000000000aa01f800000000000000aa01f800000000000000aa01f800000000000000aa01f800000000000000aa01f800000000000000aa01f800000000000000
02:21:20.601 [DEBUG] [serial] RX 103 bytes: aa01f800000000000000aa01f800000000000000aa01f800000000000000aa01f800000000000000aa01f800000000000000aa01f800000000000000aa01f800000000000000aa01f800000000000000aa01f800000000000000aa01f800000000000000aa01f8
02:21:20.709 [DEBUG] [serial] RX 104 bytes: 00000000000000aa01f800000000000000aa01f800000000000000aa01f800000000000000aa01f800000000000000aa01f800000000000000aa01f800000000000000aa01f800000000000000aa01f800000000000000aa01f800000000000000aa01f800000000
02:21:20.710 [INFO] [serial] Stats: 943 pkts, 9445 bytes rx
02:21:20.819 [DEBUG] [serial] RX 104 bytes: 000000aa01f800000000000000aa01f800000000000000aa01f800000000000000aa01f800000000000000aa01f800000000000000aa01f800000000000000aa01f800000000000000aa01f800000000000000aa01f800000000000000aa01f800000000000000aa
02:21:20.929 [DEBUG] [serial] RX 104 bytes: 01f800000000000000aa01f800000000000000aa01f800000000000000aa01f800000000000000aa01f800000000000000aa01f800000000000000aa01f800000000000000aa01f800000000000000aa01f800000000000000aa01f800000000000000aa01f80000
02:21:21.038 [DEBUG] [serial] RX 104 bytes: 0000000000aa01f800000000000000aa01f800000000000000aa01f800000000000000aa01f800000000000000aa01f800000000000000aa01f800000000000000aa01f800000000000000aa01f800000000000000aa01f800000000000000aa01f8000000000000
02:21:21.146 [DEBUG] [serial] RX 103 bytes: 00aa01f800000000000000aa01f800000000000000aa01f800000000000000aa01f800000000000000aa01f800000000000000aa01f800000000000000aa01f800000000000000aa01f800000000000000aa01f800000000000000aa01f800000000000000aa01
02:21:21.257 [DEBUG] [serial] RX 105 bytes: f800000000000000aa01f800000000000000aa01f800000000000000aa01f800000000000000aa01f800000000000000aa01f800000000000000aa01f800000000000000aa01f800000000000000aa01f800000000000000aa01f800000000000000aa01f800000000
02:21:21.365 [DEBUG] [serial] RX 103 bytes: 000000aa01f800000000000000aa01f800000000000000aa01f800000000000000aa01f800000000000000aa01f800000000000000aa01f800000000000000aa01f800000000000000aa01f800000000000000aa01f800000000000000aa01f800000000000000
02:21:21.365 [DEBUG] [serial] PKT #1000: flags=0x01 in=-2048 ds=0 flt=0
02:21:21.474 [DEBUG] [serial] RX 104 bytes: aa01f800000000000000aa01f800000000000000aa01f800000000000000aa01f800000000000000aa01f800000000000000aa01f800000000000000aa01f800000000000000aa01f800000000000000aa01f800000000000000aa01f800000000000000aa01f800
02:21:21.584 [DEBUG] [serial] RX 105 bytes: 000000000000aa01f800000000000000aa01f800000000000000aa01f800000000000000aa01f800000000000000aa01f800000000000000aa01f800000000000000aa01f800000000000000aa01f800000000000000aa01f800000000000000aa01f8000000000000
02:21:21.693 [DEBUG] [serial] RX 103 bytes: 00aa01f800000000000000aa01f800000000000000aa01f800000000000000aa01f800000000000000aa01f800000000000000aa01f800000000000000aa01f800000000000000aa01f800000000000000aa01f800000000000000aa01f800000000000000aa01
02:21:21.802 [DEBUG] [serial] RX 104 bytes: f800000000000000aa01f800000000000000aa01f800000000000000aa01f800000000000000aa01f800000000000000aa01f800000000000000aa01f800000000000000aa01f800000000000000aa01f800000000000000aa01f800000000000000aa01f8000000
02:21:21.910 [DEBUG] [serial] RX 103 bytes: 00000000aa01f800000000000000aa01f800000000000000aa01f800000000000000aa01f800000000000000aa01f800000000000000aa01f800000000000000aa01f800000000000000aa01f800000000000000aa01f800000000000000aa01f8000000000000
02:21:22.013 [INFO] [GUI] Freq cambiada a 120.0 Hz (freq_dh=1200)
02:21:22.013 [INFO] [serial] Encolando TX CMD_FREQ freq=120.0Hz dh=1200: bb0304b0
02:21:22.019 [INFO] [serial] TX CMD_FREQ freq=120.0Hz dh=1200: bb0304b0
02:21:22.019 [DEBUG] [serial] TX OK: 4 bytes escritos
02:21:22.019 [DEBUG] [serial] RX 103 bytes: 00aa01f800000000000000aa01f800000000000000aa01f800000000000000aa01f800000000000000aa01f800000000000000aa01f800000000000000aa01f800000000000000aa01f800000000000000aa01f800000000000000aa01f800000000000000aa01
02:21:22.128 [DEBUG] [serial] RX 104 bytes: f800000000000000aa01f800000000000000aa01f800000000000000aa01f800000000000000aa01f800000000000000aa01f800000000000000aa01f800000000000000aa01f800000000000000aa01f800000000000000aa01f800000000000000aa01f8000000
02:21:22.236 [DEBUG] [serial] RX 103 bytes: 00000000aa01f800000000000000aa01f800000000000000aa01f800000000000000aa01f800000000000000aa01f800000000000000aa01f800000000000000aa01f800000000000000aa01f800000000000000aa01f800000000000000aa01f8000000000000
02:21:22.344 [DEBUG] [serial] RX 103 bytes: 00aa01f800000000000000aa01f800000000000000aa01f800000000000000aa01f800000000000000aa01f800000000000000aa01f800000000000000aa01f800000000000000aa01f800000000000000aa01f800000000000000aa01f800000000000000aa01
02:21:22.453 [DEBUG] [serial] RX 103 bytes: f800000000000000aa01f800000000000000aa01f800000000000000aa01f800000000000000aa01f800000000000000aa01f800000000000000aa01f800000000000000aa01f800000000000000aa01f800000000000000aa01f800000000000000aa01f80000
02:21:22.562 [DEBUG] [serial] RX 104 bytes: 0000000000aa01f800000000000000aa01f800000000000000aa01f800000000000000aa01f800000000000000aa01f800000000000000aa01f800000000000000aa01f800000000000000aa01f800000000000000aa01f800000000000000aa01f8000000000000
02:21:22.673 [DEBUG] [serial] RX 106 bytes: 00aa01f800000000000000aa01f800000000000000aa01f800000000000000aa01f800000000000000aa01f800000000000000aa01f800000000000000aa01f800000000000000aa01f800000000000000aa01f800000000000000aa01f800000000000000aa01f80000
02:21:22.782 [DEBUG] [serial] RX 103 bytes: 0000000000aa01f800000000000000aa01f800000000000000aa01f800000000000000aa01f800000000000000aa01f800000000000000aa01f800000000000000aa01f800000000000000aa01f800000000000000aa01f800000000000000aa01f80000000000
02:21:22.890 [DEBUG] [serial] RX 103 bytes: 0000aa01f800000000000000aa01f800000000000000aa01f800000000000000aa01f800000000000000aa01f800000000000000aa01f800000000000000aa01f800000000000000aa01f800000000000000aa01f800000000000000aa01f800000000000000aa
02:21:23.001 [DEBUG] [serial] RX 106 bytes: 01f800000000000000aa01f800000000000000aa01f800000000000000aa01f800000000000000aa01f800000000000000aa01f800000000000000aa01f800000000000000aa01f800000000000000aa01f800000000000000aa01f800000000000000aa01f800000000
02:21:23.110 [DEBUG] [serial] RX 103 bytes: 000000aa01f800000000000000aa01f800000000000000aa01f800000000000000aa01f800000000000000aa01f800000000000000aa01f800000000000000aa01f800000000000000aa01f800000000000000aa01f800000000000000aa01f800000000000000
02:21:23.218 [DEBUG] [serial] RX 103 bytes: aa01f800000000000000aa01f800000000000000aa01f800000000000000aa01f800000000000000aa01f800000000000000aa01f800000000000000aa01f800000000000000aa01f800000000000000aa01f800000000000000aa01f800000000000000aa01f8
02:21:23.322 [INFO] [GUI] Freq cambiada a 120.0 Hz (freq_dh=1200)
02:21:23.322 [INFO] [serial] Encolando TX CMD_FREQ freq=120.0Hz dh=1200: bb0304b0
02:21:23.326 [INFO] [serial] TX CMD_FREQ freq=120.0Hz dh=1200: bb0304b0
02:21:23.326 [DEBUG] [serial] TX OK: 4 bytes escritos
02:21:23.326 [DEBUG] [serial] RX 103 bytes: 00000000000000aa01f800000000000000aa01f800000000000000aa01f800000000000000aa01f800000000000000aa01f800000000000000aa01f800000000000000aa01f800000000000000aa01f800000000000000aa01f800000000000000aa01f8000000
02:21:23.422 [INFO] [GUI] Click START
02:21:23.422 [INFO] [serial] Encolando TX CMD_START: bb04
02:21:23.435 [INFO] [serial] TX CMD_START: bb04
02:21:23.435 [DEBUG] [serial] TX OK: 2 bytes escritos
02:21:23.436 [DEBUG] [serial] RX 104 bytes: 00000000aa01f800000000000000aa01f800000000000000aa01f800000000000000aa01f800000000000000aa01f800000000000000aa01f800000000000000aa01f800000000000000aa01f800000000000000aa01f800000000000000aa01f800000000000000
02:21:23.543 [DEBUG] [serial] RX 103 bytes: aa01f800000000000000aa01f800000000000000aa01f800000000000000aa01f800000000000000aa01f800000000000000aa01f800000000000000aa01f800000000000000aa01f800000000000000aa01f800000000000000aa01f800000000000000aa01f8
02:21:23.652 [DEBUG] [serial] RX 103 bytes: 00000000000000aa01f800000000000000aa01f800000000000000aa01f800000000000000aa01f800000000000000aa01f800000000000000aa01f800000000000000aa01f800000000000000aa01f800000000000000aa01f800000000000000aa01f8000000
02:21:23.761 [DEBUG] [serial] RX 104 bytes: 00000000aa01f800000000000000aa01f800000000000000aa01f800000000000000aa01f800000000000000aa01f800000000000000aa01f800000000000000aa01f800000000000000aa01f800000000000000aa01f800000000000000aa01f800000000000000
02:21:23.870 [DEBUG] [serial] RX 103 bytes: aa01f800000000000000aa01f800000000000000aa01f800000000000000aa01f800000000000000aa01f800000000000000aa01f800000000000000aa01f800000000000000aa01f800000000000000aa01f800000000000000aa01f800000000000000aa01f8
02:21:23.978 [DEBUG] [serial] RX 103 bytes: 00000000000000aa01f800000000000000aa01f800000000000000aa01f800000000000000aa01f800000000000000aa01f800000000000000aa01f800000000000000aa01f800000000000000aa01f800000000000000aa01f800000000000000aa01f8000000
02:21:24.089 [DEBUG] [serial] RX 106 bytes: 00000000aa01f800000000000000aa01f800000000000000aa01f800000000000000aa01f800000000000000aa01f800000000000000aa01f800000000000000aa01f800000000000000aa01f800000000000000aa01f800000000000000aa01f800000000000000aa01
02:21:24.196 [DEBUG] [serial] RX 102 bytes: f800000000000000aa01f800000000000000aa01f800000000000000aa01f800000000000000aa01f800000000000000aa01f800000000000000aa01f800000000000000aa01f800000000000000aa01f800000000000000aa01f800000000000000aa01f800
02:21:24.305 [DEBUG] [serial] RX 103 bytes: 000000000000aa01f800000000000000aa01f800000000000000aa01f800000000000000aa01f800000000000000aa01f800000000000000aa01f800000000000000aa01f800000000000000aa01f800000000000000aa01f800000000000000aa01f800000000
02:21:24.414 [DEBUG] [serial] RX 104 bytes: 000000aa01f800000000000000aa01f800000000000000aa01f800000000000000aa01f800000000000000aa01f800000000000000aa01f800000000000000aa01f800000000000000aa01f800000000000000aa01f800000000000000aa01f800000000000000aa
02:21:24.521 [DEBUG] [serial] RX 102 bytes: 01f800000000000000aa01f800000000000000aa01f800000000000000aa01f800000000000000aa01f800000000000000aa01f800000000000000aa01f800000000000000aa01f800000000000000aa01f800000000000000aa01f800000000000000aa01f8
02:21:24.630 [DEBUG] [serial] RX 103 bytes: 00000000000000aa01f800000000000000aa01f800000000000000aa01f800000000000000aa01f800000000000000aa01f800000000000000aa01f800000000000000aa01f800000000000000aa01f800000000000000aa01f800000000000000aa01f8000000
02:21:24.740 [DEBUG] [serial] RX 105 bytes: 00000000aa01f800000000000000aa01f800000000000000aa01f800000000000000aa01f800000000000000aa01f800000000000000aa01f800000000000000aa01f800000000000000aa01f800000000000000aa01f800000000000000aa01f800000000000000aa
02:21:24.849 [DEBUG] [serial] RX 104 bytes: 01f800000000000000aa01f800000000000000aa01f800000000000000aa01f800000000000000aa01f800000000000000aa01f800000000000000aa01f800000000000000aa01f800000000000000aa01f800000000000000aa01f800000000000000aa01f80000
02:21:24.959 [DEBUG] [serial] RX 104 bytes: 0000000000aa01f800000000000000aa01f800000000000000aa01f800000000000000aa01f800000000000000aa01f800000000000000aa01f800000000000000aa01f800000000000000aa01f800000000000000aa01f800000000000000aa01f8000000000000
02:21:25.068 [DEBUG] [serial] RX 104 bytes: 00aa01f800000000000000aa01f800000000000000aa01f800000000000000aa01f800000000000000aa01f800000000000000aa01f800000000000000aa01f800000000000000aa01f800000000000000aa01f800000000000000aa01f800000000000000aa01f8
02:21:25.175 [DEBUG] [serial] RX 102 bytes: 00000000000000aa01f800000000000000aa01f800000000000000aa01f800000000000000aa01f800000000000000aa01f800000000000000aa01f800000000000000aa01f800000000000000aa01f800000000000000aa01f800000000000000aa01f80000
02:21:25.284 [DEBUG] [serial] RX 104 bytes: 0000000000aa01f800000000000000aa01f800000000000000aa01f800000000000000aa01f800000000000000aa01f800000000000000aa01f800000000000000aa01f800000000000000aa01f800000000000000aa01f800000000000000aa01f8000000000000
02:21:25.292 [INFO] [GUI] Cerrando ventana...
02:21:25.293 [INFO] [serial] Encolando TX CMD_STOP (close): bb05
02:21:25.293 [INFO] [serial] Solicitando parada del worker...
02:21:25.392 [INFO] [serial] TX CMD_STOP (close): bb05
02:21:25.392 [DEBUG] [serial] TX OK: 2 bytes escritos
02:21:25.392 [DEBUG] [serial] RX 103 bytes: 00aa01f800000000000000aa01f800000000000000aa01f800000000000000aa01f800000000000000aa01f800000000000000aa01f800000000000000aa01f800000000000000aa01f800000000000000aa01f800000000000000aa01f800000000000000aa01
02:21:25.393 [INFO] [serial] Loop de lectura terminado.
02:21:25.393 [INFO] [serial] Puerto cerrado.
02:21:25.394 [INFO] [GUI] Worker terminado, cerrando.
02:21:25.402 [INFO] [GUI] app.exec_() retorno con codigo 0
