00:59:03.235 [INFO] Log file: C:\Github\Tesis\src\python\geophone_scope - Copy\logs\scope_min_20260420_005903.log
00:59:03.236 [INFO] ============================================================
00:59:03.236 [INFO] scope_min.py arrancando
00:59:03.236 [INFO] ============================================================
00:59:03.236 [INFO] [USB] Buscando dispositivo Cypress (VID=0x04B4)...
00:59:03.242 [INFO] [USB] Puertos encontrados: 1
00:59:03.242 [INFO] [USB]   COM3 | VID=0x04b4 | PID=0xf232 | desc=USB Serial Device (COM3)
00:59:03.242 [INFO] [USB] -> Cypress encontrado en COM3
00:59:03.242 [INFO] Usando puerto: COM3
00:59:03.253 [INFO] [GUI] Iniciando ScopeWindow, puerto=COM3
00:59:03.253 [INFO] [GUI] Construyendo UI...
00:59:03.542 [INFO] [GUI] UI construida OK
00:59:03.542 [INFO] [GUI] Creando SerialWorker para COM3
00:59:03.543 [INFO] [serial] Abriendo puerto COM3 ...
00:59:03.543 [INFO] [GUI] SerialWorker iniciado
00:59:03.543 [INFO] [GUI] Timer de refresh iniciado (80ms)
00:59:03.543 [INFO] [GUI] ScopeWindow lista
00:59:03.705 [INFO] [serial] Puerto abierto: Serial<id=0x212473d3520, open=True>(port='COM3', baudrate=115200, bytesize=8, parity='N', stopbits=1, timeout=0.1, xonxoff=False, rtscts=False, dsrdtr=False)
00:59:03.720 [INFO] [GUI] app.exec_() — entrando en event loop Qt
00:59:03.721 [INFO] [serial] Entrando en loop de lectura...
00:59:12.191 [INFO] [GUI] Click MuxIn -> 1
00:59:12.192 [INFO] [serial] Encolando TX CMD_MUX_IN sel=1: bb0101
00:59:12.212 [INFO] [serial] TX CMD_MUX_IN sel=1: bb0101
00:59:12.213 [DEBUG] [serial] TX OK: 3 bytes escritos
00:59:12.321 [DEBUG] [serial] RX 3 bytes: bb0101
00:59:12.322 [DEBUG] [serial] Sin header 0xAA, descartando 3 bytes: bb0101
00:59:12.322 [INFO] [serial] Stats: 0 pkts, 3 bytes rx
00:59:19.919 [INFO] [GUI] Click MuxOut -> 1
00:59:19.919 [INFO] [serial] Encolando TX CMD_MUX_OUT sel=1: bb0201
00:59:19.941 [INFO] [serial] TX CMD_MUX_OUT sel=1: bb0201
00:59:19.942 [DEBUG] [serial] TX OK: 3 bytes escritos
00:59:20.050 [DEBUG] [serial] RX 3 bytes: bb0201
00:59:20.050 [DEBUG] [serial] Sin header 0xAA, descartando 3 bytes: bb0201
00:59:20.051 [INFO] [serial] Stats: 0 pkts, 6 bytes rx
00:59:25.448 [INFO] [GUI] Click MuxOut -> 0
00:59:25.448 [INFO] [serial] Encolando TX CMD_MUX_OUT sel=0: bb0200
00:59:25.483 [INFO] [serial] TX CMD_MUX_OUT sel=0: bb0200
00:59:25.483 [DEBUG] [serial] TX OK: 3 bytes escritos
00:59:25.592 [DEBUG] [serial] RX 3 bytes: bb0200
00:59:25.592 [DEBUG] [serial] Sin header 0xAA, descartando 3 bytes: bb0200
00:59:25.593 [INFO] [serial] Stats: 0 pkts, 9 bytes rx
00:59:29.362 [INFO] [GUI] Freq cambiada a 100.0 Hz (freq_dh=1000)
00:59:29.362 [INFO] [serial] Encolando TX CMD_FREQ freq=100.0Hz dh=1000: bb0303e8
00:59:29.406 [INFO] [serial] TX CMD_FREQ freq=100.0Hz dh=1000: bb0303e8
00:59:29.407 [DEBUG] [serial] TX OK: 4 bytes escritos
00:59:29.515 [DEBUG] [serial] RX 4 bytes: bb0303e8
00:59:29.516 [DEBUG] [serial] Sin header 0xAA, descartando 4 bytes: bb0303e8
00:59:30.831 [INFO] [GUI] Freq cambiada a 100.0 Hz (freq_dh=1000)
00:59:30.831 [INFO] [serial] Encolando TX CMD_FREQ freq=100.0Hz dh=1000: bb0303e8
00:59:30.920 [INFO] [GUI] Click START
00:59:30.920 [INFO] [serial] Encolando TX CMD_START: bb04
00:59:30.927 [INFO] [serial] TX CMD_FREQ freq=100.0Hz dh=1000: bb0303e8
00:59:30.927 [DEBUG] [serial] TX OK: 4 bytes escritos
00:59:30.927 [INFO] [serial] TX CMD_START: bb04
00:59:30.927 [DEBUG] [serial] TX OK: 2 bytes escritos
00:59:31.036 [DEBUG] [serial] RX 6 bytes: bb0303e8bb04
00:59:31.036 [DEBUG] [serial] Sin header 0xAA, descartando 6 bytes: bb0303e8bb04
00:59:31.036 [INFO] [serial] Stats: 0 pkts, 19 bytes rx
00:59:35.333 [INFO] [GUI] Cerrando ventana...
00:59:35.334 [INFO] [serial] Encolando TX CMD_STOP (close): bb05
00:59:35.334 [INFO] [serial] Solicitando parada del worker...
00:59:35.399 [INFO] [serial] TX CMD_STOP (close): bb05
00:59:35.399 [DEBUG] [serial] TX OK: 2 bytes escritos
00:59:35.405 [INFO] [serial] Loop de lectura terminado.
00:59:35.405 [INFO] [serial] Puerto cerrado.
00:59:35.406 [INFO] [GUI] Worker terminado, cerrando.
00:59:35.415 [INFO] [GUI] app.exec_() retorno con codigo 0
