01:34:46.470 [INFO] Log file: C:\Github\Tesis\src\python\geophone_scope - Copy\logs\scope_min_20260420_013446.log
01:34:46.471 [INFO] ============================================================
01:34:46.471 [INFO] scope_min.py arrancando
01:34:46.471 [INFO] ============================================================
01:34:46.471 [INFO] [USB] Buscando dispositivo Cypress por UART (COM port)...
01:34:46.477 [INFO] [USB] Puertos encontrados: 1
01:34:46.478 [INFO] [USB] Usando puerto: COM7 (KitProg USB-UART (COM7))
01:34:46.478 [INFO] Usando puerto: COM7
01:34:46.489 [INFO] [GUI] Iniciando ScopeWindow, puerto=COM7
01:34:46.489 [INFO] [GUI] Construyendo UI...
01:34:46.655 [INFO] [GUI] UI construida OK
01:34:46.656 [INFO] [GUI] Creando SerialWorker para COM7
01:34:46.656 [INFO] [serial] Abriendo puerto COM7 ...
01:34:46.656 [INFO] [GUI] SerialWorker iniciado
01:34:46.656 [INFO] [GUI] Timer de refresh iniciado (80ms)
01:34:46.657 [INFO] [GUI] ScopeWindow lista
01:34:46.855 [INFO] [GUI] app.exec_() — entrando en event loop Qt
01:34:46.855 [INFO] [serial] Puerto abierto: Serial<id=0x1a05f31a320, open=True>(port='COM7', baudrate=115200, bytesize=8, parity='N', stopbits=1, timeout=0.1, xonxoff=False, rtscts=False, dsrdtr=False)
01:34:46.856 [INFO] [serial] Entrando en loop de lectura...
01:34:48.971 [INFO] [GUI] Click START
01:34:48.971 [INFO] [serial] Encolando TX CMD_START: bb04
01:34:49.028 [INFO] [serial] TX CMD_START: bb04
01:34:49.028 [DEBUG] [serial] TX OK: 2 bytes escritos
01:34:51.570 [INFO] [GUI] Click STOP
01:34:51.570 [INFO] [serial] Encolando TX CMD_STOP: bb05
01:34:51.645 [INFO] [serial] TX CMD_STOP: bb05
01:34:51.645 [DEBUG] [serial] TX OK: 2 bytes escritos
01:34:53.109 [INFO] [GUI] Click MuxIn -> 1
01:34:53.109 [INFO] [serial] Encolando TX CMD_MUX_IN sel=1: bb0101
01:34:53.168 [INFO] [serial] TX CMD_MUX_IN sel=1: bb0101
01:34:53.169 [DEBUG] [serial] TX OK: 3 bytes escritos
01:34:55.322 [INFO] [GUI] Click START
01:34:55.322 [INFO] [serial] Encolando TX CMD_START: bb04
01:34:55.344 [INFO] [serial] TX CMD_START: bb04
01:34:55.344 [DEBUG] [serial] TX OK: 2 bytes escritos
01:34:57.478 [INFO] [GUI] Click MuxOut -> 1
01:34:57.478 [INFO] [serial] Encolando TX CMD_MUX_OUT sel=1: bb0201
01:34:57.518 [INFO] [serial] TX CMD_MUX_OUT sel=1: bb0201
01:34:57.518 [DEBUG] [serial] TX OK: 3 bytes escritos
01:35:00.797 [INFO] [GUI] Click STOP
01:35:00.797 [INFO] [serial] Encolando TX CMD_STOP: bb05
01:35:00.890 [INFO] [serial] TX CMD_STOP: bb05
01:35:00.891 [DEBUG] [serial] TX OK: 2 bytes escritos
01:36:23.886 [DEBUG] [serial] RX 15 bytes: ebfdf5bffffdbfff2ebdfffdfefeff
01:36:23.887 [DEBUG] [serial] Sin header 0xAA, descartando 15 bytes: ebfdf5bffffdbfff2ebdfffdfefeff
01:36:23.887 [INFO] [serial] Stats: 0 pkts, 15 bytes rx
01:36:23.997 [DEBUG] [serial] RX 21 bytes: f9ffffffe765e779fffffffffdefbfffffffffdbdf
01:36:23.998 [DEBUG] [serial] Sin header 0xAA, descartando 21 bytes: f9ffffffe765e779fffffffffdefbfff
01:36:24.106 [DEBUG] [serial] RX 118 bytes: fffffffffffffff9fbfffffffbfff9fefffbfdfffffefffdfdfffffffffffffffffefffffffffefffefefffdfffffbfdfffefcfefdfffff9fbfffffffefbfffffffbfff9fffffef9fdfffffefffffefefdfdfefffefefff9fffffffffffffffffffffefffdfdfffffefbfcf9fdfffffefff9fffff9ff
01:36:24.106 [DEBUG] [serial] Sin header 0xAA, descartando 118 bytes: fffffffffffffff9fbfffffffbfff9fe
01:36:24.185 [DEBUG] [serial] RX 128 bytes: fffffffefffffffffff9fffffffffefffefffffff9fffefffdfffffdfdfffffdfffffffffff9fffdfff9f9fffefef9fbfef9fffffffff9fefffffffffffffdfffffffdfefffdfffffdfefffdf9fefefffff9fffefffefdfefffffefffdffa6fbfffffdfefffedb5eafddfffffffffffdfd39ad5fefebfefdfffffffefeffffbd
01:36:24.187 [DEBUG] [serial] Sin header 0xAA, descartando 128 bytes: fffffffefffffffffff9fffffffffeff
01:36:24.246 [DEBUG] [serial] RX 128 bytes: eb7faffffefffffbffffe7f59dfffff9fffefefffefebd4bb76aeefffffffffef9f9fbac5ecb4acafefefffffff9ff3bfdf5fefffffffbfdfffffefffffffffffdfffffbf9fefefffbfffef9fdfbfdfffcfdfffefefffffefffdfdfffffdfbfffffffffbfbeffefdfe2cdfe7f1fffdfdfcfffdf9fdfefefbfcfefffffffff9fe
01:36:24.246 [DEBUG] [serial] Sin header 0xAA, descartando 128 bytes: eb7faffffefffffbffffe7f59dfffff9
01:36:24.297 [DEBUG] [serial] RX 128 bytes: fffefffffefffefefefffffffdfff9fffdfffefffcfffffefefef9fdf9fdfdfdfcfffffefdfffefffffffde9f72ddfffeb6a5eebfffdfffafdfbe5f3fe7b3b2bdbe3ff2c7f3959daee949eafcd7bcbea6bbff535fbf7b909386df9f9da66cfcb7eff39bf2b3fabf9ffff39effdffffdbbff5fffff7fdedbff7ffbfefffa97fb7
01:36:24.297 [DEBUG] [serial] Sin header 0xAA, descartando 128 bytes: fffefffffefffefefefffffffdfff9ff
01:36:24.324 [DEBUG] [serial] RX 128 bytes: bfffdf3f7d7fffffbdf7ef5ffe7f57435e6fe56ebfe7bd4bfe2cde27efb5fffcfdfe94ac7f7acbebf9eea5bbf7ffeab5ff4fa7e3092d1f9efacafffdf9efeddfff2bfd7fff7ffdebbb5b6feefda9df5fb7ffedfdafefafff9d39f565ebe5a7e1e7bde9a5ffb90f29cabdf65a7f4fcaffb49c2f29bfffacac39e7bffe7fad296b
01:36:24.324 [DEBUG] [serial] Sin header 0xAA, descartando 128 bytes: bfffdf3f7d7fffffbdf7ef5ffe7f5743
01:36:24.364 [DEBUG] [serial] RX 128 bytes: f5caf9fee2fee7f9fdbfefa7e7ceeffeffdf6beffebd7b6f6baff9f9dadfcecb5effb4a77bdbdefe2cad2d4be7ad99da66caade139f7b17bcab4aee5ffa9a777ff4bff77fff9ff396def7df9e7bdfdbdb9fdeffd5fceae7fdbfffbbfe7e7ffbfbfb9efffffcf7979ef7d095fe5b5bbfffffff3b69d6bceebce3c4b5f6f6a7ffe
01:36:24.364 [DEBUG] [serial] Sin header 0xAA, descartando 128 bytes: f5caf9fee2fee7f9fdbfefa7e7ceeffe
01:36:24.401 [DEBUG] [serial] RX 128 bytes: fd7c2df7a7fa2d9d2fcba53cd6e5b5e7b9bf7bff7dffedf5f7ffffffedfffef5ffb7ffadffffffffffdfb4aeafb5a567b5a1dedfe3a5e5dccfebfef9de4bbfa5a7ffbf96d65b77ebfefff996b77bdeeff53fbfcfeb7beffff5fdbddb7f5fa7ffb7fde7ffbdffffefffb777f796ee5e5f67e7f9896db58fceed2cefdacfef3c6e
01:36:24.402 [DEBUG] [serial] Sin header 0xAA, descartando 128 bytes: fd7c2df7a7fa2d9d2fcba53cd6e5b5e7
01:36:24.427 [DEBUG] [serial] RX 128 bytes: 665acadefec2ce7aefeff7e5b725290f69ad25ffa6a7fda725ff75aead3ccfdfc6f2fffa62daeffffbfffefda7bfdfffbfdbfff97feff5edfdeda7e7b7fdfffcfeada829e94bf939b3e9cfa5f8b4eecf4b7febfdff5beea5d2b3667fd7f9297bbbca6afe7929d73dadff3daeeda96be7ffe57bf5e7bfcb3f79bdfdfdafedf7ff
01:36:24.427 [DEBUG] [serial] Sin header 0xAA, descartando 128 bytes: 665acadefec2ce7aefeff7e5b725290f
01:36:24.461 [DEBUG] [serial] RX 128 bytes: fefffffff77f4ff7bddffebdffbd6bafeffbafafa7ebefe9ade94bffb7e7a5f9c6fbbbce4b3f8dffade3cbffeae3fb77b1adcb4c08f8dbeffb7ffffbe7b567fb6ff739bda97f6f29fdb95b5bef5fceffd9a96a5ee6dbfd6bffbfffedffffefdbffebcf6ff7dbafffd7ffffffebfdade92da5a929b6a3fd3f3f2c6b7b7eebc7fa
01:36:24.461 [DEBUG] [serial] Sin header 0xAA, descartando 128 bytes: fefffffff77f4ff7bddffebdffbd6baf
01:36:24.486 [DEBUG] [serial] RX 128 bytes: b5a92b43e5ab3249c444c9010823200d88080811924d2c4c0aeeadbcffa3e7b57de34bca6a5ec26efefd79bdefeffffeffeab77fcbdfe7ef7ffffdfbfdf9feffe73c7acb4feedfeaf9f8f9afdb3c3d9f4b8ca9db10884284444002000810000900000008089114c0f74febe53fabedff4f4feeca4bff8fe7ade7fdffffadebba
01:36:24.487 [DEBUG] [serial] Sin header 0xAA, descartando 128 bytes: b5a92b43e5ab3249c444c9010823200d
01:36:24.520 [DEBUG] [serial] RX 128 bytes: f5bfff2bffefbdceffffe7ffa7bdbfe92df7bfa5fffb3f69eaf9a8fd39a99d2bed965b4efff9feff39dbfb13000000001018080000840480040240dc77598f8e6b4befb9ee4aff4ea7fffa4e6ecea36fffb7f5fdffdfbd7fe79df7ffffff6ddbffefade7ef7fdffdf14f6f9dfe6a334bffe6e5ffc2e7adbb6efbeadeee636796
01:36:24.520 [DEBUG] [serial] Sin header 0xAA, descartando 128 bytes: f5bfff2bffefbdceffffe7ffa7bdbfe9
01:36:24.556 [DEBUG] [serial] RX 128 bytes: 209c4828200c2000842000000000080800080000c8ffb03f0000ec8ffbee5ffbeb5faffdbfadfffdadffffff7e3bef7efdb8fffde3ff3e3d6f39b92df9f7bf27fff7e5ffb9d6ce5ac3cae66e7d8a08082150401002000000400000000800080e00108084800004000008ededabffe97bfe7a4ecbfe7e4eebe3be79fffefee5af
01:36:24.556 [DEBUG] [serial] Sin header 0xAA, descartando 128 bytes: 209c4828200c20008420000000000808
01:36:24.580 [DEBUG] [serial] RX 128 bytes: bff96bdaced9da4eee67af7f6fff8ffdebeedafffcffe56b4edaaffffb8b8842020446000000100100000000000000000000000809080000000008080808a135cfff4f4fffadacfc6f8dea4e6b5f4f5acffedbe7edf5e7efb9c2cfbfefb95fdffefbe679ffadfff9df4bfd79ad7fbdfbff7dffb95b5ffe39b1a1356d8769c000
01:36:24.581 [DEBUG] [serial] Sin header 0xAA, descartando 128 bytes: bff96bdaced9da4eee67af7f6fff8ffd
01:36:24.605 [DEBUG] [serial] RX 128 bytes: 390808080808000808081800000020000008000000000018000010001808080808f2afab6a6ae7efe91fde4a4bcfffa789efcfa7ffffe7ffdaf5affffffd6d5ff7ffbf7fff7f3f7fbfe79fafff39f7bb9d9ccf8bcfcf4a7fef2d8e06090000000204000800000080840400000020400000000000080800100000000000000001
01:36:24.605 [DEBUG] [serial] Sin header 0xAA, descartando 128 bytes: 39080808080800080808180000002000
01:36:24.638 [DEBUG] [serial] RX 128 bytes: 000015effebd6bdeede5fefffd9dda66cffbeefdefafbfefbedfbbfda7fffefffdff39bd1cde465a2a004a000008010808000808080000000800080808000000000000000000000000000000000810000038cb66fba1caff79bda97f6fe72cac3fe5a54bffffdeef79feffeef7fdeffdadf5df7f7e3bb9fff5fab7efbde9e5e7
01:36:24.638 [DEBUG] [serial] Sin header 0xAA, descartando 128 bytes: 000015effebd6bdeede5fefffd9dda66
01:36:24.662 [DEBUG] [serial] RX 128 bytes: 5bcaefeecb3cea5acaade7ffacac4f5e9a09000000040000080000000020003000000000000000000000888400627f4e6e5ba7ff3dccff7fe3e579f7e967fb2f7fe7fbeffdefffffedf5efffdfffebfdf7efefaf7dbde5b95b5bfe73ff4ef7bfefebf3ff9c6e6f66a36702002108080018080000000000000000000000080000
01:36:24.663 [DEBUG] [serial] Sin header 0xAA, descartando 128 bytes: 5bcaefeecb3cea5acaade7ffacac4f5e
01:36:24.688 [DEBUG] [serial] RX 128 bytes: 002000000000010000000000000000001800ccb92bfffbdf2dedafafafff4ffb77ef39ff79dbe7effdfffffe7bdb6f46b6ef2f6beb7fcfceff35cb76defbf7da401142020008000000000000000000000000000000000000000000100010000000000000000000000000000008008cfa9dad6e6f636eff966ecbe5b7d7fffbff
01:36:24.688 [DEBUG] [serial] Sin header 0xAA, descartando 128 bytes: 00200000000001000000000000000000
01:36:24.803 [DEBUG] [serial] RX 123 bytes: fd7b7ebddfdaf96bad7da9f7cbdeffffdbff67b1ab35affd2daee939b7a5a1420028000000000000000000000000000000100000100010000000080808000000000000000000000800080800c02fa96be7bdefe57bbfa7ede9fff9effb6adefa7e7a4a5eff5bdbdb0b0100feff0a00984f2908d0d60100a0ffdb93
01:36:24.803 [DEBUG] [serial] Sin header 0xAA, descartando 123 bytes: fd7b7ebddfdaf96bad7da9f7cbdeffff
01:36:24.912 [DEBUG] [serial] RX 22 bytes: 30ff4b1100104d3100920000fccb320004fe9f0908ff
01:36:24.912 [DEBUG] [serial] Sin header 0xAA, descartando 22 bytes: 30ff4b1100104d3100920000fccb3200
01:36:25.022 [DEBUG] [serial] RX 20 bytes: 0b21f0f7d2010080fe7301905900b87a01d8db0a
01:36:25.022 [DEBUG] [serial] Sin header 0xAA, descartando 20 bytes: 0b21f0f7d2010080fe7301905900b87a
01:36:25.131 [DEBUG] [serial] RX 16 bytes: 900b00d05b094b00fedf1300e0db00e4
01:36:25.131 [DEBUG] [serial] Sin header 0xAA, descartando 16 bytes: 900b00d05b094b00fedf1300e0db00e4
01:36:25.241 [DEBUG] [serial] RX 19 bytes: 120000fcff00dcff00f8fa01e98a0408ff5300
01:36:25.241 [DEBUG] [serial] Sin header 0xAA, descartando 19 bytes: 120000fcff00dcff00f8fa01e98a0408
01:36:25.351 [DEBUG] [serial] RX 23 bytes: e9b20169870000ff4b016c05e800000000800000c040c8
01:36:25.351 [DEBUG] [serial] Sin header 0xAA, descartando 23 bytes: e9b20169870000ff4b016c05e8000000
01:36:25.378 [DEBUG] [serial] RX 128 bytes: bd697b7ffdfffdfffefefffeffb77625f7fff9020000fe00fefc0000000000000000000000000000000000000000000000000000000010dab4ab676a7aef2cfe6fefa5adff3dff7f6f717fffbdbdf7edb9ffeedee3f97ffdbdfff7ff697ffdebeeefb9ef6fef79ffadffdf39e767f7decfb5af69c93fce000000000808080000
01:36:25.378 [DEBUG] [serial] Sin header 0xAA, descartando 128 bytes: bd697b7ffdfffdfffefefffeffb77625
01:36:25.406 [DEBUG] [serial] RX 128 bytes: 000000000000000000000000000000000000000008000000000000000000000000000000d87e4ebd7b6bff3939ce5a5f5bffe7ff2bbfcbfdb7e7cffffa4fdf7fdeffdf7fb5ef5fdbcfcfefede76fefcffafeeea97dafdfff7efb336fe74b426bbdbff506000000000000000000000000000000000000000000000000000080e6
01:36:25.406 [DEBUG] [serial] Sin header 0xAA, descartando 128 bytes: 00000000000000000000000000000000
01:36:25.433 [DEBUG] [serial] RX 128 bytes: fc00fefc00fef82088007ee5f9fff9f9fbfdfdfd2eefebaffffffefffffffefffefef92db9fdfefffffef9fdfdfb8a808800000000001000000000000000001000000000000000000000000000080000000800000000000000000000fdcbdf4ee7ad4efab7a5f74ffbffefe7eda7bfffffe77eb97bcbdfe7fde7edeff9e12efe
01:36:25.433 [DEBUG] [serial] Sin header 0xAA, descartando 128 bytes: fc00fefc00fef82088007ee5f9fff9f9
01:36:25.459 [DEBUG] [serial] RX 128 bytes: efdecaff7ffedeb7a5afff6db9fdad2ffeffe729fa5bfe944bdbce5fcf00100800000000000000080808000000000000000000000000000000000000001000000010000000008849ffbffd76a5a3bdefd62d9dfffd3ffbec69a3efb7e7ffb9bda7fffffefeedbfebebefff79fdfffff9fffdfef92300fe000000000000fffc00
01:36:25.459 [DEBUG] [serial] Sin header 0xAA, descartando 128 bytes: efdecaff7ffedeb7a5afff6db9fdad2f
01:36:25.489 [DEBUG] [serial] RX 128 bytes: de5b000000000000000000ff00fd00fefc39b3a1ddb6efee6af5dfffadfedafce7ff3f2d6d3f6dfffbbdf7ffedf7e7fddfceeffff95ffeef7fff7f7adbfde7fafe77e5aded5ffea929cedaedeb4e0000100000000000000000000000080000000000000000000000000000000000000808080800000010c9efee2ce3cbebb9ed
01:36:25.489 [DEBUG] [serial] Sin header 0xAA, descartando 128 bytes: de5b000000000000000000ff00fd00fe
01:36:25.518 [DEBUG] [serial] RX 128 bytes: 6ffbf8ebfee5bdf9a7cf4ff9dfdffeef2eff6fceffff5af7efe7bfadf9f56affeff7bfefe5edffdacece4b4ffd2cad1deb6efe0221000000000000000000000000000008000000000000000000000000000000fffbfeffffbd4bb76aeef9fffffffdfffefee7ffbfe7fffffff9fffefffffda5ca7deffdfffc01000000000008
01:36:25.519 [DEBUG] [serial] Sin header 0xAA, descartando 128 bytes: 6ffbf8ebfee5bdf9a7cf4ff9dfdffeef
01:36:25.548 [DEBUG] [serial] RX 128 bytes: 0000000000000000000000080000080008080800000000008060c8ac3d9ffdcbdabf2dffda67edffdfee5fb7ffeffe3fffafbffffff9792dffefff795ffedffbffbbb5dabdef37eff727ff673f6bfbbffe4fbfbfb1f5e53f00000000080800000000000000000000000000000000000000000000000000000000000000000010
01:36:25.549 [DEBUG] [serial] Sin header 0xAA, descartando 128 bytes: 00000000000000000000000800000800
01:36:25.660 [DEBUG] [serial] RX 104 bytes: 1048fb79ade9e54efbffcaade7e5ffffdaffefadfff9ff6edeffefb9aff7bffdffefebaf7f3bfde77f5f5e7bbf2eabbfef4be777b7bfb34fce392d2ddf4300fef80010000000000800fe1b00ecfdfd01000008fe00fe00fe00480000fc4b00e88d02dc5b00b8cb00
01:36:25.661 [DEBUG] [serial] Sin header 0xAA, descartando 104 bytes: 1048fb79ade9e54efbffcaade7e5ffff
01:36:25.770 [DEBUG] [serial] RX 19 bytes: f0fb00a15b00d8d70100ecfbdb0020fb0300fe
01:36:25.770 [DEBUG] [serial] Sin header 0xAA, descartando 19 bytes: f0fb00a15b00d8d70100ecfbdb0020fb
01:36:25.877 [DEBUG] [serial] RX 14 bytes: ff02f89700b09600e802f80361ff
01:36:25.878 [DEBUG] [serial] Sin header 0xAA, descartando 14 bytes: ff02f89700b09600e802f80361ff
01:36:25.985 [DEBUG] [serial] RX 22 bytes: 00daffb0c9e3feff000069ff00a4ff0500fb0280fb00
01:36:25.985 [DEBUG] [serial] Sin header 0xAA, descartando 22 bytes: 00daffb0c9e3feff000069ff00a4ff05
01:36:26.093 [DEBUG] [serial] RX 20 bytes: 6000087f00000000fe46009807b805c8ffa600c8
01:36:26.093 [DEBUG] [serial] Sin header 0xAA, descartando 20 bytes: 6000087f00000000fe46009807b805c8
01:36:26.204 [DEBUG] [serial] RX 25 bytes: 0041ff020000c0ff0102fe0180f8fbfd0701fb0000db00d805
01:36:26.204 [DEBUG] [serial] Sin header 0xAA, descartando 25 bytes: 0041ff020000c0ff0102fe0180f8fbfd
01:36:26.313 [DEBUG] [serial] RX 24 bytes: 41ff0011fe270005000000000048ff0448fe2a00e00224ff
01:36:26.314 [DEBUG] [serial] Sin header 0xAA, descartando 24 bytes: 41ff0011fe270005000000000048ff04
01:36:26.424 [DEBUG] [serial] RX 50 bytes: 670008ff2300000004fe00fe00fe8454de44ae1fcb7bf7adfcb4fe56ff00fe00fe00fe00fe8000000000d8ff0100ff230801
01:36:26.424 [DEBUG] [serial] Sin header 0xAA, descartando 50 bytes: 670008ff2300000004fe00fe00fe8454
01:36:26.531 [DEBUG] [serial] RX 14 bytes: d91308fa06f82349ff00790001ff
01:36:26.532 [DEBUG] [serial] Sin header 0xAA, descartando 14 bytes: d91308fa06f82349ff00790001ff
01:36:26.641 [DEBUG] [serial] RX 53 bytes: 0000000000800008004025c940d2bb0200000064f949fec9fe4b3900000000807fdaff6bffd6ffdb00000048fffbdbfbde53010000
01:36:26.641 [DEBUG] [serial] Sin header 0xAA, descartando 53 bytes: 0000000000800008004025c940d2bb02
01:36:26.750 [DEBUG] [serial] RX 59 bytes: 00019abadffefbffff884f200008407fdedffbf6ff8b11000000c4dbffbbff9adbd3410000006471fbfffb9bfb92010084d2d1f4fffbf6dbdb4100
01:36:26.750 [DEBUG] [serial] Sin header 0xAA, descartando 59 bytes: 00019abadffefbffff884f200008407f
01:36:26.857 [DEBUG] [serial] RX 67 bytes: 004098bf9bdb93ffd753010090486c9f9bfffbfcdb920008407f92fbdffbfede4501000080dbd2ff5adfb6df09000010865b5bda73eb41000008421249fa9a96da4900
01:36:26.857 [DEBUG] [serial] Sin header 0xAA, descartando 67 bytes: 004098bf9bdb93ffd753010090486c9f
01:36:26.966 [DEBUG] [serial] RX 46 bytes: 000018199a0b8040410000004cc3f592c0410100000020084d41b20b00000801090840d3000000000040e0000000
01:36:26.966 [DEBUG] [serial] Sin header 0xAA, descartando 46 bytes: 000018199a0b8040410000004cc3f592
01:36:27.075 [DEBUG] [serial] RX 15 bytes: 000000000000400000000000000000
01:36:27.075 [DEBUG] [serial] Sin header 0xAA, descartando 15 bytes: 000000000000400000000000000000
01:36:27.185 [DEBUG] [serial] RX 2 bytes: 0000
01:36:27.185 [DEBUG] [serial] Sin header 0xAA, descartando 2 bytes: 0000
01:36:27.511 [DEBUG] [serial] RX 8 bytes: 04cb060000cd3f01
01:36:27.511 [DEBUG] [serial] Sin header 0xAA, descartando 8 bytes: 04cb060000cd3f01
01:36:27.621 [DEBUG] [serial] RX 29 bytes: 90ff9e004cde8600d9df7f010000a4ff57000061feff0100dafbdfd301
01:36:27.621 [DEBUG] [serial] Sin header 0xAA, descartando 29 bytes: 90ff9e004cde8600d9df7f010000a4ff
01:36:27.728 [DEBUG] [serial] RX 24 bytes: 00da970b0000f9fb5f01404dff0100fd3f818000cafffe0f
01:36:27.728 [DEBUG] [serial] Sin header 0xAA, descartando 24 bytes: 00da970b0000f9fb5f01404dff0100fd
01:36:27.838 [DEBUG] [serial] RX 40 bytes: 48d4fef7df0008edfebf9a10000069ff012400406dfbd7f2110000b4fe3300000010d2fbff9ab201
01:36:27.838 [DEBUG] [serial] Sin header 0xAA, descartando 40 bytes: 48d4fef7df0008edfebf9a10000069ff
01:36:27.947 [DEBUG] [serial] RX 35 bytes: 08dadf01000088ccfad6df83000061dfffdfdb41000040ffb71100c048d3fefbbadb02
01:36:27.947 [DEBUG] [serial] Sin header 0xAA, descartando 35 bytes: 08dadf01000088ccfad6df83000061df
01:36:28.057 [DEBUG] [serial] RX 60 bytes: 487effdb7fdbcd0090ffdbffdf9309920100c8f3dbffdf939d0000008ad2fbfefbffd7839208000008e55bfbdbff030000000008a0918240fd930000
01:36:28.057 [DEBUG] [serial] Sin header 0xAA, descartando 60 bytes: 487effdb7fdbcd0090ffdbffdf930992
01:36:28.166 [DEBUG] [serial] RX 18 bytes: 001098400030260100000000000000000000
01:36:28.166 [DEBUG] [serial] Sin header 0xAA, descartando 18 bytes: 00109840003026010000000000000000
01:36:31.216 [DEBUG] [serial] RX 10 bytes: 4000800801000000004c
01:36:31.217 [DEBUG] [serial] Sin header 0xAA, descartando 10 bytes: 4000800801000000004c
01:36:31.218 [INFO] [serial] Stats: 0 pkts, 4079 bytes rx
01:36:31.325 [DEBUG] [serial] RX 24 bytes: d2ff096d030009ffff4b0080fe0600c0ff4100da0048fa84
01:36:31.325 [DEBUG] [serial] Sin header 0xAA, descartando 24 bytes: d2ff096d030009ffff4b0080fe0600c0
01:36:31.435 [DEBUG] [serial] RX 13 bytes: cb0140ff0060db0500ff057807
01:36:31.436 [DEBUG] [serial] Sin header 0xAA, descartando 13 bytes: cb0140ff0060db0500ff057807
01:36:32.215 [ERROR] [serial] Error de lectura: ClearCommError failed (PermissionError(13, 'The device does not recognize the command.', None, 22))
01:36:32.215 [INFO] [serial] Loop de lectura terminado.
01:36:32.216 [INFO] [serial] Puerto cerrado.
01:38:17.552 [INFO] [GUI] Click START
01:38:17.552 [WARNING] [serial] TX ignorado (puerto no abierto): CMD_START
01:38:18.500 [INFO] [GUI] Cerrando ventana...
01:38:18.501 [WARNING] [serial] TX ignorado (puerto no abierto): CMD_STOP (close)
01:38:18.501 [INFO] [serial] Solicitando parada del worker...
01:38:18.501 [INFO] [GUI] Worker terminado, cerrando.
01:38:18.507 [INFO] [GUI] app.exec_() retorno con codigo 0
