19:34:09.281 [INFO] Log file: C:\Github\Tesis\src\python\geophone_scope - Copy\logs\scope_min_20260419_193409.log
19:34:09.281 [INFO] ============================================================
19:34:09.281 [INFO] scope_min.py arrancando
19:34:09.282 [INFO] ============================================================
19:34:09.282 [INFO] Puerto forzado por argumento: COM3
19:34:09.282 [INFO] Usando puerto: COM3
19:34:09.293 [INFO] [GUI] Iniciando ScopeWindow, puerto=COM3
19:34:09.293 [INFO] [GUI] Construyendo UI...
19:34:09.456 [INFO] [GUI] UI construida OK
19:34:09.456 [INFO] [GUI] Creando SerialWorker para COM3
19:34:09.457 [INFO] [serial] Abriendo puerto COM3 ...
19:34:09.457 [INFO] [GUI] SerialWorker iniciado
19:34:09.457 [INFO] [GUI] Timer de refresh iniciado (80ms)
19:34:09.458 [INFO] [GUI] ScopeWindow lista
19:34:09.629 [INFO] [serial] Puerto abierto: Serial<id=0x1b362721cf0, open=True>(port='COM3', baudrate=115200, bytesize=8, parity='N', stopbits=1, timeout=0.1, xonxoff=False, rtscts=False, dsrdtr=False)
19:34:09.645 [INFO] [GUI] app.exec_() — entrando en event loop Qt
19:34:09.645 [INFO] [serial] Entrando en loop de lectura...
19:34:17.907 [INFO] [GUI] Cerrando ventana...
19:34:17.907 [INFO] [serial] Encolando TX CMD_STOP (close): bb05
19:34:17.907 [INFO] [serial] Solicitando parada del worker...
19:34:17.914 [INFO] [serial] TX CMD_STOP (close): bb05
19:34:17.915 [DEBUG] [serial] TX OK: 2 bytes escritos
19:34:17.920 [INFO] [serial] Loop de lectura terminado.
19:34:17.921 [INFO] [serial] Puerto cerrado.
19:34:17.921 [INFO] [GUI] Worker terminado, cerrando.
19:34:17.929 [INFO] [GUI] app.exec_() retorno con codigo 0
