04:52:40.431 [INFO] Log file: C:\Github\Tesis\src\python\geophone_scope - Copy\logs\scope_min_20260420_045240.log
04:52:40.432 [INFO] ============================================================
04:52:40.432 [INFO] scope_min.py arrancando
04:52:40.432 [INFO] ============================================================
04:52:40.432 [INFO] [USB] Buscando dispositivo Cypress (VID=0x04B4)...
04:52:40.439 [INFO] [USB] Puertos encontrados: 1
04:52:40.439 [INFO] [USB]   COM7 | VID=0x04b4 | PID=0xf139 | desc=KitProg USB-UART (COM7)
04:52:40.439 [INFO] [USB] -> Cypress encontrado en COM7
04:52:40.439 [INFO] Usando puerto: COM7
04:52:40.451 [INFO] [GUI] Iniciando ScopeWindow, puerto=COM7
04:52:40.452 [INFO] [GUI] Construyendo UI...
04:52:40.623 [INFO] [GUI] UI construida OK
04:52:40.623 [INFO] [GUI] Creando SerialWorker para COM7
04:52:40.624 [INFO] [serial] Abriendo puerto COM7 ...
04:52:40.624 [INFO] [GUI] SerialWorker iniciado
04:52:40.624 [INFO] [GUI] Timer de refresh iniciado (80ms)
04:52:40.624 [INFO] [GUI] ScopeWindow lista
04:52:40.827 [INFO] [serial] Puerto abierto: Serial<id=0x1c31f961f30, open=True>(port='COM7', baudrate=9600, bytesize=8, parity='N', stopbits=1, timeout=0.1, xonxoff=False, rtscts=False, dsrdtr=False)
04:52:40.827 [INFO] [GUI] app.exec_() — entrando en event loop Qt
04:52:40.827 [INFO] [serial] Entrando en loop de lectura...
04:52:47.274 [INFO] [GUI] Freq cambiada a 1.0 Hz (freq_dh=10)
04:52:47.275 [INFO] [serial] Encolando TX CMD_FREQ freq=1.0Hz dh=10: bb03000a
04:52:47.362 [INFO] [serial] TX CMD_FREQ freq=1.0Hz dh=10: bb03000a
04:52:47.362 [DEBUG] [serial] TX OK: 4 bytes escritos
04:52:47.401 [INFO] [GUI] Click START
04:52:47.401 [INFO] [serial] Encolando TX CMD_START: bb04
04:52:47.470 [INFO] [serial] TX CMD_START: bb04
04:52:47.471 [DEBUG] [serial] TX OK: 2 bytes escritos
04:53:17.811 [ERROR] [serial] Error de lectura: ClearCommError failed (PermissionError(13, 'The device does not recognize the command.', None, 22))
04:53:17.811 [INFO] [serial] Loop de lectura terminado.
04:53:17.811 [INFO] [serial] Puerto cerrado.
05:03:10.646 [INFO] [GUI] Freq cambiada a 150.0 Hz (freq_dh=1500)
05:03:10.646 [WARNING] [serial] TX ignorado (puerto no abierto): CMD_FREQ freq=150.0Hz dh=1500
05:03:24.060 [INFO] [GUI] Freq cambiada a 150.0 Hz (freq_dh=1500)
05:03:24.060 [WARNING] [serial] TX ignorado (puerto no abierto): CMD_FREQ freq=150.0Hz dh=1500
05:06:47.094 [INFO] [GUI] Freq cambiada a 150.0 Hz (freq_dh=1500)
05:06:47.094 [WARNING] [serial] TX ignorado (puerto no abierto): CMD_FREQ freq=150.0Hz dh=1500
05:06:48.775 [INFO] [GUI] Freq cambiada a 150.0 Hz (freq_dh=1500)
05:06:48.775 [WARNING] [serial] TX ignorado (puerto no abierto): CMD_FREQ freq=150.0Hz dh=1500
05:06:48.862 [INFO] [GUI] Click STOP
05:06:48.862 [WARNING] [serial] TX ignorado (puerto no abierto): CMD_STOP
05:06:49.574 [INFO] [GUI] Freq cambiada a 150.0 Hz (freq_dh=1500)
05:06:49.574 [WARNING] [serial] TX ignorado (puerto no abierto): CMD_FREQ freq=150.0Hz dh=1500
05:06:50.661 [INFO] [GUI] Cerrando ventana...
05:06:50.661 [WARNING] [serial] TX ignorado (puerto no abierto): CMD_STOP (close)
05:06:50.661 [INFO] [serial] Solicitando parada del worker...
05:06:50.662 [INFO] [GUI] Worker terminado, cerrando.
05:06:50.662 [INFO] [GUI] Freq cambiada a 150.0 Hz (freq_dh=1500)
05:06:50.662 [WARNING] [serial] TX ignorado (puerto no abierto): CMD_FREQ freq=150.0Hz dh=1500
05:06:50.671 [INFO] [GUI] app.exec_() retorno con codigo 0
