05:07:04.301 [INFO] Log file: C:\Github\Tesis\src\python\geophone_scope - Copy\logs\scope_min_20260420_050704.log
05:07:04.301 [INFO] ============================================================
05:07:04.301 [INFO] scope_min.py arrancando
05:07:04.301 [INFO] ============================================================
05:07:04.301 [INFO] [USB] Buscando dispositivo Cypress (VID=0x04B4)...
05:07:04.307 [INFO] [USB] Puertos encontrados: 1
05:07:04.307 [INFO] [USB]   COM7 | VID=0x04b4 | PID=0xf139 | desc=KitProg USB-UART (COM7)
05:07:04.307 [INFO] [USB] -> Cypress encontrado en COM7
05:07:04.307 [INFO] Usando puerto: COM7
05:07:04.320 [INFO] [GUI] Iniciando ScopeWindow, puerto=COM7
05:07:04.321 [INFO] [GUI] Construyendo UI...
05:07:04.498 [INFO] [GUI] UI construida OK
05:07:04.498 [INFO] [GUI] Creando SerialWorker para COM7
05:07:04.499 [INFO] [serial] Abriendo puerto COM7 ...
05:07:04.499 [INFO] [GUI] SerialWorker iniciado
05:07:04.499 [INFO] [GUI] Timer de refresh iniciado (80ms)
05:07:04.499 [INFO] [GUI] ScopeWindow lista
05:07:04.695 [INFO] [serial] Puerto abierto: Serial<id=0x22175056230, open=True>(port='COM7', baudrate=9600, bytesize=8, parity='N', stopbits=1, timeout=0.1, xonxoff=False, rtscts=False, dsrdtr=False)
05:07:04.696 [INFO] [GUI] app.exec_() — entrando en event loop Qt
05:07:04.696 [INFO] [serial] Entrando en loop de lectura...
05:07:09.070 [INFO] [GUI] Freq cambiada a 150.0 Hz (freq_dh=1500)
05:07:09.070 [INFO] [serial] Encolando TX CMD_FREQ freq=150.0Hz dh=1500: bb0305dc
05:07:09.167 [INFO] [serial] TX CMD_FREQ freq=150.0Hz dh=1500: bb0305dc
05:07:09.167 [DEBUG] [serial] TX OK: 4 bytes escritos
05:07:23.358 [INFO] [GUI] Freq cambiada a 300.0 Hz (freq_dh=3000)
05:07:23.358 [INFO] [serial] Encolando TX CMD_FREQ freq=300.0Hz dh=3000: bb030bb8
05:07:23.421 [INFO] [serial] TX CMD_FREQ freq=300.0Hz dh=3000: bb030bb8
05:07:23.421 [DEBUG] [serial] TX OK: 4 bytes escritos
05:07:39.262 [INFO] [GUI] Freq cambiada a 150.0 Hz (freq_dh=1500)
05:07:39.262 [INFO] [serial] Encolando TX CMD_FREQ freq=150.0Hz dh=1500: bb0305dc
05:07:39.319 [INFO] [serial] TX CMD_FREQ freq=150.0Hz dh=1500: bb0305dc
05:07:39.320 [DEBUG] [serial] TX OK: 4 bytes escritos
05:07:41.966 [INFO] [GUI] Freq cambiada a 1.0 Hz (freq_dh=10)
05:07:41.966 [INFO] [serial] Encolando TX CMD_FREQ freq=1.0Hz dh=10: bb03000a
05:07:42.040 [INFO] [serial] TX CMD_FREQ freq=1.0Hz dh=10: bb03000a
05:07:42.040 [DEBUG] [serial] TX OK: 4 bytes escritos
05:07:45.959 [INFO] [GUI] Cerrando ventana...
05:07:45.959 [INFO] [serial] Encolando TX CMD_STOP (close): bb05
05:07:45.959 [INFO] [serial] Solicitando parada del worker...
05:07:45.961 [INFO] [serial] TX CMD_STOP (close): bb05
05:07:45.962 [DEBUG] [serial] TX OK: 2 bytes escritos
05:07:45.967 [INFO] [serial] Loop de lectura terminado.
05:07:45.967 [INFO] [serial] Puerto cerrado.
05:07:45.968 [INFO] [GUI] Worker terminado, cerrando.
05:07:45.968 [INFO] [GUI] Freq cambiada a 1.0 Hz (freq_dh=10)
05:07:45.968 [WARNING] [serial] TX ignorado (puerto no abierto): CMD_FREQ freq=1.0Hz dh=10
05:07:45.978 [INFO] [GUI] app.exec_() retorno con codigo 0
