02:37:43.412 [INFO] Log file: C:\Github\Tesis\src\python\geophone_scope - Copy\logs\scope_min_20260420_023743.log
02:37:43.413 [INFO] ============================================================
02:37:43.413 [INFO] scope_min.py arrancando
02:37:43.413 [INFO] ============================================================
02:37:43.413 [INFO] [USB] Buscando dispositivo Cypress (VID=0x04B4)...
02:37:43.419 [INFO] [USB] Puertos encontrados: 1
02:37:43.419 [INFO] [USB]   COM7 | VID=0x04b4 | PID=0xf139 | desc=KitProg USB-UART (COM7)
02:37:43.419 [INFO] [USB] -> Cypress encontrado en COM7
02:37:43.419 [INFO] Usando puerto: COM7
02:37:43.431 [INFO] [GUI] Iniciando ScopeWindow, puerto=COM7
02:37:43.431 [INFO] [GUI] Construyendo UI...
02:37:43.603 [INFO] [GUI] UI construida OK
02:37:43.603 [INFO] [GUI] Creando SerialWorker para COM7
02:37:43.604 [INFO] [serial] Abriendo puerto COM7 ...
02:37:43.604 [INFO] [GUI] SerialWorker iniciado
02:37:43.604 [INFO] [GUI] Timer de refresh iniciado (80ms)
02:37:43.604 [INFO] [GUI] ScopeWindow lista
02:37:43.804 [INFO] [GUI] app.exec_() — entrando en event loop Qt
02:37:43.804 [INFO] [serial] Puerto abierto: Serial<id=0x250d75122f0, open=True>(port='COM7', baudrate=9600, bytesize=8, parity='N', stopbits=1, timeout=0.1, xonxoff=False, rtscts=False, dsrdtr=False)
02:37:43.804 [INFO] [serial] Entrando en loop de lectura...
02:37:43.907 [DEBUG] [serial] RX 99 bytes: 0000000000aa00f800000000000000aa00f800000000000000aa00f800000000000000aa00f800000000000000aa00f800000000000000aa00f800000000000000aa00f800000000000000aa00f800000000000000aa00f800000000000000aa00f800
02:37:43.908 [DEBUG] [serial] Descartando 5 bytes antes de 0xAA
02:37:43.908 [DEBUG] [serial] PKT #1: flags=0x00 in=-2048 ds=0 flt=0
02:37:43.909 [DEBUG] [serial] PKT #2: flags=0x00 in=-2048 ds=0 flt=0
02:37:43.909 [DEBUG] [serial] PKT #3: flags=0x00 in=-2048 ds=0 flt=0
02:37:43.909 [DEBUG] [serial] PKT #4: flags=0x00 in=-2048 ds=0 flt=0
02:37:43.909 [DEBUG] [serial] PKT #5: flags=0x00 in=-2048 ds=0 flt=0
02:37:44.017 [DEBUG] [serial] RX 104 bytes: 000000000000aa00f800000000000000aa00f800000000000000aa00f800000000000000aa00f800000000000000aa00f800000000000000aa00f800000000000000aa00f800000000000000aa00f800000000000000aa00f800000000000000aa00f80000000000
02:37:44.125 [DEBUG] [serial] RX 103 bytes: 0000aa00f800000000000000aa00f800000000000000aa00f800000000000000aa00f800000000000000aa00f800000000000000aa00f800000000000000aa00f800000000000000aa00f800000000000000aa00f800000000000000aa00f800000000000000aa
02:37:44.233 [DEBUG] [serial] RX 103 bytes: 00f800000000000000aa00f800000000000000aa00f800000000000000aa00f800000000000000aa00f800000000000000aa00f800000000000000aa00f800000000000000aa00f800000000000000aa00f800000000000000aa00f800000000000000aa00f800
02:37:44.344 [DEBUG] [serial] RX 105 bytes: 000000000000aa00f800000000000000aa00f800000000000000aa00f800000000000000aa00f800000000000000aa00f800000000000000aa00f800000000000000aa00f800000000000000aa00f800000000000000aa00f800000000000000aa00f8000000000000
02:37:44.453 [DEBUG] [serial] RX 104 bytes: 00aa00f800000000000000aa00f800000000000000aa00f800000000000000aa00f800000000000000aa00f800000000000000aa00f800000000000000aa00f800000000000000aa00f800000000000000aa00f800000000000000aa00f800000000000000aa00f8
02:37:44.562 [DEBUG] [serial] RX 104 bytes: 00000000000000aa00f800000000000000aa00f800000000000000aa00f800000000000000aa00f800000000000000aa00f800000000000000aa00f800000000000000aa00f800000000000000aa00f800000000000000aa00f800000000000000aa00f800000000
02:37:44.671 [DEBUG] [serial] RX 103 bytes: 000000aa00f800000000000000aa00f800000000000000aa00f800000000000000aa00f800000000000000aa00f800000000000000aa00f800000000000000aa00f800000000000000aa00f800000000000000aa00f800000000000000aa00f800000000000000
02:37:44.781 [DEBUG] [serial] RX 105 bytes: aa00f800000000000000aa00f800000000000000aa00f800000000000000aa00f800000000000000aa00f800000000000000aa00f800000000000000aa00f800000000000000aa00f800000000000000aa00f800000000000000aa00f800000000000000aa00f80000
02:37:44.890 [DEBUG] [serial] RX 104 bytes: 0000000000aa00f800000000000000aa00f800000000000000aa00f800000000000000aa00f800000000000000aa00f800000000000000aa00f800000000000000aa00f800000000000000aa00f800000000000000aa00f800000000000000aa00f8000000000000
02:37:44.999 [DEBUG] [serial] RX 103 bytes: 00aa00f800000000000000aa00f800000000000000aa00f800000000000000aa00f800000000000000aa00f800000000000000aa00f800000000000000aa00f800000000000000aa00f800000000000000aa00f800000000000000aa00f800000000000000aa00
02:37:45.108 [DEBUG] [serial] RX 104 bytes: f800000000000000aa00f800000000000000aa00f800000000000000aa00f800000000000000aa00f800000000000000aa00f800000000000000aa00f800000000000000aa00f800000000000000aa00f800000000000000aa00f800000000000000aa00f8000000
02:37:45.216 [DEBUG] [serial] RX 103 bytes: 00000000aa00f800000000000000aa00f800000000000000aa00f800000000000000aa00f800000000000000aa00f800000000000000aa00f800000000000000aa00f800000000000000aa00f800000000000000aa00f800000000000000aa00f8000000000000
02:37:45.324 [DEBUG] [serial] RX 103 bytes: 00aa00f800000000000000aa00f800000000000000aa00f800000000000000aa00f800000000000000aa00f800000000000000aa00f800000000000000aa00f800000000000000aa00f800000000000000aa00f800000000000000aa00f800000000000000aa00
02:37:45.433 [DEBUG] [serial] RX 104 bytes: f800000000000000aa00f800000000000000aa00f800000000000000aa00f800000000000000aa00f800000000000000aa00f800000000000000aa00f800000000000000aa00f800000000000000aa00f800000000000000aa00f800000000000000aa00f8000000
02:37:45.542 [DEBUG] [serial] RX 103 bytes: 00000000aa00f800000000000000aa00f800000000000000aa00f800000000000000aa00f800000000000000aa00f800000000000000aa00f800000000000000aa00f800000000000000aa00f800000000000000aa00f800000000000000aa00f8000000000000
02:37:45.651 [DEBUG] [serial] RX 104 bytes: 00aa00f800000000000000aa00f800000000000000aa00f800000000000000aa00f800000000000000aa00f800000000000000aa00f800000000000000aa00f800000000000000aa00f800000000000000aa00f800000000000000aa00f800000000000000aa00f8
02:37:45.762 [DEBUG] [serial] RX 104 bytes: 00000000000000aa00f800000000000000aa00f800000000000000aa00f800000000000000aa00f800000000000000aa00f800000000000000aa00f800000000000000aa00f800000000000000aa00f800000000000000aa00f800000000000000aa00f800000000
02:37:45.870 [DEBUG] [serial] RX 104 bytes: 000000aa00f800000000000000aa00f800000000000000aa00f800000000000000aa00f800000000000000aa00f800000000000000aa00f800000000000000aa00f800000000000000aa00f800000000000000aa00f800000000000000aa00f800000000000000aa
02:37:45.979 [DEBUG] [serial] RX 104 bytes: 00f800000000000000aa00f800000000000000aa00f800000000000000aa00f800000000000000aa00f800000000000000aa00f800000000000000aa00f800000000000000aa00f800000000000000aa00f800000000000000aa00f800000000000000aa00f80000
02:37:46.015 [INFO] [GUI] Click MuxIn -> 1
02:37:46.015 [INFO] [serial] Encolando TX CMD_MUX_IN sel=1: bb0101
02:37:46.088 [INFO] [serial] TX CMD_MUX_IN sel=1: bb0101
02:37:46.088 [DEBUG] [serial] TX OK: 3 bytes escritos
02:37:46.088 [DEBUG] [serial] RX 104 bytes: 0000000000aa00f800000000000000aa00f800000000000000aa00f800000000000000aa00f800000000000000aa00f800000000000000aa00f800000000000000aa00f800000000000000aa00f800000000000000aa00f800000000000000aa00f8000000000000
02:37:46.196 [DEBUG] [serial] RX 103 bytes: 00aa00f800000000000000aa00f800000000000000aa00f800000000000000aa00f800000000000000aa00f800000000000000aa00f800000000000000aa00f800000000000000aa00f800000000000000aa00f800000000000000aa00f800000000000000aa00
02:37:46.305 [DEBUG] [serial] RX 103 bytes: f800000000000000aa00f800000000000000aa00f800000000000000aa00f800000000000000aa00f800000000000000aa00f800000000000000aa00f800000000000000aa00f800000000000000aa00f800000000000000aa00f800000000000000aa00f80000
02:37:46.415 [DEBUG] [serial] RX 105 bytes: 0000000000aa00f800000000000000aa00f800000000000000aa00f800000000000000aa00f800000000000000aa00f800000000000000aa01f800000000000000aa01f800000000000000aa01f800000000000000aa01f800000000000000aa01f800000000000000
02:37:46.524 [DEBUG] [serial] RX 103 bytes: aa01f800000000000000aa01f800000000000000aa01f800000000000000aa01f800000000000000aa01f800000000000000aa01f800000000000000aa01f800000000000000aa01f800000000000000aa01f800000000000000aa01f800000000000000aa01f8
02:37:46.633 [DEBUG] [serial] RX 104 bytes: 00000000000000aa01f800000000000000aa01f800000000000000aa01f800000000000000aa01f800000000000000aa01f800000000000000aa01f800000000000000aa01f800000000000000aa01f800000000000000aa01f800000000000000aa01f800000000
02:37:46.742 [DEBUG] [serial] RX 104 bytes: 000000aa01f800000000000000aa01f800000000000000aa01f800000000000000aa01f800000000000000aa01f800000000000000aa01f800000000000000aa01f800000000000000aa01f800000000000000aa01f800000000000000aa01f800000000000000aa
02:37:46.851 [DEBUG] [serial] RX 104 bytes: 01f800000000000000aa01f800000000000000aa01f800000000000000aa01f800000000000000aa01f800000000000000aa01f800000000000000aa01f800000000000000aa01f800000000000000aa01f800000000000000aa01f800000000000000aa01f80000
02:37:46.961 [DEBUG] [serial] RX 104 bytes: 0000000000aa01f800000000000000aa01f800000000000000aa01f800000000000000aa01f800000000000000aa01f800000000000000aa01f800000000000000aa01f800000000000000aa01f800000000000000aa01f800000000000000aa01f8000000000000
02:37:47.070 [DEBUG] [serial] RX 104 bytes: 00aa01f800000000000000aa01f800000000000000aa01f800000000000000aa01f800000000000000aa01f800000000000000aa01f800000000000000aa01f800000000000000aa01f800000000000000aa01f800000000000000aa01f800000000000000aa01f8
02:37:47.178 [DEBUG] [serial] RX 102 bytes: 00000000000000aa01f800000000000000aa01f800000000000000aa01f800000000000000aa01f800000000000000aa01f800000000000000aa01f800000000000000aa01f800000000000000aa01f800000000000000aa01f800000000000000aa01f80000
02:37:47.288 [DEBUG] [serial] RX 105 bytes: 0000000000aa01f800000000000000aa01f800000000000000aa01f800000000000000aa01f800000000000000aa01f800000000000000aa01f800000000000000aa01f800000000000000aa01f800000000000000aa01f800000000000000aa01f800000000000000
02:37:47.397 [DEBUG] [serial] RX 104 bytes: aa01f800000000000000aa01f800000000000000aa01f800000000000000aa01f800000000000000aa01f800000000000000aa01f800000000000000aa01f800000000000000aa01f800000000000000aa01f800000000000000aa01f800000000000000aa01f800
02:37:47.505 [DEBUG] [serial] RX 103 bytes: 000000000000aa01f800000000000000aa01f800000000000000aa01f800000000000000aa01f800000000000000aa01f800000000000000aa01f800000000000000aa01f800000000000000aa01f800000000000000aa01f800000000000000aa01f800000000
02:37:47.616 [DEBUG] [serial] RX 105 bytes: 000000aa01f800000000000000aa01f800000000000000aa01f800000000000000aa01f800000000000000aa01f800000000000000aa01f800000000000000aa01f800000000000000aa01f800000000000000aa01f800000000000000aa01f800000000000000aa01
02:37:47.723 [DEBUG] [serial] RX 102 bytes: f800000000000000aa01f800000000000000aa01f800000000000000aa01f800000000000000aa01f800000000000000aa01f800000000000000aa01f800000000000000aa01f800000000000000aa01f800000000000000aa01f800000000000000aa01f800
02:37:47.832 [DEBUG] [serial] RX 104 bytes: 000000000000aa01f800000000000000aa01f800000000000000aa01f800000000000000aa01f800000000000000aa01f800000000000000aa01f800000000000000aa01f800000000000000aa01f800000000000000aa01f800000000000000aa01f80000000000
02:37:47.942 [DEBUG] [serial] RX 105 bytes: 0000aa01f800000000000000aa01f800000000000000aa01f800000000000000aa01f800000000000000aa01f800000000000000aa01f800000000000000aa01f800000000000000aa01f800000000000000aa01f800000000000000aa01f800000000000000aa01f8
02:37:48.051 [DEBUG] [serial] RX 103 bytes: 00000000000000aa01f800000000000000aa01f800000000000000aa01f800000000000000aa01f800000000000000aa01f800000000000000aa01f800000000000000aa01f800000000000000aa01f800000000000000aa01f800000000000000aa01f8000000
02:37:48.160 [DEBUG] [serial] RX 104 bytes: 00000000aa01f800000000000000aa01f800000000000000aa01f800000000000000aa01f800000000000000aa01f800000000000000aa01f800000000000000aa01f800000000000000aa01f800000000000000aa01f800000000000000aa01f800000000000000
02:37:48.269 [DEBUG] [serial] RX 103 bytes: aa01f800000000000000aa01f800000000000000aa01f800000000000000aa01f800000000000000aa01f800000000000000aa01f800000000000000aa01f800000000000000aa01f800000000000000aa01f800000000000000aa01f800000000000000aa01f8
02:37:48.377 [DEBUG] [serial] RX 103 bytes: 00000000000000aa01f800000000000000aa01f800000000000000aa01f800000000000000aa01f800000000000000aa01f800000000000000aa01f800000000000000aa01f800000000000000aa01f800000000000000aa01f800000000000000aa01f8000000
02:37:48.485 [DEBUG] [serial] RX 104 bytes: 00000000aa01f800000000000000aa01f800000000000000aa01f800000000000000aa01f800000000000000aa01f800000000000000aa01f800000000000000aa01f800000000000000aa01f800000000000000aa01f800000000000000aa01f800000000000000
02:37:48.594 [DEBUG] [serial] RX 103 bytes: aa01f800000000000000aa01f800000000000000aa01f800000000000000aa01f800000000000000aa01f800000000000000aa01f800000000000000aa01f800000000000000aa01f800000000000000aa01f800000000000000aa01f800000000000000aa01f8
02:37:48.703 [DEBUG] [serial] RX 104 bytes: 00000000000000aa01f800000000000000aa01f800000000000000aa01f800000000000000aa01f800000000000000aa01f800000000000000aa01f800000000000000aa01f800000000000000aa01f800000000000000aa01f800000000000000aa01f800000000
02:37:48.703 [INFO] [serial] Stats: 465 pkts, 4662 bytes rx
02:37:48.811 [DEBUG] [serial] RX 103 bytes: 000000aa01f800000000000000aa01f800000000000000aa01f800000000000000aa01f800000000000000aa01f800000000000000aa01f800000000000000aa01f800000000000000aa01f800000000000000aa01f800000000000000aa01f800000000000000
02:37:48.920 [DEBUG] [serial] RX 103 bytes: aa01f800000000000000aa01f800000000000000aa01f800000000000000aa01f800000000000000aa01f800000000000000aa01f800000000000000aa01f800000000000000aa01f800000000000000aa01f800000000000000aa01f800000000000000aa01f8
02:37:49.029 [DEBUG] [serial] RX 104 bytes: 00000000000000aa01f800000000000000aa01f800000000000000aa01f800000000000000aa01f800000000000000aa01f800000000000000aa01f800000000000000aa01f800000000000000aa01f800000000000000aa01f800000000000000aa01f800000000
02:37:49.138 [DEBUG] [serial] RX 103 bytes: 000000aa01f800000000000000aa01f800000000000000aa01f800000000000000aa01f800000000000000aa01f800000000000000aa01f800000000000000aa01f800000000000000aa01f800000000000000aa01f800000000000000aa01f800000000000000
02:37:49.138 [DEBUG] [serial] PKT #500: flags=0x01 in=-2048 ds=0 flt=0
02:37:49.247 [DEBUG] [serial] RX 104 bytes: aa01f800000000000000aa01f800000000000000aa01f800000000000000aa01f800000000000000aa01f800000000000000aa01f800000000000000aa01f800000000000000aa01f800000000000000aa01f800000000000000aa01f800000000000000aa01f800
02:37:49.354 [DEBUG] [serial] RX 103 bytes: 000000000000aa01f800000000000000aa01f800000000000000aa01f800000000000000aa01f800000000000000aa01f800000000000000aa01f800000000000000aa01f800000000000000aa01f800000000000000aa01f800000000000000aa01f800000000
02:37:49.400 [INFO] [GUI] Click MuxOut -> 1
02:37:49.400 [INFO] [serial] Encolando TX CMD_MUX_OUT sel=1: bb0201
02:37:49.464 [INFO] [serial] TX CMD_MUX_OUT sel=1: bb0201
02:37:49.464 [DEBUG] [serial] TX OK: 3 bytes escritos
02:37:49.464 [DEBUG] [serial] RX 104 bytes: 000000aa01f800000000000000aa01f800000000000000aa01f800000000000000aa01f800000000000000aa01f800000000000000aa01f800000000000000aa01f800000000000000aa01f800000000000000aa01f800000000000000aa01f800000000000000aa
02:37:49.571 [DEBUG] [serial] RX 102 bytes: 01f800000000000000aa01f800000000000000aa01f800000000000000aa01f800000000000000aa01f800000000000000aa01f800000000000000aa01f800000000000000aa01f800000000000000aa01f800000000000000aa01f800000000000000aa01f8
02:37:49.680 [DEBUG] [serial] RX 103 bytes: 00000000000000aa01f800000000000000aa01f800000000000000aa01f800000000000000aa01f800000000000000aa01f800000000000000aa01f800000000000000aa01f800000000000000aa01f800000000000000aa01f800000000000000aa01f8000000
02:37:49.789 [DEBUG] [serial] RX 104 bytes: 00000000aa01f800000000000000aa01f800000000000000aa01f800000000000000aa01f800000000000000aa01f800000000000000aa01f800000000000000aa03f800000000000000aa03f800000000000000aa03f800000000000000aa03f800000000000000
02:37:49.898 [DEBUG] [serial] RX 104 bytes: aa03f800000000000000aa03f800000000000000aa03f800000000000000aa03f800000000000000aa03f800000000000000aa03f800000000000000aa03f800000000000000aa03f800000000000000aa03f800000000000000aa03f800000000000000aa03f800
02:37:50.007 [DEBUG] [serial] RX 104 bytes: 000000000000aa03f800000000000000aa03f800000000000000aa03f800000000000000aa03f800000000000000aa03f800000000000000aa03f800000000000000aa03f800000000000000aa03f800000000000000aa03f800000000000000aa03f80000000000
02:37:50.114 [DEBUG] [serial] RX 101 bytes: 0000aa03f800000000000000aa03f800000000000000aa03f800000000000000aa03f800000000000000aa03f800000000000000aa03f800000000000000aa03f800000000000000aa03f800000000000000aa03f800000000000000aa03f8000000000000
02:37:50.225 [DEBUG] [serial] RX 106 bytes: 00aa03f800000000000000aa03f800000000000000aa03f800000000000000aa03f800000000000000aa03f800000000000000aa03f800000000000000aa03f800000000000000aa03f800000000000000aa03f800000000000000aa03f800000000000000aa03f80000
02:37:50.334 [DEBUG] [serial] RX 104 bytes: 0000000000aa03f800000000000000aa03f800000000000000aa03f800000000000000aa03f800000000000000aa03f800000000000000aa03f800000000000000aa03f800000000000000aa03f800000000000000aa03f800000000000000aa03f8000000000000
02:37:50.442 [DEBUG] [serial] RX 102 bytes: 00aa03f800000000000000aa03f800000000000000aa03f800000000000000aa03f800000000000000aa03f800000000000000aa03f800000000000000aa03f800000000000000aa03f800000000000000aa03f800000000000000aa03f800000000000000aa
02:37:50.552 [DEBUG] [serial] RX 105 bytes: 03f800000000000000aa03f800000000000000aa03f800000000000000aa03f800000000000000aa03f800000000000000aa03f800000000000000aa03f800000000000000aa03f800000000000000aa03f800000000000000aa03f800000000000000aa03f8000000
02:37:50.661 [DEBUG] [serial] RX 104 bytes: 00000000aa03f800000000000000aa03f800000000000000aa03f800000000000000aa03f800000000000000aa03f800000000000000aa03f800000000000000aa03f800000000000000aa03f800000000000000aa03f800000000000000aa03f800000000000000
02:37:50.770 [DEBUG] [serial] RX 103 bytes: aa03f800000000000000aa03f800000000000000aa03f800000000000000aa03f800000000000000aa03f800000000000000aa03f800000000000000aa03f800000000000000aa03f800000000000000aa03f800000000000000aa03f800000000000000aa03f8
02:37:50.879 [DEBUG] [serial] RX 104 bytes: 00000000000000aa03f800000000000000aa03f800000000000000aa03f800000000000000aa03f800000000000000aa03f800000000000000aa03f800000000000000aa03f800000000000000aa03f800000000000000aa03f800000000000000aa03f800000000
02:37:50.989 [DEBUG] [serial] RX 105 bytes: 000000aa03f800000000000000aa03f800000000000000aa03f800000000000000aa03f800000000000000aa03f800000000000000aa03f800000000000000aa03f800000000000000aa03f800000000000000aa03f800000000000000aa03f800000000000000aa03
02:37:51.097 [DEBUG] [serial] RX 102 bytes: f800000000000000aa03f800000000000000aa03f800000000000000aa03f800000000000000aa03f800000000000000aa03f800000000000000aa03f800000000000000aa03f800000000000000aa03f800000000000000aa03f800000000000000aa03f800
02:37:51.205 [DEBUG] [serial] RX 104 bytes: 000000000000aa03f800000000000000aa03f800000000000000aa03f800000000000000aa03f800000000000000aa03f800000000000000aa03f800000000000000aa03f800000000000000aa03f800000000000000aa03f800000000000000aa03f80000000000
02:37:51.315 [DEBUG] [serial] RX 104 bytes: 0000aa03f800000000000000aa03f800000000000000aa03f800000000000000aa03f800000000000000aa03f800000000000000aa03f800000000000000aa03f800000000000000aa03f800000000000000aa03f800000000000000aa03f800000000000000aa03
02:37:51.423 [DEBUG] [serial] RX 103 bytes: f800000000000000aa03f800000000000000aa03f800000000000000aa03f800000000000000aa03f800000000000000aa03f800000000000000aa03f800000000000000aa03f800000000000000aa03f800000000000000aa03f800000000000000aa03f80000
02:37:51.532 [DEBUG] [serial] RX 104 bytes: 0000000000aa03f800000000000000aa03f800000000000000aa03f800000000000000aa03f800000000000000aa03f800000000000000aa03f800000000000000aa03f800000000000000aa03f800000000000000aa03f800000000000000aa03f8000000000000
02:37:51.641 [DEBUG] [serial] RX 104 bytes: 00aa03f800000000000000aa03f800000000000000aa03f800000000000000aa03f800000000000000aa03f800000000000000aa03f800000000000000aa03f800000000000000aa03f800000000000000aa03f800000000000000aa03f800000000000000aa03f8
02:37:51.750 [DEBUG] [serial] RX 103 bytes: 00000000000000aa03f800000000000000aa03f800000000000000aa03f800000000000000aa03f800000000000000aa03f800000000000000aa03f800000000000000aa03f800000000000000aa03f800000000000000aa03f800000000000000aa03f8000000
02:37:51.859 [DEBUG] [serial] RX 104 bytes: 00000000aa03f800000000000000aa03f800000000000000aa03f800000000000000aa03f800000000000000aa03f800000000000000aa03f800000000000000aa03f800000000000000aa03f800000000000000aa03f800000000000000aa03f800000000000000
02:37:51.967 [DEBUG] [serial] RX 102 bytes: aa03f800000000000000aa03f800000000000000aa03f800000000000000aa03f800000000000000aa03f800000000000000aa03f800000000000000aa03f800000000000000aa03f800000000000000aa03f800000000000000aa03f800000000000000aa03
02:37:52.075 [DEBUG] [serial] RX 103 bytes: f800000000000000aa03f800000000000000aa03f800000000000000aa03f800000000000000aa03f800000000000000aa03f800000000000000aa03f800000000000000aa03f800000000000000aa03f800000000000000aa03f800000000000000aa03f80000
02:37:52.184 [DEBUG] [serial] RX 104 bytes: 0000000000aa03f800000000000000aa03f800000000000000aa03f800000000000000aa03f800000000000000aa03f800000000000000aa03f800000000000000aa03f800000000000000aa03f800000000000000aa03f800000000000000aa03f8000000000000
02:37:52.293 [DEBUG] [serial] RX 104 bytes: 00aa03f800000000000000aa03f800000000000000aa03f800000000000000aa03f800000000000000aa03f800000000000000aa03f800000000000000aa03f800000000000000aa03f800000000000000aa03f800000000000000aa03f800000000000000aa03f8
02:37:52.403 [DEBUG] [serial] RX 105 bytes: 00000000000000aa03f800000000000000aa03f800000000000000aa03f800000000000000aa03f800000000000000aa03f800000000000000aa03f800000000000000aa03f800000000000000aa03f800000000000000aa03f800000000000000aa03f80000000000
02:37:52.512 [DEBUG] [serial] RX 103 bytes: 0000aa03f800000000000000aa03f800000000000000aa03f800000000000000aa03f800000000000000aa03f800000000000000aa03f800000000000000aa03f800000000000000aa03f800000000000000aa03f800000000000000aa03f800000000000000aa
02:37:52.620 [DEBUG] [serial] RX 103 bytes: 03f800000000000000aa03f800000000000000aa03f800000000000000aa03f800000000000000aa03f800000000000000aa03f800000000000000aa03f800000000000000aa03f800000000000000aa03f800000000000000aa03f800000000000000aa03f800
02:37:52.729 [DEBUG] [serial] RX 103 bytes: 000000000000aa03f800000000000000aa03f800000000000000aa03f800000000000000aa03f800000000000000aa03f800000000000000aa03f800000000000000aa03f800000000000000aa03f800000000000000aa03f800000000000000aa03f800000000
02:37:52.837 [DEBUG] [serial] RX 103 bytes: 000000aa03f800000000000000aa03f800000000000000aa03f800000000000000aa03f800000000000000aa03f800000000000000aa03f800000000000000aa03f800000000000000aa03f800000000000000aa03f800000000000000aa03f800000000000000
02:37:52.946 [DEBUG] [serial] RX 104 bytes: aa03f800000000000000aa03f800000000000000aa03f800000000000000aa03f800000000000000aa03f800000000000000aa03f800000000000000aa03f800000000000000aa03f800000000000000aa03f800000000000000aa03f800000000000000aa03f800
02:37:53.054 [DEBUG] [serial] RX 103 bytes: 000000000000aa03f800000000000000aa03f800000000000000aa03f800000000000000aa03f800000000000000aa03f800000000000000aa03f800000000000000aa03f800000000000000aa03f800000000000000aa03f800000000000000aa03f800000000
02:37:53.163 [DEBUG] [serial] RX 104 bytes: 000000aa03f800000000000000aa03f800000000000000aa03f800000000000000aa03f800000000000000aa03f800000000000000aa03f800000000000000aa03f800000000000000aa03f800000000000000aa03f800000000000000aa03f800000000000000aa
02:37:53.273 [DEBUG] [serial] RX 104 bytes: 03f800000000000000aa03f800000000000000aa03f800000000000000aa03f800000000000000aa03f800000000000000aa03f800000000000000aa03f800000000000000aa03f800000000000000aa03f800000000000000aa03f800000000000000aa03f80000
02:37:53.382 [DEBUG] [serial] RX 104 bytes: 0000000000aa03f800000000000000aa03f800000000000000aa03f800000000000000aa03f800000000000000aa03f800000000000000aa03f800000000000000aa03f800000000000000aa03f800000000000000aa03f800000000000000aa03f8000000000000
02:37:53.491 [DEBUG] [serial] RX 104 bytes: 00aa03f800000000000000aa03f800000000000000aa03f800000000000000aa03f800000000000000aa03f800000000000000aa03f800000000000000aa03f800000000000000aa03f800000000000000aa03f800000000000000aa03f800000000000000aa03f8
02:37:53.600 [DEBUG] [serial] RX 103 bytes: 00000000000000aa03f800000000000000aa03f800000000000000aa03f800000000000000aa03f800000000000000aa03f800000000000000aa03f800000000000000aa03f800000000000000aa03f800000000000000aa03f800000000000000aa03f8000000
02:37:53.709 [DEBUG] [serial] RX 104 bytes: 00000000aa03f800000000000000aa03f800000000000000aa03f800000000000000aa03f800000000000000aa03f800000000000000aa03f800000000000000aa03f800000000000000aa03f800000000000000aa03f800000000000000aa03f800000000000000
02:37:53.709 [INFO] [serial] Stats: 942 pkts, 9425 bytes rx
02:37:53.817 [DEBUG] [serial] RX 103 bytes: aa03f800000000000000aa03f800000000000000aa03f800000000000000aa03f800000000000000aa03f800000000000000aa03f800000000000000aa03f800000000000000aa03f800000000000000aa03f800000000000000aa03f800000000000000aa03f8
02:37:53.927 [DEBUG] [serial] RX 104 bytes: 00000000000000aa03f800000000000000aa03f800000000000000aa03f800000000000000aa03f800000000000000aa03f800000000000000aa03f800000000000000aa03f800000000000000aa03f800000000000000aa03f800000000000000aa03f800000000
02:37:54.035 [DEBUG] [serial] RX 103 bytes: 000000aa03f800000000000000aa03f800000000000000aa03f800000000000000aa03f800000000000000aa03f800000000000000aa03f800000000000000aa03f800000000000000aa03f800000000000000aa03f800000000000000aa03f800000000000000
02:37:54.146 [DEBUG] [serial] RX 106 bytes: aa03f800000000000000aa03f800000000000000aa03f800000000000000aa03f800000000000000aa03f800000000000000aa03f800000000000000aa03f800000000000000aa03f800000000000000aa03f800000000000000aa03f800000000000000aa03f8000000
02:37:54.254 [DEBUG] [serial] RX 103 bytes: 00000000aa03f800000000000000aa03f800000000000000aa03f800000000000000aa03f800000000000000aa03f800000000000000aa03f800000000000000aa03f800000000000000aa03f800000000000000aa03f800000000000000aa03f8000000000000
02:37:54.363 [DEBUG] [serial] RX 103 bytes: 00aa03f800000000000000aa03f800000000000000aa03f800000000000000aa03f800000000000000aa03f800000000000000aa03f800000000000000aa03f800000000000000aa03f800000000000000aa03f800000000000000aa03f800000000000000aa03
02:37:54.363 [DEBUG] [serial] PKT #1000: flags=0x03 in=-2048 ds=0 flt=0
02:37:54.472 [DEBUG] [serial] RX 104 bytes: f800000000000000aa03f800000000000000aa03f800000000000000aa03f800000000000000aa03f800000000000000aa03f800000000000000aa03f800000000000000aa03f800000000000000aa03f800000000000000aa03f800000000000000aa03f8000000
02:37:54.581 [DEBUG] [serial] RX 104 bytes: 00000000aa03f800000000000000aa03f800000000000000aa03f800000000000000aa03f800000000000000aa03f800000000000000aa03f800000000000000aa03f800000000000000aa03f800000000000000aa03f800000000000000aa03f800000000000000
02:37:54.690 [DEBUG] [serial] RX 103 bytes: aa03f800000000000000aa03f800000000000000aa03f800000000000000aa03f800000000000000aa03f800000000000000aa03f800000000000000aa03f800000000000000aa03f800000000000000aa03f800000000000000aa03f800000000000000aa03f8
02:37:54.797 [DEBUG] [serial] RX 103 bytes: 00000000000000aa03f800000000000000aa03f800000000000000aa03f800000000000000aa03f800000000000000aa03f800000000000000aa03f800000000000000aa03f800000000000000aa03f800000000000000aa03f800000000000000aa03f8000000
02:37:54.907 [DEBUG] [serial] RX 104 bytes: 00000000aa03f800000000000000aa03f800000000000000aa03f800000000000000aa03f800000000000000aa03f800000000000000aa03f800000000000000aa03f800000000000000aa03f800000000000000aa03f800000000000000aa03f800000000000000
02:37:55.014 [DEBUG] [serial] RX 101 bytes: aa03f800000000000000aa03f800000000000000aa03f800000000000000aa03f800000000000000aa03f800000000000000aa03f800000000000000aa03f800000000000000aa03f800000000000000aa03f800000000000000aa03f800000000000000aa
02:37:55.122 [DEBUG] [serial] RX 104 bytes: 03f800000000000000aa03f800000000000000aa03f800000000000000aa03f800000000000000aa03f800000000000000aa03f800000000000000aa03f800000000000000aa03f800000000000000aa03f800000000000000aa03f800000000000000aa03f80000
02:37:55.212 [INFO] [GUI] Freq cambiada a 120.0 Hz (freq_dh=1200)
02:37:55.212 [INFO] [serial] Encolando TX CMD_FREQ freq=120.0Hz dh=1200: bb0304b0
02:37:55.231 [INFO] [serial] TX CMD_FREQ freq=120.0Hz dh=1200: bb0304b0
02:37:55.231 [DEBUG] [serial] TX OK: 4 bytes escritos
02:37:55.232 [DEBUG] [serial] RX 103 bytes: 0000000000aa03f800000000000000aa03f800000000000000aa03f800000000000000aa03f800000000000000aa03f800000000000000aa03f800000000000000aa03f800000000000000aa03f800000000000000aa03f800000000000000aa03f80000000000
02:37:55.339 [DEBUG] [serial] RX 103 bytes: 0000aa03f800000000000000aa03f800000000000000aa03f800000000000000aa03f800000000000000aa03f800000000000000aa03f800000000000000aa03f800000000000000aa03f800000000000000aa03f800000000000000aa03f800000000000000aa
02:37:55.448 [DEBUG] [serial] RX 104 bytes: 03f800000000000000aa03f800000000000000aa03f800000000000000aa03f800000000000000aa03f800000000000000aa03f800000000000000aa03f800000000000000aa03f800000000000000aa03f800000000000000aa03f800000000000000aa03f80000
02:37:55.557 [DEBUG] [serial] RX 103 bytes: 0000000000aa03f800000000000000aa03f800000000000000aa03f800000000000000aa03f800000000000000aa03f800000000000000aa03f800000000000000aa03f800000000000000aa03f800000000000000aa03f800000000000000aa03f80000000000
02:37:55.667 [DEBUG] [serial] RX 105 bytes: 0000aa03f800000000000000aa03f800000000000000aa03f800000000000000aa03f800000000000000aa03f800000000000000aa03f800000000000000aa03f800000000000000aa03f800000000000000aa03f800000000000000aa03f800000000000000aa03f8
02:37:55.775 [DEBUG] [serial] RX 103 bytes: 00000000000000aa03f800000000000000aa03f800000000000000aa03f800000000000000aa03f800000000000000aa03f800000000000000aa03f800000000000000aa03f800000000000000aa03f800000000000000aa03f800000000000000aa03f8000000
02:37:55.884 [DEBUG] [serial] RX 104 bytes: 00000000aa03f800000000000000aa03f800000000000000aa03f800000000000000aa03f800000000000000aa03f800000000000000aa03f800000000000000aa03f800000000000000aa03f800000000000000aa03f800000000000000aa03f800000000000000
02:37:55.993 [DEBUG] [serial] RX 104 bytes: aa03f800000000000000aa03f800000000000000aa03f800000000000000aa03f800000000000000aa03f800000000000000aa03f800000000000000aa03f800000000000000aa03f800000000000000aa03f800000000000000aa03f800000000000000aa03f800
02:37:56.103 [DEBUG] [serial] RX 104 bytes: 000000000000aa03f800000000000000aa03f800000000000000aa03f800000000000000aa03f800000000000000aa03f800000000000000aa03f800000000000000aa03f800000000000000aa03f800000000000000aa03f800000000000000aa03f80000000000
02:37:56.213 [DEBUG] [serial] RX 105 bytes: 0000aa03f800000000000000aa03f800000000000000aa03f800000000000000aa03f800000000000000aa03f800000000000000aa03f800000000000000aa03f800000000000000aa03f800000000000000aa03f800000000000000aa03f800000000000000aa03f8
02:37:56.322 [DEBUG] [serial] RX 103 bytes: 00000000000000aa03f800000000000000aa03f800000000000000aa03f800000000000000aa03f800000000000000aa03f800000000000000aa03f800000000000000aa03f800000000000000aa03f800000000000000aa03f800000000000000aa03f8000000
02:37:56.431 [DEBUG] [serial] RX 104 bytes: 00000000aa03f800000000000000aa03f800000000000000aa03f800000000000000aa03f800000000000000aa03f800000000000000aa03f800000000000000aa03f800000000000000aa03f800000000000000aa03f800000000000000aa03f800000000000000
02:37:56.539 [DEBUG] [serial] RX 102 bytes: aa03f800000000000000aa03f800000000000000aa03f800000000000000aa03f800000000000000aa03f800000000000000aa03f800000000000000aa03f800000000000000aa03f800000000000000aa03f800000000000000aa03f800000000000000aa03
02:37:56.648 [DEBUG] [serial] RX 105 bytes: f800000000000000aa03f800000000000000aa03f800000000000000aa03f800000000000000aa03f800000000000000aa03f800000000000000aa03f800000000000000aa03f800000000000000aa03f800000000000000aa03f800000000000000aa03f800000000
02:37:56.757 [DEBUG] [serial] RX 103 bytes: 000000aa03f800000000000000aa03f800000000000000aa03f800000000000000aa03f800000000000000aa03f800000000000000aa03f800000000000000aa03f800000000000000aa03f800000000000000aa03f800000000000000aa03f800000000000000
02:37:56.865 [DEBUG] [serial] RX 103 bytes: aa03f800000000000000aa03f800000000000000aa03f800000000000000aa03f800000000000000aa03f800000000000000aa03f800000000000000aa03f800000000000000aa03f800000000000000aa03f800000000000000aa03f800000000000000aa03f8
02:37:56.974 [DEBUG] [serial] RX 104 bytes: 00000000000000aa03f800000000000000aa03f800000000000000aa03f800000000000000aa03f800000000000000aa03f800000000000000aa03f800000000000000aa03f800000000000000aa03f800000000000000aa03f800000000000000aa03f800000000
02:37:57.083 [DEBUG] [serial] RX 104 bytes: 000000aa03f800000000000000aa03f800000000000000aa03f800000000000000aa03f800000000000000aa03f800000000000000aa03f800000000000000aa03f800000000000000aa03f800000000000000aa03f800000000000000aa03f800000000000000aa
02:37:57.155 [INFO] [GUI] Freq cambiada a 120.0 Hz (freq_dh=1200)
02:37:57.156 [INFO] [serial] Encolando TX CMD_FREQ freq=120.0Hz dh=1200: bb0304b0
02:37:57.192 [INFO] [serial] TX CMD_FREQ freq=120.0Hz dh=1200: bb0304b0
02:37:57.192 [DEBUG] [serial] TX OK: 4 bytes escritos
02:37:57.192 [DEBUG] [serial] RX 103 bytes: 03f800000000000000aa03f800000000000000aa03f800000000000000aa03f800000000000000aa03f800000000000000aa03f800000000000000aa03f800000000000000aa03f800000000000000aa03f800000000000000aa03f800000000000000aa03f800
02:37:57.236 [INFO] [GUI] Click START
02:37:57.236 [INFO] [serial] Encolando TX CMD_START: bb04
02:37:57.300 [INFO] [serial] TX CMD_START: bb04
02:37:57.300 [DEBUG] [serial] TX OK: 2 bytes escritos
02:37:57.300 [DEBUG] [serial] RX 103 bytes: 000000000000aa03f800000000000000aa03f800000000000000aa03f800000000000000aa03f800000000000000aa03f800000000000000aa03f800000000000000aa03f800000000000000aa03f800000000000000aa03f800000000000000aa03f800000000
02:37:57.408 [DEBUG] [serial] RX 103 bytes: 000000aa03f800000000000000aa03f800000000000000aa03f800000000000000aa03f800000000000000aa03f800000000000000aa03f800000000000000aa03f800000000000000aa03f800000000000000aa03f800000000000000aa03f800000000000000
02:37:57.517 [DEBUG] [serial] RX 104 bytes: aa03f800000000000000aa03f800000000000000aa03f800000000000000aa03f800000000000000aa03f800000000000000aa03f800000000000000aa03f800000000000000aa03f800000000000000aa03f800000000000000aa03f800000000000000aa03f800
02:37:57.625 [DEBUG] [serial] RX 103 bytes: 000000000000aa03f800000000000000aa03f800000000000000aa03f800000000000000aa03f800000000000000aa03f800000000000000aa03f800000000000000aa03f800000000000000aa03f800000000000000aa03f800000000000000aa03f800000000
02:37:57.735 [DEBUG] [serial] RX 104 bytes: 000000aa03f800000000000000aa03f800000000000000aa03f800000000000000aa03f800000000000000aa03f800000000000000aa03f800000000000000aa03f800000000000000aa03f800000000000000aa03f800000000000000aa03f800000000000000aa
02:37:57.844 [DEBUG] [serial] RX 104 bytes: 03f800000000000000aa03f800000000000000aa03f800000000000000aa03f800000000000000aa03f800000000000000aa03f800000000000000aa03f800000000000000aa03f800000000000000aa03f800000000000000aa03f800000000000000aa03f80000
02:37:57.953 [DEBUG] [serial] RX 104 bytes: 0000000000aa03f800000000000000aa03f800000000000000aa03f800000000000000aa03f800000000000000aa03f800000000000000aa03f800000000000000aa03f800000000000000aa03f800000000000000aa03f800000000000000aa03f8000000000000
02:37:58.062 [DEBUG] [serial] RX 103 bytes: 00aa03f800000000000000aa03f800000000000000aa03f800000000000000aa03f800000000000000aa03f800000000000000aa03f800000000000000aa03f800000000000000aa03f800000000000000aa03f800000000000000aa03f800000000000000aa03
02:37:58.172 [DEBUG] [serial] RX 105 bytes: f800000000000000aa03f800000000000000aa03f800000000000000aa03f800000000000000aa03f800000000000000aa03f800000000000000aa03f800000000000000aa03f800000000000000aa03f800000000000000aa03f800000000000000aa03f800000000
02:37:58.281 [DEBUG] [serial] RX 104 bytes: 000000aa03f800000000000000aa03f800000000000000aa03f800000000000000aa03f800000000000000aa03f800000000000000aa03f800000000000000aa03f800000000000000aa03f800000000000000aa03f800000000000000aa03f800000000000000aa
02:37:58.389 [DEBUG] [serial] RX 102 bytes: 03f800000000000000aa03f800000000000000aa03f800000000000000aa03f800000000000000aa03f800000000000000aa03f800000000000000aa03f800000000000000aa03f800000000000000aa03f800000000000000aa03f800000000000000aa03f8
02:37:58.498 [DEBUG] [serial] RX 104 bytes: 00000000000000aa03f800000000000000aa03f800000000000000aa03f800000000000000aa03f800000000000000aa03f800000000000000aa03f800000000000000aa03f800000000000000aa03f800000000000000aa03f800000000000000aa03f800000000
02:37:58.607 [DEBUG] [serial] RX 104 bytes: 000000aa03f800000000000000aa03f800000000000000aa03f800000000000000aa03f800000000000000aa03f800000000000000aa03f800000000000000aa03f800000000000000aa03f800000000000000aa03f800000000000000aa03f800000000000000aa
02:37:58.716 [DEBUG] [serial] RX 103 bytes: 03f800000000000000aa03f800000000000000aa03f800000000000000aa03f800000000000000aa03f800000000000000aa03f800000000000000aa03f800000000000000aa03f800000000000000aa03f800000000000000aa03f800000000000000aa03f800
02:37:58.717 [INFO] [serial] Stats: 1418 pkts, 14189 bytes rx
02:37:58.825 [DEBUG] [serial] RX 104 bytes: 000000000000aa03f800000000000000aa03f800000000000000aa03f800000000000000aa03f800000000000000aa03f800000000000000aa03f800000000000000aa03f800000000000000aa03f800000000000000aa03f800000000000000aa03f80000000000
02:37:58.935 [DEBUG] [serial] RX 105 bytes: 0000aa03f800000000000000aa03f800000000000000aa03f800000000000000aa03f800000000000000aa03f800000000000000aa03f800000000000000aa03f800000000000000aa03f800000000000000aa03f800000000000000aa03f800000000000000aa03f8
02:37:59.044 [DEBUG] [serial] RX 104 bytes: 00000000000000aa03f800000000000000aa03f800000000000000aa03f800000000000000aa03f800000000000000aa03f800000000000000aa03f800000000000000aa03f800000000000000aa03f800000000000000aa03f800000000000000aa03f800000000
02:37:59.153 [DEBUG] [serial] RX 103 bytes: 000000aa03f800000000000000aa03f800000000000000aa03f800000000000000aa03f800000000000000aa03f800000000000000aa03f800000000000000aa03f800000000000000aa03f800000000000000aa03f800000000000000aa03f800000000000000
02:37:59.262 [DEBUG] [serial] RX 104 bytes: aa03f800000000000000aa03f800000000000000aa03f800000000000000aa03f800000000000000aa03f800000000000000aa03f800000000000000aa03f800000000000000aa03f800000000000000aa03f800000000000000aa03f800000000000000aa03f800
02:37:59.373 [DEBUG] [serial] RX 105 bytes: 000000000000aa03f800000000000000aa03f800000000000000aa03f800000000000000aa03f800000000000000aa03f800000000000000aa03f800000000000000aa03f800000000000000aa03f800000000000000aa03f800000000000000aa03f8000000000000
02:37:59.481 [DEBUG] [serial] RX 104 bytes: 00aa03f800000000000000aa03f800000000000000aa03f800000000000000aa03f800000000000000aa03f800000000000000aa03f800000000000000aa03f800000000000000aa03f800000000000000aa03f800000000000000aa03f800000000000000aa03f8
02:37:59.590 [DEBUG] [serial] RX 103 bytes: 00000000000000aa03f800000000000000aa03f800000000000000aa03f800000000000000aa03f800000000000000aa03f800000000000000aa03f800000000000000aa03f800000000000000aa03f800000000000000aa03f800000000000000aa03f8000000
02:37:59.590 [DEBUG] [serial] PKT #1500: flags=0x03 in=-2048 ds=0 flt=0
02:37:59.699 [DEBUG] [serial] RX 104 bytes: 00000000aa03f800000000000000aa03f800000000000000aa03f800000000000000aa03f800000000000000aa03f800000000000000aa03f800000000000000aa03f800000000000000aa03f800000000000000aa03f800000000000000aa03f800000000000000
02:37:59.810 [DEBUG] [serial] RX 105 bytes: aa03f800000000000000aa03f800000000000000aa03f800000000000000aa03f800000000000000aa03f800000000000000aa03f800000000000000aa03f800000000000000aa03f800000000000000aa03f800000000000000aa03f800000000000000aa03f80000
02:37:59.918 [DEBUG] [serial] RX 103 bytes: 0000000000aa03f800000000000000aa03f800000000000000aa03f800000000000000aa03f800000000000000aa03f800000000000000aa03f800000000000000aa03f800000000000000aa03f800000000000000aa03f800000000000000aa03f80000000000
02:38:00.027 [DEBUG] [serial] RX 104 bytes: 0000aa03f800000000000000aa03f800000000000000aa03f800000000000000aa03f800000000000000aa03f800000000000000aa03f800000000000000aa03f800000000000000aa03f800000000000000aa03f800000000000000aa03f800000000000000aa03
02:38:00.135 [DEBUG] [serial] RX 103 bytes: f800000000000000aa03f800000000000000aa03f800000000000000aa03f800000000000000aa03f800000000000000aa03f800000000000000aa03f800000000000000aa03f800000000000000aa03f800000000000000aa03f800000000000000aa03f80000
02:38:00.243 [DEBUG] [serial] RX 103 bytes: 0000000000aa03f800000000000000aa03f800000000000000aa03f800000000000000aa03f800000000000000aa03f800000000000000aa03f800000000000000aa03f800000000000000aa03f800000000000000aa03f800000000000000aa03f80000000000
02:38:00.352 [DEBUG] [serial] RX 103 bytes: 0000aa03f800000000000000aa03f800000000000000aa03f800000000000000aa03f800000000000000aa03f800000000000000aa03f800000000000000aa03f800000000000000aa03f800000000000000aa03f800000000000000aa03f800000000000000aa
02:38:00.461 [DEBUG] [serial] RX 104 bytes: 03f800000000000000aa03f800000000000000aa03f800000000000000aa03f800000000000000aa03f800000000000000aa03f800000000000000aa03f800000000000000aa03f800000000000000aa03f800000000000000aa03f800000000000000aa03f80000
02:38:00.569 [DEBUG] [serial] RX 103 bytes: 0000000000aa03f800000000000000aa03f800000000000000aa03f800000000000000aa03f800000000000000aa03f800000000000000aa03f800000000000000aa03f800000000000000aa03f800000000000000aa03f800000000000000aa03f80000000000
02:38:00.680 [DEBUG] [serial] RX 105 bytes: 0000aa03f800000000000000aa03f800000000000000aa03f800000000000000aa03f800000000000000aa03f800000000000000aa03f800000000000000aa03f800000000000000aa03f800000000000000aa03f800000000000000aa03f800000000000000aa03f8
02:38:00.788 [DEBUG] [serial] RX 103 bytes: 00000000000000aa03f800000000000000aa03f800000000000000aa03f800000000000000aa03f800000000000000aa03f800000000000000aa03f800000000000000aa03f800000000000000aa03f800000000000000aa03f800000000000000aa03f8000000
02:38:00.898 [DEBUG] [serial] RX 105 bytes: 00000000aa03f800000000000000aa03f800000000000000aa03f800000000000000aa03f800000000000000aa03f800000000000000aa03f800000000000000aa03f800000000000000aa03f800000000000000aa03f800000000000000aa03f800000000000000aa
02:38:01.005 [DEBUG] [serial] RX 102 bytes: 03f800000000000000aa03f800000000000000aa03f800000000000000aa03f800000000000000aa03f800000000000000aa03f800000000000000aa03f800000000000000aa03f800000000000000aa03f800000000000000aa03f800000000000000aa03f8
02:38:01.114 [DEBUG] [serial] RX 103 bytes: 00000000000000aa03f800000000000000aa03f800000000000000aa03f800000000000000aa03f800000000000000aa03f800000000000000aa03f800000000000000aa03f800000000000000aa03f800000000000000aa03f800000000000000aa03f8000000
02:38:01.223 [DEBUG] [serial] RX 104 bytes: 00000000aa03f800000000000000aa03f800000000000000aa03f800000000000000aa03f800000000000000aa03f800000000000000aa03f800000000000000aa03f800000000000000aa03f800000000000000aa03f800000000000000aa03f800000000000000
02:38:01.331 [DEBUG] [serial] RX 103 bytes: aa03f800000000000000aa03f800000000000000aa03f800000000000000aa03f800000000000000aa03f800000000000000aa03f800000000000000aa03f800000000000000aa03f800000000000000aa03f800000000000000aa03f800000000000000aa03f8
02:38:01.440 [DEBUG] [serial] RX 103 bytes: 00000000000000aa03f800000000000000aa03f800000000000000aa03f800000000000000aa03f800000000000000aa03f800000000000000aa03f800000000000000aa03f800000000000000aa03f800000000000000aa03f800000000000000aa03f8000000
02:38:01.550 [DEBUG] [serial] RX 105 bytes: 00000000aa03f800000000000000aa03f800000000000000aa03f800000000000000aa03f800000000000000aa03f800000000000000aa03f800000000000000aa03f800000000000000aa03f800000000000000aa03f800000000000000aa03f800000000000000aa
02:38:01.659 [DEBUG] [serial] RX 103 bytes: 03f800000000000000aa03f800000000000000aa03f800000000000000aa03f800000000000000aa03f800000000000000aa03f800000000000000aa03f800000000000000aa03f800000000000000aa03f800000000000000aa03f800000000000000aa03f800
02:38:01.768 [DEBUG] [serial] RX 104 bytes: 000000000000aa03f800000000000000aa03f800000000000000aa03f800000000000000aa03f800000000000000aa03f800000000000000aa03f800000000000000aa03f800000000000000aa03f800000000000000aa03f800000000000000aa03f80000000000
02:38:01.877 [DEBUG] [serial] RX 104 bytes: 0000aa03f800000000000000aa03f800000000000000aa03f800000000000000aa03f800000000000000aa03f800000000000000aa03f800000000000000aa03f800000000000000aa03f800000000000000aa03f800000000000000aa03f800000000000000aa03
02:38:01.985 [DEBUG] [serial] RX 103 bytes: f800000000000000aa03f800000000000000aa03f800000000000000aa03f800000000000000aa03f800000000000000aa03f800000000000000aa03f800000000000000aa03f800000000000000aa03f800000000000000aa03f800000000000000aa03f80000
02:38:02.096 [DEBUG] [serial] RX 105 bytes: 0000000000aa03f800000000000000aa03f800000000000000aa03f800000000000000aa03f800000000000000aa03f800000000000000aa03f800000000000000aa03f800000000000000aa03f800000000000000aa03f800000000000000aa03f800000000000000
02:38:02.204 [DEBUG] [serial] RX 103 bytes: aa03f800000000000000aa03f800000000000000aa03f800000000000000aa03f800000000000000aa03f800000000000000aa03f800000000000000aa03f800000000000000aa03f800000000000000aa03f800000000000000aa03f800000000000000aa03f8
02:38:02.312 [DEBUG] [serial] RX 103 bytes: 00000000000000aa03f800000000000000aa03f800000000000000aa03f800000000000000aa03f800000000000000aa03f800000000000000aa03f800000000000000aa03f800000000000000aa03f800000000000000aa03f800000000000000aa03f8000000
02:38:02.420 [DEBUG] [serial] RX 103 bytes: 00000000aa03f800000000000000aa03f800000000000000aa03f800000000000000aa03f800000000000000aa03f800000000000000aa03f800000000000000aa03f800000000000000aa03f800000000000000aa03f800000000000000aa03f8000000000000
02:38:02.529 [DEBUG] [serial] RX 103 bytes: 00aa03f800000000000000aa03f800000000000000aa03f800000000000000aa03f800000000000000aa03f800000000000000aa03f800000000000000aa03f800000000000000aa03f800000000000000aa03f800000000000000aa03f800000000000000aa03
02:38:02.637 [DEBUG] [serial] RX 103 bytes: f800000000000000aa03f800000000000000aa03f800000000000000aa03f800000000000000aa03f800000000000000aa03f800000000000000aa03f800000000000000aa03f800000000000000aa03f800000000000000aa03f800000000000000aa03f80000
02:38:02.745 [DEBUG] [serial] RX 103 bytes: 0000000000aa03f800000000000000aa03f800000000000000aa03f800000000000000aa03f800000000000000aa03f800000000000000aa03f800000000000000aa03f800000000000000aa03f800000000000000aa03f800000000000000aa03f80000000000
02:38:02.854 [DEBUG] [serial] RX 104 bytes: 0000aa03f800000000000000aa03f800000000000000aa03f800000000000000aa03f800000000000000aa03f800000000000000aa03f800000000000000aa03f800000000000000aa03f800000000000000aa03f800000000000000aa03f800000000000000aa03
02:38:02.963 [DEBUG] [serial] RX 104 bytes: f800000000000000aa03f800000000000000aa03f800000000000000aa03f800000000000000aa03f800000000000000aa03f800000000000000aa03f800000000000000aa03f800000000000000aa03f800000000000000aa03f800000000000000aa03f8000000
02:38:03.073 [DEBUG] [serial] RX 104 bytes: 00000000aa03f800000000000000aa03f800000000000000aa03f800000000000000aa03f800000000000000aa03f800000000000000aa03f800000000000000aa03f800000000000000aa03f800000000000000aa03f800000000000000aa03f800000000000000
02:38:03.181 [DEBUG] [serial] RX 103 bytes: aa03f800000000000000aa03f800000000000000aa03f800000000000000aa03f800000000000000aa03f800000000000000aa03f800000000000000aa03f800000000000000aa03f800000000000000aa03f800000000000000aa03f800000000000000aa03f8
02:38:03.289 [DEBUG] [serial] RX 103 bytes: 00000000000000aa03f800000000000000aa03f800000000000000aa03f800000000000000aa03f800000000000000aa03f800000000000000aa03f800000000000000aa03f800000000000000aa03f800000000000000aa03f800000000000000aa03f8000000
02:38:03.398 [DEBUG] [serial] RX 103 bytes: 00000000aa03f800000000000000aa03f800000000000000aa03f800000000000000aa03f800000000000000aa03f800000000000000aa03f800000000000000aa03f800000000000000aa03f800000000000000aa03f800000000000000aa03f8000000000000
02:38:03.507 [DEBUG] [serial] RX 104 bytes: 00aa03f800000000000000aa03f800000000000000aa03f800000000000000aa03f800000000000000aa03f800000000000000aa03f800000000000000aa03f800000000000000aa03f800000000000000aa03f800000000000000aa03f800000000000000aa03f8
02:38:03.615 [DEBUG] [serial] RX 103 bytes: 00000000000000aa03f800000000000000aa03f800000000000000aa03f800000000000000aa03f800000000000000aa03f800000000000000aa03f800000000000000aa03f800000000000000aa03f800000000000000aa03f800000000000000aa03f8000000
02:38:03.725 [DEBUG] [serial] RX 105 bytes: 00000000aa03f800000000000000aa03f800000000000000aa03f800000000000000aa03f800000000000000aa03f800000000000000aa03f800000000000000aa03f800000000000000aa03f800000000000000aa03f800000000000000aa03f800000000000000aa
02:38:03.725 [INFO] [serial] Stats: 1895 pkts, 18956 bytes rx
02:38:03.834 [DEBUG] [serial] RX 104 bytes: 03f800000000000000aa03f800000000000000aa03f800000000000000aa03f800000000000000aa03f800000000000000aa03f800000000000000aa03f800000000000000aa03f800000000000000aa03f800000000000000aa03f800000000000000aa03f80000
02:38:03.943 [DEBUG] [serial] RX 103 bytes: 0000000000aa03f800000000000000aa03f800000000000000aa03f800000000000000aa03f800000000000000aa03f800000000000000aa03f800000000000000aa03f800000000000000aa03f800000000000000aa03f800000000000000aa03f80000000000
02:38:04.052 [DEBUG] [serial] RX 104 bytes: 0000aa03f800000000000000aa03f800000000000000aa03f800000000000000aa03f800000000000000aa03f800000000000000aa03f800000000000000aa03f800000000000000aa03f800000000000000aa03f800000000000000aa03f800000000000000aa03
02:38:04.160 [DEBUG] [serial] RX 102 bytes: f800000000000000aa03f800000000000000aa03f800000000000000aa03f800000000000000aa03f800000000000000aa03f800000000000000aa03f800000000000000aa03f800000000000000aa03f800000000000000aa03f800000000000000aa03f800
02:38:04.269 [DEBUG] [serial] RX 104 bytes: 000000000000aa03f800000000000000aa03f800000000000000aa03f800000000000000aa03f800000000000000aa03f800000000000000aa03f800000000000000aa03f800000000000000aa03f800000000000000aa03f800000000000000aa03f80000000000
02:38:04.379 [DEBUG] [serial] RX 105 bytes: 0000aa03f800000000000000aa03f800000000000000aa03f800000000000000aa03f800000000000000aa03f800000000000000aa03f800000000000000aa03f800000000000000aa03f800000000000000aa03f800000000000000aa03f800000000000000aa03f8
02:38:04.488 [DEBUG] [serial] RX 103 bytes: 00000000000000aa03f800000000000000aa03f800000000000000aa03f800000000000000aa03f800000000000000aa03f800000000000000aa03f800000000000000aa03f800000000000000aa03f800000000000000aa03f800000000000000aa03f8000000
02:38:04.597 [DEBUG] [serial] RX 104 bytes: 00000000aa03f800000000000000aa03f800000000000000aa03f800000000000000aa03f800000000000000aa03f800000000000000aa03f800000000000000aa03f800000000000000aa03f800000000000000aa03f800000000000000aa03f800000000000000
02:38:04.705 [DEBUG] [serial] RX 103 bytes: aa03f800000000000000aa03f800000000000000aa03f800000000000000aa03f800000000000000aa03f800000000000000aa03f800000000000000aa03f800000000000000aa03f800000000000000aa03f800000000000000aa03f800000000000000aa03f8
02:38:04.814 [DEBUG] [serial] RX 104 bytes: 00000000000000aa03f800000000000000aa03f800000000000000aa03f800000000000000aa03f800000000000000aa03f800000000000000aa03f800000000000000aa03f800000000000000aa03f800000000000000aa03f800000000000000aa03f800000000
02:38:04.923 [DEBUG] [serial] RX 103 bytes: 000000aa03f800000000000000aa03f800000000000000aa03f800000000000000aa03f800000000000000aa03f800000000000000aa03f800000000000000aa03f800000000000000aa03f800000000000000aa03f800000000000000aa03f800000000000000
02:38:04.923 [DEBUG] [serial] PKT #2000: flags=0x03 in=-2048 ds=0 flt=0
02:38:05.032 [DEBUG] [serial] RX 104 bytes: aa03f800000000000000aa03f800000000000000aa03f800000000000000aa03f800000000000000aa03f800000000000000aa03f800000000000000aa03f800000000000000aa03f800000000000000aa03f800000000000000aa03f800000000000000aa03f800
02:38:05.141 [DEBUG] [serial] RX 104 bytes: 000000000000aa03f800000000000000aa03f800000000000000aa03f800000000000000aa03f800000000000000aa03f800000000000000aa03f800000000000000aa03f800000000000000aa03f800000000000000aa03f800000000000000aa03f80000000000
02:38:05.249 [DEBUG] [serial] RX 103 bytes: 0000aa03f800000000000000aa03f800000000000000aa03f800000000000000aa03f800000000000000aa03f800000000000000aa03f800000000000000aa03f800000000000000aa03f800000000000000aa03f800000000000000aa03f800000000000000aa
02:38:05.357 [DEBUG] [serial] RX 103 bytes: 03f800000000000000aa03f800000000000000aa03f800000000000000aa03f800000000000000aa03f800000000000000aa03f800000000000000aa03f800000000000000aa03f800000000000000aa03f800000000000000aa03f800000000000000aa03f800
02:38:05.467 [DEBUG] [serial] RX 104 bytes: 000000000000aa03f800000000000000aa03f800000000000000aa03f800000000000000aa03f800000000000000aa03f800000000000000aa03f800000000000000aa03f800000000000000aa03f800000000000000aa03f800000000000000aa03f80000000000
02:38:05.577 [DEBUG] [serial] RX 105 bytes: 0000aa03f800000000000000aa03f800000000000000aa03f800000000000000aa03f800000000000000aa03f800000000000000aa03f800000000000000aa03f800000000000000aa03f800000000000000aa03f800000000000000aa03f800000000000000aa03f8
02:38:05.685 [DEBUG] [serial] RX 103 bytes: 00000000000000aa03f800000000000000aa03f800000000000000aa03f800000000000000aa03f800000000000000aa03f800000000000000aa03f800000000000000aa03f800000000000000aa03f800000000000000aa03f800000000000000aa03f8000000
02:38:05.793 [DEBUG] [serial] RX 103 bytes: 00000000aa03f800000000000000aa03f800000000000000aa03f800000000000000aa03f800000000000000aa03f800000000000000aa03f800000000000000aa03f800000000000000aa03f800000000000000aa03f800000000000000aa03f8000000000000
02:38:05.903 [DEBUG] [serial] RX 104 bytes: 00aa03f800000000000000aa03f800000000000000aa03f800000000000000aa03f800000000000000aa03f800000000000000aa03f800000000000000aa03f800000000000000aa03f800000000000000aa03f800000000000000aa03f800000000000000aa03f8
02:38:06.012 [DEBUG] [serial] RX 103 bytes: 00000000000000aa03f800000000000000aa03f800000000000000aa03f800000000000000aa03f800000000000000aa03f800000000000000aa03f800000000000000aa03f800000000000000aa03f800000000000000aa03f800000000000000aa03f8000000
02:38:06.049 [INFO] [GUI] Cerrando ventana...
02:38:06.050 [INFO] [serial] Encolando TX CMD_STOP (close): bb05
02:38:06.050 [INFO] [serial] Solicitando parada del worker...
02:38:06.119 [INFO] [serial] TX CMD_STOP (close): bb05
02:38:06.119 [DEBUG] [serial] TX OK: 2 bytes escritos
02:38:06.120 [DEBUG] [serial] RX 103 bytes: 00000000aa03f800000000000000aa03f800000000000000aa03f800000000000000aa03f800000000000000aa03f800000000000000aa03f800000000000000aa03f800000000000000aa03f800000000000000aa03f800000000000000aa03f8000000000000
02:38:06.120 [INFO] [serial] Loop de lectura terminado.
02:38:06.120 [INFO] [serial] Puerto cerrado.
02:38:06.121 [INFO] [GUI] Worker terminado, cerrando.
02:38:06.127 [INFO] [GUI] app.exec_() retorno con codigo 0
