02:12:03.400 [INFO] Log file: C:\Github\Tesis\src\python\geophone_scope - Copy\logs\scope_min_20260420_021203.log
02:12:03.400 [INFO] ============================================================
02:12:03.400 [INFO] scope_min.py arrancando
02:12:03.400 [INFO] ============================================================
02:12:03.401 [INFO] [USB] Buscando dispositivo Cypress (VID=0x04B4)...
02:12:03.407 [INFO] [USB] Puertos encontrados: 1
02:12:03.407 [INFO] [USB]   COM7 | VID=0x04b4 | PID=0xf139 | desc=KitProg USB-UART (COM7)
02:12:03.407 [INFO] [USB] -> Cypress encontrado en COM7
02:12:03.407 [INFO] Usando puerto: COM7
02:12:03.419 [INFO] [GUI] Iniciando ScopeWindow, puerto=COM7
02:12:03.419 [INFO] [GUI] Construyendo UI...
02:12:03.588 [INFO] [GUI] UI construida OK
02:12:03.588 [INFO] [GUI] Creando SerialWorker para COM7
02:12:03.588 [INFO] [serial] Abriendo puerto COM7 ...
02:12:03.588 [INFO] [GUI] SerialWorker iniciado
02:12:03.589 [INFO] [GUI] Timer de refresh iniciado (80ms)
02:12:03.589 [INFO] [GUI] ScopeWindow lista
02:12:03.781 [INFO] [GUI] app.exec_() — entrando en event loop Qt
02:12:03.781 [INFO] [serial] Puerto abierto: Serial<id=0x22fcde61510, open=True>(port='COM7', baudrate=230400, bytesize=8, parity='N', stopbits=1, timeout=0.1, xonxoff=False, rtscts=False, dsrdtr=False)
02:12:03.781 [INFO] [serial] Entrando en loop de lectura...
02:12:03.817 [DEBUG] [serial] RX 128 bytes: 6242f26242f26242f26242f26242f26242f26242f26242f26242f26242f26242f26242f26242f26242f26242f26242f26242f26242f26242f26242f26242f26242f26242f26242f26242f26242f26242f26242f26242f26242f26242f26242f26242f26242f26242f26242f26242f26242f26242f26242f26242f26242f26242
02:12:03.823 [DEBUG] [serial] Sin header 0xAA, descartando 128 bytes: 6242f26242f26242f26242f26242f262
02:12:03.845 [DEBUG] [serial] RX 128 bytes: f26242f26242f26242f26242f26242f26242f26242f26242f26242f26242f26242f26242f26242f26242f26242f26242f26242f26242f26242f26242f26242f26242f26242f26242f26242f26242f26242f26242f26242f26242f26242f26242f26242f26242f26242f26242f26242f26242f26242f26242f26242f26242f262
02:12:03.845 [DEBUG] [serial] Sin header 0xAA, descartando 128 bytes: f26242f26242f26242f26242f26242f2
02:12:03.876 [DEBUG] [serial] RX 128 bytes: 42f26242f26242f26242f26242f26242f26242f26242f26242f26242f26242f26242f26242f26242f26242f26242f26242f26242f26242f26242f26242f26242f26242f26242f26242f26242f26242f26242f26242f26242f26242f26242f26242f26242f26242f26242f26242f26242f26242f26242f26242f26242f26242f2
02:12:03.876 [DEBUG] [serial] Sin header 0xAA, descartando 128 bytes: 42f26242f26242f26242f26242f26242
02:12:03.908 [DEBUG] [serial] RX 128 bytes: 6242f26242f26242f26242f26242f26242f26242f26242f26242f26242f26242f26242f26242f26242f26242f26242f26242f26242f26242f26242f26242f26242f26242f26242f26242f26242f26242f26242f26242f26242f26242f26242f26242f26242f26242f26242f26242f26242f26242f26242f26242f26242f26242
02:12:03.909 [DEBUG] [serial] Sin header 0xAA, descartando 128 bytes: 6242f26242f26242f26242f26242f262
02:12:03.941 [DEBUG] [serial] RX 128 bytes: f26242f26242f26242f26242f26242f26242f26242f26242f26242f26242f26242f26242f26242f26242f26242f26242f26242f26242f26242f26242f26242f26242f26242f26242f26242f26242f26242f26242f26242f26242f26242f26242f26242f26242f26242f26242f26242f26242f26242f26242f26242f26242f262
02:12:03.941 [DEBUG] [serial] Sin header 0xAA, descartando 128 bytes: f26242f26242f26242f26242f26242f2
02:12:03.973 [DEBUG] [serial] RX 128 bytes: 42f26242f26242f26242f26242f26242f26242f26242f26242f26242f26242f26242f26242f26242f26242f26242f26242f26242f26242f26242f26242f26242f26242f26242f26242f26242f26242f26242f26242f26242f26242f26242f26242f26242f26242f26242f26242f26242f26242f26242f26242f26242f26242f2
02:12:03.974 [DEBUG] [serial] Sin header 0xAA, descartando 128 bytes: 42f26242f26242f26242f26242f26242
02:12:04.005 [DEBUG] [serial] RX 128 bytes: 6242f26242f26242f26242f26242f26242f26242f26242f26242f26242f26242f26242f26242f26242f26242f26242f26242f26242f26242f26242f26242f26242f26242f26242f26242f26242f26242f26242f26242f26242f26242f26242f26242f26242f26242f26242f26242f26242f26242f26242f26242f26242f26242
02:12:04.005 [DEBUG] [serial] Sin header 0xAA, descartando 128 bytes: 6242f26242f26242f26242f26242f262
02:12:04.037 [DEBUG] [serial] RX 128 bytes: f26242f26242f26242f26242f26242f26242f26242f26242f26242f26242f26242f26242f26242f26242f26242f26242f26242f26242f26242f26242f26242f26242f26242f26242f26242f26242f26242f26242f26242f26242f26242f26242f26242f26242f26242f26242f26242f26242f26242f26242f26242f26242f262
02:12:04.037 [DEBUG] [serial] Sin header 0xAA, descartando 128 bytes: f26242f26242f26242f26242f26242f2
02:12:04.069 [DEBUG] [serial] RX 128 bytes: 42f26242f26242f26242f26242f26242f26242f26242f26242f26242f26242f26242f26242f26242f26242f26242f26242f26242f26242f26242f26242f26242f26242f26242f26242f26242f26242f26242f26242f26242f26242f26242f26242f26242f26242f26242f26242f26242f26242f26242f26242f26242f26242f2
02:12:04.069 [DEBUG] [serial] Sin header 0xAA, descartando 128 bytes: 42f26242f26242f26242f26242f26242
02:12:04.101 [DEBUG] [serial] RX 128 bytes: 6242f26242f26242f26242f26242f26242f26242f26242f26242f26242f26242f26242f26242f26242f26242f26242f26242f26242f26242f26242f26242f26242f26242f26242f26242f26242f26242f26242f26242f26242f26242f26242f26242f26242f26242f26242f26242f26242f26242f26242f26242f26242f26242
02:12:04.101 [DEBUG] [serial] Sin header 0xAA, descartando 128 bytes: 6242f26242f26242f26242f26242f262
02:12:04.133 [DEBUG] [serial] RX 128 bytes: f26242f26242f26242f26242f26242f26242f26242f26242f26242f26242f26242f26242f26242f26242f26242f26242f26242f26242f26242f26242f26242f26242f26242f26242f26242f26242f26242f26242f26242f26242f26242f26242f26242f26242f26242f26242f26242f26242f26242f26242f26242f26242f262
02:12:04.133 [DEBUG] [serial] Sin header 0xAA, descartando 128 bytes: f26242f26242f26242f26242f26242f2
02:12:04.164 [DEBUG] [serial] RX 128 bytes: 42f26242f26242f26242f26242f26242f26242f26242f26242f26242f26242f26242f26242f26242f26242f26242f26242f26242f26242f26242f26242f26242f26242f26242f26242f26242f26242f26242f26242f26242f26242f26242f26242f26242f26242f26242f26242f26242f26242f26242f26242f26242f26242f2
02:12:04.165 [DEBUG] [serial] Sin header 0xAA, descartando 128 bytes: 42f26242f26242f26242f26242f26242
02:12:04.197 [DEBUG] [serial] RX 128 bytes: 6242f26242f26242f26242f26242f26242f26242f26242f26242f26242f26242f26242f26242f26242f26242f26242f26242f26242f26242f26242f26242f26242f26242f26242f26242f26242f26242f26242f26242f26242f26242f26242f26242f26242f26242f26242f26242f26242f26242f26242f26242f26242f26242
02:12:04.197 [DEBUG] [serial] Sin header 0xAA, descartando 128 bytes: 6242f26242f26242f26242f26242f262
02:12:04.229 [DEBUG] [serial] RX 128 bytes: f26242f26242f26242f26242f26242f26242f26242f26242f26242f26242f26242f26242f26242f26242f26242f26242f26242f26242f26242f26242f26242f26242f26242f26242f26242f26242f26242f26242f26242f26242f26242f26242f26242f26242f26242f26242f26242f26242f26242f26242f26242f26242f262
02:12:04.229 [DEBUG] [serial] Sin header 0xAA, descartando 128 bytes: f26242f26242f26242f26242f26242f2
02:12:04.261 [DEBUG] [serial] RX 128 bytes: 42f26242f26242f26242f26242f26242f26242f26242f26242f26242f26242f26242f26242f26242f26242f26242f26242f26242f26242f26242f26242f26242f26242f26242f26242f26242f26242f26242f26242f26242f26242f26242f26242f26242f26242f26242f26242f26242f26242f26242f26242f26242f26242f2
02:12:04.261 [DEBUG] [serial] Sin header 0xAA, descartando 128 bytes: 42f26242f26242f26242f26242f26242
02:12:04.293 [DEBUG] [serial] RX 128 bytes: 6242f26242f26242f26242f26242f26242f26242f26242f26242f26242f26242f26242f26242f26242f26242f26242f26242f26242f26242f26242f26242f26242f26242f26242f26242f26242f26242f26242f26242f26242f26242f26242f26242f26242f26242f26242f26242f26242f26242f26242f26242f26242f26242
02:12:04.293 [DEBUG] [serial] Sin header 0xAA, descartando 128 bytes: 6242f26242f26242f26242f26242f262
02:12:04.325 [DEBUG] [serial] RX 128 bytes: f26242f26242f26242f26242f26242f26242f26242f26242f26242f26242f26242f26242f26242f26242f26242f26242f26242f26242f26242f26242f26242f26242f26242f26242f26242f26242f26242f26242f26242f26242f26242f26242f26242f26242f26242f26242f26242f26242f26242f26242f26242f26242f262
02:12:04.325 [DEBUG] [serial] Sin header 0xAA, descartando 128 bytes: f26242f26242f26242f26242f26242f2
02:12:04.357 [DEBUG] [serial] RX 128 bytes: 42f26242f26242f26242f26242f26242f26242f26242f26242f26242f26242f26242f26242f26242f26242f26242f26242f26242f26242f26242f26242f26242f26242f26242f26242f26242f26242f26242f26242f26242f26242f26242f26242f26242f26242f26242f26242f26242f26242f26242f26242f26242f26242f2
02:12:04.357 [DEBUG] [serial] Sin header 0xAA, descartando 128 bytes: 42f26242f26242f26242f26242f26242
02:12:04.389 [DEBUG] [serial] RX 128 bytes: 6242f26242f26242f26242f26242f26242f26242f26242f26242f26242f26242f26242f26242f26242f26242f26242f26242f26242f26242f26242f26242f26242f26242f26242f26242f26242f26242f26242f26242f26242f26242f26242f26242f26242f26242f26242f26242f26242f26242f26242f26242f26242f26242
02:12:04.389 [DEBUG] [serial] Sin header 0xAA, descartando 128 bytes: 6242f26242f26242f26242f26242f262
02:12:04.421 [DEBUG] [serial] RX 128 bytes: f26242f26242f26242f26242f26242f26242f26242f26242f26242f26242f26242f26242f26242f26242f26242f26242f26242f26242f26242f26242f26242f26242f26242f26242f26242f26242f26242f26242f26242f26242f26242f26242f26242f26242f26242f26242f26242f26242f26242f26242f26242f26242f262
02:12:04.421 [DEBUG] [serial] Sin header 0xAA, descartando 128 bytes: f26242f26242f26242f26242f26242f2
02:12:04.453 [DEBUG] [serial] RX 128 bytes: 42f26242f26242f26242f26242f26242f26242f26242f26242f26242f26242f26242f26242f26242f26242f26242f26242f26242f26242f26242f26242f26242f26242f26242f26242f26242f26242f26242f26242f26242f26242f26242f26242f26242f26242f26242f26242f26242f26242f26242f26242f26242f26242f2
02:12:04.453 [DEBUG] [serial] Sin header 0xAA, descartando 128 bytes: 42f26242f26242f26242f26242f26242
02:12:04.485 [DEBUG] [serial] RX 128 bytes: 6242f26242f26242f26242f26242f26242f26242f26242f26242f26242f26242f26242f26242f26242f26242f26242f26242f26242f26242f26242f26242f26242f26242f26242f26242f26242f26242f26242f26242f26242f26242f26242f26242f26242f26242f26242f26242f26242f26242f26242f26242f26242f26242
02:12:04.485 [DEBUG] [serial] Sin header 0xAA, descartando 128 bytes: 6242f26242f26242f26242f26242f262
02:12:04.517 [DEBUG] [serial] RX 128 bytes: f26242f26242f26242f26242f26242f26242f26242f26242f26242f26242f26242f26242f26242f26242f26242f26242f26242f26242f26242f26242f26242f26242f26242f26242f26242f26242f26242f26242f26242f26242f26242f26242f26242f26242f26242f26242f26242f26242f26242f26242f26242f26242f262
02:12:04.517 [DEBUG] [serial] Sin header 0xAA, descartando 128 bytes: f26242f26242f26242f26242f26242f2
02:12:04.549 [DEBUG] [serial] RX 128 bytes: 42f26242f26242f26242f26242f26242f26242f26242f26242f26242f26242f26242f26242f26242f26242f26242f26242f26242f26242f26242f26242f26242f26242f26242f26242f26242f26242f26242f26242f26242f26242f26242f26242f26242f26242f26242f26242f26242f26242f26242f26242f26242f26242f2
02:12:04.549 [DEBUG] [serial] Sin header 0xAA, descartando 128 bytes: 42f26242f26242f26242f26242f26242
02:12:04.581 [DEBUG] [serial] RX 128 bytes: 6242f26242f26242f26242f26242f26242f26242f26242f26242f26242f26242f26242f26242f26242f26242f26242f26242f26242f26242f26242f26242f26242f26242f26242f26242f26242f26242f26242f26242f26242f26242f26242f26242f26242f26242f26242f26242f26242f26242f26242f26242f26242f26242
02:12:04.581 [DEBUG] [serial] Sin header 0xAA, descartando 128 bytes: 6242f26242f26242f26242f26242f262
02:12:04.613 [DEBUG] [serial] RX 128 bytes: f26242f26242f26242f26242f26242f26242f26242f26242f26242f26242f26242f26242f26242f26242f26242f26242f26242f26242f26242f26242f26242f26242f26242f26242f26242f26242f26242f26242f26242f26242f26242f26242f26242f26242f26242f26242f26242f26242f26242f26242f26242f26242f262
02:12:04.613 [DEBUG] [serial] Sin header 0xAA, descartando 128 bytes: f26242f26242f26242f26242f26242f2
02:12:04.645 [DEBUG] [serial] RX 128 bytes: 42f26242f26242f26242f26242f26242f26242f26242f26242f26242f26242f26242f26242f26242f26242f26242f26242f26242f26242f26242f26242f26242f26242f26242f26242f26242f26242f26242f26242f26242f26242f26242f26242f26242f26242f26242f26242f26242f26242f26242f26242f26242f26242f2
02:12:04.645 [DEBUG] [serial] Sin header 0xAA, descartando 128 bytes: 42f26242f26242f26242f26242f26242
02:12:04.677 [DEBUG] [serial] RX 128 bytes: 6242f26242f26242f26242f26242f26242f26242f26242f26242f26242f26242f26242f26242f26242f26242f26242f26242f26242f26242f26242f26242f26242f26242f26242f26242f26242f26242f26242f26242f26242f26242f26242f26242f26242f26242f26242f26242f26242f26242f26242f26242f26242f26242
02:12:04.677 [DEBUG] [serial] Sin header 0xAA, descartando 128 bytes: 6242f26242f26242f26242f26242f262
02:12:04.710 [DEBUG] [serial] RX 128 bytes: f26242f26242f26242f26242f26242f26242f26242f26242f26242f26242f26242f26242f26242f26242f26242f26242f26242f26242f26242f26242f26242f26242f26242f26242f26242f26242f26242f26242f26242f26242f26242f26242f26242f26242f26242f26242f26242f26242f26242f26242f26242f26242f262
02:12:04.710 [DEBUG] [serial] Sin header 0xAA, descartando 128 bytes: f26242f26242f26242f26242f26242f2
02:12:04.741 [DEBUG] [serial] RX 128 bytes: 42f26242f26242f26242f26242f26242f26242f26242f26242f26242f26242f26242f26242f26242f26242f26242f26242f26242f26242f26242f26242f26242f26242f26242f26242f26242f26242f26242f26242f26242f26242f26242f26242f26242f26242f26242f26242f26242f26242f26242f26242f26242f26242f2
02:12:04.741 [DEBUG] [serial] Sin header 0xAA, descartando 128 bytes: 42f26242f26242f26242f26242f26242
02:12:04.773 [DEBUG] [serial] RX 128 bytes: 6242f26242f26242f26242f26242f26242f26242f26242f26242f26242f26242f26242f26242f26242f26242f26242f26242f26242f26242f26242f26242f26242f26242f26242f26242f26242f26242f26242f26242f26242f26242f26242f26242f26242f26242f26242f26242f26242f26242f26242f26242f26242f26242
02:12:04.773 [DEBUG] [serial] Sin header 0xAA, descartando 128 bytes: 6242f26242f26242f26242f26242f262
02:12:04.805 [DEBUG] [serial] RX 128 bytes: f26242f26242f26242f26242f26242f26242f26242f26242f26242f26242f26242f26242f26242f26242f26242f26242f26242f26242f26242f26242f26242f26242f26242f26242f26242f26242f26242f26242f26242f26242f26242f26242f26242f26242f26242f26242f26242f26242f26242f26242f26242f26242f262
02:12:04.806 [DEBUG] [serial] Sin header 0xAA, descartando 128 bytes: f26242f26242f26242f26242f26242f2
02:12:04.837 [DEBUG] [serial] RX 128 bytes: 42f26242f26242f26242f26242f26242f26242f26242f26242f26242f26242f26242f26242f26242f26242f26242f26242f26242f26242f26242f26242f26242f26242f26242f26242f26242f26242f26242f26242f26242f26242f26242f26242f26242f26242f26242f26242f26242f26242f26242f26242f26242f26242f2
02:12:04.837 [DEBUG] [serial] Sin header 0xAA, descartando 128 bytes: 42f26242f26242f26242f26242f26242
02:12:04.869 [DEBUG] [serial] RX 128 bytes: 6242f26242f26242f26242f26242f26242f26242f26242f26242f26242f26242f26242f26242f26242f26242f26242f26242f26242f26242f26242f26242f26242f26242f26242f26242f26242f26242f26242f26242f26242f26242f26242f26242f26242f26242f26242f26242f26242f26242f26242f26242f26242f26242
02:12:04.869 [DEBUG] [serial] Sin header 0xAA, descartando 128 bytes: 6242f26242f26242f26242f26242f262
02:12:04.901 [DEBUG] [serial] RX 128 bytes: f26242f26242f26242f26242f26242f26242f26242f26242f26242f26242f26242f26242f26242f26242f26242f26242f26242f26242f26242f26242f26242f26242f26242f26242f26242f26242f26242f26242f26242f26242f26242f26242f26242f26242f26242f26242f26242f26242f26242f26242f26242f26242f262
02:12:04.902 [DEBUG] [serial] Sin header 0xAA, descartando 128 bytes: f26242f26242f26242f26242f26242f2
02:12:04.933 [DEBUG] [serial] RX 128 bytes: 42f26242f26242f26242f26242f26242f26242f26242f26242f26242f26242f26242f26242f26242f26242f26242f26242f26242f26242f26242f26242f26242f26242f26242f26242f26242f26242f26242f26242f26242f26242f26242f26242f26242f26242f26242f26242f26242f26242f26242f26242f26242f26242f2
02:12:04.933 [DEBUG] [serial] Sin header 0xAA, descartando 128 bytes: 42f26242f26242f26242f26242f26242
02:12:04.965 [DEBUG] [serial] RX 128 bytes: 6242f26242f26242f26242f26242f26242f26242f26242f26242f26242f26242f26242f26242f26242f26242f26242f26242f26242f26242f26242f26242f26242f26242f26242f26242f26242f26242f26242f26242f26242f26242f26242f26242f26242f26242f26242f26242f26242f26242f26242f26242f26242f26242
02:12:04.966 [DEBUG] [serial] Sin header 0xAA, descartando 128 bytes: 6242f26242f26242f26242f26242f262
02:12:04.998 [DEBUG] [serial] RX 128 bytes: f26242f26242f26242f26242f26242f26242f26242f26242f26242f26242f26242f26242f26242f26242f26242f26242f26242f26242f26242f26242f26242f26242f26242f26242f26242f26242f26242f26242f26242f26242f26242f26242f26242f26242f26242f26242f26242f26242f26242f26242f26242f26242f262
02:12:04.998 [DEBUG] [serial] Sin header 0xAA, descartando 128 bytes: f26242f26242f26242f26242f26242f2
02:12:05.029 [DEBUG] [serial] RX 128 bytes: 42f26242f26242f26242f26242f26242f26242f26242f26242f26242f26242f26242f26242f26242f26242f26242f26242f26242f26242f26242f26242f26242f26242f26242f26242f26242f26242f26242f26242f26242f26242f26242f26242f26242f26242f26242f26242f26242f26242f26242f26242f26242f26242f2
02:12:05.029 [DEBUG] [serial] Sin header 0xAA, descartando 128 bytes: 42f26242f26242f26242f26242f26242
02:12:05.061 [DEBUG] [serial] RX 128 bytes: 6242f26242f26242f26242f26242f26242f26242f26242f26242f26242f26242f26242f26242f26242f26242f26242f26242f26242f26242f26242f26242f26242f26242f26242f26242f26242f26242f26242f26242f26242f26242f26242f26242f26242f26242f26242f26242f26242f26242f26242f26242f26242f26242
02:12:05.062 [DEBUG] [serial] Sin header 0xAA, descartando 128 bytes: 6242f26242f26242f26242f26242f262
02:12:05.094 [DEBUG] [serial] RX 128 bytes: f26242f26242f26242f26242f26242f26242f26242f26242f26242f26242f26242f26242f26242f26242f26242f26242f26242f26242f26242f26242f26242f26242f26242f26242f26242f26242f26242f26242f26242f26242f26242f26242f26242f26242f26242f26242f26242f26242f26242f26242f26242f26242f262
02:12:05.094 [DEBUG] [serial] Sin header 0xAA, descartando 128 bytes: f26242f26242f26242f26242f26242f2
02:12:05.125 [DEBUG] [serial] RX 128 bytes: 42f26242f26242f26242f26242f26242f26242f26242f26242f26242f26242f26242f26242f26242f26242f26242f26242f26242f26242f26242f26242f26242f26242f26242f26242f26242f26242f26242f26242f26242f26242f26242f26242f26242f26242f26242f26242f26242f26242f26242f26242f26242f26242f2
02:12:05.125 [DEBUG] [serial] Sin header 0xAA, descartando 128 bytes: 42f26242f26242f26242f26242f26242
02:12:05.157 [DEBUG] [serial] RX 128 bytes: 6242f26242f26242f26242f26242f26242f26242f26242f26242f26242f26242f26242f26242f26242f26242f26242f26242f26242f26242f26242f26242f26242f26242f26242f26242f26242f26242f26242f26242f26242f26242f26242f26242f26242f26242f26242f26242f26242f26242f26242f26242f26242f26242
02:12:05.158 [DEBUG] [serial] Sin header 0xAA, descartando 128 bytes: 6242f26242f26242f26242f26242f262
02:12:05.190 [DEBUG] [serial] RX 128 bytes: f26242f26242f26242f26242f26242f26242f26242f26242f26242f26242f26242f26242f26242f26242f26242f26242f26242f26242f26242f26242f26242f26242f26242f26242f26242f26242f26242f26242f26242f26242f26242f26242f26242f26242f26242f26242f26242f26242f26242f26242f26242f26242f262
02:12:05.190 [DEBUG] [serial] Sin header 0xAA, descartando 128 bytes: f26242f26242f26242f26242f26242f2
02:12:05.221 [DEBUG] [serial] RX 128 bytes: 42f26242f26242f26242f26242f26242f26242f26242f26242f26242f26242f26242f26242f26242f26242f26242f26242f26242f26242f26242f26242f26242f26242f26242f26242f26242f26242f26242f26242f26242f26242f26242f26242f26242f26242f26242f26242f26242f26242f26242f26242f26242f26242f2
02:12:05.222 [DEBUG] [serial] Sin header 0xAA, descartando 128 bytes: 42f26242f26242f26242f26242f26242
02:12:05.253 [DEBUG] [serial] RX 128 bytes: 6242f26242f26242f26242f26242f26242f26242f26242f26242f26242f26242f26242f26242f26242f26242f26242f26242f26242f26242f26242f26242f26242f26242f26242f26242f26242f26242f26242f26242f26242f26242f26242f26242f26242f26242f26242f26242f26242f26242f26242f26242f26242f26242
02:12:05.254 [DEBUG] [serial] Sin header 0xAA, descartando 128 bytes: 6242f26242f26242f26242f26242f262
02:12:05.286 [DEBUG] [serial] RX 128 bytes: f26242f26242f26242f26242f26242f26242f26242f26242f26242f26242f26242f26242f26242f26242f26242f26242f26242f26242f26242f26242f26242f26242f26242f26242f26242f26242f26242f26242f26242f26242f26242f26242f26242f26242f26242f26242f26242f26242f26242f26242f26242f26242f262
02:12:05.286 [DEBUG] [serial] Sin header 0xAA, descartando 128 bytes: f26242f26242f26242f26242f26242f2
02:12:05.317 [DEBUG] [serial] RX 128 bytes: 42f26242f26242f26242f26242f26242f26242f26242f26242f26242f26242f26242f26242f26242f26242f26242f26242f26242f26242f26242f26242f26242f26242f26242f26242f26242f26242f26242f26242f26242f26242f26242f26242f26242f26242f26242f26242f26242f26242f26242f26242f26242f26242f2
02:12:05.318 [DEBUG] [serial] Sin header 0xAA, descartando 128 bytes: 42f26242f26242f26242f26242f26242
02:12:05.350 [DEBUG] [serial] RX 128 bytes: 6242f26242f26242f26242f26242f26242f26242f26242f26242f26242f26242f26242f26242f26242f26242f26242f26242f26242f26242f26242f26242f26242f26242f26242f26242f26242f26242f26242f26242f26242f26242f26242f26242f26242f26242f26242f26242f26242f26242f26242f26242f26242f26242
02:12:05.350 [DEBUG] [serial] Sin header 0xAA, descartando 128 bytes: 6242f26242f26242f26242f26242f262
02:12:05.382 [DEBUG] [serial] RX 128 bytes: f26242f26242f26242f26242f26242f26242f26242f26242f26242f26242f26242f26242f26242f26242f26242f26242f26242f26242f26242f26242f26242f26242f26242f26242f26242f26242f26242f26242f26242f26242f26242f26242f26242f26242f26242f26242f26242f26242f26242f26242f26242f26242f262
02:12:05.382 [DEBUG] [serial] Sin header 0xAA, descartando 128 bytes: f26242f26242f26242f26242f26242f2
02:12:05.413 [DEBUG] [serial] RX 128 bytes: 42f26242f26242f26242f26242f26242f26242f26242f26242f26242f26242f26242f26242f26242f26242f26242f26242f26242f26242f26242f26242f26242f26242f26242f26242f26242f26242f26242f26242f26242f26242f26242f26242f26242f26242f26242f26242f26242f26242f26242f26242f26242f26242f2
02:12:05.414 [DEBUG] [serial] Sin header 0xAA, descartando 128 bytes: 42f26242f26242f26242f26242f26242
02:12:05.446 [DEBUG] [serial] RX 128 bytes: 6242f26242f26242f26242f26242f26242f26242f26242f26242f26242f26242f26242f26242f26242f26242f26242f26242f26242f26242f26242f26242f26242f26242f26242f26242f26242f26242f26242f26242f26242f26242f26242f26242f26242f26242f26242f26242f26242f26242f26242f26242f26242f26242
02:12:05.446 [DEBUG] [serial] Sin header 0xAA, descartando 128 bytes: 6242f26242f26242f26242f26242f262
02:12:05.478 [DEBUG] [serial] RX 128 bytes: f26242f26242f26242f26242f26242f26242f26242f26242f26242f26242f26242f26242f26242f26242f26242f26242f26242f26242f26242f26242f26242f26242f26242f26242f26242f26242f26242f26242f26242f26242f26242f26242f26242f26242f26242f26242f26242f26242f26242f26242f26242f26242f262
02:12:05.478 [DEBUG] [serial] Sin header 0xAA, descartando 128 bytes: f26242f26242f26242f26242f26242f2
02:12:05.509 [DEBUG] [serial] RX 128 bytes: 42f26242f26242f26242f26242f26242f26242f26242f26242f26242f26242f26242f26242f26242f26242f26242f26242f26242f26242f26242f26242f26242f26242f26242f26242f26242f26242f26242f26242f26242f26242f26242f26242f26242f26242f26242f26242f26242f26242f26242f26242f26242f26242f2
02:12:05.510 [DEBUG] [serial] Sin header 0xAA, descartando 128 bytes: 42f26242f26242f26242f26242f26242
02:12:05.542 [DEBUG] [serial] RX 128 bytes: 6242f26242f26242f26242f26242f26242f26242f26242f26242f26242f26242f26242f26242f26242f26242f26242f26242f26242f26242f26242f26242f26242f26242f26242f26242f26242f26242f26242f26242f26242f26242f26242f26242f26242f26242f26242f26242f26242f26242f26242f26242f26242f26242
02:12:05.542 [DEBUG] [serial] Sin header 0xAA, descartando 128 bytes: 6242f26242f26242f26242f26242f262
02:12:05.574 [DEBUG] [serial] RX 128 bytes: f26242f26242f26242f26242f26242f26242f26242f26242f26242f26242f26242f26242f26242f26242f26242f26242f26242f26242f26242f26242f26242f26242f26242f26242f26242f26242f26242f26242f26242f26242f26242f26242f26242f26242f26242f26242f26242f26242f26242f26242f26242f26242f262
02:12:05.574 [DEBUG] [serial] Sin header 0xAA, descartando 128 bytes: f26242f26242f26242f26242f26242f2
02:12:05.606 [DEBUG] [serial] RX 128 bytes: 42f26242f26242f26242f26242f26242f26242f26242f26242f26242f26242f26242f26242f26242f26242f26242f26242f26242f26242f26242f26242f26242f26242f26242f26242f26242f26242f26242f26242f26242f26242f26242f26242f26242f26242f26242f26242f26242f26242f26242f26242f26242f26242f2
02:12:05.606 [DEBUG] [serial] Sin header 0xAA, descartando 128 bytes: 42f26242f26242f26242f26242f26242
02:12:05.638 [DEBUG] [serial] RX 128 bytes: 6242f26242f26242f26242f26242f26242f26242f26242f26242f26242f26242f26242f26242f26242f26242f26242f26242f26242f26242f26242f26242f26242f26242f26242f26242f26242f26242f26242f26242f26242f26242f26242f26242f26242f26242f26242f26242f26242f26242f26242f26242f26242f26242
02:12:05.638 [DEBUG] [serial] Sin header 0xAA, descartando 128 bytes: 6242f26242f26242f26242f26242f262
02:12:05.670 [DEBUG] [serial] RX 128 bytes: f26242f26242f26242f26242f26242f26242f26242f26242f26242f26242f26242f26242f26242f26242f26242f26242f26242f26242f26242f26242f26242f26242f26242f26242f26242f26242f26242f26242f26242f26242f26242f26242f26242f26242f26242f26242f26242f26242f26242f26242f26242f26242f262
02:12:05.670 [DEBUG] [serial] Sin header 0xAA, descartando 128 bytes: f26242f26242f26242f26242f26242f2
02:12:05.702 [DEBUG] [serial] RX 128 bytes: 42f26242f26242f26242f26242f26242f26242f26242f26242f26242f26242f26242f26242f26242f26242f26242f26242f26242f26242f26242f26242f26242f26242f26242f26242f26242f26242f26242f26242f26242f26242f26242f26242f26242f26242f26242f26242f26242f26242f26242f26242f26242f26242f2
02:12:05.702 [DEBUG] [serial] Sin header 0xAA, descartando 128 bytes: 42f26242f26242f26242f26242f26242
02:12:05.734 [DEBUG] [serial] RX 128 bytes: 6242f26242f26242f26242f26242f26242f26242f26242f26242f26242f26242f26242f26242f26242f26242f26242f26242f26242f26242f26242f26242f26242f26242f26242f26242f26242f26242f26242f26242f26242f26242f26242f26242f26242f26242f26242f26242f26242f26242f26242f26242f26242f26242
02:12:05.734 [DEBUG] [serial] Sin header 0xAA, descartando 128 bytes: 6242f26242f26242f26242f26242f262
02:12:05.766 [DEBUG] [serial] RX 128 bytes: f26242f26242f26242f26242f26242f26242f26242f26242f26242f26242f26242f26242f26242f26242f26242f26242f26242f26242f26242f26242f26242f26242f26242f26242f26242f26242f26242f26242f26242f26242f26242f26242f26242f26242f26242f26242f26242f26242f26242f26242f26242f26242f262
02:12:05.766 [DEBUG] [serial] Sin header 0xAA, descartando 128 bytes: f26242f26242f26242f26242f26242f2
02:12:05.798 [DEBUG] [serial] RX 128 bytes: 42f26242f26242f26242f26242f26242f26242f26242f26242f26242f26242f26242f26242f26242f26242f26242f26242f26242f26242f26242f26242f26242f26242f26242f26242f26242f26242f26242f26242f26242f26242f26242f26242f26242f26242f26242f26242f26242f26242f26242f26242f26242f26242f2
02:12:05.798 [DEBUG] [serial] Sin header 0xAA, descartando 128 bytes: 42f26242f26242f26242f26242f26242
02:12:05.830 [DEBUG] [serial] RX 128 bytes: 6242f26242f26242f26242f26242f26242f26242f26242f26242f26242f26242f26242f26242f26242f26242f26242f26242f26242f26242f26242f26242f26242f26242f26242f26242f26242f26242f26242f26242f26242f26242f26242f26242f26242f26242f26242f26242f26242f26242f26242f26242f26242f26242
02:12:05.830 [DEBUG] [serial] Sin header 0xAA, descartando 128 bytes: 6242f26242f26242f26242f26242f262
02:12:05.862 [DEBUG] [serial] RX 128 bytes: f26242f26242f26242f26242f26242f26242f26242f26242f26242f26242f26242f26242f26242f26242f26242f26242f26242f26242f26242f26242f26242f26242f26242f26242f26242f26242f26242f26242f26242f26242f26242f26242f26242f26242f26242f26242f26242f26242f26242f26242f26242f26242f262
02:12:05.863 [DEBUG] [serial] Sin header 0xAA, descartando 128 bytes: f26242f26242f26242f26242f26242f2
02:12:05.894 [DEBUG] [serial] RX 128 bytes: 42f26242f26242f26242f26242f26242f26242f26242f26242f26242f26242f26242f26242f26242f26242f26242f26242f26242f26242f26242f26242f26242f26242f26242f26242f26242f26242f26242f26242f26242f26242f26242f26242f26242f26242f26242f26242f26242f26242f26242f26242f26242f26242f2
02:12:05.894 [DEBUG] [serial] Sin header 0xAA, descartando 128 bytes: 42f26242f26242f26242f26242f26242
02:12:05.926 [DEBUG] [serial] RX 128 bytes: 6242f26242f26242f26242f26242f26242f26242f26242f26242f26242f26242f26242f26242f26242f26242f26242f26242f26242f26242f26242f26242f26242f26242f26242f26242f26242f26242f26242f26242f26242f26242f26242f26242f26242f26242f26242f26242f26242f26242f26242f26242f26242f26242
02:12:05.926 [DEBUG] [serial] Sin header 0xAA, descartando 128 bytes: 6242f26242f26242f26242f26242f262
02:12:05.958 [DEBUG] [serial] RX 128 bytes: f26242f26242f26242f26242f26242f26242f26242f26242f26242f26242f26242f26242f26242f26242f26242f26242f26242f26242f26242f26242f26242f26242f26242f26242f26242f26242f26242f26242f26242f26242f26242f26242f26242f26242f26242f26242f26242f26242f26242f26242f26242f26242f262
02:12:05.958 [DEBUG] [serial] Sin header 0xAA, descartando 128 bytes: f26242f26242f26242f26242f26242f2
02:12:05.990 [DEBUG] [serial] RX 128 bytes: 42f26242f26242f26242f26242f26242f26242f26242f26242f26242f26242f26242f26242f26242f26242f26242f26242f26242f26242f26242f26242f26242f26242f26242f26242f26242f26242f26242f26242f26242f26242f26242f26242f26242f26242f26242f26242f26242f26242f26242f26242f26242f26242f2
02:12:05.990 [DEBUG] [serial] Sin header 0xAA, descartando 128 bytes: 42f26242f26242f26242f26242f26242
02:12:06.022 [DEBUG] [serial] RX 128 bytes: 6242f26242f26242f26242f26242f26242f26242f26242f26242f26242f26242f26242f26242f26242f26242f26242f26242f26242f26242f26242f26242f26242f26242f26242f26242f26242f26242f26242f26242f26242f26242f26242f26242f26242f26242f26242f26242f26242f26242f26242f26242f26242f26242
02:12:06.022 [DEBUG] [serial] Sin header 0xAA, descartando 128 bytes: 6242f26242f26242f26242f26242f262
02:12:06.054 [DEBUG] [serial] RX 128 bytes: f26242f26242f26242f26242f26242f26242f26242f26242f26242f26242f26242f26242f26242f26242f26242f26242f26242f26242f26242f26242f26242f26242f26242f26242f26242f26242f26242f26242f26242f26242f26242f26242f26242f26242f26242f26242f26242f26242f26242f26242f26242f26242f262
02:12:06.054 [DEBUG] [serial] Sin header 0xAA, descartando 128 bytes: f26242f26242f26242f26242f26242f2
02:12:06.086 [DEBUG] [serial] RX 128 bytes: 42f26242f26242f26242f26242f26242f26242f26242f26242f26242f26242f26242f26242f26242f26242f26242f26242f26242f26242f26242f26242f26242f26242f26242f26242f26242f26242f26242f26242f26242f26242f26242f26242f26242f26242f26242f26242f26242f26242f26242f26242f26242f26242f2
02:12:06.086 [DEBUG] [serial] Sin header 0xAA, descartando 128 bytes: 42f26242f26242f26242f26242f26242
02:12:06.118 [DEBUG] [serial] RX 128 bytes: 6242f26242f26242f26242f26242f26242f26242f26242f26242f26242f26242f26242f26242f26242f26242f26242f26242f26242f26242f26242f26242f26242f26242f26242f26242f26242f26242f26242f26242f26242f26242f26242f26242f26242f26242f26242f26242f26242f26242f26242f26242f26242f26242
02:12:06.118 [DEBUG] [serial] Sin header 0xAA, descartando 128 bytes: 6242f26242f26242f26242f26242f262
02:12:06.150 [DEBUG] [serial] RX 128 bytes: f26242f26242f26242f26242f26242f26242f26242f26242f26242f26242f26242f26242f26242f26242f26242f26242f26242f26242f26242f26242f26242f26242f26242f26242f26242f26242f26242f26242f26242f26242f26242f26242f26242f26242f26242f26242f26242f26242f26242f26242f26242f26242f262
02:12:06.151 [DEBUG] [serial] Sin header 0xAA, descartando 128 bytes: f26242f26242f26242f26242f26242f2
02:12:06.182 [DEBUG] [serial] RX 128 bytes: 42f26242f26242f26242f26242f26242f26242f26242f26242f26242f26242f26242f26242f26242f26242f26242f26242f26242f26242f26242f26242f26242f26242f26242f26242f26242f26242f26242f26242f26242f26242f26242f26242f26242f26242f26242f26242f26242f26242f26242f26242f26242f26242f2
02:12:06.182 [DEBUG] [serial] Sin header 0xAA, descartando 128 bytes: 42f26242f26242f26242f26242f26242
02:12:06.214 [DEBUG] [serial] RX 128 bytes: 6242f26242f26242f26242f26242f26242f26242f26242f26242f26242f26242f26242f26242f26242f26242f26242f26242f26242f26242f26242f26242f26242f26242f26242f26242f26242f26242f26242f26242f26242f26242f26242f26242f26242f26242f26242f26242f26242f26242f26242f26242f26242f26242
02:12:06.214 [DEBUG] [serial] Sin header 0xAA, descartando 128 bytes: 6242f26242f26242f26242f26242f262
02:12:06.246 [DEBUG] [serial] RX 128 bytes: f26242f26242f26242f26242f26242f26242f26242f26242f26242f26242f26242f26242f26242f26242f26242f26242f26242f26242f26242f26242f26242f26242f26242f26242f26242f26242f26242f26242f26242f26242f26242f26242f26242f26242f26242f26242f26242f26242f26242f26242f26242f26242f262
02:12:06.247 [DEBUG] [serial] Sin header 0xAA, descartando 128 bytes: f26242f26242f26242f26242f26242f2
02:12:06.278 [DEBUG] [serial] RX 128 bytes: 42f26242f26242f26242f26242f26242f26242f26242f26242f26242f26242f26242f26242f26242f26242f26242f26242f26242f26242f26242f26242f26242f26242f26242f26242f26242f26242f26242f26242f26242f26242f26242f26242f26242f26242f26242f26242f26242f26242f26242f26242f26242f26242f2
02:12:06.278 [DEBUG] [serial] Sin header 0xAA, descartando 128 bytes: 42f26242f26242f26242f26242f26242
02:12:06.310 [DEBUG] [serial] RX 128 bytes: 6242f26242f26242f26242f26242f26242f26242f26242f26242f26242f26242f26242f26242f26242f26242f26242f26242f26242f26242f26242f26242f26242f26242f26242f26242f26242f26242f26242f26242f26242f26242f26242f26242f26242f26242f26242f26242f26242f26242f26242f26242f26242f26242
02:12:06.311 [DEBUG] [serial] Sin header 0xAA, descartando 128 bytes: 6242f26242f26242f26242f26242f262
02:12:06.343 [DEBUG] [serial] RX 128 bytes: f26242f26242f26242f26242f26242f26242f26242f26242f26242f26242f26242f26242f26242f26242f26242f26242f26242f26242f26242f26242f26242f26242f26242f26242f26242f26242f26242f26242f26242f26242f26242f26242f26242f26242f26242f26242f26242f26242f26242f26242f26242f26242f262
02:12:06.343 [DEBUG] [serial] Sin header 0xAA, descartando 128 bytes: f26242f26242f26242f26242f26242f2
02:12:06.374 [DEBUG] [serial] RX 128 bytes: 42f26242f26242f26242f26242f26242f26242f26242f26242f26242f26242f26242f26242f26242f26242f26242f26242f26242f26242f26242f26242f26242f26242f26242f26242f26242f26242f26242f26242f26242f26242f26242f26242f26242f26242f26242f26242f26242f26242f26242f26242f26242f26242f2
02:12:06.374 [DEBUG] [serial] Sin header 0xAA, descartando 128 bytes: 42f26242f26242f26242f26242f26242
02:12:06.406 [DEBUG] [serial] RX 128 bytes: 6242f26242f26242f26242f26242f26242f26242f26242f26242f26242f26242f26242f26242f26242f26242f26242f26242f26242f26242f26242f26242f26242f26242f26242f26242f26242f26242f26242f26242f26242f26242f26242f26242f26242f26242f26242f26242f26242f26242f26242f26242f26242f26242
02:12:06.407 [DEBUG] [serial] Sin header 0xAA, descartando 128 bytes: 6242f26242f26242f26242f26242f262
02:12:06.439 [DEBUG] [serial] RX 128 bytes: f26242f26242f26242f26242f26242f26242f26242f26242f26242f26242f26242f26242f26242f26242f26242f26242f26242f26242f26242f26242f26242f26242f26242f26242f26242f26242f26242f26242f26242f26242f26242f26242f26242f26242f26242f26242f26242f26242f26242f26242f26242f26242f262
02:12:06.439 [DEBUG] [serial] Sin header 0xAA, descartando 128 bytes: f26242f26242f26242f26242f26242f2
02:12:06.470 [DEBUG] [serial] RX 128 bytes: 42f26242f26242f26242f26242f26242f26242f26242f26242f26242f26242f26242f26242f26242f26242f26242f26242f26242f26242f26242f26242f26242f26242f26242f26242f26242f26242f26242f26242f26242f26242f26242f26242f26242f26242f26242f26242f26242f26242f26242f26242f26242f26242f2
02:12:06.470 [DEBUG] [serial] Sin header 0xAA, descartando 128 bytes: 42f26242f26242f26242f26242f26242
02:12:06.502 [DEBUG] [serial] RX 128 bytes: 6242f26242f26242f26242f26242f26242f26242f26242f26242f26242f26242f26242f26242f26242f26242f26242f26242f26242f26242f26242f26242f26242f26242f26242f26242f26242f26242f26242f26242f26242f26242f26242f26242f26242f26242f26242f26242f26242f26242f26242f26242f26242f26242
02:12:06.503 [DEBUG] [serial] Sin header 0xAA, descartando 128 bytes: 6242f26242f26242f26242f26242f262
02:12:06.535 [DEBUG] [serial] RX 128 bytes: f26242f26242f26242f26242f26242f26242f26242f26242f26242f26242f26242f26242f26242f26242f26242f26242f26242f26242f26242f26242f26242f26242f26242f26242f26242f26242f26242f26242f26242f26242f26242f26242f26242f26242f26242f26242f26242f26242f26242f26242f26242f26242f262
02:12:06.535 [DEBUG] [serial] Sin header 0xAA, descartando 128 bytes: f26242f26242f26242f26242f26242f2
02:12:06.566 [DEBUG] [serial] RX 128 bytes: 42f26242f26242f26242f26242f26242f26242f26242f26242f26242f26242f26242f26242f26242f26242f26242f26242f26242f26242f26242f26242f26242f26242f26242f26242f26242f26242f26242f26242f26242f26242f26242f26242f26242f26242f26242f26242f26242f26242f26242f26242f26242f26242f2
02:12:06.566 [DEBUG] [serial] Sin header 0xAA, descartando 128 bytes: 42f26242f26242f26242f26242f26242
02:12:06.598 [DEBUG] [serial] RX 128 bytes: 6242f26242f26242f26242f26242f26242f26242f26242f26242f26242f26242f26242f26242f26242f26242f26242f26242f26242f26242f26242f26242f26242f26242f26242f26242f26242f26242f26242f26242f26242f26242f26242f26242f26242f26242f26242f26242f26242f26242f26242f26242f26242f26242
02:12:06.599 [DEBUG] [serial] Sin header 0xAA, descartando 128 bytes: 6242f26242f26242f26242f26242f262
02:12:06.631 [DEBUG] [serial] RX 128 bytes: f26242f26242f26242f26242f26242f26242f26242f26242f26242f26242f26242f26242f26242f26242f26242f26242f26242f26242f26242f26242f26242f26242f26242f26242f26242f26242f26242f26242f26242f26242f26242f26242f26242f26242f26242f26242f26242f26242f26242f26242f26242f26242f262
02:12:06.631 [DEBUG] [serial] Sin header 0xAA, descartando 128 bytes: f26242f26242f26242f26242f26242f2
02:12:06.662 [DEBUG] [serial] RX 128 bytes: 42f26242f26242f26242f26242f26242f26242f26242f26242f26242f26242f26242f26242f26242f26242f26242f26242f26242f26242f26242f26242f26242f26242f26242f26242f26242f26242f26242f26242f26242f26242f26242f26242f26242f26242f26242f26242f26242f26242f26242f26242f26242f26242f2
02:12:06.662 [DEBUG] [serial] Sin header 0xAA, descartando 128 bytes: 42f26242f26242f26242f26242f26242
02:12:06.695 [DEBUG] [serial] RX 128 bytes: 6242f26242f26242f26242f26242f26242f26242f26242f26242f26242f26242f26242f26242f26242f26242f26242f26242f26242f26242f26242f26242f26242f26242f26242f26242f26242f26242f26242f26242f26242f26242f26242f26242f26242f26242f26242f26242f26242f26242f26242f26242f26242f26242
02:12:06.695 [DEBUG] [serial] Sin header 0xAA, descartando 128 bytes: 6242f26242f26242f26242f26242f262
02:12:06.727 [DEBUG] [serial] RX 128 bytes: f26242f26242f26242f26242f26242f26242f26242f26242f26242f26242f26242f26242f26242f26242f26242f26242f26242f26242f26242f26242f26242f26242f26242f26242f26242f26242f26242f26242f26242f26242f26242f26242f26242f26242f26242f26242f26242f26242f26242f26242f26242f26242f262
02:12:06.727 [DEBUG] [serial] Sin header 0xAA, descartando 128 bytes: f26242f26242f26242f26242f26242f2
02:12:06.758 [DEBUG] [serial] RX 128 bytes: 42f26242f26242f26242f26242f26242f26242f26242f26242f26242f26242f26242f26242f26242f26242f26242f26242f26242f26242f26242f26242f26242f26242f26242f26242f26242f26242f26242f26242f26242f26242f26242f26242f26242f26242f26242f26242f26242f26242f26242f26242f26242f26242f2
02:12:06.759 [DEBUG] [serial] Sin header 0xAA, descartando 128 bytes: 42f26242f26242f26242f26242f26242
02:12:06.790 [DEBUG] [serial] RX 128 bytes: 6242f26242f26242f26242f26242f26242f26242f26242f26242f26242f26242f26242f26242f26242f26242f26242f26242f26242f26242f26242f26242f26242f26242f26242f26242f26242f26242f26242f26242f26242f26242f26242f26242f26242f26242f26242f26242f26242f26242f26242f26242f26242f26242
02:12:06.791 [DEBUG] [serial] Sin header 0xAA, descartando 128 bytes: 6242f26242f26242f26242f26242f262
02:12:06.823 [DEBUG] [serial] RX 128 bytes: f26242f26242f26242f26242f26242f26242f26242f26242f26242f26242f26242f26242f26242f26242f26242f26242f26242f26242f26242f26242f26242f26242f26242f26242f26242f26242f26242f26242f26242f26242f26242f26242f26242f26242f26242f26242f26242f26242f26242f26242f26242f26242f262
02:12:06.823 [DEBUG] [serial] Sin header 0xAA, descartando 128 bytes: f26242f26242f26242f26242f26242f2
02:12:06.854 [DEBUG] [serial] RX 128 bytes: 42f26242f26242f26242f26242f26242f26242f26242f26242f26242f26242f26242f26242f26242f26242f26242f26242f26242f26242f26242f26242f26242f26242f26242f26242f26242f26242f26242f26242f26242f26242f26242f26242f26242f26242f26242f26242f26242f26242f26242f26242f26242f26242f2
02:12:06.854 [DEBUG] [serial] Sin header 0xAA, descartando 128 bytes: 42f26242f26242f26242f26242f26242
02:12:06.887 [DEBUG] [serial] RX 128 bytes: 6242f26242f26242f26242f26242f26242f26242f26242f26242f26242f26242f26242f26242f26242f26242f26242f26242f26242f26242f26242f26242f26242f26242f26242f26242f26242f26242f26242f26242f26242f26242f26242f26242f26242f26242f26242f26242f26242f26242f26242f26242f26242f26242
02:12:06.887 [DEBUG] [serial] Sin header 0xAA, descartando 128 bytes: 6242f26242f26242f26242f26242f262
02:12:06.919 [DEBUG] [serial] RX 128 bytes: f26242f26242f26242f26242f26242f26242f26242f26242f26242f26242f26242f26242f26242f26242f26242f26242f26242f26242f26242f26242f26242f26242f26242f26242f26242f26242f26242f26242f26242f26242f26242f26242f26242f26242f26242f26242f26242f26242f26242f26242f26242f26242f262
02:12:06.919 [DEBUG] [serial] Sin header 0xAA, descartando 128 bytes: f26242f26242f26242f26242f26242f2
02:12:06.950 [DEBUG] [serial] RX 128 bytes: 42f26242f26242f26242f26242f26242f26242f26242f26242f26242f26242f26242f26242f26242f26242f26242f26242f26242f26242f26242f26242f26242f26242f26242f26242f26242f26242f26242f26242f26242f26242f26242f26242f26242f26242f26242f26242f26242f26242f26242f26242f26242f26242f2
02:12:06.951 [DEBUG] [serial] Sin header 0xAA, descartando 128 bytes: 42f26242f26242f26242f26242f26242
02:12:06.983 [DEBUG] [serial] RX 128 bytes: 6242f26242f26242f26242f26242f26242f26242f26242f26242f26242f26242f26242f26242f26242f26242f26242f26242f26242f26242f26242f26242f26242f26242f26242f26242f26242f26242f26242f26242f26242f26242f26242f26242f26242f26242f26242f26242f26242f26242f26242f26242f26242f26242
02:12:06.983 [DEBUG] [serial] Sin header 0xAA, descartando 128 bytes: 6242f26242f26242f26242f26242f262
02:12:07.015 [DEBUG] [serial] RX 128 bytes: f26242f26242f26242f26242f26242f26242f26242f26242f26242f26242f26242f26242f26242f26242f26242f26242f26242f26242f26242f26242f26242f26242f26242f26242f26242f26242f26242f26242f26242f26242f26242f26242f26242f26242f26242f26242f26242f26242f26242f26242f26242f26242f262
02:12:07.015 [DEBUG] [serial] Sin header 0xAA, descartando 128 bytes: f26242f26242f26242f26242f26242f2
02:12:07.046 [DEBUG] [serial] RX 128 bytes: 42f26242f26242f26242f26242f26242f26242f26242f26242f26242f26242f26242f26242f26242f26242f26242f26242f26242f26242f26242f26242f26242f26242f26242f26242f26242f26242f26242f26242f26242f26242f26242f26242f26242f26242f26242f26242f26242f26242f26242f26242f26242f26242f2
02:12:07.047 [DEBUG] [serial] Sin header 0xAA, descartando 128 bytes: 42f26242f26242f26242f26242f26242
02:12:07.079 [DEBUG] [serial] RX 128 bytes: 6242f26242f26242f26242f26242f26242f26242f26242f26242f26242f26242f26242f26242f26242f26242f26242f26242f26242f26242f26242f26242f26242f26242f26242f26242f26242f26242f26242f26242f26242f26242f26242f26242f26242f26242f26242f26242f26242f26242f26242f26242f26242f26242
02:12:07.079 [DEBUG] [serial] Sin header 0xAA, descartando 128 bytes: 6242f26242f26242f26242f26242f262
02:12:07.111 [DEBUG] [serial] RX 128 bytes: f26242f26242f26242f26242f26242f26242f26242f26242f26242f26242f26242f26242f26242f26242f26242f26242f26242f26242f26242f26242f26242f26242f26242f26242f26242f26242f26242f26242f26242f26242f26242f26242f26242f26242f26242f26242f26242f26242f26242f26242f26242f26242f262
02:12:07.111 [DEBUG] [serial] Sin header 0xAA, descartando 128 bytes: f26242f26242f26242f26242f26242f2
02:12:07.143 [DEBUG] [serial] RX 128 bytes: 42f26242f26242f26242f26242f26242f26242f26242f26242f26242f26242f26242f26242f26242f26242f26242f26242f26242f26242f26242f26242f26242f26242f26242f26242f26242f26242f26242f26242f26242f26242f26242f26242f26242f26242f26242f26242f26242f26242f26242f26242f26242f26242f2
02:12:07.143 [DEBUG] [serial] Sin header 0xAA, descartando 128 bytes: 42f26242f26242f26242f26242f26242
02:12:07.175 [DEBUG] [serial] RX 128 bytes: 6242f26242f26242f26242f26242f26242f26242f26242f26242f26242f26242f26242f26242f26242f26242f26242f26242f26242f26242f26242f26242f26242f26242f26242f26242f26242f26242f26242f26242f26242f26242f26242f26242f26242f26242f26242f26242f26242f26242f26242f26242f26242f26242
02:12:07.175 [DEBUG] [serial] Sin header 0xAA, descartando 128 bytes: 6242f26242f26242f26242f26242f262
02:12:07.207 [DEBUG] [serial] RX 128 bytes: f26242f26242f26242f26242f26242f26242f26242f26242f26242f26242f26242f26242f26242f26242f26242f26242f26242f26242f26242f26242f26242f26242f26242f26242f26242f26242f26242f26242f26242f26242f26242f26242f26242f26242f26242f26242f26242f26242f26242f26242f26242f26242f262
02:12:07.207 [DEBUG] [serial] Sin header 0xAA, descartando 128 bytes: f26242f26242f26242f26242f26242f2
02:12:07.239 [DEBUG] [serial] RX 128 bytes: 42f26242f26242f26242f26242f26242f26242f26242f26242f26242f26242f26242f26242f26242f26242f26242f26242f26242f26242f26242f26242f26242f26242f26242f26242f26242f26242f26242f26242f26242f26242f26242f26242f26242f26242f26242f26242f26242f26242f26242f26242f26242f26242f2
02:12:07.239 [DEBUG] [serial] Sin header 0xAA, descartando 128 bytes: 42f26242f26242f26242f26242f26242
02:12:07.271 [DEBUG] [serial] RX 128 bytes: 6242f26242f26242f26242f26242f26242f26242f26242f26242f26242f26242f26242f26242f26242f26242f26242f26242f26242f26242f26242f26242f26242f26242f26242f26242f26242f26242f26242f26242f26242f26242f26242f26242f26242f26242f26242f26242f26242f26242f26242f26242f26242f26242
02:12:07.271 [DEBUG] [serial] Sin header 0xAA, descartando 128 bytes: 6242f26242f26242f26242f26242f262
02:12:07.303 [DEBUG] [serial] RX 128 bytes: f26242f26242f26242f26242f26242f26242f26242f26242f26242f26242f26242f26242f26242f26242f26242f26242f26242f26242f26242f26242f26242f26242f26242f26242f26242f26242f26242f26242f26242f26242f26242f26242f26242f26242f26242f26242f26242f26242f26242f26242f26242f26242f262
02:12:07.303 [DEBUG] [serial] Sin header 0xAA, descartando 128 bytes: f26242f26242f26242f26242f26242f2
02:12:07.335 [DEBUG] [serial] RX 128 bytes: 42f26242f26242f26242f26242f26242f26242f26242f26242f26242f26242f26242f26242f26242f26242f26242f26242f26242f26242f26242f26242f26242f26242f26242f26242f26242f26242f26242f26242f26242f26242f26242f26242f26242f26242f26242f26242f26242f26242f26242f26242f26242f26242f2
02:12:07.335 [DEBUG] [serial] Sin header 0xAA, descartando 128 bytes: 42f26242f26242f26242f26242f26242
02:12:07.367 [DEBUG] [serial] RX 128 bytes: 6242f26242f26242f26242f26242f26242f26242f26242f26242f26242f26242f26242f26242f26242f26242f26242f26242f26242f26242f26242f26242f26242f26242f26242f26242f26242f26242f26242f26242f26242f26242f26242f26242f26242f26242f26242f26242f26242f26242f26242f26242f26242f26242
02:12:07.367 [DEBUG] [serial] Sin header 0xAA, descartando 128 bytes: 6242f26242f26242f26242f26242f262
02:12:07.399 [DEBUG] [serial] RX 128 bytes: f26242f26242f26242f26242f26242f26242f26242f26242f26242f26242f26242f26242f26242f26242f26242f26242f26242f26242f26242f26242f26242f26242f26242f26242f26242f26242f26242f26242f26242f26242f26242f26242f26242f26242f26242f26242f26242f26242f26242f26242f26242f26242f262
02:12:07.399 [DEBUG] [serial] Sin header 0xAA, descartando 128 bytes: f26242f26242f26242f26242f26242f2
02:12:07.431 [DEBUG] [serial] RX 128 bytes: 42f26242f26242f26242f26242f26242f26242f26242f26242f26242f26242f26242f26242f26242f26242f26242f26242f26242f26242f26242f26242f26242f26242f26242f26242f26242f26242f26242f26242f26242f26242f26242f26242f26242f26242f26242f26242f26242f26242f26242f26242f26242f26242f2
02:12:07.431 [DEBUG] [serial] Sin header 0xAA, descartando 128 bytes: 42f26242f26242f26242f26242f26242
02:12:07.463 [DEBUG] [serial] RX 128 bytes: 6242f26242f26242f26242f26242f26242f26242f26242f26242f26242f26242f26242f26242f26242f26242f26242f26242f26242f26242f26242f26242f26242f26242f26242f26242f26242f26242f26242f26242f26242f26242f26242f26242f26242f26242f26242f26242f26242f26242f26242f26242f26242f26242
02:12:07.463 [DEBUG] [serial] Sin header 0xAA, descartando 128 bytes: 6242f26242f26242f26242f26242f262
02:12:07.495 [DEBUG] [serial] RX 128 bytes: f26242f26242f26242f26242f26242f26242f26242f26242f26242f26242f26242f26242f26242f26242f26242f26242f26242f26242f26242f26242f26242f26242f26242f26242f26242f26242f26242f26242f26242f26242f26242f26242f26242f26242f26242f26242f26242f26242f26242f26242f26242f26242f262
02:12:07.495 [DEBUG] [serial] Sin header 0xAA, descartando 128 bytes: f26242f26242f26242f26242f26242f2
02:12:07.528 [DEBUG] [serial] RX 128 bytes: 42f26242f26242f26242f26242f26242f26242f26242f26242f26242f26242f26242f26242f26242f26242f26242f26242f26242f26242f26242f26242f26242f26242f26242f26242f26242f26242f26242f26242f26242f26242f26242f26242f26242f26242f26242f26242f26242f26242f26242f26242f26242f26242f2
02:12:07.528 [DEBUG] [serial] Sin header 0xAA, descartando 128 bytes: 42f26242f26242f26242f26242f26242
02:12:07.559 [DEBUG] [serial] RX 128 bytes: 6242f26242f26242f26242f26242f26242f26242f26242f26242f26242f26242f26242f26242f26242f26242f26242f26242f26242f26242f26242f26242f26242f26242f26242f26242f26242f26242f26242f26242f26242f26242f26242f26242f26242f26242f26242f26242f26242f26242f26242f26242f26242f26242
02:12:07.559 [DEBUG] [serial] Sin header 0xAA, descartando 128 bytes: 6242f26242f26242f26242f26242f262
02:12:07.591 [DEBUG] [serial] RX 128 bytes: f26242f26242f26242f26242f26242f26242f26242f26242f26242f26242f26242f26242f26242f26242f26242f26242f26242f26242f26242f26242f26242f26242f26242f26242f26242f26242f26242f26242f26242f26242f26242f26242f26242f26242f26242f26242f26242f26242f26242f26242f26242f26242f262
02:12:07.591 [DEBUG] [serial] Sin header 0xAA, descartando 128 bytes: f26242f26242f26242f26242f26242f2
02:12:07.623 [DEBUG] [serial] RX 128 bytes: 42f26242f26242f26242f26242f26242f26242f26242f26242f26242f26242f26242f26242f26242f26242f26242f26242f26242f26242f26242f26242f26242f26242f26242f26242f26242f26242f26242f26242f26242f26242f26242f26242f26242f26242f26242f26242f26242f26242f26242f26242f26242f26242f2
02:12:07.623 [DEBUG] [serial] Sin header 0xAA, descartando 128 bytes: 42f26242f26242f26242f26242f26242
02:12:07.655 [DEBUG] [serial] RX 128 bytes: 6242f26242f26242f26242f26242f26242f26242f26242f26242f26242f26242f26242f26242f26242f26242f26242f26242f26242f26242f26242f26242f26242f26242f26242f26242f26242f26242f26242f26242f26242f26242f26242f26242f26242f26242f26242f26242f26242f26242f26242f26242f26242f26242
02:12:07.655 [DEBUG] [serial] Sin header 0xAA, descartando 128 bytes: 6242f26242f26242f26242f26242f262
02:12:07.687 [DEBUG] [serial] RX 128 bytes: f26242f26242f26242f26242f26242f26242f26242f26242f26242f26242f26242f26242f26242f26242f26242f26242f26242f26242f26242f26242f26242f26242f26242f26242f26242f26242f26242f26242f26242f26242f26242f26242f26242f26242f26242f26242f26242f26242f26242f26242f26242f26242f262
02:12:07.688 [DEBUG] [serial] Sin header 0xAA, descartando 128 bytes: f26242f26242f26242f26242f26242f2
02:12:07.719 [DEBUG] [serial] RX 128 bytes: 42f26242f26242f26242f26242f26242f26242f26242f26242f26242f26242f26242f26242f26242f26242f26242f26242f26242f26242f26242f26242f26242f26242f26242f26242f26242f26242f26242f26242f26242f26242f26242f26242f26242f26242f26242f26242f26242f26242f26242f26242f26242f26242f2
02:12:07.719 [DEBUG] [serial] Sin header 0xAA, descartando 128 bytes: 42f26242f26242f26242f26242f26242
02:12:07.751 [DEBUG] [serial] RX 128 bytes: 6242f26242f26242f26242f26242f26242f26242f26242f26242f26242f26242f26242f26242f26242f26242f26242f26242f26242f26242f26242f26242f26242f26242f26242f26242f26242f26242f26242f26242f26242f26242f26242f26242f26242f26242f26242f26242f26242f26242f26242f26242f26242f26242
02:12:07.751 [DEBUG] [serial] Sin header 0xAA, descartando 128 bytes: 6242f26242f26242f26242f26242f262
02:12:07.783 [DEBUG] [serial] RX 128 bytes: f26242f26242f26242f26242f26242f26242f26242f26242f26242f26242f26242f26242f26242f26242f26242f26242f26242f26242f26242f26242f26242f26242f26242f26242f26242f26242f26242f26242f26242f26242f26242f26242f26242f26242f26242f26242f26242f26242f26242f26242f26242f26242f262
02:12:07.784 [DEBUG] [serial] Sin header 0xAA, descartando 128 bytes: f26242f26242f26242f26242f26242f2
02:12:07.815 [DEBUG] [serial] RX 128 bytes: 42f26242f26242f26242f26242f26242f26242f26242f26242f26242f26242f26242f26242f26242f26242f26242f26242f26242f26242f26242f26242f26242f26242f26242f26242f26242f26242f26242f26242f26242f26242f26242f26242f26242f26242f26242f26242f26242f26242f26242f26242f26242f26242f2
02:12:07.815 [DEBUG] [serial] Sin header 0xAA, descartando 128 bytes: 42f26242f26242f26242f26242f26242
02:12:07.847 [DEBUG] [serial] RX 128 bytes: 6242f26242f26242f26242f26242f26242f26242f26242f26242f26242f26242f26242f26242f26242f26242f26242f26242f26242f26242f26242f26242f26242f26242f26242f26242f26242f26242f26242f26242f26242f26242f26242f26242f26242f26242f26242f26242f26242f26242f26242f26242f26242f26242
02:12:07.847 [DEBUG] [serial] Sin header 0xAA, descartando 128 bytes: 6242f26242f26242f26242f26242f262
02:12:07.879 [DEBUG] [serial] RX 128 bytes: f26242f26242f26242f26242f26242f26242f26242f26242f26242f26242f26242f26242f26242f26242f26242f26242f26242f26242f26242f26242f26242f26242f26242f26242f26242f26242f26242f26242f26242f26242f26242f26242f26242f26242f26242f26242f26242f26242f26242f26242f26242f26242f262
02:12:07.880 [DEBUG] [serial] Sin header 0xAA, descartando 128 bytes: f26242f26242f26242f26242f26242f2
02:12:07.911 [DEBUG] [serial] RX 128 bytes: 42f26242f26242f26242f26242f26242f26242f26242f26242f26242f26242f26242f26242f26242f26242f26242f26242f26242f26242f26242f26242f26242f26242f26242f26242f26242f26242f26242f26242f26242f26242f26242f26242f26242f26242f26242f26242f26242f26242f26242f26242f26242f26242f2
02:12:07.911 [DEBUG] [serial] Sin header 0xAA, descartando 128 bytes: 42f26242f26242f26242f26242f26242
02:12:07.943 [DEBUG] [serial] RX 128 bytes: 6242f26242f26242f26242f26242f26242f26242f26242f26242f26242f26242f26242f26242f26242f26242f26242f26242f26242f26242f26242f26242f26242f26242f26242f26242f26242f26242f26242f26242f26242f26242f26242f26242f26242f26242f26242f26242f26242f26242f26242f26242f26242f26242
02:12:07.944 [DEBUG] [serial] Sin header 0xAA, descartando 128 bytes: 6242f26242f26242f26242f26242f262
02:12:07.976 [DEBUG] [serial] RX 128 bytes: f26242f26242f26242f26242f26242f26242f26242f26242f26242f26242f26242f26242f26242f26242f26242f26242f26242f26242f26242f26242f26242f26242f26242f26242f26242f26242f26242f26242f26242f26242f26242f26242f26242f26242f26242f26242f26242f26242f26242f26242f26242f26242f262
02:12:07.976 [DEBUG] [serial] Sin header 0xAA, descartando 128 bytes: f26242f26242f26242f26242f26242f2
02:12:08.007 [DEBUG] [serial] RX 128 bytes: 42f26242f26242f26242f26242f26242f26242f26242f26242f26242f26242f26242f26242f26242f26242f26242f26242f26242f26242f26242f26242f26242f26242f26242f26242f26242f26242f26242f26242f26242f26242f26242f26242f26242f26242f26242f26242f26242f26242f26242f26242f26242f26242f2
02:12:08.007 [DEBUG] [serial] Sin header 0xAA, descartando 128 bytes: 42f26242f26242f26242f26242f26242
02:12:08.039 [DEBUG] [serial] RX 128 bytes: 6242f26242f26242f26242f26242f26242f26242f26242f26242f26242f26242f26242f26242f26242f26242f26242f26242f26242f26242f26242f26242f26242f26242f26242f26242f26242f26242f26242f26242f26242f26242f26242f26242f26242f26242f26242f26242f26242f26242f26242f26242f26242f26242
02:12:08.040 [DEBUG] [serial] Sin header 0xAA, descartando 128 bytes: 6242f26242f26242f26242f26242f262
02:12:08.072 [DEBUG] [serial] RX 128 bytes: f26242f26242f26242f26242f26242f26242f26242f26242f26242f26242f26242f26242f26242f26242f26242f26242f26242f26242f26242f26242f26242f26242f26242f26242f26242f26242f26242f26242f26242f26242f26242f26242f26242f26242f26242f26242f26242f26242f26242f26242f26242f26242f262
02:12:08.072 [DEBUG] [serial] Sin header 0xAA, descartando 128 bytes: f26242f26242f26242f26242f26242f2
02:12:08.103 [DEBUG] [serial] RX 128 bytes: 42f26242f26242f26242f26242f26242f26242f26242f26242f26242f26242f26242f26242f26242f26242f26242f26242f26242f26242f26242f26242f26242f26242f26242f26242f26242f26242f26242f26242f26242f26242f26242f26242f26242f26242f26242f26242f26242f26242f26242f26242f26242f26242f2
02:12:08.103 [DEBUG] [serial] Sin header 0xAA, descartando 128 bytes: 42f26242f26242f26242f26242f26242
02:12:08.135 [DEBUG] [serial] RX 128 bytes: 6242f26242f26242f26242f26242f26242f26242f26242f26242f26242f26242f26242f26242f26242f26242f26242f26242f26242f26242f26242f26242f26242f26242f26242f26242f26242f26242f26242f26242f26242f26242f26242f26242f26242f26242f26242f26242f26242f26242f26242f26242f26242f26242
02:12:08.136 [DEBUG] [serial] Sin header 0xAA, descartando 128 bytes: 6242f26242f26242f26242f26242f262
02:12:08.168 [DEBUG] [serial] RX 128 bytes: f26242f26242f26242f26242f26242f26242f26242f26242f26242f26242f26242f26242f26242f26242f26242f26242f26242f26242f26242f26242f26242f26242f26242f26242f26242f26242f26242f26242f26242f26242f26242f26242f26242f26242f26242f26242f26242f26242f26242f26242f26242f26242f262
02:12:08.168 [DEBUG] [serial] Sin header 0xAA, descartando 128 bytes: f26242f26242f26242f26242f26242f2
02:12:08.199 [DEBUG] [serial] RX 128 bytes: 42f26242f26242f26242f26242f26242f26242f26242f26242f26242f26242f26242f26242f26242f26242f26242f26242f26242f26242f26242f26242f26242f26242f26242f26242f26242f26242f26242f26242f26242f26242f26242f26242f26242f26242f26242f26242f26242f26242f26242f26242f26242f26242f2
02:12:08.200 [DEBUG] [serial] Sin header 0xAA, descartando 128 bytes: 42f26242f26242f26242f26242f26242
02:12:08.232 [DEBUG] [serial] RX 128 bytes: 6242f26242f26242f26242f26242f26242f26242f26242f26242f26242f26242f26242f26242f26242f26242f26242f26242f26242f26242f26242f26242f26242f26242f26242f26242f26242f26242f26242f26242f26242f26242f26242f26242f26242f26242f26242f26242f26242f26242f26242f26242f26242f26242
02:12:08.232 [DEBUG] [serial] Sin header 0xAA, descartando 128 bytes: 6242f26242f26242f26242f26242f262
02:12:08.264 [DEBUG] [serial] RX 128 bytes: f26242f26242f26242f26242f26242f26242f26242f26242f26242f26242f26242f26242f26242f26242f26242f26242f26242f26242f26242f26242f26242f26242f26242f26242f26242f26242f26242f26242f26242f26242f26242f26242f26242f26242f26242f26242f26242f26242f26242f26242f26242f26242f262
02:12:08.264 [DEBUG] [serial] Sin header 0xAA, descartando 128 bytes: f26242f26242f26242f26242f26242f2
02:12:08.295 [DEBUG] [serial] RX 128 bytes: 42f26242f26242f26242f26242f26242f26242f26242f26242f26242f26242f26242f26242f26242f26242f26242f26242f26242f26242f26242f26242f26242f26242f26242f26242f26242f26242f26242f26242f26242f26242f26242f26242f26242f26242f26242f26242f26242f26242f26242f26242f26242f26242f2
02:12:08.296 [DEBUG] [serial] Sin header 0xAA, descartando 128 bytes: 42f26242f26242f26242f26242f26242
02:12:08.328 [DEBUG] [serial] RX 128 bytes: 6242f26242f26242f26242f26242f26242f26242f26242f26242f26242f26242f26242f26242f26242f26242f26242f26242f26242f26242f26242f26242f26242f26242f26242f26242f26242f26242f26242f26242f26242f26242f26242f26242f26242f26242f26242f26242f26242f26242f26242f26242f26242f26242
02:12:08.328 [DEBUG] [serial] Sin header 0xAA, descartando 128 bytes: 6242f26242f26242f26242f26242f262
02:12:08.360 [DEBUG] [serial] RX 128 bytes: f26242f26242f26242f26242f26242f26242f26242f26242f26242f26242f26242f26242f26242f26242f26242f26242f26242f26242f26242f26242f26242f26242f26242f26242f26242f26242f26242f26242f26242f26242f26242f26242f26242f26242f26242f26242f26242f26242f26242f26242f26242f26242f262
02:12:08.360 [DEBUG] [serial] Sin header 0xAA, descartando 128 bytes: f26242f26242f26242f26242f26242f2
02:12:08.391 [DEBUG] [serial] RX 128 bytes: 42f26242f26242f26242f26242f26242f26242f26242f26242f26242f26242f26242f26242f26242f26242f26242f26242f26242f26242f26242f26242f26242f26242f26242f26242f26242f26242f26242f26242f26242f26242f26242f26242f26242f26242f26242f26242f26242f26242f26242f26242f26242f26242f2
02:12:08.392 [DEBUG] [serial] Sin header 0xAA, descartando 128 bytes: 42f26242f26242f26242f26242f26242
02:12:08.409 [INFO] [GUI] Click START
02:12:08.409 [INFO] [serial] Encolando TX CMD_START: bb04
02:12:08.424 [INFO] [serial] TX CMD_START: bb04
02:12:08.424 [DEBUG] [serial] TX OK: 2 bytes escritos
02:12:08.424 [DEBUG] [serial] RX 128 bytes: 6242f26242f26242f26242f26242f26242f26242f26242f26242f26242f26242f26242f26242f26242f26242f26242f26242f26242f26242f26242f26242f26242f26242f26242f26242f26242f26242f26242f26242f26242f26242f26242f26242f26242f26242f26242f26242f26242f26242f26242f26242f26242f26242
02:12:08.424 [DEBUG] [serial] Sin header 0xAA, descartando 128 bytes: 6242f26242f26242f26242f26242f262
02:12:08.456 [DEBUG] [serial] RX 128 bytes: f26242f26242f26242f26242f26242f26242f26242f26242f26242f26242f26242f26242f26242f26242f26242f26242f26242f26242f26242f26242f26242f26242f26242f26242f26242f26242f26242f26242f26242f26242f26242f26242f26242f26242f26242f26242f26242f26242f26242f26242f26242f26242f262
02:12:08.456 [DEBUG] [serial] Sin header 0xAA, descartando 128 bytes: f26242f26242f26242f26242f26242f2
02:12:08.487 [DEBUG] [serial] RX 128 bytes: 42f26242f26242f26242f26242f26242f26242f26242f26242f26242f26242f26242f26242f26242f26242f26242f26242f26242f26242f26242f26242f26242f26242f26242f26242f26242f26242f26242f26242f26242f26242f26242f26242f26242f26242f26242f26242f26242f26242f26242f26242f26242f26242f2
02:12:08.488 [DEBUG] [serial] Sin header 0xAA, descartando 128 bytes: 42f26242f26242f26242f26242f26242
02:12:08.520 [DEBUG] [serial] RX 128 bytes: 6242f26242f26242f26242f26242f26242f26242f26242f26242f26242f26242f26242f26242f26242f26242f26242f26242f26242f26242f26242f26242f26242f26242f26242f26242f26242f26242f26242f26242f26242f26242f26242f26242f26242f26242f26242f26242f26242f26242f26242f26242f26242f26242
02:12:08.520 [DEBUG] [serial] Sin header 0xAA, descartando 128 bytes: 6242f26242f26242f26242f26242f262
02:12:08.552 [DEBUG] [serial] RX 128 bytes: f26242f26242f26242f26242f26242f26242f26242f26242f26242f26242f26242f26242f26242f26242f26242f26242f26242f26242f26242f26242f26242f26242f26242f26242f26242f26242f26242f26242f26242f26242f26242f26242f26242f26242f26242f26242f26242f26242f26242f26242f26242f26242f262
02:12:08.552 [DEBUG] [serial] Sin header 0xAA, descartando 128 bytes: f26242f26242f26242f26242f26242f2
02:12:08.584 [DEBUG] [serial] RX 128 bytes: 42f26242f26242f26242f26242f26242f26242f26242f26242f26242f26242f26242f26242f26242f26242f26242f26242f26242f26242f26242f26242f26242f26242f26242f26242f26242f26242f26242f26242f26242f26242f26242f26242f26242f26242f26242f26242f26242f26242f26242f26242f26242f26242f2
02:12:08.584 [DEBUG] [serial] Sin header 0xAA, descartando 128 bytes: 42f26242f26242f26242f26242f26242
02:12:08.616 [DEBUG] [serial] RX 128 bytes: 6242f26242f26242f26242f26242f26242f26242f26242f26242f26242f26242f26242f26242f26242f26242f26242f26242f26242f26242f26242f26242f26242f26242f26242f26242f26242f26242f26242f26242f26242f26242f26242f26242f26242f26242f26242f26242f26242f26242f26242f26242f26242f26242
02:12:08.616 [DEBUG] [serial] Sin header 0xAA, descartando 128 bytes: 6242f26242f26242f26242f26242f262
02:12:08.616 [INFO] [serial] Stats: 0 pkts, 19328 bytes rx
02:12:08.648 [DEBUG] [serial] RX 128 bytes: f26242f26242f26242f26242f26242f26242f26242f26242f26242f26242f26242f26242f26242f26242f26242f26242f26242f26242f26242f26242f26242f26242f26242f26242f26242f26242f26242f26242f26242f26242f26242f26242f26242f26242f26242f26242f26242f26242f26242f26242f26242f26242f262
02:12:08.648 [DEBUG] [serial] Sin header 0xAA, descartando 128 bytes: f26242f26242f26242f26242f26242f2
02:12:08.680 [DEBUG] [serial] RX 128 bytes: 42f26242f26242f26242f26242f26242f26242f26242f26242f26242f26242f26242f26242f26242f26242f26242f26242f26242f26242f26242f26242f26242f26242f26242f26242f26242f26242f26242f26242f26242f26242f26242f26242f26242f26242f26242f26242f26242f26242f26242f26242f26242f26242f2
02:12:08.680 [DEBUG] [serial] Sin header 0xAA, descartando 128 bytes: 42f26242f26242f26242f26242f26242
02:12:08.712 [DEBUG] [serial] RX 128 bytes: 6242f26242f26242f26242f26242f26242f26242f26242f26242f26242f26242f26242f26242f26242f26242f26242f26242f26242f26242f26242f26242f26242f26242f26242f26242f26242f26242f26242f26242f26242f26242f26242f26242f26242f26242f26242f26242f26242f26242f26242f26242f26242f26242
02:12:08.712 [DEBUG] [serial] Sin header 0xAA, descartando 128 bytes: 6242f26242f26242f26242f26242f262
02:12:08.744 [DEBUG] [serial] RX 128 bytes: f26242f26242f26242f26242f26242f26242f26242f26242f26242f26242f26242f26242f26242f26242f26242f26242f26242f26242f26242f26242f26242f26242f26242f26242f26242f26242f26242f26242f26242f26242f26242f26242f26242f26242f26242f26242f26242f26242f26242f26242f26242f26242f262
02:12:08.745 [DEBUG] [serial] Sin header 0xAA, descartando 128 bytes: f26242f26242f26242f26242f26242f2
02:12:08.776 [DEBUG] [serial] RX 128 bytes: 42f26242f26242f26242f26242f26242f26242f26242f26242f26242f26242f26242f26242f26242f26242f26242f26242f26242f26242f26242f26242f26242f26242f26242f26242f26242f26242f26242f26242f26242f26242f26242f26242f26242f26242f26242f26242f26242f26242f26242f26242f26242f26242f2
02:12:08.776 [DEBUG] [serial] Sin header 0xAA, descartando 128 bytes: 42f26242f26242f26242f26242f26242
02:12:08.808 [DEBUG] [serial] RX 128 bytes: 6242f26242f26242f26242f26242f26242f26242f26242f26242f26242f26242f26242f26242f26242f26242f26242f26242f26242f26242f26242f26242f26242f26242f26242f26242f26242f26242f26242f26242f26242f26242f26242f26242f26242f26242f26242f26242f26242f26242f26242f26242f26242f26242
02:12:08.808 [DEBUG] [serial] Sin header 0xAA, descartando 128 bytes: 6242f26242f26242f26242f26242f262
02:12:08.841 [DEBUG] [serial] RX 128 bytes: f26242f26242f26242f26242f26242f26242f26242f26242f26242f26242f26242f26242f26242f26242f26242f26242f26242f26242f26242f26242f26242f26242f26242f26242f26242f26242f26242f26242f26242f26242f26242f26242f26242f26242f26242f26242f26242f26242f26242f26242f26242f26242f262
02:12:08.841 [DEBUG] [serial] Sin header 0xAA, descartando 128 bytes: f26242f26242f26242f26242f26242f2
02:12:08.872 [DEBUG] [serial] RX 128 bytes: 42f26242f26242f26242f26242f26242f26242f26242f26242f26242f26242f26242f26242f26242f26242f26242f26242f26242f26242f26242f26242f26242f26242f26242f26242f26242f26242f26242f26242f26242f26242f26242f26242f26242f26242f26242f26242f26242f26242f26242f26242f26242f26242f2
02:12:08.872 [DEBUG] [serial] Sin header 0xAA, descartando 128 bytes: 42f26242f26242f26242f26242f26242
02:12:08.904 [DEBUG] [serial] RX 128 bytes: 6242f26242f26242f26242f26242f26242f26242f26242f26242f26242f26242f26242f26242f26242f26242f26242f26242f26242f26242f26242f26242f26242f26242f26242f26242f26242f26242f26242f26242f26242f26242f26242f26242f26242f26242f26242f26242f26242f26242f26242f26242f26242f26242
02:12:08.904 [DEBUG] [serial] Sin header 0xAA, descartando 128 bytes: 6242f26242f26242f26242f26242f262
02:12:08.937 [DEBUG] [serial] RX 128 bytes: f26242f26242f26242f26242f26242f26242f26242f26242f26242f26242f26242f26242f26242f26242f26242f26242f26242f26242f26242f26242f26242f26242f26242f26242f26242f26242f26242f26242f26242f26242f26242f26242f26242f26242f26242f26242f26242f26242f26242f26242f26242f26242f262
02:12:08.937 [DEBUG] [serial] Sin header 0xAA, descartando 128 bytes: f26242f26242f26242f26242f26242f2
02:12:08.968 [DEBUG] [serial] RX 128 bytes: 42f26242f26242f26242f26242f26242f26242f26242f26242f26242f26242f26242f26242f26242f26242f26242f26242f26242f26242f26242f26242f26242f26242f26242f26242f26242f26242f26242f26242f26242f26242f26242f26242f26242f26242f26242f26242f26242f26242f26242f26242f26242f26242f2
02:12:08.968 [DEBUG] [serial] Sin header 0xAA, descartando 128 bytes: 42f26242f26242f26242f26242f26242
02:12:09.000 [DEBUG] [serial] RX 128 bytes: 6242f26242f26242f26242f26242f26242f26242f26242f26242f26242f26242f26242f26242f26242f26242f26242f26242f26242f26242f26242f26242f26242f26242f26242f26242f26242f26242f26242f26242f26242f26242f26242f26242f26242f26242f26242f26242f26242f26242f26242f26242f26242f26242
02:12:09.001 [DEBUG] [serial] Sin header 0xAA, descartando 128 bytes: 6242f26242f26242f26242f26242f262
02:12:09.033 [DEBUG] [serial] RX 128 bytes: f26242f26242f26242f26242f26242f26242f26242f26242f26242f26242f26242f26242f26242f26242f26242f26242f26242f26242f26242f26242f26242f26242f26242f26242f26242f26242f26242f26242f26242f26242f26242f26242f26242f26242f26242f26242f26242f26242f26242f26242f26242f26242f262
02:12:09.033 [DEBUG] [serial] Sin header 0xAA, descartando 128 bytes: f26242f26242f26242f26242f26242f2
02:12:09.064 [DEBUG] [serial] RX 128 bytes: 42f26242f26242f26242f26242f26242f26242f26242f26242f26242f26242f26242f26242f26242f26242f26242f26242f26242f26242f26242f26242f26242f26242f26242f26242f26242f26242f26242f26242f26242f26242f26242f26242f26242f26242f26242f26242f26242f26242f26242f26242f26242f26242f2
02:12:09.064 [DEBUG] [serial] Sin header 0xAA, descartando 128 bytes: 42f26242f26242f26242f26242f26242
02:12:09.096 [DEBUG] [serial] RX 128 bytes: 6242f26242f26242f26242f26242f26242f26242f26242f26242f26242f26242f26242f26242f26242f26242f26242f26242f26242f26242f26242f26242f26242f26242f26242f26242f26242f26242f26242f26242f26242f26242f26242f26242f26242f26242f26242f26242f26242f26242f26242f26242f26242f26242
02:12:09.097 [DEBUG] [serial] Sin header 0xAA, descartando 128 bytes: 6242f26242f26242f26242f26242f262
02:12:09.129 [DEBUG] [serial] RX 128 bytes: f26242f26242f26242f26242f26242f26242f26242f26242f26242f26242f26242f26242f26242f26242f26242f26242f26242f26242f26242f26242f26242f26242f26242f26242f26242f26242f26242f26242f26242f26242f26242f26242f26242f26242f26242f26242f26242f26242f26242f26242f26242f26242f262
02:12:09.129 [DEBUG] [serial] Sin header 0xAA, descartando 128 bytes: f26242f26242f26242f26242f26242f2
02:12:09.160 [DEBUG] [serial] RX 128 bytes: 42f26242f26242f26242f26242f26242f26242f26242f26242f26242f26242f26242f26242f26242f26242f26242f26242f26242f26242f26242f26242f26242f26242f26242f26242f26242f26242f26242f26242f26242f26242f26242f26242f26242f26242f26242f26242f26242f26242f26242f26242f26242f26242f2
02:12:09.161 [DEBUG] [serial] Sin header 0xAA, descartando 128 bytes: 42f26242f26242f26242f26242f26242
02:12:09.193 [DEBUG] [serial] RX 128 bytes: 6242f26242f26242f26242f26242f26242f26242f26242f26242f26242f26242f26242f26242f26242f26242f26242f26242f26242f26242f26242f26242f26242f26242f26242f26242f26242f26242f26242f26242f26242f26242f26242f26242f26242f26242f26242f26242f26242f26242f26242f26242f26242f26242
02:12:09.193 [DEBUG] [serial] Sin header 0xAA, descartando 128 bytes: 6242f26242f26242f26242f26242f262
02:12:09.225 [DEBUG] [serial] RX 128 bytes: f26242f26242f26242f26242f26242f26242f26242f26242f26242f26242f26242f26242f26242f26242f26242f26242f26242f26242f26242f26242f26242f26242f26242f26242f26242f26242f26242f26242f26242f26242f26242f26242f26242f26242f26242f26242f26242f26242f26242f26242f26242f26242f262
02:12:09.225 [DEBUG] [serial] Sin header 0xAA, descartando 128 bytes: f26242f26242f26242f26242f26242f2
02:12:09.257 [DEBUG] [serial] RX 128 bytes: 42f26242f26242f26242f26242f26242f26242f26242f26242f26242f26242f26242f26242f26242f26242f26242f26242f26242f26242f26242f26242f26242f26242f26242f26242f26242f26242f26242f26242f26242f26242f26242f26242f26242f26242f26242f26242f26242f26242f26242f26242f26242f26242f2
02:12:09.257 [DEBUG] [serial] Sin header 0xAA, descartando 128 bytes: 42f26242f26242f26242f26242f26242
02:12:09.289 [DEBUG] [serial] RX 128 bytes: 6242f26242f26242f26242f26242f26242f26242f26242f26242f26242f26242f26242f26242f26242f26242f26242f26242f26242f26242f26242f26242f26242f26242f26242f26242f26242f26242f26242f26242f26242f26242f26242f26242f26242f26242f26242f26242f26242f26242f26242f26242f26242f26242
02:12:09.289 [DEBUG] [serial] Sin header 0xAA, descartando 128 bytes: 6242f26242f26242f26242f26242f262
02:12:09.321 [DEBUG] [serial] RX 128 bytes: f26242f26242f26242f26242f26242f26242f26242f26242f26242f26242f26242f26242f26242f26242f26242f26242f26242f26242f26242f26242f26242f26242f26242f26242f26242f26242f26242f26242f26242f26242f26242f26242f26242f26242f26242f26242f26242f26242f26242f26242f26242f26242f262
02:12:09.321 [DEBUG] [serial] Sin header 0xAA, descartando 128 bytes: f26242f26242f26242f26242f26242f2
02:12:09.353 [DEBUG] [serial] RX 128 bytes: 42f26242f26242f26242f26242f26242f26242f26242f26242f26242f26242f26242f26242f26242f26242f26242f26242f26242f26242f26242f26242f26242f26242f26242f26242f26242f26242f26242f26242f26242f26242f26242f26242f26242f26242f26242f26242f26242f26242f26242f26242f26242f26242f2
02:12:09.353 [DEBUG] [serial] Sin header 0xAA, descartando 128 bytes: 42f26242f26242f26242f26242f26242
02:12:09.385 [DEBUG] [serial] RX 128 bytes: 6242f26242f26242f26242f26242f26242f26242f26242f26242f26242f26242f26242f26242f26242f26242f26242f26242f26242f26242f26242f26242f26242f26242f26242f26242f26242f26242f26242f26242f26242f26242f26242f26242f26242f26242f26242f26242f26242f26242f26242f26242f26242f26242
02:12:09.385 [DEBUG] [serial] Sin header 0xAA, descartando 128 bytes: 6242f26242f26242f26242f26242f262
02:12:09.417 [DEBUG] [serial] RX 128 bytes: f26242f26242f26242f26242f26242f26242f26242f26242f26242f26242f26242f26242f26242f26242f26242f26242f26242f26242f26242f26242f26242f26242f26242f26242f26242f26242f26242f26242f26242f26242f26242f26242f26242f26242f26242f26242f26242f26242f26242f26242f26242f26242f262
02:12:09.417 [DEBUG] [serial] Sin header 0xAA, descartando 128 bytes: f26242f26242f26242f26242f26242f2
02:12:09.449 [DEBUG] [serial] RX 128 bytes: 42f26242f26242f26242f26242f26242f26242f26242f26242f26242f26242f26242f26242f26242f26242f26242f26242f26242f26242f26242f26242f26242f26242f26242f26242f26242f26242f26242f26242f26242f26242f26242f26242f26242f26242f26242f26242f26242f26242f26242f26242f26242f26242f2
02:12:09.449 [DEBUG] [serial] Sin header 0xAA, descartando 128 bytes: 42f26242f26242f26242f26242f26242
02:12:09.481 [DEBUG] [serial] RX 128 bytes: 6242f26242f26242f26242f26242f26242f26242f26242f26242f26242f26242f26242f26242f26242f26242f26242f26242f26242f26242f26242f26242f26242f26242f26242f26242f26242f26242f26242f26242f26242f26242f26242f26242f26242f26242f26242f26242f26242f26242f26242f26242f26242f26242
02:12:09.481 [DEBUG] [serial] Sin header 0xAA, descartando 128 bytes: 6242f26242f26242f26242f26242f262
02:12:09.513 [DEBUG] [serial] RX 128 bytes: f26242f26242f26242f26242f26242f26242f26242f26242f26242f26242f26242f26242f26242f26242f26242f26242f26242f26242f26242f26242f26242f26242f26242f26242f26242f26242f26242f26242f26242f26242f26242f26242f26242f26242f26242f26242f26242f26242f26242f26242f26242f26242f262
02:12:09.514 [DEBUG] [serial] Sin header 0xAA, descartando 128 bytes: f26242f26242f26242f26242f26242f2
02:12:09.545 [DEBUG] [serial] RX 128 bytes: 42f26242f26242f26242f26242f26242f26242f26242f26242f26242f26242f26242f26242f26242f26242f26242f26242f26242f26242f26242f26242f26242f26242f26242f26242f26242f26242f26242f26242f26242f26242f26242f26242f26242f26242f26242f26242f26242f26242f26242f26242f26242f26242f2
02:12:09.545 [DEBUG] [serial] Sin header 0xAA, descartando 128 bytes: 42f26242f26242f26242f26242f26242
02:12:09.577 [DEBUG] [serial] RX 128 bytes: 6242f26242f26242f26242f26242f26242f26242f26242f26242f26242f26242f26242f26242f26242f26242f26242f26242f26242f26242f26242f26242f26242f26242f26242f26242f26242f26242f26242f26242f26242f26242f26242f26242f26242f26242f26242f26242f26242f26242f26242f26242f26242f26242
02:12:09.577 [DEBUG] [serial] Sin header 0xAA, descartando 128 bytes: 6242f26242f26242f26242f26242f262
02:12:09.609 [DEBUG] [serial] RX 128 bytes: f26242f26242f26242f26242f26242f26242f26242f26242f26242f26242f26242f26242f26242f26242f26242f26242f26242f26242f26242f26242f26242f26242f26242f26242f26242f26242f26242f26242f26242f26242f26242f26242f26242f26242f26242f26242f26242f26242f26242f26242f26242f26242f262
02:12:09.610 [DEBUG] [serial] Sin header 0xAA, descartando 128 bytes: f26242f26242f26242f26242f26242f2
02:12:09.641 [DEBUG] [serial] RX 128 bytes: 42f26242f26242f26242f26242f26242f26242f26242f26242f26242f26242f26242f26242f26242f26242f26242f26242f26242f26242f26242f26242f26242f26242f26242f26242f26242f26242f26242f26242f26242f26242f26242f26242f26242f26242f26242f26242f26242f26242f26242f26242f26242f26242f2
02:12:09.641 [DEBUG] [serial] Sin header 0xAA, descartando 128 bytes: 42f26242f26242f26242f26242f26242
02:12:09.673 [DEBUG] [serial] RX 128 bytes: 6242f26242f26242f26242f26242f26242f26242f26242f26242f26242f26242f26242f26242f26242f26242f26242f26242f26242f26242f26242f26242f26242f26242f26242f26242f26242f26242f26242f26242f26242f26242f26242f26242f26242f26242f26242f26242f26242f26242f26242f26242f26242f26242
02:12:09.674 [DEBUG] [serial] Sin header 0xAA, descartando 128 bytes: 6242f26242f26242f26242f26242f262
02:12:09.706 [DEBUG] [serial] RX 128 bytes: f26242f26242f26242f26242f26242f26242f26242f26242f26242f26242f26242f26242f26242f26242f26242f26242f26242f26242f26242f26242f26242f26242f26242f26242f26242f26242f26242f26242f26242f26242f26242f26242f26242f26242f26242f26242f26242f26242f26242f26242f26242f26242f262
02:12:09.706 [DEBUG] [serial] Sin header 0xAA, descartando 128 bytes: f26242f26242f26242f26242f26242f2
02:12:09.737 [DEBUG] [serial] RX 128 bytes: 42f26242f26242f26242f26242f26242f26242f26242f26242f26242f26242f26242f26242f26242f26242f26242f26242f26242f26242f26242f26242f26242f26242f26242f26242f26242f26242f26242f26242f26242f26242f26242f26242f26242f26242f26242f26242f26242f26242f26242f26242f26242f26242f2
02:12:09.737 [DEBUG] [serial] Sin header 0xAA, descartando 128 bytes: 42f26242f26242f26242f26242f26242
02:12:09.769 [DEBUG] [serial] RX 128 bytes: 6242f26242f26242f26242f26242f26242f26242f26242f26242f26242f26242f26242f26242f26242f26242f26242f26242f26242f26242f26242f26242f26242f26242f26242f26242f26242f26242f26242f26242f26242f26242f26242f26242f26242f26242f26242f26242f26242f26242f26242f26242f26242f26242
02:12:09.770 [DEBUG] [serial] Sin header 0xAA, descartando 128 bytes: 6242f26242f26242f26242f26242f262
02:12:09.802 [DEBUG] [serial] RX 128 bytes: f26242f26242f26242f26242f26242f26242f26242f26242f26242f26242f26242f26242f26242f26242f26242f26242f26242f26242f26242f26242f26242f26242f26242f26242f26242f26242f26242f26242f26242f26242f26242f26242f26242f26242f26242f26242f26242f26242f26242f26242f26242f26242f262
02:12:09.802 [DEBUG] [serial] Sin header 0xAA, descartando 128 bytes: f26242f26242f26242f26242f26242f2
02:12:09.833 [DEBUG] [serial] RX 128 bytes: 42f26242f26242f26242f26242f26242f26242f26242f26242f26242f26242f26242f26242f26242f26242f26242f26242f26242f26242f26242f26242f26242f26242f26242f26242f26242f26242f26242f26242f26242f26242f26242f26242f26242f26242f26242f26242f26242f26242f26242f26242f26242f26242f2
02:12:09.834 [DEBUG] [serial] Sin header 0xAA, descartando 128 bytes: 42f26242f26242f26242f26242f26242
02:12:09.866 [DEBUG] [serial] RX 128 bytes: 6242f26242f26242f26242f26242f26242f26242f26242f26242f26242f26242f26242f26242f26242f26242f26242f26242f26242f26242f26242f26242f26242f26242f26242f26242f26242f26242f26242f26242f26242f26242f26242f26242f26242f26242f26242f26242f26242f26242f26242f26242f26242f26242
02:12:09.866 [DEBUG] [serial] Sin header 0xAA, descartando 128 bytes: 6242f26242f26242f26242f26242f262
02:12:09.898 [DEBUG] [serial] RX 128 bytes: f26242f26242f26242f26242f26242f26242f26242f26242f26242f26242f26242f26242f26242f26242f26242f26242f26242f26242f26242f26242f26242f26242f26242f26242f26242f26242f26242f26242f26242f26242f26242f26242f26242f26242f26242f26242f26242f26242f26242f26242f26242f26242f262
02:12:09.898 [DEBUG] [serial] Sin header 0xAA, descartando 128 bytes: f26242f26242f26242f26242f26242f2
02:12:09.930 [DEBUG] [serial] RX 128 bytes: 42f26242f26242f26242f26242f26242f26242f26242f26242f26242f26242f26242f26242f26242f26242f26242f26242f26242f26242f26242f26242f26242f26242f26242f26242f26242f26242f26242f26242f26242f26242f26242f26242f26242f26242f26242f26242f26242f26242f26242f26242f26242f26242f2
02:12:09.930 [DEBUG] [serial] Sin header 0xAA, descartando 128 bytes: 42f26242f26242f26242f26242f26242
02:12:09.962 [DEBUG] [serial] RX 128 bytes: 6242f26242f26242f26242f26242f26242f26242f26242f26242f26242f26242f26242f26242f26242f26242f26242f26242f26242f26242f26242f26242f26242f26242f26242f26242f26242f26242f26242f26242f26242f26242f26242f26242f26242f26242f26242f26242f26242f26242f26242f26242f26242f26242
02:12:09.962 [DEBUG] [serial] Sin header 0xAA, descartando 128 bytes: 6242f26242f26242f26242f26242f262
02:12:09.994 [DEBUG] [serial] RX 128 bytes: f26242f26242f26242f26242f26242f26242f26242f26242f26242f26242f26242f26242f26242f26242f26242f26242f26242f26242f26242f26242f26242f26242f26242f26242f26242f26242f26242f26242f26242f26242f26242f26242f26242f26242f26242f26242f26242f26242f26242f26242f26242f26242f262
02:12:09.994 [DEBUG] [serial] Sin header 0xAA, descartando 128 bytes: f26242f26242f26242f26242f26242f2
02:12:10.026 [DEBUG] [serial] RX 128 bytes: 42f26242f26242f26242f26242f26242f26242f26242f26242f26242f26242f26242f26242f26242f26242f26242f26242f26242f26242f26242f26242f26242f26242f26242f26242f26242f26242f26242f26242f26242f26242f26242f26242f26242f26242f26242f26242f26242f26242f26242f26242f26242f26242f2
02:12:10.026 [DEBUG] [serial] Sin header 0xAA, descartando 128 bytes: 42f26242f26242f26242f26242f26242
02:12:10.058 [DEBUG] [serial] RX 128 bytes: 6242f26242f26242f26242f26242f26242f26242f26242f26242f26242f26242f26242f26242f26242f26242f26242f26242f26242f26242f26242f26242f26242f26242f26242f26242f26242f26242f26242f26242f26242f26242f26242f26242f26242f26242f26242f26242f26242f26242f26242f26242f26242f26242
02:12:10.059 [DEBUG] [serial] Sin header 0xAA, descartando 128 bytes: 6242f26242f26242f26242f26242f262
02:12:10.081 [INFO] [GUI] Click STOP
02:12:10.081 [INFO] [serial] Encolando TX CMD_STOP: bb05
02:12:10.090 [INFO] [serial] TX CMD_STOP: bb05
02:12:10.091 [DEBUG] [serial] TX OK: 2 bytes escritos
02:12:10.091 [DEBUG] [serial] RX 128 bytes: f26242f26242f26242f26242f26242f26242f26242f26242f26242f26242f26242f26242f26242f26242f26242f26242f26242f26242f26242f26242f26242f26242f26242f26242f26242f26242f26242f26242f26242f26242f26242f26242f26242f26242f26242f26242f26242f26242f26242f26242f26242f26242f262
02:12:10.091 [DEBUG] [serial] Sin header 0xAA, descartando 128 bytes: f26242f26242f26242f26242f26242f2
02:12:10.122 [DEBUG] [serial] RX 128 bytes: 42f26242f26242f26242f26242f26242f26242f26242f26242f26242f26242f26242f26242f26242f26242f26242f26242f26242f26242f26242f26242f26242f26242f26242f26242f26242f26242f26242f26242f26242f26242f26242f26242f26242f26242f26242f26242f26242f26242f26242f26242f26242f26242f2
02:12:10.122 [DEBUG] [serial] Sin header 0xAA, descartando 128 bytes: 42f26242f26242f26242f26242f26242
02:12:10.154 [DEBUG] [serial] RX 128 bytes: 6242f26242f26242f26242f26242f26242f26242f26242f26242f26242f26242f26242f26242f26242f26242f26242f26242f26242f26242f26242f26242f26242f26242f26242f26242f26242f26242f26242f26242f26242f26242f26242f26242f26242f26242f26242f26242f26242f26242f26242f26242f26242f26242
02:12:10.155 [DEBUG] [serial] Sin header 0xAA, descartando 128 bytes: 6242f26242f26242f26242f26242f262
02:12:10.186 [DEBUG] [serial] RX 128 bytes: f26242f26242f26242f26242f26242f26242f26242f26242f26242f26242f26242f26242f26242f26242f26242f26242f26242f26242f26242f26242f26242f26242f26242f26242f26242f26242f26242f26242f26242f26242f26242f26242f26242f26242f26242f26242f26242f26242f26242f26242f26242f26242f262
02:12:10.186 [DEBUG] [serial] Sin header 0xAA, descartando 128 bytes: f26242f26242f26242f26242f26242f2
02:12:10.218 [DEBUG] [serial] RX 128 bytes: 42f26242f26242f26242f26242f26242f26242f26242f26242f26242f26242f26242f26242f26242f26242f26242f26242f26242f26242f26242f26242f26242f26242f26242f26242f26242f26242f26242f26242f26242f26242f26242f26242f26242f26242f26242f26242f26242f26242f26242f26242f26242f26242f2
02:12:10.218 [DEBUG] [serial] Sin header 0xAA, descartando 128 bytes: 42f26242f26242f26242f26242f26242
02:12:10.250 [DEBUG] [serial] RX 128 bytes: 6242f26242f26242f26242f26242f26242f26242f26242f26242f26242f26242f26242f26242f26242f26242f26242f26242f26242f26242f26242f26242f26242f26242f26242f26242f26242f26242f26242f26242f26242f26242f26242f26242f26242f26242f26242f26242f26242f26242f26242f26242f26242f26242
02:12:10.250 [DEBUG] [serial] Sin header 0xAA, descartando 128 bytes: 6242f26242f26242f26242f26242f262
02:12:10.282 [DEBUG] [serial] RX 128 bytes: f26242f26242f26242f26242f26242f26242f26242f26242f26242f26242f26242f26242f26242f26242f26242f26242f26242f26242f26242f26242f26242f26242f26242f26242f26242f26242f26242f26242f26242f26242f26242f26242f26242f26242f26242f26242f26242f26242f26242f26242f26242f26242f262
02:12:10.282 [DEBUG] [serial] Sin header 0xAA, descartando 128 bytes: f26242f26242f26242f26242f26242f2
02:12:10.314 [DEBUG] [serial] RX 128 bytes: 42f26242f26242f26242f26242f26242f26242f26242f26242f26242f26242f26242f26242f26242f26242f26242f26242f26242f26242f26242f26242f26242f26242f26242f26242f26242f26242f26242f26242f26242f26242f26242f26242f26242f26242f26242f26242f26242f26242f26242f26242f26242f26242f2
02:12:10.314 [DEBUG] [serial] Sin header 0xAA, descartando 128 bytes: 42f26242f26242f26242f26242f26242
02:12:10.346 [DEBUG] [serial] RX 128 bytes: 6242f26242f26242f26242f26242f26242f26242f26242f26242f26242f26242f26242f26242f26242f26242f26242f26242f26242f26242f26242f26242f26242f26242f26242f26242f26242f26242f26242f26242f26242f26242f26242f26242f26242f26242f26242f26242f26242f26242f26242f26242f26242f26242
02:12:10.346 [DEBUG] [serial] Sin header 0xAA, descartando 128 bytes: 6242f26242f26242f26242f26242f262
02:12:10.378 [DEBUG] [serial] RX 128 bytes: f26242f26242f26242f26242f26242f26242f26242f26242f26242f26242f26242f26242f26242f26242f26242f26242f26242f26242f26242f26242f26242f26242f26242f26242f26242f26242f26242f26242f26242f26242f26242f26242f26242f26242f26242f26242f26242f26242f26242f26242f26242f26242f262
02:12:10.378 [DEBUG] [serial] Sin header 0xAA, descartando 128 bytes: f26242f26242f26242f26242f26242f2
02:12:10.410 [DEBUG] [serial] RX 128 bytes: 42f26242f26242f26242f26242f26242f26242f26242f26242f26242f26242f26242f26242f26242f26242f26242f26242f26242f26242f26242f26242f26242f26242f26242f26242f26242f26242f26242f26242f26242f26242f26242f26242f26242f26242f26242f26242f26242f26242f26242f26242f26242f26242f2
02:12:10.410 [DEBUG] [serial] Sin header 0xAA, descartando 128 bytes: 42f26242f26242f26242f26242f26242
02:12:10.442 [DEBUG] [serial] RX 128 bytes: 6242f26242f26242f26242f26242f26242f26242f26242f26242f26242f26242f26242f26242f26242f26242f26242f26242f26242f26242f26242f26242f26242f26242f26242f26242f26242f26242f26242f26242f26242f26242f26242f26242f26242f26242f26242f26242f26242f26242f26242f26242f26242f26242
02:12:10.442 [DEBUG] [serial] Sin header 0xAA, descartando 128 bytes: 6242f26242f26242f26242f26242f262
02:12:10.474 [DEBUG] [serial] RX 128 bytes: f26242f26242f26242f26242f26242f26242f26242f26242f26242f26242f26242f26242f26242f26242f26242f26242f26242f26242f26242f26242f26242f26242f26242f26242f26242f26242f26242f26242f26242f26242f26242f26242f26242f26242f26242f26242f26242f26242f26242f26242f26242f26242f262
02:12:10.475 [DEBUG] [serial] Sin header 0xAA, descartando 128 bytes: f26242f26242f26242f26242f26242f2
02:12:10.506 [DEBUG] [serial] RX 128 bytes: 42f26242f26242f26242f26242f26242f26242f26242f26242f26242f26242f26242f26242f26242f26242f26242f26242f26242f26242f26242f26242f26242f26242f26242f26242f26242f26242f26242f26242f26242f26242f26242f26242f26242f26242f26242f26242f26242f26242f26242f26242f26242f26242f2
02:12:10.506 [DEBUG] [serial] Sin header 0xAA, descartando 128 bytes: 42f26242f26242f26242f26242f26242
02:12:10.538 [DEBUG] [serial] RX 128 bytes: 6242f26242f26242f26242f26242f26242f26242f26242f26242f26242f26242f26242f26242f26242f26242f26242f26242f26242f26242f26242f26242f26242f26242f26242f26242f26242f26242f26242f26242f26242f26242f26242f26242f26242f26242f26242f26242f26242f26242f26242f26242f26242f26242
02:12:10.538 [DEBUG] [serial] Sin header 0xAA, descartando 128 bytes: 6242f26242f26242f26242f26242f262
02:12:10.570 [DEBUG] [serial] RX 128 bytes: f26242f26242f26242f26242f26242f26242f26242f26242f26242f26242f26242f26242f26242f26242f26242f26242f26242f26242f26242f26242f26242f26242f26242f26242f26242f26242f26242f26242f26242f26242f26242f26242f26242f26242f26242f26242f26242f26242f26242f26242f26242f26242f262
02:12:10.571 [DEBUG] [serial] Sin header 0xAA, descartando 128 bytes: f26242f26242f26242f26242f26242f2
02:12:10.602 [DEBUG] [serial] RX 128 bytes: 42f26242f26242f26242f26242f26242f26242f26242f26242f26242f26242f26242f26242f26242f26242f26242f26242f26242f26242f26242f26242f26242f26242f26242f26242f26242f26242f26242f26242f26242f26242f26242f26242f26242f26242f26242f26242f26242f26242f26242f26242f26242f26242f2
02:12:10.602 [DEBUG] [serial] Sin header 0xAA, descartando 128 bytes: 42f26242f26242f26242f26242f26242
02:12:10.634 [DEBUG] [serial] RX 128 bytes: 6242f26242f26242f26242f26242f26242f26242f26242f26242f26242f26242f26242f26242f26242f26242f26242f26242f26242f26242f26242f26242f26242f26242f26242f26242f26242f26242f26242f26242f26242f26242f26242f26242f26242f26242f26242f26242f26242f26242f26242f26242f26242f26242
02:12:10.634 [DEBUG] [serial] Sin header 0xAA, descartando 128 bytes: 6242f26242f26242f26242f26242f262
02:12:10.666 [DEBUG] [serial] RX 128 bytes: f26242f26242f26242f26242f26242f26242f26242f26242f26242f26242f26242f26242f26242f26242f26242f26242f26242f26242f26242f26242f26242f26242f26242f26242f26242f26242f26242f26242f26242f26242f26242f26242f26242f26242f26242f26242f26242f26242f26242f26242f26242f26242f262
02:12:10.667 [DEBUG] [serial] Sin header 0xAA, descartando 128 bytes: f26242f26242f26242f26242f26242f2
02:12:10.698 [DEBUG] [serial] RX 128 bytes: 42f26242f26242f26242f26242f26242f26242f26242f26242f26242f26242f26242f26242f26242f26242f26242f26242f26242f26242f26242f26242f26242f26242f26242f26242f26242f26242f26242f26242f26242f26242f26242f26242f26242f26242f26242f26242f26242f26242f26242f26242f26242f26242f2
02:12:10.698 [DEBUG] [serial] Sin header 0xAA, descartando 128 bytes: 42f26242f26242f26242f26242f26242
02:12:10.730 [DEBUG] [serial] RX 128 bytes: 6242f26242f26242f26242f26242f26242f26242f26242f26242f26242f26242f26242f26242f26242f26242f26242f26242f26242f26242f26242f26242f26242f26242f26242f26242f26242f26242f26242f26242f26242f26242f26242f26242f26242f26242f26242f26242f26242f26242f26242f26242f26242f26242
02:12:10.731 [DEBUG] [serial] Sin header 0xAA, descartando 128 bytes: 6242f26242f26242f26242f26242f262
02:12:10.763 [DEBUG] [serial] RX 128 bytes: f26242f26242f26242f26242f26242f26242f26242f26242f26242f26242f26242f26242f26242f26242f26242f26242f26242f26242f26242f26242f26242f26242f26242f26242f26242f26242f26242f26242f26242f26242f26242f26242f26242f26242f26242f26242f26242f26242f26242f26242f26242f26242f262
02:12:10.763 [DEBUG] [serial] Sin header 0xAA, descartando 128 bytes: f26242f26242f26242f26242f26242f2
02:12:10.794 [DEBUG] [serial] RX 128 bytes: 42f26242f26242f26242f26242f26242f26242f26242f26242f26242f26242f26242f26242f26242f26242f26242f26242f26242f26242f26242f26242f26242f26242f26242f26242f26242f26242f26242f26242f26242f26242f26242f26242f26242f26242f26242f26242f26242f26242f26242f26242f26242f26242f2
02:12:10.794 [DEBUG] [serial] Sin header 0xAA, descartando 128 bytes: 42f26242f26242f26242f26242f26242
02:12:10.826 [DEBUG] [serial] RX 128 bytes: 6242f26242f26242f26242f26242f26242f26242f26242f26242f26242f26242f26242f26242f26242f26242f26242f26242f26242f26242f26242f26242f26242f26242f26242f26242f26242f26242f26242f26242f26242f26242f26242f26242f26242f26242f26242f26242f26242f26242f26242f26242f26242f26242
02:12:10.827 [DEBUG] [serial] Sin header 0xAA, descartando 128 bytes: 6242f26242f26242f26242f26242f262
02:12:10.859 [DEBUG] [serial] RX 128 bytes: f26242f26242f26242f26242f26242f26242f26242f26242f26242f26242f26242f26242f26242f26242f26242f26242f26242f26242f26242f26242f26242f26242f26242f26242f26242f26242f26242f26242f26242f26242f26242f26242f26242f26242f26242f26242f26242f26242f26242f26242f26242f26242f262
02:12:10.859 [DEBUG] [serial] Sin header 0xAA, descartando 128 bytes: f26242f26242f26242f26242f26242f2
02:12:10.890 [DEBUG] [serial] RX 128 bytes: 42f26242f26242f26242f26242f26242f26242f26242f26242f26242f26242f26242f26242f26242f26242f26242f26242f26242f26242f26242f26242f26242f26242f26242f26242f26242f26242f26242f26242f26242f26242f26242f26242f26242f26242f26242f26242f26242f26242f26242f26242f26242f26242f2
02:12:10.890 [DEBUG] [serial] Sin header 0xAA, descartando 128 bytes: 42f26242f26242f26242f26242f26242
02:12:10.923 [DEBUG] [serial] RX 128 bytes: 6242f26242f26242f26242f26242f26242f26242f26242f26242f26242f26242f26242f26242f26242f26242f26242f26242f26242f26242f26242f26242f26242f26242f26242f26242f26242f26242f26242f26242f26242f26242f26242f26242f26242f26242f26242f26242f26242f26242f26242f26242f26242f26242
02:12:10.923 [DEBUG] [serial] Sin header 0xAA, descartando 128 bytes: 6242f26242f26242f26242f26242f262
02:12:10.955 [DEBUG] [serial] RX 128 bytes: f26242f26242f26242f26242f26242f26242f26242f26242f26242f26242f26242f26242f26242f26242f26242f26242f26242f26242f26242f26242f26242f26242f26242f26242f26242f26242f26242f26242f26242f26242f26242f26242f26242f26242f26242f26242f26242f26242f26242f26242f26242f26242f262
02:12:10.955 [DEBUG] [serial] Sin header 0xAA, descartando 128 bytes: f26242f26242f26242f26242f26242f2
02:12:10.986 [DEBUG] [serial] RX 128 bytes: 42f26242f26242f26242f26242f26242f26242f26242f26242f26242f26242f26242f26242f26242f26242f26242f26242f26242f26242f26242f26242f26242f26242f26242f26242f26242f26242f26242f26242f26242f26242f26242f26242f26242f26242f26242f26242f26242f26242f26242f26242f26242f26242f2
02:12:10.987 [DEBUG] [serial] Sin header 0xAA, descartando 128 bytes: 42f26242f26242f26242f26242f26242
02:12:11.019 [DEBUG] [serial] RX 128 bytes: 6242f26242f26242f26242f26242f26242f26242f26242f26242f26242f26242f26242f26242f26242f26242f26242f26242f26242f26242f26242f26242f26242f26242f26242f26242f26242f26242f26242f26242f26242f26242f26242f26242f26242f26242f26242f26242f26242f26242f26242f26242f26242f26242
02:12:11.019 [DEBUG] [serial] Sin header 0xAA, descartando 128 bytes: 6242f26242f26242f26242f26242f262
02:12:11.051 [DEBUG] [serial] RX 128 bytes: f26242f26242f26242f26242f26242f26242f26242f26242f26242f26242f26242f26242f26242f26242f26242f26242f26242f26242f26242f26242f26242f26242f26242f26242f26242f26242f26242f26242f26242f26242f26242f26242f26242f26242f26242f26242f26242f26242f26242f26242f26242f26242f262
02:12:11.051 [DEBUG] [serial] Sin header 0xAA, descartando 128 bytes: f26242f26242f26242f26242f26242f2
02:12:11.082 [DEBUG] [serial] RX 128 bytes: 42f26242f26242f26242f26242f26242f26242f26242f26242f26242f26242f26242f26242f26242f26242f26242f26242f26242f26242f26242f26242f26242f26242f26242f26242f26242f26242f26242f26242f26242f26242f26242f26242f26242f26242f26242f26242f26242f26242f26242f26242f26242f26242f2
02:12:11.083 [DEBUG] [serial] Sin header 0xAA, descartando 128 bytes: 42f26242f26242f26242f26242f26242
02:12:11.115 [DEBUG] [serial] RX 128 bytes: 6242f26242f26242f26242f26242f26242f26242f26242f26242f26242f26242f26242f26242f26242f26242f26242f26242f26242f26242f26242f26242f26242f26242f26242f26242f26242f26242f26242f26242f26242f26242f26242f26242f26242f26242f26242f26242f26242f26242f26242f26242f26242f26242
02:12:11.115 [DEBUG] [serial] Sin header 0xAA, descartando 128 bytes: 6242f26242f26242f26242f26242f262
02:12:11.147 [DEBUG] [serial] RX 128 bytes: f26242f26242f26242f26242f26242f26242f26242f26242f26242f26242f26242f26242f26242f26242f26242f26242f26242f26242f26242f26242f26242f26242f26242f26242f26242f26242f26242f26242f26242f26242f26242f26242f26242f26242f26242f26242f26242f26242f26242f26242f26242f26242f262
02:12:11.147 [DEBUG] [serial] Sin header 0xAA, descartando 128 bytes: f26242f26242f26242f26242f26242f2
02:12:11.178 [DEBUG] [serial] RX 128 bytes: 42f26242f26242f26242f26242f26242f26242f26242f26242f26242f26242f26242f26242f26242f26242f26242f26242f26242f26242f26242f26242f26242f26242f26242f26242f26242f26242f26242f26242f26242f26242f26242f26242f26242f26242f26242f26242f26242f26242f26242f26242f26242f26242f2
02:12:11.179 [DEBUG] [serial] Sin header 0xAA, descartando 128 bytes: 42f26242f26242f26242f26242f26242
02:12:11.211 [DEBUG] [serial] RX 128 bytes: 6242f26242f26242f26242f26242f26242f26242f26242f26242f26242f26242f26242f26242f26242f26242f26242f26242f26242f26242f26242f26242f26242f26242f26242f26242f26242f26242f26242f26242f26242f26242f26242f26242f26242f26242f26242f26242f26242f26242f26242f26242f26242f26242
02:12:11.211 [DEBUG] [serial] Sin header 0xAA, descartando 128 bytes: 6242f26242f26242f26242f26242f262
02:12:11.243 [DEBUG] [serial] RX 128 bytes: f26242f26242f26242f26242f26242f26242f26242f26242f26242f26242f26242f26242f26242f26242f26242f26242f26242f26242f26242f26242f26242f26242f26242f26242f26242f26242f26242f26242f26242f26242f26242f26242f26242f26242f26242f26242f26242f26242f26242f26242f26242f26242f262
02:12:11.243 [DEBUG] [serial] Sin header 0xAA, descartando 128 bytes: f26242f26242f26242f26242f26242f2
02:12:11.275 [DEBUG] [serial] RX 128 bytes: 42f26242f26242f26242f26242f26242f26242f26242f26242f26242f26242f26242f26242f26242f26242f26242f26242f26242f26242f26242f26242f26242f26242f26242f26242f26242f26242f26242f26242f26242f26242f26242f26242f26242f26242f26242f26242f26242f26242f26242f26242f26242f26242f2
02:12:11.275 [DEBUG] [serial] Sin header 0xAA, descartando 128 bytes: 42f26242f26242f26242f26242f26242
02:12:11.307 [DEBUG] [serial] RX 128 bytes: 6242f26242f26242f26242f26242f26242f26242f26242f26242f26242f26242f26242f26242f26242f26242f26242f26242f26242f26242f26242f26242f26242f26242f26242f26242f26242f26242f26242f26242f26242f26242f26242f26242f26242f26242f26242f26242f26242f26242f26242f26242f26242f26242
02:12:11.307 [DEBUG] [serial] Sin header 0xAA, descartando 128 bytes: 6242f26242f26242f26242f26242f262
02:12:11.339 [DEBUG] [serial] RX 128 bytes: f26242f26242f26242f26242f26242f26242f26242f26242f26242f26242f26242f26242f26242f26242f26242f26242f26242f26242f26242f26242f26242f26242f26242f26242f26242f26242f26242f26242f26242f26242f26242f26242f26242f26242f26242f26242f26242f26242f26242f26242f26242f26242f262
02:12:11.339 [DEBUG] [serial] Sin header 0xAA, descartando 128 bytes: f26242f26242f26242f26242f26242f2
02:12:11.371 [DEBUG] [serial] RX 128 bytes: 42f26242f26242f26242f26242f26242f26242f26242f26242f26242f26242f26242f26242f26242f26242f26242f26242f26242f26242f26242f26242f26242f26242f26242f26242f26242f26242f26242f26242f26242f26242f26242f26242f26242f26242f26242f26242f26242f26242f26242f26242f26242f26242f2
02:12:11.371 [DEBUG] [serial] Sin header 0xAA, descartando 128 bytes: 42f26242f26242f26242f26242f26242
02:12:11.403 [DEBUG] [serial] RX 128 bytes: 6242f26242f26242f26242f26242f26242f26242f26242f26242f26242f26242f26242f26242f26242f26242f26242f26242f26242f26242f26242f26242f26242f26242f26242f26242f26242f26242f26242f26242f26242f26242f26242f26242f26242f26242f26242f26242f26242f26242f26242f26242f26242f26242
02:12:11.403 [DEBUG] [serial] Sin header 0xAA, descartando 128 bytes: 6242f26242f26242f26242f26242f262
02:12:11.435 [DEBUG] [serial] RX 128 bytes: f26242f26242f26242f26242f26242f26242f26242f26242f26242f26242f26242f26242f26242f26242f26242f26242f26242f26242f26242f26242f26242f26242f26242f26242f26242f26242f26242f26242f26242f26242f26242f26242f26242f26242f26242f26242f26242f26242f26242f26242f26242f26242f262
02:12:11.435 [DEBUG] [serial] Sin header 0xAA, descartando 128 bytes: f26242f26242f26242f26242f26242f2
02:12:11.467 [DEBUG] [serial] RX 128 bytes: 42f26242f26242f26242f26242f26242f26242f26242f26242f26242f26242f26242f26242f26242f26242f26242f26242f26242f26242f26242f26242f26242f26242f26242f26242f26242f26242f26242f26242f26242f26242f26242f26242f26242f26242f26242f26242f26242f26242f26242f26242f26242f26242f2
02:12:11.467 [DEBUG] [serial] Sin header 0xAA, descartando 128 bytes: 42f26242f26242f26242f26242f26242
02:12:11.499 [INFO] [GUI] Cerrando ventana...
02:12:11.499 [INFO] [serial] Encolando TX CMD_STOP (close): bb05
02:12:11.499 [INFO] [serial] Solicitando parada del worker...
02:12:11.499 [INFO] [serial] TX CMD_STOP (close): bb05
02:12:11.499 [DEBUG] [serial] TX OK: 2 bytes escritos
02:12:11.499 [DEBUG] [serial] RX 128 bytes: 6242f26242f26242f26242f26242f26242f26242f26242f26242f26242f26242f26242f26242f26242f26242f26242f26242f26242f26242f26242f26242f26242f26242f26242f26242f26242f26242f26242f26242f26242f26242f26242f26242f26242f26242f26242f26242f26242f26242f26242f26242f26242f26242
02:12:11.499 [DEBUG] [serial] Sin header 0xAA, descartando 128 bytes: 6242f26242f26242f26242f26242f262
02:12:11.500 [INFO] [serial] Loop de lectura terminado.
02:12:11.500 [INFO] [serial] Puerto cerrado.
02:12:11.500 [INFO] [GUI] Worker terminado, cerrando.
02:12:11.508 [INFO] [GUI] app.exec_() retorno con codigo 0
