05:20:02.336 [INFO] Log file: C:\Github\Tesis\src\python\geophone_scope - Copy\logs\scope_min_20260420_052002.log
05:20:02.337 [INFO] ============================================================
05:20:02.337 [INFO] scope_min.py arrancando
05:20:02.337 [INFO] ============================================================
05:20:02.337 [INFO] [USB] Buscando dispositivo Cypress (VID=0x04B4)...
05:20:02.344 [INFO] [USB] Puertos encontrados: 1
05:20:02.344 [INFO] [USB]   COM7 | VID=0x04b4 | PID=0xf139 | desc=KitProg USB-UART (COM7)
05:20:02.344 [INFO] [USB] -> Cypress encontrado en COM7
05:20:02.344 [INFO] Usando puerto: COM7
05:20:02.356 [INFO] [GUI] Iniciando ScopeWindow, puerto=COM7
05:20:02.356 [INFO] [GUI] Construyendo UI...
05:20:02.531 [INFO] [GUI] UI construida OK
05:20:02.531 [INFO] [GUI] Creando SerialWorker para COM7
05:20:02.532 [INFO] [serial] Abriendo puerto COM7 ...
05:20:02.532 [INFO] [GUI] SerialWorker iniciado
05:20:02.532 [INFO] [GUI] Timer de refresh iniciado (80ms)
05:20:02.533 [INFO] [GUI] ScopeWindow lista
05:20:02.735 [INFO] [GUI] app.exec_() — entrando en event loop Qt
05:20:02.735 [INFO] [serial] Puerto abierto (intento 1): Serial<id=0x25c3e8b4040, open=True>(port='COM7', baudrate=9600, bytesize=8, parity='N', stopbits=1, timeout=0.1, xonxoff=False, rtscts=False, dsrdtr=False)
05:20:02.736 [INFO] [serial] Entrando en loop de lectura...
05:20:07.237 [INFO] [GUI] Freq cambiada a 1.0 Hz (freq_dh=10)
05:20:07.237 [INFO] [serial] Encolando TX CMD_FREQ freq=1.0Hz dh=10: bb03000a
05:20:07.304 [INFO] [serial] TX CMD_FREQ freq=1.0Hz dh=10: bb03000a
05:20:07.304 [DEBUG] [serial] TX OK: 4 bytes escritos
05:20:07.322 [INFO] [GUI] Click START
05:20:07.322 [INFO] [serial] Encolando TX CMD_START: bb04
05:20:07.411 [INFO] [serial] TX CMD_START: bb04
05:20:07.412 [DEBUG] [serial] TX OK: 2 bytes escritos
05:20:17.322 [INFO] [GUI] Cerrando ventana...
05:20:17.322 [INFO] [serial] Solicitando parada del worker...
05:20:17.430 [INFO] [serial] Loop de lectura terminado.
05:20:17.430 [INFO] [serial] Puerto cerrado.
05:20:17.431 [INFO] [GUI] Worker terminado, cerrando.
05:20:17.445 [INFO] [GUI] app.exec_() retorno con codigo 0
