01:24:56.185 [INFO] Log file: C:\Github\Tesis\src\python\geophone_scope - Copy\logs\scope_min_20260420_012456.log
01:24:56.185 [INFO] ============================================================
01:24:56.185 [INFO] scope_min.py arrancando
01:24:56.186 [INFO] ============================================================
01:24:56.186 [INFO] Puerto forzado por argumento: COM5
01:24:56.186 [INFO] Usando puerto: COM5
01:24:56.197 [INFO] [GUI] Iniciando ScopeWindow, puerto=COM5
01:24:56.197 [INFO] [GUI] Construyendo UI...
01:24:56.364 [INFO] [GUI] UI construida OK
01:24:56.364 [INFO] [GUI] Creando SerialWorker para COM5
01:24:56.364 [INFO] [serial] Abriendo puerto COM5 ...
01:24:56.364 [INFO] [GUI] SerialWorker iniciado
01:24:56.365 [ERROR] [serial] ERROR abriendo COM5: could not open port 'COM5': FileNotFoundError(2, 'The system cannot find the file specified.', None, 2)
01:24:56.365 [INFO] [GUI] Timer de refresh iniciado (80ms)
01:24:56.365 [INFO] [GUI] ScopeWindow lista
01:24:56.565 [INFO] [GUI] app.exec_() — entrando en event loop Qt
01:24:59.194 [INFO] [GUI] Click START
01:24:59.194 [WARNING] [serial] TX ignorado (puerto no abierto): CMD_START
01:25:01.060 [INFO] [GUI] Click MuxIn -> 1
01:25:01.060 [WARNING] [serial] TX ignorado (puerto no abierto): CMD_MUX_IN sel=1
01:25:11.885 [INFO] [GUI] Cerrando ventana...
01:25:11.885 [WARNING] [serial] TX ignorado (puerto no abierto): CMD_STOP (close)
01:25:11.885 [INFO] [serial] Solicitando parada del worker...
01:25:11.885 [INFO] [GUI] Worker terminado, cerrando.
01:25:11.891 [INFO] [GUI] app.exec_() retorno con codigo 0
