06:20:25.534 [INFO] ============================================================
06:20:25.534 [INFO] scope_min.py iniciando
06:20:25.534 [INFO] ============================================================
06:20:25.535 [INFO] [USB] Buscando dispositivo Cypress (VID=0x04B4)...
06:20:25.542 [INFO] [USB]   COM7 VID=0x04b4 — KitProg USB-UART (COM7)
06:20:25.542 [INFO] [USB] Encontrado: COM7
06:20:25.733 [INFO] [GUI] ScopeWindow lista, puerto=COM7
06:20:25.929 [INFO] [serial] Puerto abierto en intento 1: COM7
06:20:25.930 [INFO] [serial] Entrando en loop de lectura
06:20:40.619 [INFO] [GUI] Freq → 150.0 Hz, bytes=bb0305dc
06:20:40.637 [INFO] [serial] TX CMD_FREQ 150.0Hz (dh=1500): bb0305dc
06:20:45.202 [INFO] [GUI] Freq → 1.0 Hz, bytes=bb03000a
06:20:45.310 [INFO] [serial] TX CMD_FREQ 1.0Hz (dh=10): bb03000a
06:20:58.715 [INFO] [GUI] Freq → 10.0 Hz, bytes=bb030064
06:20:58.807 [INFO] [serial] TX CMD_FREQ 10.0Hz (dh=100): bb030064
06:21:04.458 [INFO] [GUI] Freq → 300.0 Hz, bytes=bb030bb8
06:21:04.472 [INFO] [serial] TX CMD_FREQ 300.0Hz (dh=3000): bb030bb8
06:21:18.567 [INFO] [GUI] Cerrando...
06:21:18.647 [INFO] [serial] Loop terminado
06:21:18.648 [INFO] [serial] Puerto cerrado
06:21:18.648 [INFO] [GUI] Worker terminado
