02:14:36.768 [INFO] Log file: C:\Github\Tesis\src\python\geophone_scope - Copy\logs\scope_min_20260420_021436.log
02:14:36.768 [INFO] ============================================================
02:14:36.768 [INFO] scope_min.py arrancando
02:14:36.768 [INFO] ============================================================
02:14:36.769 [INFO] [USB] Buscando dispositivo Cypress (VID=0x04B4)...
02:14:36.774 [INFO] [USB] Puertos encontrados: 1
02:14:36.774 [INFO] [USB]   COM7 | VID=0x04b4 | PID=0xf139 | desc=KitProg USB-UART (COM7)
02:14:36.775 [INFO] [USB] -> Cypress encontrado en COM7
02:14:36.775 [INFO] Usando puerto: COM7
02:14:36.786 [INFO] [GUI] Iniciando ScopeWindow, puerto=COM7
02:14:36.786 [INFO] [GUI] Construyendo UI...
02:14:36.960 [INFO] [GUI] UI construida OK
02:14:36.960 [INFO] [GUI] Creando SerialWorker para COM7
02:14:36.961 [INFO] [serial] Abriendo puerto COM7 ...
02:14:36.961 [INFO] [GUI] SerialWorker iniciado
02:14:36.961 [INFO] [GUI] Timer de refresh iniciado (80ms)
02:14:36.961 [INFO] [GUI] ScopeWindow lista
02:14:37.130 [INFO] [serial] Puerto abierto: Serial<id=0x2b2ff44ad70, open=True>(port='COM7', baudrate=9600, bytesize=8, parity='N', stopbits=1, timeout=0.1, xonxoff=False, rtscts=False, dsrdtr=False)
02:14:37.150 [INFO] [serial] Entrando en loop de lectura...
02:14:37.151 [INFO] [GUI] app.exec_() — entrando en event loop Qt
02:14:37.260 [DEBUG] [serial] RX 124 bytes: f800000000000000aa00f800000000000000aa00f800000000000000aa00f800000000000000aa00f800000000000000aa00f800000000000000aa00f800000000000000aa00f800000000000000aa00f800000000000000aa00f800000000000000aa00f800000000000000aa00f800000000000000aa00f8000000
02:14:37.260 [DEBUG] [serial] Descartando 8 bytes antes de 0xAA
02:14:37.260 [DEBUG] [serial] PKT #1: flags=0x00 in=-2048 ds=0 flt=0
02:14:37.261 [DEBUG] [serial] PKT #2: flags=0x00 in=-2048 ds=0 flt=0
02:14:37.261 [DEBUG] [serial] PKT #3: flags=0x00 in=-2048 ds=0 flt=0
02:14:37.261 [DEBUG] [serial] PKT #4: flags=0x00 in=-2048 ds=0 flt=0
02:14:37.261 [DEBUG] [serial] PKT #5: flags=0x00 in=-2048 ds=0 flt=0
02:14:37.369 [DEBUG] [serial] RX 103 bytes: 00000000aa00f800000000000000aa00f800000000000000aa00f800000000000000aa00f800000000000000aa00f800000000000000aa00f800000000000000aa00f800000000000000aa00f800000000000000aa00f800000000000000aa00f8000000000000
02:14:37.476 [DEBUG] [serial] RX 102 bytes: 00aa00f800000000000000aa00f800000000000000aa00f800000000000000aa00f800000000000000aa00f800000000000000aa00f800000000000000aa00f800000000000000aa00f800000000000000aa00f800000000000000aa00f800000000000000aa
02:14:37.584 [DEBUG] [serial] RX 103 bytes: 00f800000000000000aa00f800000000000000aa00f800000000000000aa00f800000000000000aa00f800000000000000aa00f800000000000000aa00f800000000000000aa00f800000000000000aa00f800000000000000aa00f800000000000000aa00f800
02:14:37.694 [DEBUG] [serial] RX 105 bytes: 000000000000aa00f800000000000000aa00f800000000000000aa00f800000000000000aa00f800000000000000aa00f800000000000000aa00f800000000000000aa00f800000000000000aa00f800000000000000aa00f800000000000000aa00f8000000000000
02:14:37.803 [DEBUG] [serial] RX 103 bytes: 00aa00f800000000000000aa00f800000000000000aa00f800000000000000aa00f800000000000000aa00f800000000000000aa00f800000000000000aa00f800000000000000aa00f800000000000000aa00f800000000000000aa00f800000000000000aa00
02:14:37.911 [DEBUG] [serial] RX 103 bytes: f800000000000000aa00f800000000000000aa00f800000000000000aa00f800000000000000aa00f800000000000000aa00f800000000000000aa00f800000000000000aa00f800000000000000aa00f800000000000000aa00f800000000000000aa00f80000
02:14:38.021 [DEBUG] [serial] RX 105 bytes: 0000000000aa00f800000000000000aa00f800000000000000aa00f800000000000000aa00f800000000000000aa00f800000000000000aa00f800000000000000aa00f800000000000000aa00f800000000000000aa00f800000000000000aa00f800000000000000
02:14:38.130 [DEBUG] [serial] RX 104 bytes: aa00f800000000000000aa00f800000000000000aa00f800000000000000aa00f800000000000000aa00f800000000000000aa00f800000000000000aa00f800000000000000aa00f800000000000000aa00f800000000000000aa00f800000000000000aa00f800
02:14:38.239 [DEBUG] [serial] RX 104 bytes: 000000000000aa00f800000000000000aa00f800000000000000aa00f800000000000000aa00f800000000000000aa00f800000000000000aa00f800000000000000aa00f800000000000000aa00f800000000000000aa00f800000000000000aa00f80000000000
02:14:38.349 [DEBUG] [serial] RX 104 bytes: 0000aa00f800000000000000aa00f800000000000000aa00f800000000000000aa00f800000000000000aa00f800000000000000aa00f800000000000000aa00f800000000000000aa00f800000000000000aa00f800000000000000aa00f800000000000000aa00
02:14:38.456 [DEBUG] [serial] RX 102 bytes: f800000000000000aa00f800000000000000aa00f800000000000000aa00f800000000000000aa00f800000000000000aa00f800000000000000aa00f800000000000000aa00f800000000000000aa00f800000000000000aa00f800000000000000aa00f800
02:14:38.566 [DEBUG] [serial] RX 105 bytes: 000000000000aa00f800000000000000aa00f800000000000000aa00f800000000000000aa00f800000000000000aa00f800000000000000aa00f800000000000000aa00f800000000000000aa00f800000000000000aa00f800000000000000aa00f8000000000000
02:14:38.675 [DEBUG] [serial] RX 103 bytes: 00aa00f800000000000000aa00f800000000000000aa00f800000000000000aa00f800000000000000aa00f800000000000000aa00f800000000000000aa00f800000000000000aa00f800000000000000aa00f800000000000000aa00f800000000000000aa00
02:14:38.784 [DEBUG] [serial] RX 104 bytes: f800000000000000aa00f800000000000000aa00f800000000000000aa00f800000000000000aa00f800000000000000aa00f800000000000000aa00f800000000000000aa00f800000000000000aa00f800000000000000aa00f800000000000000aa00f8000000
02:14:38.892 [DEBUG] [serial] RX 103 bytes: 00000000aa00f800000000000000aa00f800000000000000aa00f800000000000000aa00f800000000000000aa00f800000000000000aa00f800000000000000aa00f800000000000000aa00f800000000000000aa00f800000000000000aa00f8000000000000
02:14:39.000 [DEBUG] [serial] RX 103 bytes: 00aa00f800000000000000aa00f800000000000000aa00f800000000000000aa00f800000000000000aa00f800000000000000aa00f800000000000000aa00f800000000000000aa00f800000000000000aa00f800000000000000aa00f800000000000000aa00
02:14:39.110 [DEBUG] [serial] RX 104 bytes: f800000000000000aa00f800000000000000aa00f800000000000000aa00f800000000000000aa00f800000000000000aa00f800000000000000aa00f800000000000000aa00f800000000000000aa00f800000000000000aa00f800000000000000aa00f8000000
02:14:39.219 [DEBUG] [serial] RX 104 bytes: 00000000aa00f800000000000000aa00f800000000000000aa00f800000000000000aa00f800000000000000aa00f800000000000000aa00f800000000000000aa00f800000000000000aa00f800000000000000aa00f800000000000000aa00f800000000000000
02:14:39.329 [DEBUG] [serial] RX 104 bytes: aa00f800000000000000aa00f800000000000000aa00f800000000000000aa00f800000000000000aa00f800000000000000aa00f800000000000000aa00f800000000000000aa00f800000000000000aa00f800000000000000aa00f800000000000000aa00f800
02:14:39.438 [DEBUG] [serial] RX 104 bytes: 000000000000aa00f800000000000000aa00f800000000000000aa00f800000000000000aa00f800000000000000aa00f800000000000000aa00f800000000000000aa00f800000000000000aa00f800000000000000aa00f800000000000000aa00f80000000000
02:14:39.547 [DEBUG] [serial] RX 104 bytes: 0000aa00f800000000000000aa00f800000000000000aa00f800000000000000aa00f800000000000000aa00f800000000000000aa00f800000000000000aa00f800000000000000aa00f800000000000000aa00f800000000000000aa00f800000000000000aa00
02:14:39.656 [DEBUG] [serial] RX 104 bytes: f800000000000000aa00f800000000000000aa00f800000000000000aa00f800000000000000aa00f800000000000000aa00f800000000000000aa00f800000000000000aa00f800000000000000aa00f800000000000000aa00f800000000000000aa00f8000000
02:14:39.765 [DEBUG] [serial] RX 104 bytes: 00000000aa00f800000000000000aa00f800000000000000aa00f800000000000000aa00f800000000000000aa00f800000000000000aa00f800000000000000aa00f800000000000000aa00f800000000000000aa00f800000000000000aa00f800000000000000
02:14:39.874 [DEBUG] [serial] RX 103 bytes: aa00f800000000000000aa00f800000000000000aa00f800000000000000aa00f800000000000000aa00f800000000000000aa00f800000000000000aa00f800000000000000aa00f800000000000000aa00f800000000000000aa00f800000000000000aa00f8
02:14:39.984 [DEBUG] [serial] RX 105 bytes: 00000000000000aa00f800000000000000aa00f800000000000000aa00f800000000000000aa00f800000000000000aa00f800000000000000aa00f800000000000000aa00f800000000000000aa00f800000000000000aa00f800000000000000aa00f80000000000
02:14:40.091 [DEBUG] [serial] RX 102 bytes: 0000aa00f800000000000000aa00f800000000000000aa00f800000000000000aa00f800000000000000aa00f800000000000000aa00f800000000000000aa00f800000000000000aa00f800000000000000aa00f800000000000000aa00f800000000000000
02:14:40.200 [DEBUG] [serial] RX 103 bytes: aa00f800000000000000aa00f800000000000000aa00f800000000000000aa00f800000000000000aa00f800000000000000aa00f800000000000000aa00f800000000000000aa00f800000000000000aa00f800000000000000aa00f800000000000000aa00f8
02:14:40.309 [DEBUG] [serial] RX 104 bytes: 00000000000000aa00f800000000000000aa00f800000000000000aa00f800000000000000aa00f800000000000000aa00f800000000000000aa00f800000000000000aa00f800000000000000aa00f800000000000000aa00f800000000000000aa00f800000000
02:14:40.418 [DEBUG] [serial] RX 104 bytes: 000000aa00f800000000000000aa00f800000000000000aa00f800000000000000aa00f800000000000000aa00f800000000000000aa00f800000000000000aa00f800000000000000aa00f800000000000000aa00f800000000000000aa00f800000000000000aa
02:14:40.528 [DEBUG] [serial] RX 105 bytes: 00f800000000000000aa00f800000000000000aa00f800000000000000aa00f800000000000000aa00f800000000000000aa00f800000000000000aa00f800000000000000aa00f800000000000000aa00f800000000000000aa00f800000000000000aa00f8000000
02:14:40.637 [DEBUG] [serial] RX 103 bytes: 00000000aa00f800000000000000aa00f800000000000000aa00f800000000000000aa00f800000000000000aa00f800000000000000aa00f800000000000000aa00f800000000000000aa00f800000000000000aa00f800000000000000aa00f8000000000000
02:14:40.745 [DEBUG] [serial] RX 103 bytes: 00aa00f800000000000000aa00f800000000000000aa00f800000000000000aa00f800000000000000aa00f800000000000000aa00f800000000000000aa00f800000000000000aa00f800000000000000aa00f800000000000000aa00f800000000000000aa00
02:14:40.854 [DEBUG] [serial] RX 104 bytes: f800000000000000aa00f800000000000000aa00f800000000000000aa00f800000000000000aa00f800000000000000aa00f800000000000000aa00f800000000000000aa00f800000000000000aa00f800000000000000aa00f800000000000000aa00f8000000
02:14:40.963 [DEBUG] [serial] RX 104 bytes: 00000000aa00f800000000000000aa00f800000000000000aa00f800000000000000aa00f800000000000000aa00f800000000000000aa00f800000000000000aa00f800000000000000aa00f800000000000000aa00f800000000000000aa00f800000000000000
02:14:41.072 [DEBUG] [serial] RX 104 bytes: aa00f800000000000000aa00f800000000000000aa00f800000000000000aa00f800000000000000aa00f800000000000000aa00f800000000000000aa00f800000000000000aa00f800000000000000aa00f800000000000000aa00f800000000000000aa00f800
02:14:41.181 [DEBUG] [serial] RX 103 bytes: 000000000000aa00f800000000000000aa00f800000000000000aa00f800000000000000aa00f800000000000000aa00f800000000000000aa00f800000000000000aa00f800000000000000aa00f800000000000000aa00f800000000000000aa00f800000000
02:14:41.216 [INFO] [GUI] Click START
02:14:41.216 [INFO] [serial] Encolando TX CMD_START: bb04
02:14:41.291 [INFO] [serial] TX CMD_START: bb04
02:14:41.291 [DEBUG] [serial] TX OK: 2 bytes escritos
02:14:41.291 [DEBUG] [serial] RX 104 bytes: 000000aa00f800000000000000aa00f800000000000000aa00f800000000000000aa00f800000000000000aa00f800000000000000aa00f800000000000000aa00f800000000000000aa00f800000000000000aa00f800000000000000aa00f800000000000000aa
02:14:41.400 [DEBUG] [serial] RX 104 bytes: 00f800000000000000aa00f800000000000000aa00f800000000000000aa00f800000000000000aa00f800000000000000aa00f800000000000000aa00f800000000000000aa00f800000000000000aa00f800000000000000aa00f800000000000000aa00f80000
02:14:41.509 [DEBUG] [serial] RX 104 bytes: 0000000000aa00f800000000000000aa00f800000000000000aa00f800000000000000aa00f800000000000000aa00f800000000000000aa00f800000000000000aa00f800000000000000aa00f800000000000000aa00f800000000000000aa00f8000000000000
02:14:41.618 [DEBUG] [serial] RX 104 bytes: 00aa00f800000000000000aa00f800000000000000aa00f800000000000000aa00f800000000000000aa00f800000000000000aa00f800000000000000aa00f800000000000000aa00f800000000000000aa00f800000000000000aa00f800000000000000aa00f8
02:14:41.727 [DEBUG] [serial] RX 103 bytes: 00000000000000aa00f800000000000000aa00f800000000000000aa00f800000000000000aa00f800000000000000aa00f800000000000000aa00f800000000000000aa00f800000000000000aa00f800000000000000aa00f800000000000000aa00f8000000
02:14:41.835 [DEBUG] [serial] RX 103 bytes: 00000000aa00f800000000000000aa00f800000000000000aa00f800000000000000aa00f800000000000000aa00f800000000000000aa00f800000000000000aa00f800000000000000aa00f800000000000000aa00f800000000000000aa00f8000000000000
02:14:41.943 [DEBUG] [serial] RX 103 bytes: 00aa00f800000000000000aa00f800000000000000aa00f800000000000000aa00f800000000000000aa00f800000000000000aa00f800000000000000aa00f800000000000000aa00f800000000000000aa00f800000000000000aa00f800000000000000aa00
02:14:42.052 [DEBUG] [serial] RX 104 bytes: f800000000000000aa00f800000000000000aa00f800000000000000aa00f800000000000000aa00f800000000000000aa00f800000000000000aa00f800000000000000aa00f800000000000000aa00f800000000000000aa00f800000000000000aa00f8000000
02:14:42.053 [INFO] [serial] Stats: 467 pkts, 4684 bytes rx
02:14:42.162 [DEBUG] [serial] RX 104 bytes: 00000000aa00f800000000000000aa00f800000000000000aa00f800000000000000aa00f800000000000000aa00f800000000000000aa00f800000000000000aa00f800000000000000aa00f800000000000000aa00f800000000000000aa00f800000000000000
02:14:42.270 [DEBUG] [serial] RX 103 bytes: aa00f800000000000000aa00f800000000000000aa00f800000000000000aa00f800000000000000aa00f800000000000000aa00f800000000000000aa00f800000000000000aa00f800000000000000aa00f800000000000000aa00f800000000000000aa00f8
02:14:42.379 [DEBUG] [serial] RX 104 bytes: 00000000000000aa00f800000000000000aa00f800000000000000aa00f800000000000000aa00f800000000000000aa00f800000000000000aa00f800000000000000aa00f800000000000000aa00f800000000000000aa00f800000000000000aa00f800000000
02:14:42.487 [DEBUG] [serial] RX 103 bytes: 000000aa00f800000000000000aa00f800000000000000aa00f800000000000000aa00f800000000000000aa00f800000000000000aa00f800000000000000aa00f800000000000000aa00f800000000000000aa00f800000000000000aa00f800000000000000
02:14:42.487 [DEBUG] [serial] PKT #500: flags=0x00 in=-2048 ds=0 flt=0
02:14:42.596 [DEBUG] [serial] RX 103 bytes: aa00f800000000000000aa00f800000000000000aa00f800000000000000aa00f800000000000000aa00f800000000000000aa00f800000000000000aa00f800000000000000aa00f800000000000000aa00f800000000000000aa00f800000000000000aa00f8
02:14:42.706 [DEBUG] [serial] RX 105 bytes: 00000000000000aa00f800000000000000aa00f800000000000000aa00f800000000000000aa00f800000000000000aa00f800000000000000aa00f800000000000000aa00f800000000000000aa00f800000000000000aa00f800000000000000aa00f80000000000
02:14:42.814 [DEBUG] [serial] RX 103 bytes: 0000aa00f800000000000000aa00f800000000000000aa00f800000000000000aa00f800000000000000aa00f800000000000000aa00f800000000000000aa00f800000000000000aa00f800000000000000aa00f800000000000000aa00f800000000000000aa
02:14:42.924 [DEBUG] [serial] RX 105 bytes: 00f800000000000000aa00f800000000000000aa00f800000000000000aa00f800000000000000aa00f800000000000000aa00f800000000000000aa00f800000000000000aa00f800000000000000aa00f800000000000000aa00f800000000000000aa00f8000000
02:14:43.033 [DEBUG] [serial] RX 103 bytes: 00000000aa00f800000000000000aa00f800000000000000aa00f800000000000000aa00f800000000000000aa00f800000000000000aa00f800000000000000aa00f800000000000000aa00f800000000000000aa00f800000000000000aa00f8000000000000
02:14:43.141 [DEBUG] [serial] RX 103 bytes: 00aa00f800000000000000aa00f800000000000000aa00f800000000000000aa00f800000000000000aa00f800000000000000aa00f800000000000000aa00f800000000000000aa00f800000000000000aa00f800000000000000aa00f800000000000000aa00
02:14:43.250 [DEBUG] [serial] RX 104 bytes: f800000000000000aa00f800000000000000aa00f800000000000000aa00f800000000000000aa00f800000000000000aa00f800000000000000aa00f800000000000000aa00f800000000000000aa00f800000000000000aa00f800000000000000aa00f8000000
02:14:43.262 [INFO] [GUI] Click MuxIn -> 1
02:14:43.262 [INFO] [serial] Encolando TX CMD_MUX_IN sel=1: bb0101
02:14:43.360 [INFO] [serial] TX CMD_MUX_IN sel=1: bb0101
02:14:43.360 [DEBUG] [serial] TX OK: 3 bytes escritos
02:14:43.360 [DEBUG] [serial] RX 104 bytes: 00000000aa00f800000000000000aa00f800000000000000aa00f800000000000000aa00f800000000000000aa00f800000000000000aa00f800000000000000aa00f800000000000000aa00f800000000000000aa00f800000000000000aa00f800000000000000
02:14:43.469 [DEBUG] [serial] RX 104 bytes: aa00f800000000000000aa00f800000000000000aa00f800000000000000aa00f800000000000000aa00f800000000000000aa00f800000000000000aa00f800000000000000aa00f800000000000000aa00f800000000000000aa00f800000000000000aa00f800
02:14:43.579 [DEBUG] [serial] RX 105 bytes: 000000000000aa00f800000000000000aa00f800000000000000aa00f800000000000000aa00f800000000000000aa00f800000000000000aa00f800000000000000aa00f800000000000000aa00f800000000000000aa00f800000000000000aa00f8000000000000
02:14:43.687 [DEBUG] [serial] RX 103 bytes: 00aa00f800000000000000aa00f800000000000000aa00f800000000000000aa00f800000000000000aa00f800000000000000aa00f800000000000000aa00f800000000000000aa00f800000000000000aa00f800000000000000aa00f800000000000000aa00
02:14:43.795 [DEBUG] [serial] RX 103 bytes: f800000000000000aa00f800000000000000aa00f800000000000000aa00f800000000000000aa00f800000000000000aa00f800000000000000aa00f800000000000000aa00f800000000000000aa00f800000000000000aa00f800000000000000aa00f80000
02:14:43.904 [DEBUG] [serial] RX 103 bytes: 0000000000aa00f800000000000000aa00f800000000000000aa00f800000000000000aa00f800000000000000aa00f800000000000000aa00f800000000000000aa00f800000000000000aa00f800000000000000aa00f800000000000000aa00f80000000000
02:14:44.013 [DEBUG] [serial] RX 104 bytes: 0000aa00f800000000000000aa00f800000000000000aa00f800000000000000aa00f800000000000000aa00f800000000000000aa00f800000000000000aa00f800000000000000aa00f800000000000000aa00f800000000000000aa00f800000000000000aa00
02:14:44.122 [DEBUG] [serial] RX 104 bytes: f800000000000000aa00f800000000000000aa00f800000000000000aa00f800000000000000aa00f800000000000000aa00f800000000000000aa00f800000000000000aa00f800000000000000aa00f800000000000000aa00f800000000000000aa00f8000000
02:14:44.230 [DEBUG] [serial] RX 103 bytes: 00000000aa00f800000000000000aa00f800000000000000aa00f800000000000000aa00f800000000000000aa00f800000000000000aa00f800000000000000aa00f800000000000000aa00f800000000000000aa00f800000000000000aa00f8000000000000
02:14:44.339 [DEBUG] [serial] RX 103 bytes: 00aa00f800000000000000aa00f800000000000000aa00f800000000000000aa00f800000000000000aa00f800000000000000aa00f800000000000000aa00f800000000000000aa00f800000000000000aa00f800000000000000aa00f800000000000000aa00
02:14:44.448 [DEBUG] [serial] RX 104 bytes: f800000000000000aa00f800000000000000aa00f800000000000000aa00f800000000000000aa00f800000000000000aa00f800000000000000aa00f800000000000000aa00f800000000000000aa00f800000000000000aa00f800000000000000aa00f8000000
02:14:44.557 [DEBUG] [serial] RX 103 bytes: 00000000aa00f800000000000000aa00f800000000000000aa00f800000000000000aa00f800000000000000aa00f800000000000000aa00f800000000000000aa00f800000000000000aa00f800000000000000aa00f800000000000000aa00f8000000000000
02:14:44.666 [DEBUG] [serial] RX 104 bytes: 00aa00f800000000000000aa00f800000000000000aa00f800000000000000aa00f800000000000000aa00f800000000000000aa00f800000000000000aa00f800000000000000aa00f800000000000000aa00f800000000000000aa00f800000000000000aa00f8
02:14:44.779 [DEBUG] [serial] RX 108 bytes: 00000000000000aa00f800000000000000aa00f800000000000000aa00f800000000000000aa00f800000000000000aa00f800000000000000aa00f800000000000000aa00f800000000000000aa00f800000000000000aa00f800000000000000aa00f800000000000000aa
02:14:44.888 [DEBUG] [serial] RX 104 bytes: 00f800000000000000aa00f800000000000000aa00f800000000000000aa00f800000000000000aa00f800000000000000aa00f800000000000000aa00f800000000000000aa00f800000000000000aa00f800000000000000aa00f800000000000000aa00f80000
02:14:44.997 [DEBUG] [serial] RX 103 bytes: 0000000000aa00f800000000000000aa00f800000000000000aa00f800000000000000aa00f800000000000000aa00f800000000000000aa00f800000000000000aa00f800000000000000aa00f800000000000000aa00f800000000000000aa00f80000000000
02:14:45.105 [DEBUG] [serial] RX 103 bytes: 0000aa00f800000000000000aa00f800000000000000aa00f800000000000000aa00f800000000000000aa00f800000000000000aa00f800000000000000aa00f800000000000000aa00f800000000000000aa00f800000000000000aa00f800000000000000aa
02:14:45.213 [DEBUG] [serial] RX 103 bytes: 00f800000000000000aa00f800000000000000aa00f800000000000000aa00f800000000000000aa00f800000000000000aa00f800000000000000aa00f800000000000000aa00f800000000000000aa00f800000000000000aa00f800000000000000aa00f800
02:14:45.323 [DEBUG] [serial] RX 105 bytes: 000000000000aa00f800000000000000aa00f800000000000000aa00f800000000000000aa00f800000000000000aa00f800000000000000aa00f800000000000000aa00f800000000000000aa00f800000000000000aa00f800000000000000aa00f8000000000000
02:14:45.432 [DEBUG] [serial] RX 103 bytes: 00aa00f800000000000000aa00f800000000000000aa00f800000000000000aa00f800000000000000aa00f800000000000000aa00f800000000000000aa00f800000000000000aa00f800000000000000aa00f800000000000000aa00f800000000000000aa00
02:14:45.542 [DEBUG] [serial] RX 105 bytes: f800000000000000aa00f800000000000000aa00f800000000000000aa00f800000000000000aa00f800000000000000aa00f800000000000000aa00f800000000000000aa00f800000000000000aa00f800000000000000aa00f800000000000000aa00f800000000
02:14:45.650 [DEBUG] [serial] RX 102 bytes: 000000aa00f800000000000000aa00f800000000000000aa00f800000000000000aa00f800000000000000aa00f800000000000000aa00f800000000000000aa00f800000000000000aa00f800000000000000aa00f800000000000000aa00f8000000000000
02:14:45.759 [DEBUG] [serial] RX 104 bytes: 00aa00f800000000000000aa00f800000000000000aa00f800000000000000aa00f800000000000000aa00f800000000000000aa00f800000000000000aa00f800000000000000aa00f800000000000000aa00f800000000000000aa00f800000000000000aa00f8
02:14:45.869 [DEBUG] [serial] RX 106 bytes: 00000000000000aa00f800000000000000aa00f800000000000000aa00f800000000000000aa00f800000000000000aa00f800000000000000aa00f800000000000000aa00f800000000000000aa00f800000000000000aa00f800000000000000aa00f8000000000000
02:14:45.979 [DEBUG] [serial] RX 104 bytes: 00aa00f800000000000000aa00f800000000000000aa00f800000000000000aa00f800000000000000aa00f800000000000000aa00f800000000000000aa00f800000000000000aa00f800000000000000aa00f800000000000000aa00f800000000000000aa00f8
02:14:46.089 [DEBUG] [serial] RX 104 bytes: 00000000000000aa00f800000000000000aa00f800000000000000aa00f800000000000000aa00f800000000000000aa00f800000000000000aa00f800000000000000aa00f800000000000000aa00f800000000000000aa00f800000000000000aa00f800000000
02:14:46.198 [DEBUG] [serial] RX 104 bytes: 000000aa00f800000000000000aa00f800000000000000aa00f800000000000000aa00f800000000000000aa00f800000000000000aa00f800000000000000aa00f800000000000000aa00f800000000000000aa00f800000000000000aa00f800000000000000aa
02:14:46.308 [DEBUG] [serial] RX 105 bytes: 00f800000000000000aa00f800000000000000aa00f800000000000000aa00f800000000000000aa00f800000000000000aa00f800000000000000aa00f800000000000000aa00f800000000000000aa00f800000000000000aa00f800000000000000aa00f8000000
02:14:46.416 [DEBUG] [serial] RX 103 bytes: 00000000aa00f800000000000000aa00f800000000000000aa00f800000000000000aa00f800000000000000aa00f800000000000000aa00f800000000000000aa00f800000000000000aa00f800000000000000aa00f800000000000000aa00f8000000000000
02:14:46.525 [DEBUG] [serial] RX 103 bytes: 00aa00f800000000000000aa00f800000000000000aa00f800000000000000aa00f800000000000000aa00f800000000000000aa00f800000000000000aa00f800000000000000aa00f800000000000000aa00f800000000000000aa00f800000000000000aa00
02:14:46.634 [DEBUG] [serial] RX 104 bytes: f800000000000000aa00f800000000000000aa00f800000000000000aa00f800000000000000aa00f800000000000000aa00f800000000000000aa00f800000000000000aa00f800000000000000aa00f800000000000000aa00f800000000000000aa00f8000000
02:14:46.744 [DEBUG] [serial] RX 105 bytes: 00000000aa00f800000000000000aa00f800000000000000aa00f800000000000000aa00f800000000000000aa00f800000000000000aa00f800000000000000aa00f800000000000000aa00f800000000000000aa00f800000000000000aa00f800000000000000aa
02:14:46.852 [DEBUG] [serial] RX 102 bytes: 00f800000000000000aa00f800000000000000aa00f800000000000000aa00f800000000000000aa00f800000000000000aa00f800000000000000aa00f800000000000000aa00f800000000000000aa00f800000000000000aa00f800000000000000aa00f8
02:14:46.960 [DEBUG] [serial] RX 103 bytes: 00000000000000aa00f800000000000000aa00f800000000000000aa00f800000000000000aa00f800000000000000aa00f800000000000000aa00f800000000000000aa00f800000000000000aa00f800000000000000aa00f800000000000000aa00f8000000
02:14:47.067 [DEBUG] [serial] RX 102 bytes: 00000000aa00f800000000000000aa00f800000000000000aa00f800000000000000aa00f800000000000000aa00f800000000000000aa00f800000000000000aa00f800000000000000aa00f800000000000000aa00f800000000000000aa00f80000000000
02:14:47.067 [INFO] [serial] Stats: 944 pkts, 9456 bytes rx
02:14:47.176 [DEBUG] [serial] RX 104 bytes: 0000aa00f800000000000000aa00f800000000000000aa00f800000000000000aa00f800000000000000aa00f800000000000000aa00f800000000000000aa00f800000000000000aa00f800000000000000aa00f800000000000000aa00f800000000000000aa00
02:14:47.284 [DEBUG] [serial] RX 103 bytes: f800000000000000aa00f800000000000000aa00f800000000000000aa00f800000000000000aa00f800000000000000aa00f800000000000000aa00f800000000000000aa00f800000000000000aa00f800000000000000aa00f800000000000000aa00f80000
02:14:47.392 [DEBUG] [serial] RX 102 bytes: 0000000000aa00f800000000000000aa00f800000000000000aa00f800000000000000aa00f800000000000000aa00f800000000000000aa00f800000000000000aa00f800000000000000aa00f800000000000000aa00f800000000000000aa00f800000000
02:14:47.500 [DEBUG] [serial] RX 103 bytes: 000000aa00f800000000000000aa00f800000000000000aa00f800000000000000aa00f800000000000000aa00f800000000000000aa00f800000000000000aa00f800000000000000aa00f800000000000000aa00f800000000000000aa00f800000000000000
02:14:47.609 [DEBUG] [serial] RX 104 bytes: aa00f800000000000000aa00f800000000000000aa00f800000000000000aa00f800000000000000aa00f800000000000000aa00f800000000000000aa00f800000000000000aa00f800000000000000aa00f800000000000000aa00f800000000000000aa00f800
02:14:47.719 [DEBUG] [serial] RX 104 bytes: 000000000000aa00f800000000000000aa00f800000000000000aa00f800000000000000aa00f800000000000000aa00f800000000000000aa00f800000000000000aa00f800000000000000aa00f800000000000000aa00f800000000000000aa00f80000000000
02:14:47.719 [DEBUG] [serial] PKT #1000: flags=0x00 in=-2048 ds=0 flt=0
02:14:47.787 [INFO] [GUI] Click STOP
02:14:47.787 [INFO] [serial] Encolando TX CMD_STOP: bb05
02:14:47.829 [INFO] [serial] TX CMD_STOP: bb05
02:14:47.830 [DEBUG] [serial] TX OK: 2 bytes escritos
02:14:47.830 [DEBUG] [serial] RX 105 bytes: 0000aa00f800000000000000aa00f800000000000000aa00f800000000000000aa00f800000000000000aa00f800000000000000aa00f800000000000000aa00f800000000000000aa00f800000000000000aa00f800000000000000aa00f800000000000000aa00f8
02:14:47.938 [DEBUG] [serial] RX 104 bytes: 00000000000000aa00f800000000000000aa00f800000000000000aa00f800000000000000aa00f800000000000000aa00f800000000000000aa00f800000000000000aa00f800000000000000aa00f800000000000000aa00f800000000000000aa00f800000000
02:14:48.047 [DEBUG] [serial] RX 104 bytes: 000000aa00f800000000000000aa00f800000000000000aa00f800000000000000aa00f800000000000000aa00f800000000000000aa00f800000000000000aa00f800000000000000aa00f800000000000000aa00f800000000000000aa00f800000000000000aa
02:14:48.154 [DEBUG] [serial] RX 102 bytes: 00f800000000000000aa00f800000000000000aa00f800000000000000aa00f800000000000000aa00f800000000000000aa00f800000000000000aa00f800000000000000aa00f800000000000000aa00f800000000000000aa00f800000000000000aa00f8
02:14:48.263 [DEBUG] [serial] RX 104 bytes: 00000000000000aa00f800000000000000aa00f800000000000000aa00f800000000000000aa00f800000000000000aa00f800000000000000aa00f800000000000000aa00f800000000000000aa00f800000000000000aa00f800000000000000aa00f800000000
02:14:48.373 [DEBUG] [serial] RX 104 bytes: 000000aa00f800000000000000aa00f800000000000000aa00f800000000000000aa00f800000000000000aa00f800000000000000aa00f800000000000000aa00f800000000000000aa00f800000000000000aa00f800000000000000aa00f800000000000000aa
02:14:48.483 [DEBUG] [serial] RX 105 bytes: 00f800000000000000aa00f800000000000000aa00f800000000000000aa00f800000000000000aa00f800000000000000aa00f800000000000000aa00f800000000000000aa00f800000000000000aa00f800000000000000aa00f800000000000000aa00f8000000
02:14:48.590 [DEBUG] [serial] RX 101 bytes: 00000000aa00f800000000000000aa00f800000000000000aa00f800000000000000aa00f800000000000000aa00f800000000000000aa00f800000000000000aa00f800000000000000aa00f800000000000000aa00f800000000000000aa00f800000000
02:14:48.698 [DEBUG] [serial] RX 103 bytes: 000000aa00f800000000000000aa00f800000000000000aa00f800000000000000aa00f800000000000000aa00f800000000000000aa00f800000000000000aa00f800000000000000aa00f800000000000000aa00f800000000000000aa00f800000000000000
02:14:48.806 [DEBUG] [serial] RX 103 bytes: aa00f800000000000000aa00f800000000000000aa00f800000000000000aa00f800000000000000aa00f800000000000000aa00f800000000000000aa00f800000000000000aa00f800000000000000aa00f800000000000000aa00f800000000000000aa00f8
02:14:48.914 [DEBUG] [serial] RX 103 bytes: 00000000000000aa00f800000000000000aa00f800000000000000aa00f800000000000000aa00f800000000000000aa00f800000000000000aa00f800000000000000aa00f800000000000000aa00f800000000000000aa00f800000000000000aa00f8000000
02:14:49.023 [DEBUG] [serial] RX 104 bytes: 00000000aa00f800000000000000aa00f800000000000000aa00f800000000000000aa00f800000000000000aa00f800000000000000aa00f800000000000000aa00f800000000000000aa00f800000000000000aa00f800000000000000aa00f800000000000000
02:14:49.133 [DEBUG] [serial] RX 105 bytes: aa00f800000000000000aa00f800000000000000aa00f800000000000000aa00f800000000000000aa00f800000000000000aa00f800000000000000aa00f800000000000000aa00f800000000000000aa00f800000000000000aa00f800000000000000aa00f80000
02:14:49.240 [DEBUG] [serial] RX 101 bytes: 0000000000aa00f800000000000000aa00f800000000000000aa00f800000000000000aa00f800000000000000aa00f800000000000000aa00f800000000000000aa00f800000000000000aa00f800000000000000aa00f800000000000000aa00f8000000
02:14:49.349 [DEBUG] [serial] RX 104 bytes: 00000000aa00f800000000000000aa00f800000000000000aa00f800000000000000aa00f800000000000000aa00f800000000000000aa00f800000000000000aa00f800000000000000aa00f800000000000000aa00f800000000000000aa00f800000000000000
02:14:49.459 [DEBUG] [serial] RX 104 bytes: aa00f800000000000000aa00f800000000000000aa00f800000000000000aa00f800000000000000aa00f800000000000000aa00f800000000000000aa00f800000000000000aa00f800000000000000aa00f800000000000000aa00f800000000000000aa00f800
02:14:49.567 [INFO] [GUI] Cerrando ventana...
02:14:49.567 [INFO] [serial] Encolando TX CMD_STOP (close): bb05
02:14:49.567 [INFO] [serial] Solicitando parada del worker...
02:14:49.568 [INFO] [serial] TX CMD_STOP (close): bb05
02:14:49.568 [DEBUG] [serial] TX OK: 2 bytes escritos
02:14:49.569 [DEBUG] [serial] RX 104 bytes: 000000000000aa00f800000000000000aa00f800000000000000aa00f800000000000000aa00f800000000000000aa00f800000000000000aa00f800000000000000aa00f800000000000000aa00f800000000000000aa00f800000000000000aa00f80000000000
02:14:49.569 [INFO] [serial] Loop de lectura terminado.
02:14:49.569 [INFO] [serial] Puerto cerrado.
02:14:49.570 [INFO] [GUI] Worker terminado, cerrando.
02:14:49.576 [INFO] [GUI] app.exec_() retorno con codigo 0
