01:24:24.364 [INFO] Log file: C:\Github\Tesis\src\python\geophone_scope - Copy\logs\scope_min_20260420_012424.log
01:24:24.365 [INFO] ============================================================
01:24:24.365 [INFO] scope_min.py arrancando
01:24:24.365 [INFO] ============================================================
01:24:24.365 [INFO] Puerto forzado por argumento: COM5
01:24:24.365 [INFO] Usando puerto: COM5
01:24:24.377 [INFO] [GUI] Iniciando ScopeWindow, puerto=COM5
01:24:24.377 [INFO] [GUI] Construyendo UI...
01:24:24.545 [INFO] [GUI] UI construida OK
01:24:24.546 [INFO] [GUI] Creando SerialWorker para COM5
01:24:24.546 [INFO] [serial] Abriendo puerto COM5 ...
01:24:24.546 [INFO] [GUI] SerialWorker iniciado
01:24:24.546 [ERROR] [serial] ERROR abriendo COM5: could not open port 'COM5': FileNotFoundError(2, 'The system cannot find the file specified.', None, 2)
01:24:24.547 [INFO] [GUI] Timer de refresh iniciado (80ms)
01:24:24.547 [INFO] [GUI] ScopeWindow lista
01:24:24.744 [INFO] [GUI] app.exec_() — entrando en event loop Qt
01:24:26.922 [INFO] [GUI] Click MuxIn -> 1
01:24:26.922 [WARNING] [serial] TX ignorado (puerto no abierto): CMD_MUX_IN sel=1
01:24:27.961 [INFO] [GUI] Click START
01:24:27.962 [WARNING] [serial] TX ignorado (puerto no abierto): CMD_START
01:24:52.535 [INFO] [GUI] Cerrando ventana...
01:24:52.535 [WARNING] [serial] TX ignorado (puerto no abierto): CMD_STOP (close)
01:24:52.535 [INFO] [serial] Solicitando parada del worker...
01:24:52.535 [INFO] [GUI] Worker terminado, cerrando.
01:24:52.539 [INFO] [GUI] app.exec_() retorno con codigo 0
