02:13:53.943 [INFO] Log file: C:\Github\Tesis\src\python\geophone_scope - Copy\logs\scope_min_20260420_021353.log
02:13:53.943 [INFO] ============================================================
02:13:53.943 [INFO] scope_min.py arrancando
02:13:53.943 [INFO] ============================================================
02:13:53.943 [INFO] [USB] Buscando dispositivo Cypress (VID=0x04B4)...
02:13:53.950 [INFO] [USB] Puertos encontrados: 1
02:13:53.950 [INFO] [USB]   COM7 | VID=0x04b4 | PID=0xf139 | desc=KitProg USB-UART (COM7)
02:13:53.950 [INFO] [USB] -> Cypress encontrado en COM7
02:13:53.950 [INFO] Usando puerto: COM7
02:13:53.963 [INFO] [GUI] Iniciando ScopeWindow, puerto=COM7
02:13:53.964 [INFO] [GUI] Construyendo UI...
02:13:54.140 [INFO] [GUI] UI construida OK
02:13:54.140 [INFO] [GUI] Creando SerialWorker para COM7
02:13:54.140 [INFO] [serial] Abriendo puerto COM7 ...
02:13:54.140 [INFO] [GUI] SerialWorker iniciado
02:13:54.141 [INFO] [GUI] Timer de refresh iniciado (80ms)
02:13:54.141 [INFO] [GUI] ScopeWindow lista
02:13:54.335 [INFO] [GUI] app.exec_() — entrando en event loop Qt
02:13:54.335 [INFO] [serial] Puerto abierto: Serial<id=0x20e7269ad70, open=True>(port='COM7', baudrate=230400, bytesize=8, parity='N', stopbits=1, timeout=0.1, xonxoff=False, rtscts=False, dsrdtr=False)
02:13:54.336 [INFO] [serial] Entrando en loop de lectura...
02:13:54.354 [DEBUG] [serial] RX 128 bytes: 00f8f800000000000000000000f8f800000000000000000000f8f800000000000000000000f8f800000000000000000000f8f800000000000000000000f8f800000000000000000000f8f800000000000000000000f8f800000000000000000000f8f800000000000000000000f8f800000000000000000000f8f80000000000
02:13:54.354 [DEBUG] [serial] Sin header 0xAA, descartando 128 bytes: 00f8f800000000000000000000f8f800
02:13:54.379 [DEBUG] [serial] RX 128 bytes: 0000000000f8f800000000000000000000f8f800000000000000000000f8f800000000000000000000f8f800000000000000000000f8f800000000000000000000f8f800000000000000000000f8f800000000000000000000f8f800000000000000000000f8f800000000000000000000f8f800000000000000000000f8f800
02:13:54.385 [DEBUG] [serial] Sin header 0xAA, descartando 128 bytes: 0000000000f8f8000000000000000000
02:13:54.393 [DEBUG] [serial] RX 128 bytes: 000000000000000000f8f800000000000000000000f8f800000000000000000000f8f800000000000000000000f8f800000000000000000000f8f800000000000000000000f8f800000000000000000000f8f800000000000000000000f8f800000000000000000000f8f800000000000000000000f8f8000000000000000000
02:13:54.394 [DEBUG] [serial] Sin header 0xAA, descartando 128 bytes: 000000000000000000f8f80000000000
02:13:54.410 [DEBUG] [serial] RX 128 bytes: 00f8f800000000000000000000f8f800000000000000000000f8f800000000000000000000f8f800000000000000000000f8f800000000000000000000f8f800000000000000000000f8f800000000000000000000f8f800000000000000000000f8f800000000000000000000f8f800000000000000000000f8f80000000000
02:13:54.413 [DEBUG] [serial] Sin header 0xAA, descartando 128 bytes: 00f8f800000000000000000000f8f800
02:13:54.428 [DEBUG] [serial] RX 128 bytes: 0000000000f8f800000000000000000000f8f800000000000000000000f8f800000000000000000000f8f800000000000000000000f8f800000000000000000000f8f800000000000000000000f8f800000000000000000000f8f800000000000000000000f8f800000000000000000000f8f800000000000000000000f8f800
02:13:54.428 [DEBUG] [serial] Sin header 0xAA, descartando 128 bytes: 0000000000f8f8000000000000000000
02:13:54.447 [DEBUG] [serial] RX 128 bytes: 000000000000000000f8f800000000000000000000f8f800000000000000000000f8f800000000000000000000f8f800000000000000000000f8f800000000000000000000f8f800000000000000000000f8f800000000000000000000f8f800000000000000000000f8f800000000000000000000f8f8000000000000000000
02:13:54.447 [DEBUG] [serial] Sin header 0xAA, descartando 128 bytes: 000000000000000000f8f80000000000
02:13:54.465 [DEBUG] [serial] RX 128 bytes: 00f8f800000000000000000000f8f800000000000000000000f8f800000000000000000000f8f800000000000000000000f8f800000000000000000000f8f800000000000000000000f8f800000000000000000000f8f800000000000000000000f8f800000000000000000000f8f800000000000000000000f8f80000000000
02:13:54.466 [DEBUG] [serial] Sin header 0xAA, descartando 128 bytes: 00f8f800000000000000000000f8f800
02:13:54.484 [DEBUG] [serial] RX 128 bytes: 0000000000f8f800000000000000000000f8f800000000000000000000f8f800000000000000000000f8f800000000000000000000f8f800000000000000000000f8f800000000000000000000f8f800000000000000000000f8f800000000000000000000f8f800000000000000000000f8f800000000000000000000f8f800
02:13:54.484 [DEBUG] [serial] Sin header 0xAA, descartando 128 bytes: 0000000000f8f8000000000000000000
02:13:54.503 [DEBUG] [serial] RX 128 bytes: 000000000000000000f8f800000000000000000000f8f800000000000000000000f8f800000000000000000000f8f800000000000000000000f8f800000000000000000000f8f800000000000000000000f8f800000000000000000000f8f800000000000000000000f8f800000000000000000000f8f8000000000000000000
02:13:54.503 [DEBUG] [serial] Sin header 0xAA, descartando 128 bytes: 000000000000000000f8f80000000000
02:13:54.521 [DEBUG] [serial] RX 128 bytes: 00f8f800000000000000000000f8f800000000000000000000f8f800000000000000000000f8f800000000000000000000f8f800000000000000000000f8f800000000000000000000f8f800000000000000000000f8f800000000000000000000f8f800000000000000000000f8f800000000000000000000f8f80000000000
02:13:54.522 [DEBUG] [serial] Sin header 0xAA, descartando 128 bytes: 00f8f800000000000000000000f8f800
02:13:54.540 [DEBUG] [serial] RX 128 bytes: 0000000000f8f800000000000000000000f8f800000000000000000000f8f800000000000000000000f8f800000000000000000000f8f800000000000000000000f8f800000000000000000000f8f800000000000000000000f8f800000000000000000000f8f800000000000000000000f8f800000000000000000000f8f800
02:13:54.540 [DEBUG] [serial] Sin header 0xAA, descartando 128 bytes: 0000000000f8f8000000000000000000
02:13:54.559 [DEBUG] [serial] RX 128 bytes: 000000000000000000f8f800000000000000000000f8f800000000000000000000f8f800000000000000000000f8f800000000000000000000f8f800000000000000000000f8f800000000000000000000f8f800000000000000000000f8f800000000000000000000f8f800000000000000000000f8f8000000000000000000
02:13:54.559 [DEBUG] [serial] Sin header 0xAA, descartando 128 bytes: 000000000000000000f8f80000000000
02:13:54.577 [DEBUG] [serial] RX 128 bytes: 00f8f800000000000000000000f8f800000000000000000000f8f800000000000000000000f8f800000000000000000000f8f800000000000000000000f8f800000000000000000000f8f800000000000000000000f8f800000000000000000000f8f800000000000000000000f8f800000000000000000000f8f80000000000
02:13:54.577 [DEBUG] [serial] Sin header 0xAA, descartando 128 bytes: 00f8f800000000000000000000f8f800
02:13:54.596 [DEBUG] [serial] RX 128 bytes: 0000000000f8f800000000000000000000f8f800000000000000000000f8f800000000000000000000f8f800000000000000000000f8f800000000000000000000f8f800000000000000000000f8f800000000000000000000f8f800000000000000000000f8f800000000000000000000f8f800000000000000000000f8f800
02:13:54.596 [DEBUG] [serial] Sin header 0xAA, descartando 128 bytes: 0000000000f8f8000000000000000000
02:13:54.615 [DEBUG] [serial] RX 128 bytes: 000000000000000000f8f800000000000000000000f8f800000000000000000000f8f800000000000000000000f8f800000000000000000000f8f800000000000000000000f8f800000000000000000000f8f800000000000000000000f8f800000000000000000000f8f800000000000000000000f8f8000000000000000000
02:13:54.615 [DEBUG] [serial] Sin header 0xAA, descartando 128 bytes: 000000000000000000f8f80000000000
02:13:54.633 [DEBUG] [serial] RX 128 bytes: 00f8f800000000000000000000f8f800000000000000000000f8f800000000000000000000f8f800000000000000000000f8f800000000000000000000f8f800000000000000000000f8f800000000000000000000f8f800000000000000000000f8f800000000000000000000f8f800000000000000000000f8f80000000000
02:13:54.633 [DEBUG] [serial] Sin header 0xAA, descartando 128 bytes: 00f8f800000000000000000000f8f800
02:13:54.652 [DEBUG] [serial] RX 128 bytes: 0000000000f8f800000000000000000000f8f800000000000000000000f8f800000000000000000000f8f800000000000000000000f8f800000000000000000000f8f800000000000000000000f8f800000000000000000000f8f800000000000000000000f8f800000000000000000000f8f800000000000000000000f8f800
02:13:54.652 [DEBUG] [serial] Sin header 0xAA, descartando 128 bytes: 0000000000f8f8000000000000000000
02:13:54.670 [DEBUG] [serial] RX 128 bytes: 000000000000000000f8f800000000000000000000f8f800000000000000000000f8f800000000000000000000f8f800000000000000000000f8f800000000000000000000f8f800000000000000000000f8f800000000000000000000f8f800000000000000000000f8f800000000000000000000f8f8000000000000000000
02:13:54.671 [DEBUG] [serial] Sin header 0xAA, descartando 128 bytes: 000000000000000000f8f80000000000
02:13:54.689 [DEBUG] [serial] RX 128 bytes: 00f8f800000000000000000000f8f800000000000000000000f8f800000000000000000000f8f800000000000000000000f8f800000000000000000000f8f800000000000000000000f8f800000000000000000000f8f800000000000000000000f8f800000000000000000000f8f800000000000000000000f8f80000000000
02:13:54.689 [DEBUG] [serial] Sin header 0xAA, descartando 128 bytes: 00f8f800000000000000000000f8f800
02:13:54.707 [DEBUG] [serial] RX 128 bytes: 0000000000f8f800000000000000000000f8f800000000000000000000f8f800000000000000000000f8f800000000000000000000f8f800000000000000000000f8f800000000000000000000f8f800000000000000000000f8f800000000000000000000f8f800000000000000000000f8f800000000000000000000f8f800
02:13:54.708 [DEBUG] [serial] Sin header 0xAA, descartando 128 bytes: 0000000000f8f8000000000000000000
02:13:54.726 [DEBUG] [serial] RX 128 bytes: 000000000000000000f8f800000000000000000000f8f800000000000000000000f8f800000000000000000000f8f800000000000000000000f8f800000000000000000000f8f800000000000000000000f8f800000000000000000000f8f800000000000000000000f8f800000000000000000000f8f8000000000000000000
02:13:54.727 [DEBUG] [serial] Sin header 0xAA, descartando 128 bytes: 000000000000000000f8f80000000000
02:13:54.745 [DEBUG] [serial] RX 128 bytes: 00f8f800000000000000000000f8f800000000000000000000f8f800000000000000000000f8f800000000000000000000f8f800000000000000000000f8f800000000000000000000f8f800000000000000000000f8f800000000000000000000f8f800000000000000000000f8f800000000000000000000f8f80000000000
02:13:54.745 [DEBUG] [serial] Sin header 0xAA, descartando 128 bytes: 00f8f800000000000000000000f8f800
02:13:54.763 [DEBUG] [serial] RX 128 bytes: 0000000000f8f800000000000000000000f8f800000000000000000000f8f800000000000000000000f8f800000000000000000000f8f800000000000000000000f8f800000000000000000000f8f800000000000000000000f8f800000000000000000000f8f800000000000000000000f8f800000000000000000000f8f800
02:13:54.764 [DEBUG] [serial] Sin header 0xAA, descartando 128 bytes: 0000000000f8f8000000000000000000
02:13:54.782 [DEBUG] [serial] RX 128 bytes: 000000000000000000f8f800000000000000000000f8f800000000000000000000f8f800000000000000000000f8f800000000000000000000f8f800000000000000000000f8f800000000000000000000f8f800000000000000000000f8f800000000000000000000f8f800000000000000000000f8f8000000000000000000
02:13:54.782 [DEBUG] [serial] Sin header 0xAA, descartando 128 bytes: 000000000000000000f8f80000000000
02:13:54.801 [DEBUG] [serial] RX 128 bytes: 00f8f800000000000000000000f8f800000000000000000000f8f800000000000000000000f8f800000000000000000000f8f800000000000000000000f8f800000000000000000000f8f800000000000000000000f8f800000000000000000000f8f800000000000000000000f8f800000000000000000000f8f80000000000
02:13:54.801 [DEBUG] [serial] Sin header 0xAA, descartando 128 bytes: 00f8f800000000000000000000f8f800
02:13:54.819 [DEBUG] [serial] RX 128 bytes: 0000000000f8f800000000000000000000f8f800000000000000000000f8f800000000000000000000f8f800000000000000000000f8f800000000000000000000f8f800000000000000000000f8f800000000000000000000f8f800000000000000000000f8f800000000000000000000f8f800000000000000000000f8f800
02:13:54.819 [DEBUG] [serial] Sin header 0xAA, descartando 128 bytes: 0000000000f8f8000000000000000000
02:13:54.838 [DEBUG] [serial] RX 128 bytes: 000000000000000000f8f800000000000000000000f8f800000000000000000000f8f800000000000000000000f8f800000000000000000000f8f800000000000000000000f8f800000000000000000000f8f800000000000000000000f8f800000000000000000000f8f800000000000000000000f8f8000000000000000000
02:13:54.838 [DEBUG] [serial] Sin header 0xAA, descartando 128 bytes: 000000000000000000f8f80000000000
02:13:54.857 [DEBUG] [serial] RX 128 bytes: 00f8f800000000000000000000f8f800000000000000000000f8f800000000000000000000f8f800000000000000000000f8f800000000000000000000f8f800000000000000000000f8f800000000000000000000f8f800000000000000000000f8f800000000000000000000f8f800000000000000000000f8f80000000000
02:13:54.857 [DEBUG] [serial] Sin header 0xAA, descartando 128 bytes: 00f8f800000000000000000000f8f800
02:13:54.875 [DEBUG] [serial] RX 128 bytes: 0000000000f8f800000000000000000000f8f800000000000000000000f8f800000000000000000000f8f800000000000000000000f8f800000000000000000000f8f800000000000000000000f8f800000000000000000000f8f800000000000000000000f8f800000000000000000000f8f800000000000000000000f8f800
02:13:54.875 [DEBUG] [serial] Sin header 0xAA, descartando 128 bytes: 0000000000f8f8000000000000000000
02:13:54.894 [DEBUG] [serial] RX 128 bytes: 000000000000000000f8f800000000000000000000f8f800000000000000000000f8f800000000000000000000f8f800000000000000000000f8f800000000000000000000f8f800000000000000000000f8f800000000000000000000f8f800000000000000000000f8f800000000000000000000f8f8000000000000000000
02:13:54.894 [DEBUG] [serial] Sin header 0xAA, descartando 128 bytes: 000000000000000000f8f80000000000
02:13:54.912 [DEBUG] [serial] RX 128 bytes: 00f8f800000000000000000000f8f800000000000000000000f8f800000000000000000000f8f800000000000000000000f8f800000000000000000000f8f800000000000000000000f8f800000000000000000000f8f800000000000000000000f8f800000000000000000000f8f800000000000000000000f8f80000000000
02:13:54.913 [DEBUG] [serial] Sin header 0xAA, descartando 128 bytes: 00f8f800000000000000000000f8f800
02:13:54.931 [DEBUG] [serial] RX 128 bytes: 0000000000f8f800000000000000000000f8f800000000000000000000f8f800000000000000000000f8f800000000000000000000f8f800000000000000000000f8f800000000000000000000f8f800000000000000000000f8f800000000000000000000f8f800000000000000000000f8f800000000000000000000f8f800
02:13:54.931 [DEBUG] [serial] Sin header 0xAA, descartando 128 bytes: 0000000000f8f8000000000000000000
02:13:54.950 [DEBUG] [serial] RX 128 bytes: 000000000000000000f8f800000000000000000000f8f800000000000000000000f8f800000000000000000000f8f800000000000000000000f8f800000000000000000000f8f800000000000000000000f8f800000000000000000000f8f800000000000000000000f8f800000000000000000000f8f8000000000000000000
02:13:54.950 [DEBUG] [serial] Sin header 0xAA, descartando 128 bytes: 000000000000000000f8f80000000000
02:13:54.968 [DEBUG] [serial] RX 128 bytes: 00f8f800000000000000000000f8f800000000000000000000f8f800000000000000000000f8f800000000000000000000f8f800000000000000000000f8f800000000000000000000f8f800000000000000000000f8f800000000000000000000f8f800000000000000000000f8f800000000000000000000f8f80000000000
02:13:54.969 [DEBUG] [serial] Sin header 0xAA, descartando 128 bytes: 00f8f800000000000000000000f8f800
02:13:54.987 [DEBUG] [serial] RX 128 bytes: 0000000000f8f800000000000000000000f8f800000000000000000000f8f800000000000000000000f8f800000000000000000000f8f800000000000000000000f8f800000000000000000000f8f800000000000000000000f8f800000000000000000000f8f800000000000000000000f8f800000000000000000000f8f800
02:13:54.987 [DEBUG] [serial] Sin header 0xAA, descartando 128 bytes: 0000000000f8f8000000000000000000
02:13:55.006 [DEBUG] [serial] RX 128 bytes: 000000000000000000f8f800000000000000000000f8f800000000000000000000f8f800000000000000000000f8f800000000000000000000f8f800000000000000000000f8f800000000000000000000f8f800000000000000000000f8f800000000000000000000f8f800000000000000000000f8f8000000000000000000
02:13:55.006 [DEBUG] [serial] Sin header 0xAA, descartando 128 bytes: 000000000000000000f8f80000000000
02:13:55.024 [DEBUG] [serial] RX 128 bytes: 00f8f800000000000000000000f8f800000000000000000000f8f800000000000000000000f8f800000000000000000000f8f800000000000000000000f8f800000000000000000000f8f800000000000000000000f8f800000000000000000000f8f800000000000000000000f8f800000000000000000000f8f80000000000
02:13:55.024 [DEBUG] [serial] Sin header 0xAA, descartando 128 bytes: 00f8f800000000000000000000f8f800
02:13:55.043 [DEBUG] [serial] RX 128 bytes: 0000000000f8f800000000000000000000f8f800000000000000000000f8f800000000000000000000f8f800000000000000000000f8f800000000000000000000f8f800000000000000000000f8f800000000000000000000f8f800000000000000000000f8f800000000000000000000f8f800000000000000000000f8f800
02:13:55.043 [DEBUG] [serial] Sin header 0xAA, descartando 128 bytes: 0000000000f8f8000000000000000000
02:13:55.062 [DEBUG] [serial] RX 128 bytes: 000000000000000000f8f800000000000000000000f8f800000000000000000000f8f800000000000000000000f8f800000000000000000000f8f800000000000000000000f8f800000000000000000000f8f800000000000000000000f8f800000000000000000000f8f800000000000000000000f8f8000000000000000000
02:13:55.062 [DEBUG] [serial] Sin header 0xAA, descartando 128 bytes: 000000000000000000f8f80000000000
02:13:55.080 [DEBUG] [serial] RX 128 bytes: 00f8f800000000000000000000f8f800000000000000000000f8f800000000000000000000f8f800000000000000000000f8f800000000000000000000f8f800000000000000000000f8f800000000000000000000f8f800000000000000000000f8f800000000000000000000f8f800000000000000000000f8f80000000000
02:13:55.080 [DEBUG] [serial] Sin header 0xAA, descartando 128 bytes: 00f8f800000000000000000000f8f800
02:13:55.098 [DEBUG] [serial] RX 128 bytes: 0000000000f8f800000000000000000000f8f800000000000000000000f8f800000000000000000000f8f800000000000000000000f8f800000000000000000000f8f800000000000000000000f8f800000000000000000000f8f800000000000000000000f8f800000000000000000000f8f800000000000000000000f8f800
02:13:55.099 [DEBUG] [serial] Sin header 0xAA, descartando 128 bytes: 0000000000f8f8000000000000000000
02:13:55.117 [DEBUG] [serial] RX 128 bytes: 000000000000000000f8f800000000000000000000f8f800000000000000000000f8f800000000000000000000f8f800000000000000000000f8f800000000000000000000f8f800000000000000000000f8f800000000000000000000f8f800000000000000000000f8f800000000000000000000f8f8000000000000000000
02:13:55.117 [DEBUG] [serial] Sin header 0xAA, descartando 128 bytes: 000000000000000000f8f80000000000
02:13:55.136 [DEBUG] [serial] RX 128 bytes: 00f8f800000000000000000000f8f800000000000000000000f8f800000000000000000000f8f800000000000000000000f8f800000000000000000000f8f800000000000000000000f8f800000000000000000000f8f800000000000000000000f8f800000000000000000000f8f800000000000000000000f8f80000000000
02:13:55.136 [DEBUG] [serial] Sin header 0xAA, descartando 128 bytes: 00f8f800000000000000000000f8f800
02:13:55.154 [DEBUG] [serial] RX 128 bytes: 0000000000f8f800000000000000000000f8f800000000000000000000f8f800000000000000000000f8f800000000000000000000f8f800000000000000000000f8f800000000000000000000f8f800000000000000000000f8f800000000000000000000f8f800000000000000000000f8f800000000000000000000f8f800
02:13:55.154 [DEBUG] [serial] Sin header 0xAA, descartando 128 bytes: 0000000000f8f8000000000000000000
02:13:55.173 [DEBUG] [serial] RX 128 bytes: 000000000000000000f8f800000000000000000000f8f800000000000000000000f8f800000000000000000000f8f800000000000000000000f8f800000000000000000000f8f800000000000000000000f8f800000000000000000000f8f800000000000000000000f8f800000000000000000000f8f8000000000000000000
02:13:55.173 [DEBUG] [serial] Sin header 0xAA, descartando 128 bytes: 000000000000000000f8f80000000000
02:13:55.192 [DEBUG] [serial] RX 128 bytes: 00f8f800000000000000000000f8f800000000000000000000f8f800000000000000000000f8f800000000000000000000f8f800000000000000000000f8f800000000000000000000f8f800000000000000000000f8f800000000000000000000f8f800000000000000000000f8f800000000000000000000f8f80000000000
02:13:55.192 [DEBUG] [serial] Sin header 0xAA, descartando 128 bytes: 00f8f800000000000000000000f8f800
02:13:55.210 [DEBUG] [serial] RX 128 bytes: 0000000000f8f800000000000000000000f8f800000000000000000000f8f800000000000000000000f8f800000000000000000000f8f800000000000000000000f8f800000000000000000000f8f800000000000000000000f8f800000000000000000000f8f800000000000000000000f8f800000000000000000000f8f800
02:13:55.210 [DEBUG] [serial] Sin header 0xAA, descartando 128 bytes: 0000000000f8f8000000000000000000
02:13:55.229 [DEBUG] [serial] RX 128 bytes: 000000000000000000f8f800000000000000000000f8f800000000000000000000f8f800000000000000000000f8f800000000000000000000f8f800000000000000000000f8f800000000000000000000f8f800000000000000000000f8f800000000000000000000f8f800000000000000000000f8f8000000000000000000
02:13:55.229 [DEBUG] [serial] Sin header 0xAA, descartando 128 bytes: 000000000000000000f8f80000000000
02:13:55.248 [DEBUG] [serial] RX 128 bytes: 00f8f800000000000000000000f8f800000000000000000000f8f800000000000000000000f8f800000000000000000000f8f800000000000000000000f8f800000000000000000000f8f800000000000000000000f8f800000000000000000000f8f800000000000000000000f8f800000000000000000000f8f80000000000
02:13:55.248 [DEBUG] [serial] Sin header 0xAA, descartando 128 bytes: 00f8f800000000000000000000f8f800
02:13:55.266 [DEBUG] [serial] RX 128 bytes: 0000000000f8f800000000000000000000f8f800000000000000000000f8f800000000000000000000f8f800000000000000000000f8f800000000000000000000f8f800000000000000000000f8f800000000000000000000f8f800000000000000000000f8f800000000000000000000f8f800000000000000000000f8f800
02:13:55.267 [DEBUG] [serial] Sin header 0xAA, descartando 128 bytes: 0000000000f8f8000000000000000000
02:13:55.285 [DEBUG] [serial] RX 128 bytes: 000000000000000000f8f800000000000000000000f8f800000000000000000000f8f800000000000000000000f8f800000000000000000000f8f800000000000000000000f8f800000000000000000000f8f800000000000000000000f8f800000000000000000000f8f800000000000000000000f8f8000000000000000000
02:13:55.285 [DEBUG] [serial] Sin header 0xAA, descartando 128 bytes: 000000000000000000f8f80000000000
02:13:55.303 [DEBUG] [serial] RX 128 bytes: 00f8f800000000000000000000f8f800000000000000000000f8f800000000000000000000f8f800000000000000000000f8f800000000000000000000f8f800000000000000000000f8f800000000000000000000f8f800000000000000000000f8f800000000000000000000f8f800000000000000000000f8f80000000000
02:13:55.304 [DEBUG] [serial] Sin header 0xAA, descartando 128 bytes: 00f8f800000000000000000000f8f800
02:13:55.322 [DEBUG] [serial] RX 128 bytes: 0000000000f8f800000000000000000000f8f800000000000000000000f8f800000000000000000000f8f800000000000000000000f8f800000000000000000000f8f800000000000000000000f8f800000000000000000000f8f800000000000000000000f8f800000000000000000000f8f800000000000000000000f8f800
02:13:55.322 [DEBUG] [serial] Sin header 0xAA, descartando 128 bytes: 0000000000f8f8000000000000000000
02:13:55.341 [DEBUG] [serial] RX 128 bytes: 000000000000000000f8f800000000000000000000f8f800000000000000000000f8f800000000000000000000f8f800000000000000000000f8f800000000000000000000f8f800000000000000000000f8f800000000000000000000f8f800000000000000000000f8f800000000000000000000f8f8000000000000000000
02:13:55.341 [DEBUG] [serial] Sin header 0xAA, descartando 128 bytes: 000000000000000000f8f80000000000
02:13:55.359 [DEBUG] [serial] RX 128 bytes: 00f8f800000000000000000000f8f800000000000000000000f8f800000000000000000000f8f800000000000000000000f8f800000000000000000000f8f800000000000000000000f8f800000000000000000000f8f800000000000000000000f8f800000000000000000000f8f800000000000000000000f8f80000000000
02:13:55.359 [DEBUG] [serial] Sin header 0xAA, descartando 128 bytes: 00f8f800000000000000000000f8f800
02:13:55.378 [DEBUG] [serial] RX 128 bytes: 0000000000f8f800000000000000000000f8f800000000000000000000f8f800000000000000000000f8f800000000000000000000f8f800000000000000000000f8f800000000000000000000f8f800000000000000000000f8f800000000000000000000f8f800000000000000000000f8f800000000000000000000f8f800
02:13:55.378 [DEBUG] [serial] Sin header 0xAA, descartando 128 bytes: 0000000000f8f8000000000000000000
02:13:55.397 [DEBUG] [serial] RX 128 bytes: 000000000000000000f8f800000000000000000000f8f800000000000000000000f8f800000000000000000000f8f800000000000000000000f8f800000000000000000000f8f800000000000000000000f8f800000000000000000000f8f800000000000000000000f8f800000000000000000000f8f8000000000000000000
02:13:55.397 [DEBUG] [serial] Sin header 0xAA, descartando 128 bytes: 000000000000000000f8f80000000000
02:13:55.415 [DEBUG] [serial] RX 128 bytes: 00f8f800000000000000000000f8f800000000000000000000f8f800000000000000000000f8f800000000000000000000f8f800000000000000000000f8f800000000000000000000f8f800000000000000000000f8f800000000000000000000f8f800000000000000000000f8f800000000000000000000f8f80000000000
02:13:55.415 [DEBUG] [serial] Sin header 0xAA, descartando 128 bytes: 00f8f800000000000000000000f8f800
02:13:55.434 [DEBUG] [serial] RX 128 bytes: 0000000000f8f800000000000000000000f8f800000000000000000000f8f800000000000000000000f8f800000000000000000000f8f800000000000000000000f8f800000000000000000000f8f800000000000000000000f8f800000000000000000000f8f800000000000000000000f8f800000000000000000000f8f800
02:13:55.434 [DEBUG] [serial] Sin header 0xAA, descartando 128 bytes: 0000000000f8f8000000000000000000
02:13:55.452 [DEBUG] [serial] RX 128 bytes: 000000000000000000f8f800000000000000000000f8f800000000000000000000f8f800000000000000000000f8f800000000000000000000f8f800000000000000000000f8f800000000000000000000f8f800000000000000000000f8f800000000000000000000f8f800000000000000000000f8f8000000000000000000
02:13:55.454 [DEBUG] [serial] Sin header 0xAA, descartando 128 bytes: 000000000000000000f8f80000000000
02:13:55.471 [DEBUG] [serial] RX 128 bytes: 00f8f800000000000000000000f8f800000000000000000000f8f800000000000000000000f8f800000000000000000000f8f800000000000000000000f8f800000000000000000000f8f800000000000000000000f8f800000000000000000000f8f800000000000000000000f8f800000000000000000000f8f80000000000
02:13:55.471 [DEBUG] [serial] Sin header 0xAA, descartando 128 bytes: 00f8f800000000000000000000f8f800
02:13:55.490 [DEBUG] [serial] RX 128 bytes: 0000000000f8f800000000000000000000f8f800000000000000000000f8f800000000000000000000f8f800000000000000000000f8f800000000000000000000f8f800000000000000000000f8f800000000000000000000f8f800000000000000000000f8f800000000000000000000f8f800000000000000000000f8f800
02:13:55.490 [DEBUG] [serial] Sin header 0xAA, descartando 128 bytes: 0000000000f8f8000000000000000000
02:13:55.508 [DEBUG] [serial] RX 128 bytes: 000000000000000000f8f800000000000000000000f8f800000000000000000000f8f800000000000000000000f8f800000000000000000000f8f800000000000000000000f8f800000000000000000000f8f800000000000000000000f8f800000000000000000000f8f800000000000000000000f8f8000000000000000000
02:13:55.509 [DEBUG] [serial] Sin header 0xAA, descartando 128 bytes: 000000000000000000f8f80000000000
02:13:55.527 [DEBUG] [serial] RX 128 bytes: 00f8f800000000000000000000f8f800000000000000000000f8f800000000000000000000f8f800000000000000000000f8f800000000000000000000f8f800000000000000000000f8f800000000000000000000f8f800000000000000000000f8f800000000000000000000f8f800000000000000000000f8f80000000000
02:13:55.527 [DEBUG] [serial] Sin header 0xAA, descartando 128 bytes: 00f8f800000000000000000000f8f800
02:13:55.546 [DEBUG] [serial] RX 128 bytes: 0000000000f8f800000000000000000000f8f800000000000000000000f8f800000000000000000000f8f800000000000000000000f8f800000000000000000000f8f800000000000000000000f8f800000000000000000000f8f800000000000000000000f8f800000000000000000000f8f800000000000000000000f8f800
02:13:55.546 [DEBUG] [serial] Sin header 0xAA, descartando 128 bytes: 0000000000f8f8000000000000000000
02:13:55.564 [DEBUG] [serial] RX 128 bytes: 000000000000000000f8f800000000000000000000f8f800000000000000000000f8f800000000000000000000f8f800000000000000000000f8f800000000000000000000f8f800000000000000000000f8f800000000000000000000f8f800000000000000000000f8f800000000000000000000f8f8000000000000000000
02:13:55.565 [DEBUG] [serial] Sin header 0xAA, descartando 128 bytes: 000000000000000000f8f80000000000
02:13:55.583 [DEBUG] [serial] RX 128 bytes: 00f8f800000000000000000000f8f800000000000000000000f8f800000000000000000000f8f800000000000000000000f8f800000000000000000000f8f800000000000000000000f8f800000000000000000000f8f800000000000000000000f8f800000000000000000000f8f800000000000000000000f8f80000000000
02:13:55.583 [DEBUG] [serial] Sin header 0xAA, descartando 128 bytes: 00f8f800000000000000000000f8f800
02:13:55.601 [DEBUG] [serial] RX 128 bytes: 0000000000f8f800000000000000000000f8f800000000000000000000f8f800000000000000000000f8f800000000000000000000f8f800000000000000000000f8f800000000000000000000f8f800000000000000000000f8f800000000000000000000f8f800000000000000000000f8f800000000000000000000f8f800
02:13:55.601 [DEBUG] [serial] Sin header 0xAA, descartando 128 bytes: 0000000000f8f8000000000000000000
02:13:55.620 [DEBUG] [serial] RX 128 bytes: 000000000000000000f8f800000000000000000000f8f800000000000000000000f8f800000000000000000000f8f800000000000000000000f8f800000000000000000000f8f800000000000000000000f8f800000000000000000000f8f800000000000000000000f8f800000000000000000000f8f8000000000000000000
02:13:55.620 [DEBUG] [serial] Sin header 0xAA, descartando 128 bytes: 000000000000000000f8f80000000000
02:13:55.639 [DEBUG] [serial] RX 128 bytes: 00f8f800000000000000000000f8f800000000000000000000f8f800000000000000000000f8f800000000000000000000f8f800000000000000000000f8f800000000000000000000f8f800000000000000000000f8f800000000000000000000f8f800000000000000000000f8f800000000000000000000f8f80000000000
02:13:55.639 [DEBUG] [serial] Sin header 0xAA, descartando 128 bytes: 00f8f800000000000000000000f8f800
02:13:55.657 [DEBUG] [serial] RX 128 bytes: 0000000000f8f800000000000000000000f8f800000000000000000000f8f800000000000000000000f8f800000000000000000000f8f800000000000000000000f8f800000000000000000000f8f800000000000000000000f8f800000000000000000000f8f800000000000000000000f8f800000000000000000000f8f800
02:13:55.657 [DEBUG] [serial] Sin header 0xAA, descartando 128 bytes: 0000000000f8f8000000000000000000
02:13:55.676 [DEBUG] [serial] RX 128 bytes: 000000000000000000f8f800000000000000000000f8f800000000000000000000f8f800000000000000000000f8f800000000000000000000f8f800000000000000000000f8f800000000000000000000f8f800000000000000000000f8f800000000000000000000f8f800000000000000000000f8f8000000000000000000
02:13:55.676 [DEBUG] [serial] Sin header 0xAA, descartando 128 bytes: 000000000000000000f8f80000000000
02:13:55.694 [DEBUG] [serial] RX 128 bytes: 00f8f800000000000000000000f8f800000000000000000000f8f800000000000000000000f8f800000000000000000000f8f800000000000000000000f8f800000000000000000000f8f800000000000000000000f8f800000000000000000000f8f800000000000000000000f8f800000000000000000000f8f80000000000
02:13:55.695 [DEBUG] [serial] Sin header 0xAA, descartando 128 bytes: 00f8f800000000000000000000f8f800
02:13:55.713 [DEBUG] [serial] RX 128 bytes: 0000000000f8f800000000000000000000f8f800000000000000000000f8f800000000000000000000f8f800000000000000000000f8f800000000000000000000f8f800000000000000000000f8f800000000000000000000f8f800000000000000000000f8f800000000000000000000f8f800000000000000000000f8f800
02:13:55.713 [DEBUG] [serial] Sin header 0xAA, descartando 128 bytes: 0000000000f8f8000000000000000000
02:13:55.732 [DEBUG] [serial] RX 128 bytes: 000000000000000000f8f800000000000000000000f8f800000000000000000000f8f800000000000000000000f8f800000000000000000000f8f800000000000000000000f8f800000000000000000000f8f800000000000000000000f8f800000000000000000000f8f800000000000000000000f8f8000000000000000000
02:13:55.732 [DEBUG] [serial] Sin header 0xAA, descartando 128 bytes: 000000000000000000f8f80000000000
02:13:55.750 [DEBUG] [serial] RX 128 bytes: 00f8f800000000000000000000f8f800000000000000000000f8f800000000000000000000f8f800000000000000000000f8f800000000000000000000f8f800000000000000000000f8f800000000000000000000f8f800000000000000000000f8f800000000000000000000f8f800000000000000000000f8f80000000000
02:13:55.751 [DEBUG] [serial] Sin header 0xAA, descartando 128 bytes: 00f8f800000000000000000000f8f800
02:13:55.769 [DEBUG] [serial] RX 128 bytes: 0000000000f8f800000000000000000000f8f800000000000000000000f8f800000000000000000000f8f800000000000000000000f8f800000000000000000000f8f800000000000000000000f8f800000000000000000000f8f800000000000000000000f8f800000000000000000000f8f800000000000000000000f8f800
02:13:55.769 [DEBUG] [serial] Sin header 0xAA, descartando 128 bytes: 0000000000f8f8000000000000000000
02:13:55.788 [DEBUG] [serial] RX 128 bytes: 000000000000000000f8f800000000000000000000f8f800000000000000000000f8f800000000000000000000f8f800000000000000000000f8f800000000000000000000f8f800000000000000000000f8f800000000000000000000f8f800000000000000000000f8f800000000000000000000f8f8000000000000000000
02:13:55.788 [DEBUG] [serial] Sin header 0xAA, descartando 128 bytes: 000000000000000000f8f80000000000
02:13:55.806 [DEBUG] [serial] RX 128 bytes: 00f8f800000000000000000000f8f800000000000000000000f8f800000000000000000000f8f800000000000000000000f8f800000000000000000000f8f800000000000000000000f8f800000000000000000000f8f800000000000000000000f8f800000000000000000000f8f800000000000000000000f8f80000000000
02:13:55.806 [DEBUG] [serial] Sin header 0xAA, descartando 128 bytes: 00f8f800000000000000000000f8f800
02:13:55.826 [DEBUG] [serial] RX 128 bytes: 0000000000f8f800000000000000000000f8f800000000000000000000f8f800000000000000000000f8f800000000000000000000f8f800000000000000000000f8f800000000000000000000f8f800000000000000000000f8f800000000000000000000f8f800000000000000000000f8f800000000000000000000f8f800
02:13:55.826 [DEBUG] [serial] Sin header 0xAA, descartando 128 bytes: 0000000000f8f8000000000000000000
02:13:55.844 [DEBUG] [serial] RX 128 bytes: 000000000000000000f8f800000000000000000000f8f800000000000000000000f8f800000000000000000000f8f800000000000000000000f8f800000000000000000000f8f800000000000000000000f8f800000000000000000000f8f800000000000000000000f8f800000000000000000000f8f8000000000000000000
02:13:55.844 [DEBUG] [serial] Sin header 0xAA, descartando 128 bytes: 000000000000000000f8f80000000000
02:13:55.862 [DEBUG] [serial] RX 128 bytes: 00f8f800000000000000000000f8f800000000000000000000f8f800000000000000000000f8f800000000000000000000f8f800000000000000000000f8f800000000000000000000f8f800000000000000000000f8f800000000000000000000f8f800000000000000000000f8f800000000000000000000f8f80000000000
02:13:55.862 [DEBUG] [serial] Sin header 0xAA, descartando 128 bytes: 00f8f800000000000000000000f8f800
02:13:55.881 [DEBUG] [serial] RX 128 bytes: 0000000000f8f800000000000000000000f8f800000000000000000000f8f800000000000000000000f8f800000000000000000000f8f800000000000000000000f8f800000000000000000000f8f800000000000000000000f8f800000000000000000000f8f800000000000000000000f8f800000000000000000000f8f800
02:13:55.881 [DEBUG] [serial] Sin header 0xAA, descartando 128 bytes: 0000000000f8f8000000000000000000
02:13:55.899 [DEBUG] [serial] RX 128 bytes: 000000000000000000f8f800000000000000000000f8f800000000000000000000f8f800000000000000000000f8f800000000000000000000f8f800000000000000000000f8f800000000000000000000f8f800000000000000000000f8f800000000000000000000f8f800000000000000000000f8f8000000000000000000
02:13:55.900 [DEBUG] [serial] Sin header 0xAA, descartando 128 bytes: 000000000000000000f8f80000000000
02:13:55.918 [DEBUG] [serial] RX 128 bytes: 00f8f800000000000000000000f8f800000000000000000000f8f800000000000000000000f8f800000000000000000000f8f800000000000000000000f8f800000000000000000000f8f800000000000000000000f8f800000000000000000000f8f800000000000000000000f8f800000000000000000000f8f80000000000
02:13:55.919 [DEBUG] [serial] Sin header 0xAA, descartando 128 bytes: 00f8f800000000000000000000f8f800
02:13:55.936 [DEBUG] [serial] RX 128 bytes: 0000000000f8f800000000000000000000f8f800000000000000000000f8f800000000000000000000f8f800000000000000000000f8f800000000000000000000f8f800000000000000000000f8f800000000000000000000f8f800000000000000000000f8f800000000000000000000f8f800000000000000000000f8f800
02:13:55.937 [DEBUG] [serial] Sin header 0xAA, descartando 128 bytes: 0000000000f8f8000000000000000000
02:13:55.955 [DEBUG] [serial] RX 128 bytes: 000000000000000000f8f800000000000000000000f8f800000000000000000000f8f800000000000000000000f8f800000000000000000000f8f800000000000000000000f8f800000000000000000000f8f800000000000000000000f8f800000000000000000000f8f800000000000000000000f8f8000000000000000000
02:13:55.956 [DEBUG] [serial] Sin header 0xAA, descartando 128 bytes: 000000000000000000f8f80000000000
02:13:55.974 [DEBUG] [serial] RX 128 bytes: 00f8f800000000000000000000f8f800000000000000000000f8f800000000000000000000f8f800000000000000000000f8f800000000000000000000f8f800000000000000000000f8f800000000000000000000f8f800000000000000000000f8f800000000000000000000f8f800000000000000000000f8f80000000000
02:13:55.974 [DEBUG] [serial] Sin header 0xAA, descartando 128 bytes: 00f8f800000000000000000000f8f800
02:13:55.992 [DEBUG] [serial] RX 128 bytes: 0000000000f8f800000000000000000000f8f800000000000000000000f8f800000000000000000000f8f800000000000000000000f8f800000000000000000000f8f800000000000000000000f8f800000000000000000000f8f800000000000000000000f8f800000000000000000000f8f800000000000000000000f8f800
02:13:55.993 [DEBUG] [serial] Sin header 0xAA, descartando 128 bytes: 0000000000f8f8000000000000000000
02:13:56.012 [DEBUG] [serial] RX 128 bytes: 000000000000000000f8f800000000000000000000f8f800000000000000000000f8f800000000000000000000f8f800000000000000000000f8f800000000000000000000f8f800000000000000000000f8f800000000000000000000f8f800000000000000000000f8f800000000000000000000f8f8000000000000000000
02:13:56.012 [DEBUG] [serial] Sin header 0xAA, descartando 128 bytes: 000000000000000000f8f80000000000
02:13:56.030 [DEBUG] [serial] RX 128 bytes: 00f8f800000000000000000000f8f800000000000000000000f8f800000000000000000000f8f800000000000000000000f8f800000000000000000000f8f800000000000000000000f8f800000000000000000000f8f800000000000000000000f8f800000000000000000000f8f800000000000000000000f8f80000000000
02:13:56.030 [DEBUG] [serial] Sin header 0xAA, descartando 128 bytes: 00f8f800000000000000000000f8f800
02:13:56.048 [DEBUG] [serial] RX 128 bytes: 0000000000f8f800000000000000000000f8f800000000000000000000f8f800000000000000000000f8f800000000000000000000f8f800000000000000000000f8f800000000000000000000f8f800000000000000000000f8f800000000000000000000f8f800000000000000000000f8f800000000000000000000f8f800
02:13:56.048 [DEBUG] [serial] Sin header 0xAA, descartando 128 bytes: 0000000000f8f8000000000000000000
02:13:56.067 [DEBUG] [serial] RX 128 bytes: 000000000000000000f8f800000000000000000000f8f800000000000000000000f8f800000000000000000000f8f800000000000000000000f8f800000000000000000000f8f800000000000000000000f8f800000000000000000000f8f800000000000000000000f8f800000000000000000000f8f8000000000000000000
02:13:56.067 [DEBUG] [serial] Sin header 0xAA, descartando 128 bytes: 000000000000000000f8f80000000000
02:13:56.086 [DEBUG] [serial] RX 128 bytes: 00f8f800000000000000000000f8f800000000000000000000f8f800000000000000000000f8f800000000000000000000f8f800000000000000000000f8f800000000000000000000f8f800000000000000000000f8f800000000000000000000f8f800000000000000000000f8f800000000000000000000f8f80000000000
02:13:56.086 [DEBUG] [serial] Sin header 0xAA, descartando 128 bytes: 00f8f800000000000000000000f8f800
02:13:56.104 [DEBUG] [serial] RX 128 bytes: 0000000000f8f800000000000000000000f8f800000000000000000000f8f800000000000000000000f8f800000000000000000000f8f800000000000000000000f8f800000000000000000000f8f800000000000000000000f8f800000000000000000000f8f800000000000000000000f8f800000000000000000000f8f800
02:13:56.105 [DEBUG] [serial] Sin header 0xAA, descartando 128 bytes: 0000000000f8f8000000000000000000
02:13:56.123 [DEBUG] [serial] RX 128 bytes: 000000000000000000f8f800000000000000000000f8f800000000000000000000f8f800000000000000000000f8f800000000000000000000f8f800000000000000000000f8f800000000000000000000f8f800000000000000000000f8f800000000000000000000f8f800000000000000000000f8f8000000000000000000
02:13:56.123 [DEBUG] [serial] Sin header 0xAA, descartando 128 bytes: 000000000000000000f8f80000000000
02:13:56.141 [DEBUG] [serial] RX 128 bytes: 00f8f800000000000000000000f8f800000000000000000000f8f800000000000000000000f8f800000000000000000000f8f800000000000000000000f8f800000000000000000000f8f800000000000000000000f8f800000000000000000000f8f800000000000000000000f8f800000000000000000000f8f80000000000
02:13:56.142 [DEBUG] [serial] Sin header 0xAA, descartando 128 bytes: 00f8f800000000000000000000f8f800
02:13:56.160 [DEBUG] [serial] RX 128 bytes: 0000000000f8f800000000000000000000f8f800000000000000000000f8f800000000000000000000f8f800000000000000000000f8f800000000000000000000f8f800000000000000000000f8f800000000000000000000f8f800000000000000000000f8f800000000000000000000f8f800000000000000000000f8f800
02:13:56.160 [DEBUG] [serial] Sin header 0xAA, descartando 128 bytes: 0000000000f8f8000000000000000000
02:13:56.179 [DEBUG] [serial] RX 128 bytes: 000000000000000000f8f800000000000000000000f8f800000000000000000000f8f800000000000000000000f8f800000000000000000000f8f800000000000000000000f8f800000000000000000000f8f800000000000000000000f8f800000000000000000000f8f800000000000000000000f8f8000000000000000000
02:13:56.179 [DEBUG] [serial] Sin header 0xAA, descartando 128 bytes: 000000000000000000f8f80000000000
02:13:56.197 [DEBUG] [serial] RX 128 bytes: 00f8f800000000000000000000f8f800000000000000000000f8f800000000000000000000f8f800000000000000000000f8f800000000000000000000f8f800000000000000000000f8f800000000000000000000f8f800000000000000000000f8f800000000000000000000f8f800000000000000000000f8f80000000000
02:13:56.198 [DEBUG] [serial] Sin header 0xAA, descartando 128 bytes: 00f8f800000000000000000000f8f800
02:13:56.216 [DEBUG] [serial] RX 128 bytes: 0000000000f8f800000000000000000000f8f800000000000000000000f8f800000000000000000000f8f800000000000000000000f8f800000000000000000000f8f800000000000000000000f8f800000000000000000000f8f800000000000000000000f8f800000000000000000000f8f800000000000000000000f8f800
02:13:56.216 [DEBUG] [serial] Sin header 0xAA, descartando 128 bytes: 0000000000f8f8000000000000000000
02:13:56.235 [DEBUG] [serial] RX 128 bytes: 000000000000000000f8f800000000000000000000f8f800000000000000000000f8f800000000000000000000f8f800000000000000000000f8f800000000000000000000f8f800000000000000000000f8f800000000000000000000f8f800000000000000000000f8f800000000000000000000f8f8000000000000000000
02:13:56.235 [DEBUG] [serial] Sin header 0xAA, descartando 128 bytes: 000000000000000000f8f80000000000
02:13:56.253 [DEBUG] [serial] RX 128 bytes: 00f8f800000000000000000000f8f800000000000000000000f8f800000000000000000000f8f800000000000000000000f8f800000000000000000000f8f800000000000000000000f8f800000000000000000000f8f800000000000000000000f8f800000000000000000000f8f800000000000000000000f8f80000000000
02:13:56.253 [DEBUG] [serial] Sin header 0xAA, descartando 128 bytes: 00f8f800000000000000000000f8f800
02:13:56.272 [DEBUG] [serial] RX 128 bytes: 0000000000f8f800000000000000000000f8f800000000000000000000f8f800000000000000000000f8f800000000000000000000f8f800000000000000000000f8f800000000000000000000f8f800000000000000000000f8f800000000000000000000f8f800000000000000000000f8f800000000000000000000f8f800
02:13:56.272 [DEBUG] [serial] Sin header 0xAA, descartando 128 bytes: 0000000000f8f8000000000000000000
02:13:56.291 [DEBUG] [serial] RX 128 bytes: 000000000000000000f8f800000000000000000000f8f800000000000000000000f8f800000000000000000000f8f800000000000000000000f8f800000000000000000000f8f800000000000000000000f8f800000000000000000000f8f800000000000000000000f8f800000000000000000000f8f8000000000000000000
02:13:56.291 [DEBUG] [serial] Sin header 0xAA, descartando 128 bytes: 000000000000000000f8f80000000000
02:13:56.309 [DEBUG] [serial] RX 128 bytes: 00f8f800000000000000000000f8f800000000000000000000f8f800000000000000000000f8f800000000000000000000f8f800000000000000000000f8f800000000000000000000f8f800000000000000000000f8f800000000000000000000f8f800000000000000000000f8f800000000000000000000f8f80000000000
02:13:56.309 [DEBUG] [serial] Sin header 0xAA, descartando 128 bytes: 00f8f800000000000000000000f8f800
02:13:56.328 [DEBUG] [serial] RX 128 bytes: 0000000000f8f800000000000000000000f8f800000000000000000000f8f800000000000000000000f8f800000000000000000000f8f800000000000000000000f8f800000000000000000000f8f800000000000000000000f8f800000000000000000000f8f800000000000000000000f8f800000000000000000000f8f800
02:13:56.328 [DEBUG] [serial] Sin header 0xAA, descartando 128 bytes: 0000000000f8f8000000000000000000
02:13:56.346 [DEBUG] [serial] RX 128 bytes: 000000000000000000f8f800000000000000000000f8f800000000000000000000f8f800000000000000000000f8f800000000000000000000f8f800000000000000000000f8f800000000000000000000f8f800000000000000000000f8f800000000000000000000f8f800000000000000000000f8f8000000000000000000
02:13:56.347 [DEBUG] [serial] Sin header 0xAA, descartando 128 bytes: 000000000000000000f8f80000000000
02:13:56.365 [DEBUG] [serial] RX 128 bytes: 00f8f800000000000000000000f8f800000000000000000000f8f800000000000000000000f8f800000000000000000000f8f800000000000000000000f8f800000000000000000000f8f800000000000000000000f8f800000000000000000000f8f800000000000000000000f8f800000000000000000000f8f80000000000
02:13:56.365 [DEBUG] [serial] Sin header 0xAA, descartando 128 bytes: 00f8f800000000000000000000f8f800
02:13:56.383 [DEBUG] [serial] RX 128 bytes: 0000000000f8f800000000000000000000f8f800000000000000000000f8f800000000000000000000f8f800000000000000000000f8f800000000000000000000f8f800000000000000000000f8f800000000000000000000f8f800000000000000000000f8f800000000000000000000f8f800000000000000000000f8f800
02:13:56.384 [DEBUG] [serial] Sin header 0xAA, descartando 128 bytes: 0000000000f8f8000000000000000000
02:13:56.403 [DEBUG] [serial] RX 128 bytes: 000000000000000000f8f800000000000000000000f8f800000000000000000000f8f800000000000000000000f8f800000000000000000000f8f800000000000000000000f8f800000000000000000000f8f800000000000000000000f8f800000000000000000000f8f800000000000000000000f8f8000000000000000000
02:13:56.403 [DEBUG] [serial] Sin header 0xAA, descartando 128 bytes: 000000000000000000f8f80000000000
02:13:56.410 [INFO] [GUI] Click START
02:13:56.410 [INFO] [serial] Encolando TX CMD_START: bb04
02:13:56.421 [INFO] [serial] TX CMD_START: bb04
02:13:56.421 [DEBUG] [serial] TX OK: 2 bytes escritos
02:13:56.421 [DEBUG] [serial] RX 128 bytes: 00f8f800000000000000000000f8f800000000000000000000f8f800000000000000000000f8f800000000000000000000f8f800000000000000000000f8f800000000000000000000f8f800000000000000000000f8f800000000000000000000f8f800000000000000000000f8f800000000000000000000f8f80000000000
02:13:56.421 [DEBUG] [serial] Sin header 0xAA, descartando 128 bytes: 00f8f800000000000000000000f8f800
02:13:56.439 [DEBUG] [serial] RX 128 bytes: 0000000000f8f800000000000000000000f8f800000000000000000000f8f800000000000000000000f8f800000000000000000000f8f800000000000000000000f8f800000000000000000000f8f800000000000000000000f8f800000000000000000000f8f800000000000000000000f8f800000000000000000000f8f800
02:13:56.440 [DEBUG] [serial] Sin header 0xAA, descartando 128 bytes: 0000000000f8f8000000000000000000
02:13:56.458 [DEBUG] [serial] RX 128 bytes: 000000000000000000f8f800000000000000000000f8f800000000000000000000f8f800000000000000000000f8f800000000000000000000f8f800000000000000000000f8f800000000000000000000f8f800000000000000000000f8f800000000000000000000f8f800000000000000000000f8f8000000000000000000
02:13:56.458 [DEBUG] [serial] Sin header 0xAA, descartando 128 bytes: 000000000000000000f8f80000000000
02:13:56.477 [DEBUG] [serial] RX 128 bytes: 00f8f800000000000000000000f8f800000000000000000000f8f800000000000000000000f8f800000000000000000000f8f800000000000000000000f8f800000000000000000000f8f800000000000000000000f8f800000000000000000000f8f800000000000000000000f8f800000000000000000000f8f80000000000
02:13:56.477 [DEBUG] [serial] Sin header 0xAA, descartando 128 bytes: 00f8f800000000000000000000f8f800
02:13:56.495 [DEBUG] [serial] RX 128 bytes: 0000000000f8f800000000000000000000f8f800000000000000000000f8f800000000000000000000f8f800000000000000000000f8f800000000000000000000f8f800000000000000000000f8f800000000000000000000f8f800000000000000000000f8f800000000000000000000f8f800000000000000000000f8f800
02:13:56.496 [DEBUG] [serial] Sin header 0xAA, descartando 128 bytes: 0000000000f8f8000000000000000000
02:13:56.514 [DEBUG] [serial] RX 128 bytes: 000000000000000000f8f800000000000000000000f8f800000000000000000000f8f800000000000000000000f8f800000000000000000000f8f800000000000000000000f8f800000000000000000000f8f800000000000000000000f8f800000000000000000000f8f800000000000000000000f8f8000000000000000000
02:13:56.514 [DEBUG] [serial] Sin header 0xAA, descartando 128 bytes: 000000000000000000f8f80000000000
02:13:56.533 [DEBUG] [serial] RX 128 bytes: 00f8f800000000000000000000f8f800000000000000000000f8f800000000000000000000f8f800000000000000000000f8f800000000000000000000f8f800000000000000000000f8f800000000000000000000f8f800000000000000000000f8f800000000000000000000f8f800000000000000000000f8f80000000000
02:13:56.533 [DEBUG] [serial] Sin header 0xAA, descartando 128 bytes: 00f8f800000000000000000000f8f800
02:13:56.551 [DEBUG] [serial] RX 128 bytes: 0000000000f8f800000000000000000000f8f800000000000000000000f8f800000000000000000000f8f800000000000000000000f8f800000000000000000000f8f800000000000000000000f8f800000000000000000000f8f800000000000000000000f8f800000000000000000000f8f800000000000000000000f8f800
02:13:56.551 [DEBUG] [serial] Sin header 0xAA, descartando 128 bytes: 0000000000f8f8000000000000000000
02:13:56.570 [DEBUG] [serial] RX 128 bytes: 000000000000000000f8f800000000000000000000f8f800000000000000000000f8f800000000000000000000f8f800000000000000000000f8f800000000000000000000f8f800000000000000000000f8f800000000000000000000f8f800000000000000000000f8f800000000000000000000f8f8000000000000000000
02:13:56.570 [DEBUG] [serial] Sin header 0xAA, descartando 128 bytes: 000000000000000000f8f80000000000
02:13:56.588 [DEBUG] [serial] RX 128 bytes: 00f8f800000000000000000000f8f800000000000000000000f8f800000000000000000000f8f800000000000000000000f8f800000000000000000000f8f800000000000000000000f8f800000000000000000000f8f800000000000000000000f8f800000000000000000000f8f800000000000000000000f8f80000000000
02:13:56.589 [DEBUG] [serial] Sin header 0xAA, descartando 128 bytes: 00f8f800000000000000000000f8f800
02:13:56.607 [DEBUG] [serial] RX 128 bytes: 0000000000f8f800000000000000000000f8f800000000000000000000f8f800000000000000000000f8f800000000000000000000f8f800000000000000000000f8f800000000000000000000f8f800000000000000000000f8f800000000000000000000f8f800000000000000000000f8f800000000000000000000f8f800
02:13:56.607 [DEBUG] [serial] Sin header 0xAA, descartando 128 bytes: 0000000000f8f8000000000000000000
02:13:56.626 [DEBUG] [serial] RX 128 bytes: 000000000000000000f8f800000000000000000000f8f800000000000000000000f8f800000000000000000000f8f800000000000000000000f8f800000000000000000000f8f800000000000000000000f8f800000000000000000000f8f800000000000000000000f8f800000000000000000000f8f8000000000000000000
02:13:56.626 [DEBUG] [serial] Sin header 0xAA, descartando 128 bytes: 000000000000000000f8f80000000000
02:13:56.644 [DEBUG] [serial] RX 128 bytes: 00f8f800000000000000000000f8f800000000000000000000f8f800000000000000000000f8f800000000000000000000f8f800000000000000000000f8f800000000000000000000f8f800000000000000000000f8f800000000000000000000f8f800000000000000000000f8f800000000000000000000f8f80000000000
02:13:56.644 [DEBUG] [serial] Sin header 0xAA, descartando 128 bytes: 00f8f800000000000000000000f8f800
02:13:56.663 [DEBUG] [serial] RX 128 bytes: 0000000000f8f800000000000000000000f8f800000000000000000000f8f800000000000000000000f8f800000000000000000000f8f800000000000000000000f8f800000000000000000000f8f800000000000000000000f8f800000000000000000000f8f800000000000000000000f8f800000000000000000000f8f800
02:13:56.663 [DEBUG] [serial] Sin header 0xAA, descartando 128 bytes: 0000000000f8f8000000000000000000
02:13:56.682 [DEBUG] [serial] RX 128 bytes: 000000000000000000f8f800000000000000000000f8f800000000000000000000f8f800000000000000000000f8f800000000000000000000f8f800000000000000000000f8f800000000000000000000f8f800000000000000000000f8f800000000000000000000f8f800000000000000000000f8f8000000000000000000
02:13:56.682 [DEBUG] [serial] Sin header 0xAA, descartando 128 bytes: 000000000000000000f8f80000000000
02:13:56.700 [DEBUG] [serial] RX 128 bytes: 00f8f800000000000000000000f8f800000000000000000000f8f800000000000000000000f8f800000000000000000000f8f800000000000000000000f8f800000000000000000000f8f800000000000000000000f8f800000000000000000000f8f800000000000000000000f8f800000000000000000000f8f80000000000
02:13:56.700 [DEBUG] [serial] Sin header 0xAA, descartando 128 bytes: 00f8f800000000000000000000f8f800
02:13:56.719 [DEBUG] [serial] RX 128 bytes: 0000000000f8f800000000000000000000f8f800000000000000000000f8f800000000000000000000f8f800000000000000000000f8f800000000000000000000f8f800000000000000000000f8f800000000000000000000f8f800000000000000000000f8f800000000000000000000f8f800000000000000000000f8f800
02:13:56.719 [DEBUG] [serial] Sin header 0xAA, descartando 128 bytes: 0000000000f8f8000000000000000000
02:13:56.738 [DEBUG] [serial] RX 128 bytes: 000000000000000000f8f800000000000000000000f8f800000000000000000000f8f800000000000000000000f8f800000000000000000000f8f800000000000000000000f8f800000000000000000000f8f800000000000000000000f8f800000000000000000000f8f800000000000000000000f8f8000000000000000000
02:13:56.738 [DEBUG] [serial] Sin header 0xAA, descartando 128 bytes: 000000000000000000f8f80000000000
02:13:56.756 [DEBUG] [serial] RX 128 bytes: 00f8f800000000000000000000f8f800000000000000000000f8f800000000000000000000f8f800000000000000000000f8f800000000000000000000f8f800000000000000000000f8f800000000000000000000f8f800000000000000000000f8f800000000000000000000f8f800000000000000000000f8f80000000000
02:13:56.756 [DEBUG] [serial] Sin header 0xAA, descartando 128 bytes: 00f8f800000000000000000000f8f800
02:13:56.775 [DEBUG] [serial] RX 128 bytes: 0000000000f8f800000000000000000000f8f800000000000000000000f8f800000000000000000000f8f800000000000000000000f8f800000000000000000000f8f800000000000000000000f8f800000000000000000000f8f800000000000000000000f8f800000000000000000000f8f800000000000000000000f8f800
02:13:56.775 [DEBUG] [serial] Sin header 0xAA, descartando 128 bytes: 0000000000f8f8000000000000000000
02:13:56.793 [DEBUG] [serial] RX 128 bytes: 000000000000000000f8f800000000000000000000f8f800000000000000000000f8f800000000000000000000f8f800000000000000000000f8f800000000000000000000f8f800000000000000000000f8f800000000000000000000f8f800000000000000000000f8f800000000000000000000f8f8000000000000000000
02:13:56.793 [DEBUG] [serial] Sin header 0xAA, descartando 128 bytes: 000000000000000000f8f80000000000
02:13:56.812 [DEBUG] [serial] RX 128 bytes: 00f8f800000000000000000000f8f800000000000000000000f8f800000000000000000000f8f800000000000000000000f8f800000000000000000000f8f800000000000000000000f8f800000000000000000000f8f800000000000000000000f8f800000000000000000000f8f800000000000000000000f8f80000000000
02:13:56.812 [DEBUG] [serial] Sin header 0xAA, descartando 128 bytes: 00f8f800000000000000000000f8f800
02:13:56.830 [DEBUG] [serial] RX 128 bytes: 0000000000f8f800000000000000000000f8f800000000000000000000f8f800000000000000000000f8f800000000000000000000f8f800000000000000000000f8f800000000000000000000f8f800000000000000000000f8f800000000000000000000f8f800000000000000000000f8f800000000000000000000f8f800
02:13:56.830 [DEBUG] [serial] Sin header 0xAA, descartando 128 bytes: 0000000000f8f8000000000000000000
02:13:56.849 [DEBUG] [serial] RX 128 bytes: 000000000000000000f8f800000000000000000000f8f800000000000000000000f8f800000000000000000000f8f800000000000000000000f8f800000000000000000000f8f800000000000000000000f8f800000000000000000000f8f800000000000000000000f8f800000000000000000000f8f8000000000000000000
02:13:56.849 [DEBUG] [serial] Sin header 0xAA, descartando 128 bytes: 000000000000000000f8f80000000000
02:13:56.868 [DEBUG] [serial] RX 128 bytes: 00f8f800000000000000000000f8f800000000000000000000f8f800000000000000000000f8f800000000000000000000f8f800000000000000000000f8f800000000000000000000f8f800000000000000000000f8f800000000000000000000f8f800000000000000000000f8f800000000000000000000f8f80000000000
02:13:56.868 [DEBUG] [serial] Sin header 0xAA, descartando 128 bytes: 00f8f800000000000000000000f8f800
02:13:56.886 [DEBUG] [serial] RX 128 bytes: 0000000000f8f800000000000000000000f8f800000000000000000000f8f800000000000000000000f8f800000000000000000000f8f800000000000000000000f8f800000000000000000000f8f800000000000000000000f8f800000000000000000000f8f800000000000000000000f8f800000000000000000000f8f800
02:13:56.886 [DEBUG] [serial] Sin header 0xAA, descartando 128 bytes: 0000000000f8f8000000000000000000
02:13:56.905 [DEBUG] [serial] RX 128 bytes: 000000000000000000f8f800000000000000000000f8f800000000000000000000f8f800000000000000000000f8f800000000000000000000f8f800000000000000000000f8f800000000000000000000f8f800000000000000000000f8f800000000000000000000f8f800000000000000000000f8f8000000000000000000
02:13:56.905 [DEBUG] [serial] Sin header 0xAA, descartando 128 bytes: 000000000000000000f8f80000000000
02:13:56.923 [DEBUG] [serial] RX 128 bytes: 00f8f800000000000000000000f8f800000000000000000000f8f800000000000000000000f8f800000000000000000000f8f800000000000000000000f8f800000000000000000000f8f800000000000000000000f8f800000000000000000000f8f800000000000000000000f8f800000000000000000000f8f80000000000
02:13:56.924 [DEBUG] [serial] Sin header 0xAA, descartando 128 bytes: 00f8f800000000000000000000f8f800
02:13:56.942 [DEBUG] [serial] RX 128 bytes: 0000000000f8f800000000000000000000f8f800000000000000000000f8f800000000000000000000f8f800000000000000000000f8f800000000000000000000f8f800000000000000000000f8f800000000000000000000f8f800000000000000000000f8f800000000000000000000f8f800000000000000000000f8f800
02:13:56.942 [DEBUG] [serial] Sin header 0xAA, descartando 128 bytes: 0000000000f8f8000000000000000000
02:13:56.961 [DEBUG] [serial] RX 128 bytes: 000000000000000000f8f800000000000000000000f8f800000000000000000000f8f800000000000000000000f8f800000000000000000000f8f800000000000000000000f8f800000000000000000000f8f800000000000000000000f8f800000000000000000000f8f800000000000000000000f8f8000000000000000000
02:13:56.961 [DEBUG] [serial] Sin header 0xAA, descartando 128 bytes: 000000000000000000f8f80000000000
02:13:56.980 [DEBUG] [serial] RX 128 bytes: 00f8f800000000000000000000f8f800000000000000000000f8f800000000000000000000f8f800000000000000000000f8f800000000000000000000f8f800000000000000000000f8f800000000000000000000f8f800000000000000000000f8f800000000000000000000f8f800000000000000000000f8f80000000000
02:13:56.980 [DEBUG] [serial] Sin header 0xAA, descartando 128 bytes: 00f8f800000000000000000000f8f800
02:13:56.998 [DEBUG] [serial] RX 128 bytes: 0000000000f8f800000000000000000000f8f800000000000000000000f8f800000000000000000000f8f800000000000000000000f8f800000000000000000000f8f800000000000000000000f8f800000000000000000000f8f800000000000000000000f8f800000000000000000000f8f800000000000000000000f8f800
02:13:56.998 [DEBUG] [serial] Sin header 0xAA, descartando 128 bytes: 0000000000f8f8000000000000000000
02:13:57.017 [DEBUG] [serial] RX 128 bytes: 000000000000000000f8f800000000000000000000f8f800000000000000000000f8f800000000000000000000f8f800000000000000000000f8f800000000000000000000f8f800000000000000000000f8f800000000000000000000f8f800000000000000000000f8f800000000000000000000f8f8000000000000000000
02:13:57.017 [DEBUG] [serial] Sin header 0xAA, descartando 128 bytes: 000000000000000000f8f80000000000
02:13:57.035 [DEBUG] [serial] RX 128 bytes: 00f8f800000000000000000000f8f800000000000000000000f8f800000000000000000000f8f800000000000000000000f8f800000000000000000000f8f800000000000000000000f8f800000000000000000000f8f800000000000000000000f8f800000000000000000000f8f800000000000000000000f8f80000000000
02:13:57.036 [DEBUG] [serial] Sin header 0xAA, descartando 128 bytes: 00f8f800000000000000000000f8f800
02:13:57.054 [DEBUG] [serial] RX 128 bytes: 0000000000f8f800000000000000000000f8f800000000000000000000f8f800000000000000000000f8f800000000000000000000f8f800000000000000000000f8f800000000000000000000f8f800000000000000000000f8f800000000000000000000f8f800000000000000000000f8f800000000000000000000f8f800
02:13:57.054 [DEBUG] [serial] Sin header 0xAA, descartando 128 bytes: 0000000000f8f8000000000000000000
02:13:57.073 [DEBUG] [serial] RX 128 bytes: 000000000000000000f8f800000000000000000000f8f800000000000000000000f8f800000000000000000000f8f800000000000000000000f8f800000000000000000000f8f800000000000000000000f8f800000000000000000000f8f800000000000000000000f8f800000000000000000000f8f8000000000000000000
02:13:57.073 [DEBUG] [serial] Sin header 0xAA, descartando 128 bytes: 000000000000000000f8f80000000000
02:13:57.091 [DEBUG] [serial] RX 128 bytes: 00f8f800000000000000000000f8f800000000000000000000f8f800000000000000000000f8f800000000000000000000f8f800000000000000000000f8f800000000000000000000f8f800000000000000000000f8f800000000000000000000f8f800000000000000000000f8f800000000000000000000f8f80000000000
02:13:57.091 [DEBUG] [serial] Sin header 0xAA, descartando 128 bytes: 00f8f800000000000000000000f8f800
02:13:57.110 [DEBUG] [serial] RX 128 bytes: 0000000000f8f800000000000000000000f8f800000000000000000000f8f800000000000000000000f8f800000000000000000000f8f800000000000000000000f8f800000000000000000000f8f800000000000000000000f8f800000000000000000000f8f800000000000000000000f8f800000000000000000000f8f800
02:13:57.110 [DEBUG] [serial] Sin header 0xAA, descartando 128 bytes: 0000000000f8f8000000000000000000
02:13:57.128 [DEBUG] [serial] RX 128 bytes: 000000000000000000f8f800000000000000000000f8f800000000000000000000f8f800000000000000000000f8f800000000000000000000f8f800000000000000000000f8f800000000000000000000f8f800000000000000000000f8f800000000000000000000f8f800000000000000000000f8f8000000000000000000
02:13:57.129 [DEBUG] [serial] Sin header 0xAA, descartando 128 bytes: 000000000000000000f8f80000000000
02:13:57.147 [DEBUG] [serial] RX 128 bytes: 00f8f800000000000000000000f8f800000000000000000000f8f800000000000000000000f8f800000000000000000000f8f800000000000000000000f8f800000000000000000000f8f800000000000000000000f8f800000000000000000000f8f800000000000000000000f8f800000000000000000000f8f80000000000
02:13:57.147 [DEBUG] [serial] Sin header 0xAA, descartando 128 bytes: 00f8f800000000000000000000f8f800
02:13:57.165 [DEBUG] [serial] RX 128 bytes: 0000000000f8f800000000000000000000f8f800000000000000000000f8f800000000000000000000f8f800000000000000000000f8f800000000000000000000f8f800000000000000000000f8f800000000000000000000f8f800000000000000000000f8f800000000000000000000f8f800000000000000000000f8f800
02:13:57.166 [DEBUG] [serial] Sin header 0xAA, descartando 128 bytes: 0000000000f8f8000000000000000000
02:13:57.184 [DEBUG] [serial] RX 128 bytes: 000000000000000000f8f800000000000000000000f8f800000000000000000000f8f800000000000000000000f8f800000000000000000000f8f800000000000000000000f8f800000000000000000000f8f800000000000000000000f8f800000000000000000000f8f800000000000000000000f8f8000000000000000000
02:13:57.184 [DEBUG] [serial] Sin header 0xAA, descartando 128 bytes: 000000000000000000f8f80000000000
02:13:57.203 [DEBUG] [serial] RX 128 bytes: 00f8f800000000000000000000f8f800000000000000000000f8f800000000000000000000f8f800000000000000000000f8f800000000000000000000f8f800000000000000000000f8f800000000000000000000f8f800000000000000000000f8f800000000000000000000f8f800000000000000000000f8f80000000000
02:13:57.203 [DEBUG] [serial] Sin header 0xAA, descartando 128 bytes: 00f8f800000000000000000000f8f800
02:13:57.221 [DEBUG] [serial] RX 128 bytes: 0000000000f8f800000000000000000000f8f800000000000000000000f8f800000000000000000000f8f800000000000000000000f8f800000000000000000000f8f800000000000000000000f8f800000000000000000000f8f800000000000000000000f8f800000000000000000000f8f800000000000000000000f8f800
02:13:57.222 [DEBUG] [serial] Sin header 0xAA, descartando 128 bytes: 0000000000f8f8000000000000000000
02:13:57.240 [DEBUG] [serial] RX 128 bytes: 000000000000000000f8f800000000000000000000f8f800000000000000000000f8f800000000000000000000f8f800000000000000000000f8f800000000000000000000f8f800000000000000000000f8f800000000000000000000f8f800000000000000000000f8f800000000000000000000f8f8000000000000000000
02:13:57.240 [DEBUG] [serial] Sin header 0xAA, descartando 128 bytes: 000000000000000000f8f80000000000
02:13:57.259 [DEBUG] [serial] RX 128 bytes: 00f8f800000000000000000000f8f800000000000000000000f8f800000000000000000000f8f800000000000000000000f8f800000000000000000000f8f800000000000000000000f8f800000000000000000000f8f800000000000000000000f8f800000000000000000000f8f800000000000000000000f8f80000000000
02:13:57.259 [DEBUG] [serial] Sin header 0xAA, descartando 128 bytes: 00f8f800000000000000000000f8f800
02:13:57.277 [DEBUG] [serial] RX 128 bytes: 0000000000f8f800000000000000000000f8f800000000000000000000f8f800000000000000000000f8f800000000000000000000f8f800000000000000000000f8f800000000000000000000f8f800000000000000000000f8f800000000000000000000f8f800000000000000000000f8f800000000000000000000f8f800
02:13:57.277 [DEBUG] [serial] Sin header 0xAA, descartando 128 bytes: 0000000000f8f8000000000000000000
02:13:57.296 [DEBUG] [serial] RX 128 bytes: 000000000000000000f8f800000000000000000000f8f800000000000000000000f8f800000000000000000000f8f800000000000000000000f8f800000000000000000000f8f800000000000000000000f8f800000000000000000000f8f800000000000000000000f8f800000000000000000000f8f8000000000000000000
02:13:57.296 [DEBUG] [serial] Sin header 0xAA, descartando 128 bytes: 000000000000000000f8f80000000000
02:13:57.315 [DEBUG] [serial] RX 128 bytes: 00f8f800000000000000000000f8f800000000000000000000f8f800000000000000000000f8f800000000000000000000f8f800000000000000000000f8f800000000000000000000f8f800000000000000000000f8f800000000000000000000f8f800000000000000000000f8f800000000000000000000f8f80000000000
02:13:57.315 [DEBUG] [serial] Sin header 0xAA, descartando 128 bytes: 00f8f800000000000000000000f8f800
02:13:57.333 [DEBUG] [serial] RX 128 bytes: 0000000000f8f800000000000000000000f8f800000000000000000000f8f800000000000000000000f8f800000000000000000000f8f800000000000000000000f8f800000000000000000000f8f800000000000000000000f8f800000000000000000000f8f800000000000000000000f8f800000000000000000000f8f800
02:13:57.333 [DEBUG] [serial] Sin header 0xAA, descartando 128 bytes: 0000000000f8f8000000000000000000
02:13:57.352 [DEBUG] [serial] RX 128 bytes: 000000000000000000f8f800000000000000000000f8f800000000000000000000f8f800000000000000000000f8f800000000000000000000f8f800000000000000000000f8f800000000000000000000f8f800000000000000000000f8f800000000000000000000f8f800000000000000000000f8f8000000000000000000
02:13:57.352 [DEBUG] [serial] Sin header 0xAA, descartando 128 bytes: 000000000000000000f8f80000000000
02:13:57.370 [DEBUG] [serial] RX 128 bytes: 00f8f800000000000000000000f8f800000000000000000000f8f800000000000000000000f8f800000000000000000000f8f800000000000000000000f8f800000000000000000000f8f800000000000000000000f8f800000000000000000000f8f800000000000000000000f8f800000000000000000000f8f80000000000
02:13:57.371 [DEBUG] [serial] Sin header 0xAA, descartando 128 bytes: 00f8f800000000000000000000f8f800
02:13:57.389 [DEBUG] [serial] RX 128 bytes: 0000000000f8f800000000000000000000f8f800000000000000000000f8f800000000000000000000f8f800000000000000000000f8f800000000000000000000f8f800000000000000000000f8f800000000000000000000f8f800000000000000000000f8f800000000000000000000f8f800000000000000000000f8f800
02:13:57.389 [DEBUG] [serial] Sin header 0xAA, descartando 128 bytes: 0000000000f8f8000000000000000000
02:13:57.408 [DEBUG] [serial] RX 128 bytes: 000000000000000000f8f800000000000000000000f8f800000000000000000000f8f800000000000000000000f8f800000000000000000000f8f800000000000000000000f8f800000000000000000000f8f800000000000000000000f8f800000000000000000000f8f800000000000000000000f8f8000000000000000000
02:13:57.408 [DEBUG] [serial] Sin header 0xAA, descartando 128 bytes: 000000000000000000f8f80000000000
02:13:57.426 [DEBUG] [serial] RX 128 bytes: 00f8f800000000000000000000f8f800000000000000000000f8f800000000000000000000f8f800000000000000000000f8f800000000000000000000f8f800000000000000000000f8f800000000000000000000f8f800000000000000000000f8f800000000000000000000f8f800000000000000000000f8f80000000000
02:13:57.426 [DEBUG] [serial] Sin header 0xAA, descartando 128 bytes: 00f8f800000000000000000000f8f800
02:13:57.445 [DEBUG] [serial] RX 128 bytes: 0000000000f8f800000000000000000000f8f800000000000000000000f8f800000000000000000000f8f800000000000000000000f8f800000000000000000000f8f800000000000000000000f8f800000000000000000000f8f800000000000000000000f8f800000000000000000000f8f800000000000000000000f8f800
02:13:57.445 [DEBUG] [serial] Sin header 0xAA, descartando 128 bytes: 0000000000f8f8000000000000000000
02:13:57.464 [DEBUG] [serial] RX 128 bytes: 000000000000000000f8f800000000000000000000f8f800000000000000000000f8f800000000000000000000f8f800000000000000000000f8f800000000000000000000f8f800000000000000000000f8f800000000000000000000f8f800000000000000000000f8f800000000000000000000f8f8000000000000000000
02:13:57.464 [DEBUG] [serial] Sin header 0xAA, descartando 128 bytes: 000000000000000000f8f80000000000
02:13:57.482 [DEBUG] [serial] RX 128 bytes: 00f8f800000000000000000000f8f800000000000000000000f8f800000000000000000000f8f800000000000000000000f8f800000000000000000000f8f800000000000000000000f8f800000000000000000000f8f800000000000000000000f8f800000000000000000000f8f800000000000000000000f8f80000000000
02:13:57.482 [DEBUG] [serial] Sin header 0xAA, descartando 128 bytes: 00f8f800000000000000000000f8f800
02:13:57.501 [DEBUG] [serial] RX 128 bytes: 0000000000f8f800000000000000000000f8f800000000000000000000f8f800000000000000000000f8f800000000000000000000f8f800000000000000000000f8f800000000000000000000f8f800000000000000000000f8f800000000000000000000f8f800000000000000000000f8f800000000000000000000f8f800
02:13:57.501 [DEBUG] [serial] Sin header 0xAA, descartando 128 bytes: 0000000000f8f8000000000000000000
02:13:57.520 [DEBUG] [serial] RX 128 bytes: 000000000000000000f8f800000000000000000000f8f800000000000000000000f8f800000000000000000000f8f800000000000000000000f8f800000000000000000000f8f800000000000000000000f8f800000000000000000000f8f800000000000000000000f8f800000000000000000000f8f8000000000000000000
02:13:57.520 [DEBUG] [serial] Sin header 0xAA, descartando 128 bytes: 000000000000000000f8f80000000000
02:13:57.538 [DEBUG] [serial] RX 128 bytes: 00f8f800000000000000000000f8f800000000000000000000f8f800000000000000000000f8f800000000000000000000f8f800000000000000000000f8f800000000000000000000f8f800000000000000000000f8f800000000000000000000f8f800000000000000000000f8f800000000000000000000f8f80000000000
02:13:57.538 [DEBUG] [serial] Sin header 0xAA, descartando 128 bytes: 00f8f800000000000000000000f8f800
02:13:57.557 [DEBUG] [serial] RX 128 bytes: 0000000000f8f800000000000000000000f8f800000000000000000000f8f800000000000000000000f8f800000000000000000000f8f800000000000000000000f8f800000000000000000000f8f800000000000000000000f8f800000000000000000000f8f800000000000000000000f8f800000000000000000000f8f800
02:13:57.557 [DEBUG] [serial] Sin header 0xAA, descartando 128 bytes: 0000000000f8f8000000000000000000
02:13:57.575 [DEBUG] [serial] RX 128 bytes: 000000000000000000f8f800000000000000000000f8f800000000000000000000f8f800000000000000000000f8f800000000000000000000f8f800000000000000000000f8f800000000000000000000f8f800000000000000000000f8f800000000000000000000f8f800000000000000000000f8f8000000000000000000
02:13:57.576 [DEBUG] [serial] Sin header 0xAA, descartando 128 bytes: 000000000000000000f8f80000000000
02:13:57.594 [DEBUG] [serial] RX 128 bytes: 00f8f800000000000000000000f8f800000000000000000000f8f800000000000000000000f8f800000000000000000000f8f800000000000000000000f8f800000000000000000000f8f800000000000000000000f8f800000000000000000000f8f800000000000000000000f8f800000000000000000000f8f80000000000
02:13:57.594 [DEBUG] [serial] Sin header 0xAA, descartando 128 bytes: 00f8f800000000000000000000f8f800
02:13:57.613 [DEBUG] [serial] RX 128 bytes: 0000000000f8f800000000000000000000f8f800000000000000000000f8f800000000000000000000f8f800000000000000000000f8f800000000000000000000f8f800000000000000000000f8f800000000000000000000f8f800000000000000000000f8f800000000000000000000f8f800000000000000000000f8f800
02:13:57.613 [DEBUG] [serial] Sin header 0xAA, descartando 128 bytes: 0000000000f8f8000000000000000000
02:13:57.631 [DEBUG] [serial] RX 128 bytes: 000000000000000000f8f800000000000000000000f8f800000000000000000000f8f800000000000000000000f8f800000000000000000000f8f800000000000000000000f8f800000000000000000000f8f800000000000000000000f8f800000000000000000000f8f800000000000000000000f8f8000000000000000000
02:13:57.631 [DEBUG] [serial] Sin header 0xAA, descartando 128 bytes: 000000000000000000f8f80000000000
02:13:57.650 [DEBUG] [serial] RX 128 bytes: 00f8f800000000000000000000f8f800000000000000000000f8f800000000000000000000f8f800000000000000000000f8f800000000000000000000f8f800000000000000000000f8f800000000000000000000f8f800000000000000000000f8f800000000000000000000f8f800000000000000000000f8f80000000000
02:13:57.650 [DEBUG] [serial] Sin header 0xAA, descartando 128 bytes: 00f8f800000000000000000000f8f800
02:13:57.668 [DEBUG] [serial] RX 128 bytes: 0000000000f8f800000000000000000000f8f800000000000000000000f8f800000000000000000000f8f800000000000000000000f8f800000000000000000000f8f800000000000000000000f8f800000000000000000000f8f800000000000000000000f8f800000000000000000000f8f800000000000000000000f8f800
02:13:57.668 [DEBUG] [serial] Sin header 0xAA, descartando 128 bytes: 0000000000f8f8000000000000000000
02:13:57.687 [DEBUG] [serial] RX 128 bytes: 000000000000000000f8f800000000000000000000f8f800000000000000000000f8f800000000000000000000f8f800000000000000000000f8f800000000000000000000f8f800000000000000000000f8f800000000000000000000f8f800000000000000000000f8f800000000000000000000f8f8000000000000000000
02:13:57.687 [DEBUG] [serial] Sin header 0xAA, descartando 128 bytes: 000000000000000000f8f80000000000
02:13:57.706 [DEBUG] [serial] RX 128 bytes: 00f8f800000000000000000000f8f800000000000000000000f8f800000000000000000000f8f800000000000000000000f8f800000000000000000000f8f800000000000000000000f8f800000000000000000000f8f800000000000000000000f8f800000000000000000000f8f800000000000000000000f8f80000000000
02:13:57.706 [DEBUG] [serial] Sin header 0xAA, descartando 128 bytes: 00f8f800000000000000000000f8f800
02:13:57.724 [DEBUG] [serial] RX 128 bytes: 0000000000f8f800000000000000000000f8f800000000000000000000f8f800000000000000000000f8f800000000000000000000f8f800000000000000000000f8f800000000000000000000f8f800000000000000000000f8f800000000000000000000f8f800000000000000000000f8f800000000000000000000f8f800
02:13:57.724 [DEBUG] [serial] Sin header 0xAA, descartando 128 bytes: 0000000000f8f8000000000000000000
02:13:57.743 [DEBUG] [serial] RX 128 bytes: 000000000000000000f8f800000000000000000000f8f800000000000000000000f8f800000000000000000000f8f800000000000000000000f8f800000000000000000000f8f800000000000000000000f8f800000000000000000000f8f800000000000000000000f8f800000000000000000000f8f8000000000000000000
02:13:57.743 [DEBUG] [serial] Sin header 0xAA, descartando 128 bytes: 000000000000000000f8f80000000000
02:13:57.762 [DEBUG] [serial] RX 128 bytes: 00f8f800000000000000000000f8f800000000000000000000f8f800000000000000000000f8f800000000000000000000f8f800000000000000000000f8f800000000000000000000f8f800000000000000000000f8f800000000000000000000f8f800000000000000000000f8f800000000000000000000f8f80000000000
02:13:57.762 [DEBUG] [serial] Sin header 0xAA, descartando 128 bytes: 00f8f800000000000000000000f8f800
02:13:57.780 [DEBUG] [serial] RX 128 bytes: 0000000000f8f800000000000000000000f8f800000000000000000000f8f800000000000000000000f8f800000000000000000000f8f800000000000000000000f8f800000000000000000000f8f800000000000000000000f8f800000000000000000000f8f800000000000000000000f8f800000000000000000000f8f800
02:13:57.780 [DEBUG] [serial] Sin header 0xAA, descartando 128 bytes: 0000000000f8f8000000000000000000
02:13:57.799 [DEBUG] [serial] RX 128 bytes: 000000000000000000f8f800000000000000000000f8f800000000000000000000f8f800000000000000000000f8f800000000000000000000f8f800000000000000000000f8f800000000000000000000f8f800000000000000000000f8f800000000000000000000f8f800000000000000000000f8f8000000000000000000
02:13:57.799 [DEBUG] [serial] Sin header 0xAA, descartando 128 bytes: 000000000000000000f8f80000000000
02:13:57.817 [DEBUG] [serial] RX 128 bytes: 00f8f800000000000000000000f8f800000000000000000000f8f800000000000000000000f8f800000000000000000000f8f800000000000000000000f8f800000000000000000000f8f800000000000000000000f8f800000000000000000000f8f800000000000000000000f8f800000000000000000000f8f80000000000
02:13:57.818 [DEBUG] [serial] Sin header 0xAA, descartando 128 bytes: 00f8f800000000000000000000f8f800
02:13:57.836 [DEBUG] [serial] RX 128 bytes: 0000000000f8f800000000000000000000f8f800000000000000000000f8f800000000000000000000f8f800000000000000000000f8f800000000000000000000f8f800000000000000000000f8f800000000000000000000f8f800000000000000000000f8f800000000000000000000f8f800000000000000000000f8f800
02:13:57.836 [DEBUG] [serial] Sin header 0xAA, descartando 128 bytes: 0000000000f8f8000000000000000000
02:13:57.855 [DEBUG] [serial] RX 128 bytes: 000000000000000000f8f800000000000000000000f8f800000000000000000000f8f800000000000000000000f8f800000000000000000000f8f800000000000000000000f8f800000000000000000000f8f800000000000000000000f8f800000000000000000000f8f800000000000000000000f8f8000000000000000000
02:13:57.855 [DEBUG] [serial] Sin header 0xAA, descartando 128 bytes: 000000000000000000f8f80000000000
02:13:57.873 [DEBUG] [serial] RX 128 bytes: 00f8f800000000000000000000f8f800000000000000000000f8f800000000000000000000f8f800000000000000000000f8f800000000000000000000f8f800000000000000000000f8f800000000000000000000f8f800000000000000000000f8f800000000000000000000f8f800000000000000000000f8f80000000000
02:13:57.873 [DEBUG] [serial] Sin header 0xAA, descartando 128 bytes: 00f8f800000000000000000000f8f800
02:13:57.892 [DEBUG] [serial] RX 128 bytes: 0000000000f8f800000000000000000000f8f800000000000000000000f8f800000000000000000000f8f800000000000000000000f8f800000000000000000000f8f800000000000000000000f8f800000000000000000000f8f800000000000000000000f8f800000000000000000000f8f800000000000000000000f8f800
02:13:57.892 [DEBUG] [serial] Sin header 0xAA, descartando 128 bytes: 0000000000f8f8000000000000000000
02:13:57.911 [DEBUG] [serial] RX 128 bytes: 000000000000000000f8f800000000000000000000f8f800000000000000000000f8f800000000000000000000f8f800000000000000000000f8f800000000000000000000f8f800000000000000000000f8f800000000000000000000f8f800000000000000000000f8f800000000000000000000f8f8000000000000000000
02:13:57.911 [DEBUG] [serial] Sin header 0xAA, descartando 128 bytes: 000000000000000000f8f80000000000
02:13:57.929 [DEBUG] [serial] RX 128 bytes: 00f8f800000000000000000000f8f800000000000000000000f8f800000000000000000000f8f800000000000000000000f8f800000000000000000000f8f800000000000000000000f8f800000000000000000000f8f800000000000000000000f8f800000000000000000000f8f800000000000000000000f8f80000000000
02:13:57.929 [DEBUG] [serial] Sin header 0xAA, descartando 128 bytes: 00f8f800000000000000000000f8f800
02:13:57.948 [DEBUG] [serial] RX 128 bytes: 0000000000f8f800000000000000000000f8f800000000000000000000f8f800000000000000000000f8f800000000000000000000f8f800000000000000000000f8f800000000000000000000f8f800000000000000000000f8f800000000000000000000f8f800000000000000000000f8f800000000000000000000f8f800
02:13:57.948 [DEBUG] [serial] Sin header 0xAA, descartando 128 bytes: 0000000000f8f8000000000000000000
02:13:57.966 [DEBUG] [serial] RX 128 bytes: 000000000000000000f8f800000000000000000000f8f800000000000000000000f8f800000000000000000000f8f800000000000000000000f8f800000000000000000000f8f800000000000000000000f8f800000000000000000000f8f800000000000000000000f8f800000000000000000000f8f8000000000000000000
02:13:57.967 [DEBUG] [serial] Sin header 0xAA, descartando 128 bytes: 000000000000000000f8f80000000000
02:13:57.985 [DEBUG] [serial] RX 128 bytes: 00f8f800000000000000000000f8f800000000000000000000f8f800000000000000000000f8f800000000000000000000f8f800000000000000000000f8f800000000000000000000f8f800000000000000000000f8f800000000000000000000f8f800000000000000000000f8f800000000000000000000f8f80000000000
02:13:57.987 [DEBUG] [serial] Sin header 0xAA, descartando 128 bytes: 00f8f800000000000000000000f8f800
02:13:58.004 [DEBUG] [serial] RX 128 bytes: 0000000000f8f800000000000000000000f8f800000000000000000000f8f800000000000000000000f8f800000000000000000000f8f800000000000000000000f8f800000000000000000000f8f800000000000000000000f8f800000000000000000000f8f800000000000000000000f8f800000000000000000000f8f800
02:13:58.004 [DEBUG] [serial] Sin header 0xAA, descartando 128 bytes: 0000000000f8f8000000000000000000
02:13:58.022 [DEBUG] [serial] RX 128 bytes: 000000000000000000f8f800000000000000000000f8f800000000000000000000f8f800000000000000000000f8f800000000000000000000f8f800000000000000000000f8f800000000000000000000f8f800000000000000000000f8f800000000000000000000f8f800000000000000000000f8f8000000000000000000
02:13:58.023 [DEBUG] [serial] Sin header 0xAA, descartando 128 bytes: 000000000000000000f8f80000000000
02:13:58.041 [DEBUG] [serial] RX 128 bytes: 00f8f800000000000000000000f8f800000000000000000000f8f800000000000000000000f8f800000000000000000000f8f800000000000000000000f8f800000000000000000000f8f800000000000000000000f8f800000000000000000000f8f800000000000000000000f8f800000000000000000000f8f80000000000
02:13:58.041 [DEBUG] [serial] Sin header 0xAA, descartando 128 bytes: 00f8f800000000000000000000f8f800
02:13:58.059 [DEBUG] [serial] RX 128 bytes: 0000000000f8f800000000000000000000f8f800000000000000000000f8f800000000000000000000f8f800000000000000000000f8f800000000000000000000f8f800000000000000000000f8f800000000000000000000f8f800000000000000000000f8f800000000000000000000f8f800000000000000000000f8f800
02:13:58.060 [DEBUG] [serial] Sin header 0xAA, descartando 128 bytes: 0000000000f8f8000000000000000000
02:13:58.079 [DEBUG] [serial] RX 128 bytes: 000000000000000000f8f800000000000000000000f8f800000000000000000000f8f800000000000000000000f8f800000000000000000000f8f800000000000000000000f8f800000000000000000000f8f800000000000000000000f8f800000000000000000000f8f800000000000000000000f8f8000000000000000000
02:13:58.079 [DEBUG] [serial] Sin header 0xAA, descartando 128 bytes: 000000000000000000f8f80000000000
02:13:58.097 [DEBUG] [serial] RX 128 bytes: 00f8f800000000000000000000f8f800000000000000000000f8f800000000000000000000f8f800000000000000000000f8f800000000000000000000f8f800000000000000000000f8f800000000000000000000f8f800000000000000000000f8f800000000000000000000f8f800000000000000000000f8f80000000000
02:13:58.097 [DEBUG] [serial] Sin header 0xAA, descartando 128 bytes: 00f8f800000000000000000000f8f800
02:13:58.115 [DEBUG] [serial] RX 128 bytes: 0000000000f8f800000000000000000000f8f800000000000000000000f8f800000000000000000000f8f800000000000000000000f8f800000000000000000000f8f800000000000000000000f8f800000000000000000000f8f800000000000000000000f8f800000000000000000000f8f800000000000000000000f8f800
02:13:58.115 [DEBUG] [serial] Sin header 0xAA, descartando 128 bytes: 0000000000f8f8000000000000000000
02:13:58.134 [DEBUG] [serial] RX 128 bytes: 000000000000000000f8f800000000000000000000f8f800000000000000000000f8f800000000000000000000f8f800000000000000000000f8f800000000000000000000f8f800000000000000000000f8f800000000000000000000f8f800000000000000000000f8f800000000000000000000f8f8000000000000000000
02:13:58.134 [DEBUG] [serial] Sin header 0xAA, descartando 128 bytes: 000000000000000000f8f80000000000
02:13:58.153 [DEBUG] [serial] RX 128 bytes: 00f8f800000000000000000000f8f800000000000000000000f8f800000000000000000000f8f800000000000000000000f8f800000000000000000000f8f800000000000000000000f8f800000000000000000000f8f800000000000000000000f8f800000000000000000000f8f800000000000000000000f8f80000000000
02:13:58.153 [DEBUG] [serial] Sin header 0xAA, descartando 128 bytes: 00f8f800000000000000000000f8f800
02:13:58.171 [DEBUG] [serial] RX 128 bytes: 0000000000f8f800000000000000000000f8f800000000000000000000f8f800000000000000000000f8f800000000000000000000f8f800000000000000000000f8f800000000000000000000f8f800000000000000000000f8f800000000000000000000f8f800000000000000000000f8f800000000000000000000f8f800
02:13:58.171 [DEBUG] [serial] Sin header 0xAA, descartando 128 bytes: 0000000000f8f8000000000000000000
02:13:58.191 [DEBUG] [serial] RX 128 bytes: 000000000000000000f8f800000000000000000000f8f800000000000000000000f8f800000000000000000000f8f800000000000000000000f8f800000000000000000000f8f800000000000000000000f8f800000000000000000000f8f800000000000000000000f8f800000000000000000000f8f8000000000000000000
02:13:58.191 [INFO] [GUI] Cerrando ventana...
02:13:58.191 [DEBUG] [serial] Sin header 0xAA, descartando 128 bytes: 000000000000000000f8f80000000000
02:13:58.191 [INFO] [serial] Encolando TX CMD_STOP (close): bb05
02:13:58.191 [INFO] [serial] Solicitando parada del worker...
02:13:58.208 [INFO] [serial] TX CMD_STOP (close): bb05
02:13:58.209 [DEBUG] [serial] TX OK: 2 bytes escritos
02:13:58.209 [DEBUG] [serial] RX 128 bytes: 00f8f800000000000000000000f8f800000000000000000000f8f800000000000000000000f8f800000000000000000000f8f800000000000000000000f8f800000000000000000000f8f800000000000000000000f8f800000000000000000000f8f800000000000000000000f8f800000000000000000000f8f80000000000
02:13:58.209 [DEBUG] [serial] Sin header 0xAA, descartando 128 bytes: 00f8f800000000000000000000f8f800
02:13:58.209 [INFO] [serial] Loop de lectura terminado.
02:13:58.209 [INFO] [serial] Puerto cerrado.
02:13:58.210 [INFO] [GUI] Worker terminado, cerrando.
02:13:58.219 [INFO] [GUI] app.exec_() retorno con codigo 0
