19:34:58.361 [INFO] Log file: C:\Github\Tesis\src\python\geophone_scope - Copy\logs\scope_min_20260419_193458.log
19:34:58.361 [INFO] ============================================================
19:34:58.362 [INFO] scope_min.py arrancando
19:34:58.362 [INFO] ============================================================
19:34:58.362 [INFO] [USB] Buscando dispositivo Cypress (VID=0x04B4)...
19:34:58.367 [INFO] [USB] Puertos encontrados: 1
19:34:58.367 [INFO] [USB]   COM3 | VID=0x04b4 | PID=0xf232 | desc=USB Serial Device (COM3)
19:34:58.368 [INFO] [USB] -> Cypress encontrado en COM3
19:34:58.368 [INFO] Usando puerto: COM3
19:34:58.378 [INFO] [GUI] Iniciando ScopeWindow, puerto=COM3
19:34:58.379 [INFO] [GUI] Construyendo UI...
19:34:58.545 [INFO] [GUI] UI construida OK
19:34:58.545 [INFO] [GUI] Creando SerialWorker para COM3
19:34:58.545 [INFO] [serial] Abriendo puerto COM3 ...
19:34:58.545 [INFO] [GUI] SerialWorker iniciado
19:34:58.546 [INFO] [GUI] Timer de refresh iniciado (80ms)
19:34:58.546 [INFO] [GUI] ScopeWindow lista
19:34:58.729 [INFO] [GUI] app.exec_() — entrando en event loop Qt
19:34:58.730 [INFO] [serial] Puerto abierto: Serial<id=0x1f3a6163e20, open=True>(port='COM3', baudrate=115200, bytesize=8, parity='N', stopbits=1, timeout=0.1, xonxoff=False, rtscts=False, dsrdtr=False)
19:34:58.730 [INFO] [serial] Entrando en loop de lectura...
19:35:01.451 [INFO] [GUI] Click START
19:35:01.452 [INFO] [serial] Encolando TX CMD_START: bb04
19:35:01.554 [INFO] [serial] TX CMD_START: bb04
19:35:01.555 [DEBUG] [serial] TX OK: 2 bytes escritos
19:35:05.297 [INFO] [GUI] Click MuxOut -> 1
19:35:05.297 [INFO] [serial] Encolando TX CMD_MUX_OUT sel=1: bb0201
19:35:05.357 [INFO] [serial] TX CMD_MUX_OUT sel=1: bb0201
19:35:05.357 [DEBUG] [serial] TX OK: 3 bytes escritos
19:35:07.548 [INFO] [GUI] Click MuxIn -> 1
19:35:07.548 [INFO] [serial] Encolando TX CMD_MUX_IN sel=1: bb0101
19:35:07.635 [INFO] [serial] TX CMD_MUX_IN sel=1: bb0101
19:35:07.636 [DEBUG] [serial] TX OK: 3 bytes escritos
19:35:09.296 [INFO] [GUI] Click MuxOut -> 0
19:35:09.297 [INFO] [serial] Encolando TX CMD_MUX_OUT sel=0: bb0200
19:35:09.373 [INFO] [serial] TX CMD_MUX_OUT sel=0: bb0200
19:35:09.373 [DEBUG] [serial] TX OK: 3 bytes escritos
19:36:14.220 [INFO] [GUI] Freq cambiada a 1.0 Hz (freq_dh=10)
19:36:14.220 [INFO] [serial] Encolando TX CMD_FREQ freq=1.0Hz dh=10: bb03000a
19:36:14.261 [INFO] [serial] TX CMD_FREQ freq=1.0Hz dh=10: bb03000a
19:36:14.262 [DEBUG] [serial] TX OK: 4 bytes escritos
19:36:14.302 [INFO] [GUI] Click STOP
19:36:14.302 [INFO] [serial] Encolando TX CMD_STOP: bb05
19:36:14.370 [INFO] [serial] TX CMD_STOP: bb05
19:36:14.370 [DEBUG] [serial] TX OK: 2 bytes escritos
19:36:14.801 [INFO] [GUI] Click START
19:36:14.801 [INFO] [serial] Encolando TX CMD_START: bb04
19:36:14.806 [INFO] [serial] TX CMD_START: bb04
19:36:14.806 [DEBUG] [serial] TX OK: 2 bytes escritos
19:36:15.732 [INFO] [GUI] Click STOP
19:36:15.732 [INFO] [serial] Encolando TX CMD_STOP: bb05
19:36:15.787 [INFO] [serial] TX CMD_STOP: bb05
19:36:15.787 [DEBUG] [serial] TX OK: 2 bytes escritos
19:36:17.561 [INFO] [GUI] Freq cambiada a 1.0 Hz (freq_dh=10)
19:36:17.561 [INFO] [serial] Encolando TX CMD_FREQ freq=1.0Hz dh=10: bb03000a
19:36:17.638 [INFO] [serial] TX CMD_FREQ freq=1.0Hz dh=10: bb03000a
19:36:17.639 [DEBUG] [serial] TX OK: 4 bytes escritos
19:36:18.509 [INFO] [GUI] Click MuxOut -> 1
19:36:18.509 [INFO] [serial] Encolando TX CMD_MUX_OUT sel=1: bb0201
19:36:18.617 [INFO] [serial] TX CMD_MUX_OUT sel=1: bb0201
19:36:18.617 [DEBUG] [serial] TX OK: 3 bytes escritos
19:36:19.689 [INFO] [GUI] Cerrando ventana...
19:36:19.689 [INFO] [serial] Encolando TX CMD_STOP (close): bb05
19:36:19.689 [INFO] [serial] Solicitando parada del worker...
19:36:19.705 [INFO] [serial] TX CMD_STOP (close): bb05
19:36:19.705 [DEBUG] [serial] TX OK: 2 bytes escritos
19:36:19.711 [INFO] [serial] Loop de lectura terminado.
19:36:19.711 [INFO] [serial] Puerto cerrado.
19:36:19.711 [INFO] [GUI] Worker terminado, cerrando.
19:36:19.717 [INFO] [GUI] app.exec_() retorno con codigo 0
