01:53:50.227 [INFO] Log file: C:\Github\Tesis\src\python\geophone_scope - Copy\logs\scope_min_20260420_015350.log
01:53:50.227 [INFO] ============================================================
01:53:50.227 [INFO] scope_min.py arrancando
01:53:50.228 [INFO] ============================================================
01:53:50.228 [INFO] [USB] Buscando dispositivo Cypress por UART (COM port)...
01:53:50.235 [INFO] [USB] Puertos encontrados: 1
01:53:50.235 [INFO] [USB] Usando puerto: COM7 (KitProg USB-UART (COM7))
01:53:50.235 [INFO] Usando puerto: COM7
01:53:50.246 [INFO] [GUI] Iniciando ScopeWindow, puerto=COM7
01:53:50.247 [INFO] [GUI] Construyendo UI...
01:53:50.423 [INFO] [GUI] UI construida OK
01:53:50.424 [INFO] [GUI] Creando SerialWorker para COM7
01:53:50.424 [INFO] [serial] Abriendo puerto COM7 ...
01:53:50.425 [INFO] [GUI] SerialWorker iniciado
01:53:50.425 [INFO] [GUI] Timer de refresh iniciado (80ms)
01:53:50.425 [INFO] [GUI] ScopeWindow lista
01:53:50.618 [INFO] [GUI] app.exec_() — entrando en event loop Qt
01:53:50.618 [INFO] [serial] Puerto abierto: Serial<id=0x1a4886bae90, open=True>(port='COM7', baudrate=115200, bytesize=8, parity='N', stopbits=1, timeout=0.1, xonxoff=False, rtscts=False, dsrdtr=False)
01:53:50.618 [INFO] [serial] Entrando en loop de lectura...
01:53:50.654 [DEBUG] [serial] RX 128 bytes: 10f05210f24210f05210f04202f05210f05210f24202f05210f24202f04202f05210f24202f04210f05202f24210f05202f24210f05202f25210f05202f25210f04202f05210f25202f25210f04202f04210f05202f25210f04202f05210f24210f05202f24210f05202f05210f24210f05210f24210f05202f24210f05210f2
01:53:50.659 [DEBUG] [serial] Sin header 0xAA, descartando 128 bytes: 10f05210f24210f05210f04202f05210
01:53:50.689 [DEBUG] [serial] RX 128 bytes: 4210f05202f24210f05202f25210f05202f25210f04210f05202f05210f04202f05202f24210f05202f05210f24210f05210f25210f04202f05210f04202f05210f04202f04210f05202f05210f24202f05210f25210f04202f05210f04200f05202f24202f05210f24210f05202f24200f05210f24210f05210f24210f05202
01:53:50.689 [DEBUG] [serial] Sin header 0xAA, descartando 128 bytes: 4210f05202f24210f05202f25210f052
01:53:50.725 [DEBUG] [serial] RX 128 bytes: f25210f05202f25210f04202f05210f04200f05202f25210f05210f24210f05202f24210f05210f24210f05202f24202f05210f04202f04210f05202f25210f04202f04210f05202f05210f05210f24210f05202f25210f05210f24210f05202f24202f05210f05202f24210f05210f24210f05202f04210f05202f24210f052
01:53:50.725 [DEBUG] [serial] Sin header 0xAA, descartando 128 bytes: f25210f05202f25210f04202f05210f0
01:53:50.760 [DEBUG] [serial] RX 128 bytes: 02f24202f05210f05202f24202f05210f05202f24210f05210f05202f05210f05202f25210f04202f05210f25202f05210f04202f04210f05202f25210f24200f05210f04210f05210f24202f05210f25210f05202f04210f05202f24210f05210f24202f05210f04202f04210f05202f05210f05210f24202f05210f24210f0
01:53:50.760 [DEBUG] [serial] Sin header 0xAA, descartando 128 bytes: 02f24202f05210f05202f24202f05210
01:53:50.796 [DEBUG] [serial] RX 128 bytes: 5210f24210f05202f24202f05210f24210f05202f24210f05202f05210f05202f25210f04202f05210f24210f05202f25210f05210f24210f04202f05210f24202f05210f25210f05202f25210f04202f05210f24202f05210f25210f05202f25210f04202f05210f25202f25210f24200f05210f04202f05210f25210f05210
01:53:50.796 [DEBUG] [serial] Sin header 0xAA, descartando 128 bytes: 5210f24210f05202f24202f05210f242
01:53:50.831 [DEBUG] [serial] RX 128 bytes: f24210f05202f04210f05202f25210f04202f05210f04210f05210f24202f05210f24210f05210f25202f25210f05202f24202f05210f05202f24210f05210f05202f24210f05210f04202f05210f05202f24202f05210f24210f05210f04202f05210f24210f05210f04202f05210f05210f24202f05210f04202f04202f052
01:53:50.832 [DEBUG] [serial] Sin header 0xAA, descartando 128 bytes: f24210f05202f04210f05202f25210f0
01:53:50.867 [DEBUG] [serial] RX 128 bytes: 10f24202f04210f05202f24210f05210f25202f24210f05210f24202f05210f04202f05210f25202f25210f05202f24202f05210f24202f05210f05202f25210f05202f04210f05202f05210f24210f05210f05202f25210f05202f25210f04202f05210f24202f05210f24210f05210f04210f05202f05210f24202f05202f2
01:53:50.867 [DEBUG] [serial] Sin header 0xAA, descartando 128 bytes: 10f24202f04210f05202f24210f05210
01:53:50.903 [DEBUG] [serial] RX 128 bytes: 5210f24202f05210f24210f05202f24210f05202f25210f05202f25210f05202f05210f25202f05210f04202f04210f04202f05210f24210f05210f04202f05210f24202f05210f25210f04202f04210f05202f24210f05202f25210f04202f05210f25202f25210f04202f04210f04202f05210f24202f04210f05202f25210
01:53:50.903 [DEBUG] [serial] Sin header 0xAA, descartando 128 bytes: 5210f24202f05210f24210f05202f242
01:53:50.938 [DEBUG] [serial] RX 128 bytes: f25202f25210f04202f05202f24202f05210f24210f05210f04202f05210f25210f05202f25210f04202f05210f04210f05202f25210f05202f25210f04202f04210f05210f24210f05202f24210f05202f25210f05202f24210f05202f05210f05210f24210f05210f25202f05210f05202f05210f25202f25210f05202f242
01:53:50.939 [DEBUG] [serial] Sin header 0xAA, descartando 128 bytes: f25202f25210f04202f05202f24202f0
01:53:50.974 [DEBUG] [serial] RX 128 bytes: 10f05202f25210f04210f05210f04202f05210f05202f25210f05202f05210f05202f25210f04202f04210f05202f05210f04202f04210f05202f25210f05210f24210f05202f25210f05202f25210f05202f24210f05202f25210f05202f04210f05202f25210f05202f25210f05202f25210f05202f24210f05202f04210f0
01:53:50.974 [DEBUG] [serial] Sin header 0xAA, descartando 128 bytes: 10f05202f25210f04210f05210f04202
01:53:51.009 [DEBUG] [serial] RX 128 bytes: 5210f24210f05202f24210f05202f25210f05202f05210f04202f05210f05202f24210f04202f05210f04202f05210f24210f05210f24210f05202f24210f05202f24210f05210f25202f24210f05202f24202f05210f05202f05210f05210f24210f05210f25202f05210f04202f05210f24202f05210f24202f04210f05202
01:53:51.010 [DEBUG] [serial] Sin header 0xAA, descartando 128 bytes: 5210f24210f05202f24210f05202f252
01:53:51.045 [DEBUG] [serial] RX 128 bytes: f25210f04202f05210f04202f05210f25202f25210f04202f05210f05202f25210f05202f04210f05202f05210f24210f05210f05202f05210f05202f25210f04202f05210f05210f24210f05202f24210f05210f24210f05202f04210f05210f24200f04210f05202f25210f04202f05210f05202f25210f05210f24210f052
01:53:51.045 [DEBUG] [serial] Sin header 0xAA, descartando 128 bytes: f25210f04202f05210f04202f05210f2
01:53:51.081 [DEBUG] [serial] RX 128 bytes: 10f24202f04210f05210f24210f05210f04202f05210f04202f04210f05202f24210f05210f04202f05210f04202f04210f05202f24210f05210f24202f05210f04202f04210f05202f24210f05210f24202f05210f04202f04210f05210f24202f04210f05210f24202f05210f25202f24210f05202f24210f05202f25210f0
01:53:51.082 [DEBUG] [serial] Sin header 0xAA, descartando 128 bytes: 10f24202f04210f05210f24210f05210
01:53:51.116 [DEBUG] [serial] RX 128 bytes: 5202f04210f04202f05210f05202f24210f05210f24210f04210f05210f24202f04210f05210f24202f04210f05210f05202f24200f04210f05210f24210f05210f25202f24210f05210f05210f05202f24210f05210f05210f24202f05210f25210f24210f05210f24202f04210f05202f24210f05210f04202f05210f24210
01:53:51.116 [DEBUG] [serial] Sin header 0xAA, descartando 128 bytes: 5202f04210f04202f05210f05202f242
01:53:51.152 [DEBUG] [serial] RX 128 bytes: f05210f05202f05210f05210f24200f05210f24202f04210f05210f24202f04210f05210f24202f05210f25202f24210f05210f25202f24210f05202f24210f05210f04202f05210f25202f25210f04202f05210f05210f24210f05202f24202f05210f24210f05210f25202f05210f05202f04210f05210f24210f05202f242
01:53:51.152 [DEBUG] [serial] Sin header 0xAA, descartando 128 bytes: f05210f05202f05210f05210f24200f0
01:53:51.187 [DEBUG] [serial] RX 128 bytes: 02f05210f25210f05210f24210f04202f05210f05202f25210f05202f24202f05210f24210f05210f24202f05210f04202f04210f05202f25210f04202f04210f05202f24210f05210f24202f05210f24210f05210f24210f04202f04210f04202f05202f25210f05202f25210f04202f04210f05202f05210f24202f04210f0
01:53:51.188 [DEBUG] [serial] Sin header 0xAA, descartando 128 bytes: 02f05210f25210f05210f24210f04202
01:53:51.223 [DEBUG] [serial] RX 128 bytes: 5202f24210f05210f24210f05202f05210f05210f24202f05210f05202f24210f05202f25210f05210f24210f05210f25202f25210f05202f25210f05210f24210f05202f24202f05210f05202f05210f25210f24210f05210f25202f25210f05202f05210f05202f25210f05202f24210f05202f25210f04202f05210f04202
01:53:51.223 [DEBUG] [serial] Sin header 0xAA, descartando 128 bytes: 5202f24210f05210f24210f05202f052
01:53:51.259 [DEBUG] [serial] RX 128 bytes: f05210f25202f05210f24210f05202f24210f05202f05210f25202f25210f04202f05210f24202f05210f04200f05210f24210f05202f25210f05202f25210f04202f05210f04210f05202f25210f05210f24210f05210f24202f05210f24210f05202f24210f05202f25210f05210f24210f05210f24210f05210f04202f052
01:53:51.259 [DEBUG] [serial] Sin header 0xAA, descartando 128 bytes: f05210f25202f05210f24210f05202f2
01:53:51.294 [DEBUG] [serial] RX 128 bytes: 10f05202f25210f05202f25210f05202f25210f04202f05210f04210f05202f25210f05202f05210f24210f05210f24210f05202f25210f05210f24210f05210f24202f05210f24210f05202f24210f05202f25210f05202f25210f04210f05202f24210f05202f05210f25202f25210f04210f05202f24202f05210f24210f0
01:53:51.295 [DEBUG] [serial] Sin header 0xAA, descartando 128 bytes: 10f05202f25210f05202f25210f05202
01:53:51.330 [DEBUG] [serial] RX 128 bytes: 5210f04202f05210f24210f05210f24210f05202f04210f05202f05210f04210f05210f04202f05202f24210f05210f24210f05202f04210f05202f24210f05210f04210f05202f25210f05202f25210f24210f05210f24202f05210f24202f05210f04202f05210f25210f24210f05202f25210f05210f24210f05202f24202
01:53:51.330 [DEBUG] [serial] Sin header 0xAA, descartando 128 bytes: 5210f04202f05210f24210f05210f242
01:53:51.366 [DEBUG] [serial] RX 128 bytes: f05202f25210f05202f24200f05210f24202f04202f05210f24202f05210f25202f25210f04202f04210f04202f05210f24202f04210f05202f24210f05210f04202f05210f24202f05210f05202f05210f05202f25210f05202f24210f05210f04202f05210f25202f24210f05202f05210f24202f05202f25210f05202f252
01:53:51.366 [DEBUG] [serial] Sin header 0xAA, descartando 128 bytes: f05202f25210f05202f24200f05210f2
01:53:51.401 [DEBUG] [serial] RX 128 bytes: 10f04202f05210f05210f24202f05210f25202f25210f05202f25210f05210f24210f05202f24202f05210f24202f05210f25202f25210f05202f04210f05202f24210f05210f24202f05210f05202f24202f05210f24210f05202f24202f05210f24202f05210f04202f05210f24210f05210f05202f05210f05210f24202f0
01:53:51.401 [DEBUG] [serial] Sin header 0xAA, descartando 128 bytes: 10f04202f05210f05210f24202f05210
01:53:51.437 [DEBUG] [serial] RX 128 bytes: 5210f24210f05210f04202f05210f24202f05202f24210f05202f04210f05202f25210f05210f24210f05210f24210f05210f24210f05202f24202f05210f24202f05210f25202f25210f05202f24210f05210f24210f05202f24202f05210f05202f24202f05210f24200f05210f24202f05210f24210f05210f05202f24210
01:53:51.437 [DEBUG] [serial] Sin header 0xAA, descartando 128 bytes: 5210f24210f05210f04202f05210f242
01:53:51.473 [DEBUG] [serial] RX 128 bytes: f05202f24202f05210f24202f04210f05202f05210f05202f04210f05202f25210f05210f24210f05202f25210f05202f25210f04202f05210f05202f05210f24210f05210f05202f25210f05210f24210f05202f25210f05202f25210f04202f05210f05202f05210f04202f05210f05202f05210f25202f05210f04210f052
01:53:51.473 [DEBUG] [serial] Sin header 0xAA, descartando 128 bytes: f05202f24202f05210f24202f04210f0
01:53:51.508 [DEBUG] [serial] RX 128 bytes: 02f24210f05202f25210f05202f25210f24210f05202f24210f05202f25210f05202f25210f04210f05202f05210f04202f05210f25202f25210f04202f05210f24202f05210f24210f05210f24210f05210f24210f05210f24202f05210f05202f25210f04202f05210f24202f05210f24210f05210f24210f05210f24210f0
01:53:51.508 [DEBUG] [serial] Sin header 0xAA, descartando 128 bytes: 02f24210f05202f25210f05202f25210
01:53:51.544 [DEBUG] [serial] RX 128 bytes: 5210f24210f05202f24202f05202f25210f05202f04210f05202f25210f05202f25210f05202f05210f05210f24202f05210f05202f25210f04210f05202f24210f05210f24210f05210f24202f05210f04202f04210f05202f05210f24202f05210f25210f05202f04210f05202f05210f05202f25210f04210f05202f04210
01:53:51.545 [DEBUG] [serial] Sin header 0xAA, descartando 128 bytes: 5210f24210f05202f24202f05202f252
01:53:51.580 [DEBUG] [serial] RX 128 bytes: f05202f25210f05202f24210f05202f24210f05210f24210f05202f24210f05202f25210f24210f05210f24202f05210f05210f04202f05210f04202f04210f05202f24210f05210f05202f24210f05202f24202f05210f24210f05210f24210f05202f25210f05210f24210f05210f24202f05202f25210f04202f05210f242
01:53:51.580 [DEBUG] [serial] Sin header 0xAA, descartando 128 bytes: f05202f25210f05202f24210f05202f2
01:53:51.615 [DEBUG] [serial] RX 128 bytes: 10f05210f25202f25210f24202f05210f24202f05210f04202f04210f05202f25210f04202f05210f24210f05202f24202f05210f24202f05210f24202f05210f24210f05210f24210f05202f25210f05202f05210f24210f05210f04210f05202f25210f25202f05210f24210f05210f24210f05202f05210f24202f05210f2
01:53:51.615 [DEBUG] [serial] Sin header 0xAA, descartando 128 bytes: 10f05210f25202f25210f24202f05210
01:53:51.651 [DEBUG] [serial] RX 128 bytes: 4210f05210f25210f04210f05202f24210f05202f24210f05210f24210f05202f25210f05202f25210f05202f04210f05202f05210f04202f05210f05202f05210f05210f24210f05210f24210f05210f24210f05202f24202f05210f24202f05202f24202f05210f24202f05210f04202f05210f04202f05210f04202f05210
01:53:51.651 [DEBUG] [serial] Sin header 0xAA, descartando 128 bytes: 4210f05210f25210f04210f05202f242
01:53:51.686 [DEBUG] [serial] RX 128 bytes: f05202f05210f24210f05202f24210f05202f25210f05202f25210f24210f05202f24210f05202f25210f05210f24210f05202f25210f05202f25210f04202f04210f05202f25210f05202f04210f05202f25210f05210f24202f05210f24210f05210f04210f04202f05210f24210f05202f25210f05210f24210f05210f252
01:53:51.687 [DEBUG] [serial] Sin header 0xAA, descartando 128 bytes: f05202f05210f24210f05202f24210f0
01:53:51.722 [DEBUG] [serial] RX 128 bytes: 02f05210f04202f05210f25202f05210f24202f04210f05202f25210f05202f24202f04210f04210f04210f05210f05210f24202f04202f05210f05210f25202f24202f05210f05202f25202f24202f04210f04202f05210f05210f24202f04202f04210f05210f05210f05202f24210f05210f05210f05210f24202f04200f0
01:53:51.722 [DEBUG] [serial] Sin header 0xAA, descartando 128 bytes: 02f05210f04202f05210f25202f05210
01:53:51.758 [DEBUG] [serial] RX 128 bytes: 5210f05202f24202f04210f05210f05210f25202f24210f05210f24202f04202f05210f05202f25202f24202f04210f05210f25210f25202f24210f04210f05210f24210f05202f24202f05210f04202f04210f05202f05210f04202f04210f04202f05210f25202f24210f05202f25210f05202f25210f05202f04210f04202
01:53:51.758 [DEBUG] [serial] Sin header 0xAA, descartando 128 bytes: 5210f05202f24202f04210f05210f052
01:53:51.793 [DEBUG] [serial] RX 128 bytes: f05210f24210f05210f24210f05210f25202f05210f24210f04202f04210f04202f05210f25202f05210f24210f05202f04210f05202f05210f25202f05210f04210f05202f24200f05210f24210f05210f24210f05210f24210f05210f04202f05210f05202f24210f05202f24210f05210f24210f05202f24210f05202f052
01:53:51.794 [DEBUG] [serial] Sin header 0xAA, descartando 128 bytes: f05210f24210f05210f24210f05210f2
01:53:51.829 [DEBUG] [serial] RX 128 bytes: 10f04210f05210f04202f05210f25202f24210f05202f25210f05210f24202f05210f24202f05210f25210f04202f05210f04210f05202f24202f05210f24210f05202f24210f05210f24210f05210f04202f05210f24210f05210f24210f05210f24202f05210f05202f05210f05210f24210f05202f04210f05202f25210f0
01:53:51.829 [DEBUG] [serial] Sin header 0xAA, descartando 128 bytes: 10f04210f05210f04202f05210f25202
01:53:51.864 [DEBUG] [serial] RX 128 bytes: 5202f24202f05210f24210f05210f04202f05210f24202f04210f05210f24210f05210f04202f05210f24210f05210f05202f24210f05210f04202f05210f24200f05210f05202f24210f05210f24210f05210f24202f04210f05210f24202f04210f05202f25210f04202f04210f05210f24210f05210f05202f05210f24210
01:53:51.865 [DEBUG] [serial] Sin header 0xAA, descartando 128 bytes: 5202f24202f05210f24210f05210f042
01:53:51.900 [DEBUG] [serial] RX 128 bytes: f05210f04200f05202f24210f05202f25210f04202f05210f04202f05202f24202f05202f25210f04210f05210f04202f05210f25202f05210f24210f05202f24210f05202f25210f24202f05202f25210f04202f05210f05202f05210f05202f25210f04202f05210f24202f05210f25210f05210f24210f05202f25210f052
01:53:51.900 [DEBUG] [serial] Sin header 0xAA, descartando 128 bytes: f05210f04200f05202f24210f05202f2
01:53:51.935 [DEBUG] [serial] RX 128 bytes: 10f24210f05202f24210f05210f24210f05202f24200f05210f25210f05202f25210f04210f05202f24202f05210f24210f05210f04202f05202f25210f05202f25210f04202f05210f24210f04202f05210f24202f05210f25210f05202f25210f24210f05202f04210f05202f25210f25202f25210f24210f04200f05210f2
01:53:51.936 [DEBUG] [serial] Sin header 0xAA, descartando 128 bytes: 10f24210f05202f24210f05210f24210
01:53:51.971 [DEBUG] [serial] RX 128 bytes: 4210f05202f24210f05202f25210f04202f05210f04202f05202f24210f05202f25210f04200f05210f24210f05202f04210f04202f05210f25210f05202f25210f04202f05210f04202f05202f25210f05202f25210f04210f05210f24210f04202f05202f24210f05202f25210f04202f05210f24210f05202f04210f05202
01:53:51.971 [DEBUG] [serial] Sin header 0xAA, descartando 128 bytes: 4210f05202f24210f05202f25210f042
01:53:52.007 [DEBUG] [serial] RX 128 bytes: f25210f05202f05210f24210f05202f24210f04202f05202f24210f04202f05210f24210f05210f24210f05202f04210f05202f25210f05202f24200f05210f05202f04202f05210f24210f05202f24210f05202f25210f05210f24210f05202f25210f05210f24210f05202f04210f05202f05210f24210f05210f04202f052
01:53:52.007 [DEBUG] [serial] Sin header 0xAA, descartando 128 bytes: f25210f05202f05210f24210f05202f2
01:53:52.042 [DEBUG] [serial] RX 128 bytes: 10f24202f05210f24210f04202f04210f05202f25210f05210f24210f05210f24210f05210f05202f25210f05202f24210f05202f24210f05210f24210f05202f24210f05202f25210f05202f04210f05202f24210f05210f04202f05210f24202f04210f05202f25210f05202f25210f04202f05210f24202f05202f25210f0
01:53:52.043 [DEBUG] [serial] Sin header 0xAA, descartando 128 bytes: 10f24202f05210f24210f04202f04210
01:53:52.078 [DEBUG] [serial] RX 128 bytes: 5210f24210f05202f25210f05210f24202f05210f25202f25210f05202f25210f05210f24210f05202f24202f05210f24210f05202f25202f05210f04210f05210f04210f05210f24210f05210f24210f05202f24210f05202f25210f05202f04210f05202f25210f05210f24210f05202f25210f25202f05210f24202f05210
01:53:52.078 [DEBUG] [serial] Sin header 0xAA, descartando 128 bytes: 5210f24210f05202f25210f05210f242
01:53:52.114 [DEBUG] [serial] RX 128 bytes: f04202f05210f24210f05210f04202f05210f25202f25210f04202f05210f25202f25210f05202f24200f05210f24202f05210f24202f05210f24210f05210f04202f05210f24210f05210f24210f04202f04210f05202f25210f24210f05210f04202f05210f05202f25210f04202f05210f05210f24202f05210f05210f242
01:53:52.114 [DEBUG] [serial] Sin header 0xAA, descartando 128 bytes: f04202f05210f24210f05210f04202f0
01:53:52.149 [DEBUG] [serial] RX 128 bytes: 10f05210f24210f05210f04202f05210f05210f24210f05202f25210f05210f24210f05210f24202f05210f05202f05210f05210f04202f05210f25202f24210f05202f25210f05210f24210f05210f24202f05210f24210f05202f24210f05210f25210f05210f25210f04202f05210f25202f25210f24202f04210f05202f2
01:53:52.149 [DEBUG] [serial] Sin header 0xAA, descartando 128 bytes: 10f05210f24210f05210f04202f05210
01:53:52.185 [DEBUG] [serial] RX 128 bytes: 4210f05202f24202f05210f24202f04210f05202f24210f05210f24202f05210f24210f05210f24202f05202f25210f05202f25210f04202f04210f05202f25210f05202f24210f05202f24210f05210f04202f05210f24210f05210f24210f05202f24210f05202f25210f05202f04210f05202f25210f05210f24210f05210
01:53:52.185 [DEBUG] [serial] Sin header 0xAA, descartando 128 bytes: 4210f05202f24202f05210f24202f042
01:53:52.221 [DEBUG] [serial] RX 128 bytes: f24210f05210f04202f05210f24202f05210f24210f05202f04210f05210f24202f04210f05202f25210f04202f04210f05210f25210f05210f24210f05210f24210f05210f05202f24210f05210f04202f05210f24210f05210f24202f05210f24202f05210f24210f05202f24202f05210f04202f04210f05202f25210f042
01:53:52.221 [DEBUG] [serial] Sin header 0xAA, descartando 128 bytes: f24210f05210f04202f05210f24202f0
01:53:52.256 [DEBUG] [serial] RX 128 bytes: 10f05210f04202f05202f24202f05210f24202f05210f25202f24210f05202f24210f05202f25210f04202f05210f05202f25210f05202f25210f05202f25210f05210f24210f05202f24202f05210f24210f05202f24210f05210f24210f05210f25210f05202f25210f05202f25210f04202f04210f05202f25210f04202f0
01:53:52.256 [DEBUG] [serial] Sin header 0xAA, descartando 128 bytes: 10f05210f04202f05202f24202f05210
01:53:52.280 [INFO] [GUI] Click START
01:53:52.280 [INFO] [serial] Encolando TX CMD_START: bb04
01:53:52.292 [INFO] [serial] TX CMD_START: bb04
01:53:52.292 [DEBUG] [serial] TX OK: 2 bytes escritos
01:53:52.292 [DEBUG] [serial] RX 128 bytes: 5210f04202f05210f25202f25210f24202f05210f25202f05210f24210f05210f04202f05210f24202f05210f04202f05202f24210f05202f25210f05202f04210f05202f05210f25202f05210f24202f05210f24202f05202f25210f05202f05210f24210f05202f04210f05202f25210f05210f24210f05202f05210f05210
01:53:52.293 [DEBUG] [serial] Sin header 0xAA, descartando 128 bytes: 5210f04202f05210f25202f25210f242
01:53:52.328 [DEBUG] [serial] RX 128 bytes: f25210f04202f05210f05202f25210f04202f05210f04202f05202f24210f05202f25210f04202f05210f24210f05202f24210f05210f24210f05202f04210f05202f25210f05210f24210f05202f05210f05210f24210f05202f24210f05210f24210f05210f24202f05210f04202f04210f05202f25210f04202f05210f242
01:53:52.328 [DEBUG] [serial] Sin header 0xAA, descartando 128 bytes: f25210f04202f05210f05202f25210f0
01:53:52.363 [DEBUG] [serial] RX 128 bytes: 10f05202f24210f05202f25210f04202f05210f04202f05202f24210f05202f25210f24210f05210f24210f05202f24210f05202f25210f04210f05210f04210f05210f25202f25210f04202f05210f25202f05210f04202f04210f05202f25210f04202f05210f04210f05202f24210f04202f05202f25210f24202f05210f2
01:53:52.363 [DEBUG] [serial] Sin header 0xAA, descartando 128 bytes: 10f05202f24210f05202f25210f04202
01:53:52.399 [DEBUG] [serial] RX 128 bytes: 4210f05210f24210f05202f25210f05202f25210f24210f05210f04202f05210f24210f05210f04202f05210f25202f25210f05202f25210f05210f25210f04202f05210f04202f05210f24210f05210f25210f04202f04210f05202f24210f05202f24202f05210f24210f05210f24202f05210f24200f05210f04202f05210
01:53:52.400 [DEBUG] [serial] Sin header 0xAA, descartando 128 bytes: 4210f05210f24210f05202f25210f052
01:53:52.435 [DEBUG] [serial] RX 128 bytes: f25202f25210f04202f05210f05202f25210f04202f05210f04202f05202f24210f05210f24210f04202f05210f04210f05202f25210f24202f05210f24210f05210f25210f04202f05202f24210f05202f25210f25202f25210f24210f04202f05210f04210f05202f04210f04202f05210f24202f05210f05202f25210f242
01:53:52.435 [DEBUG] [serial] Sin header 0xAA, descartando 128 bytes: f25202f25210f04202f05210f05202f2
01:53:52.470 [DEBUG] [serial] RX 128 bytes: 02f05210f24210f05202f24210f05202f25210f25202f05210f24210f04202f05210f04210f05202f05210f04210f05202f05210f24210f04202f05202f24210f05202f05210f24210f05202f25210f04202f05210f04202f05210f25210f05202f25210f24210f05210f24210f04202f05210f24202f05210f24210f05210f2
01:53:52.470 [DEBUG] [serial] Sin header 0xAA, descartando 128 bytes: 02f05210f24210f05202f24210f05202
01:53:52.506 [DEBUG] [serial] RX 128 bytes: 4210f05202f05210f24202f05210f24210f05210f24210f05202f25210f05202f24210f05202f24210f05202f05210f24210f05210f24210f05210f25202f24202f05210f24210f05210f04202f05210f24202f05210f04202f05210f25202f25210f05202f04210f05202f25210f24210f05210f24202f05202f24210f05202
01:53:52.506 [DEBUG] [serial] Sin header 0xAA, descartando 128 bytes: 4210f05202f05210f24202f05210f242
01:53:52.542 [DEBUG] [serial] RX 128 bytes: f05210f04210f05210f24210f05202f24210f05202f25210f04210f05210f25210f04210f05210f24210f04202f05210f24202f05202f05202f24210f04202f05210f24210f05210f24210f04202f05210f04210f04202f05210f25202f25210f04202f04210f05202f25210f04202f05210f04202f05202f24210f05202f242
01:53:52.542 [DEBUG] [serial] Sin header 0xAA, descartando 128 bytes: f05210f04210f05210f24210f05202f2
01:53:52.577 [DEBUG] [serial] RX 128 bytes: 10f05202f04210f05202f25210f05202f25210f04202f05210f24202f05210f04202f05210f04210f05202f25210f05202f25210f24210f05210f04202f05210f24210f05210f24210f05202f04210f05202f25210f24210f05202f25210f04210f05210f25210f04202f05210f24202f05210f25210f05202f25210f25210f0
01:53:52.578 [DEBUG] [serial] Sin header 0xAA, descartando 128 bytes: 10f05202f04210f05202f25210f05202
01:53:52.613 [DEBUG] [serial] RX 128 bytes: 4210f05210f04210f05202f24202f05210f24210f05202f24210f05202f25210f25202f05210f24210f05202f24202f05210f25210f05202f25210f04210f05202f24210f05202f25210f25202f05210f24210f05202f04210f04202f05210f24202f05210f24210f04202f05210f04210f05202f24202f05210f24210f05202
01:53:52.613 [DEBUG] [serial] Sin header 0xAA, descartando 128 bytes: 4210f05210f04210f05202f24202f052
01:53:52.648 [DEBUG] [serial] RX 128 bytes: f24202f05210f24210f05210f24210f05210f24210f05210f24202f05210f25202f25210f04202f05210f25202f25210f04202f05210f24210f05202f05210f25202f05210f04202f05210f04210f05202f25210f05202f25210f04210f05210f24210f05202f05210f24202f05210f24210f05210f04202f05210f25210f052
01:53:52.649 [DEBUG] [serial] Sin header 0xAA, descartando 128 bytes: f24202f05210f24210f05210f24210f0
01:53:52.684 [DEBUG] [serial] RX 128 bytes: 02f05210f24210f05210f25210f04202f05202f24210f05202f25210f05210f24210f05202f25210f05210f25210f04202f04210f05202f25210f04202f04210f05202f05210f05202f25210f05202f05210f05202f25210f24210f05210f24210f05202f25210f05210f24210f05202f24202f05210f24210f05202f04210f0
01:53:52.684 [DEBUG] [serial] Sin header 0xAA, descartando 128 bytes: 02f05210f24210f05210f25210f04202
01:53:52.719 [DEBUG] [serial] RX 128 bytes: 4202f05210f24210f05202f05210f24210f05210f24210f05202f24210f05202f25210f04202f05210f04210f05202f24210f05202f25210f24210f05210f04202f05202f24210f05202f05210f04202f05210f04202f05210f25202f05210f04210f04200f05210f25210f04210f05210f24210f04202f05210f24202f05210
01:53:52.720 [DEBUG] [serial] Sin header 0xAA, descartando 128 bytes: 4202f05210f24210f05202f05210f242
01:53:52.755 [DEBUG] [serial] RX 128 bytes: f24210f05210f24202f05210f24210f05210f24202f05210f24202f05210f04202f05210f24202f05202f25210f05202f25210f24210f05202f04210f05202f05210f05210f24210f05210f24210f05210f24210f05202f24210f05202f05210f24210f05202f25210f04210f05210f04210f05202f24210f05210f24210f042
01:53:52.756 [DEBUG] [serial] Sin header 0xAA, descartando 128 bytes: f24210f05210f24202f05210f24210f0
01:53:52.791 [DEBUG] [serial] RX 128 bytes: 02f04210f05202f25210f24210f05210f24210f05202f04210f05202f05210f04210f05210f24210f05202f24202f05210f24210f05210f24202f05210f04202f05210f04202f05210f04202f05210f05202f05210f25202f05210f24210f05210f24202f05210f24210f05210f04202f05210f04202f04210f05202f24210f0
01:53:52.791 [DEBUG] [serial] Sin header 0xAA, descartando 128 bytes: 02f04210f05202f25210f24210f05210
01:53:52.826 [DEBUG] [serial] RX 128 bytes: 5210f24210f04202f05210f25202f05210f04210f05210f04202f05202f25210f25202f25210f24210f05210f24210f05202f25210f05202f25210f24210f05202f25210f04202f05202f24200f05202f25210f05202f25210f05202f05210f25202f05210f25210f05202f25210f04202f05202f24210f05202f05210f24210
01:53:52.827 [DEBUG] [serial] Sin header 0xAA, descartando 128 bytes: 5210f24210f04202f05210f25202f052
01:53:52.862 [DEBUG] [serial] RX 128 bytes: f04202f05202f25210f05202f25210f04200f05210f24210f04202f05210f24202f05202f25210f25202f05210f24210f04202f05210f04210f05202f24210f05202f25210f24210f05210f24210f04202f05210f05202f05210f24210f05202f25210f04210f05210f04210f05202f25210f05210f24202f05210f25202f252
01:53:52.862 [DEBUG] [serial] Sin header 0xAA, descartando 128 bytes: f04202f05202f25210f05202f25210f0
01:53:52.897 [DEBUG] [serial] RX 128 bytes: 10f04200f05202f24210f05202f25210f05202f25210f05202f25210f05202f25210f04202f05210f05202f05210f04202f05210f04202f05210f24202f05210f25210f04202f05210f04200f05202f24210f05202f25210f04210f05210f25210f05202f04210f05202f25210f04202f04210f05202f25210f05202f25210f0
01:53:52.898 [DEBUG] [serial] Sin header 0xAA, descartando 128 bytes: 10f04200f05202f24210f05202f25210
01:53:52.933 [DEBUG] [serial] RX 128 bytes: 4202f05210f24210f05210f25210f05210f24202f05210f24210f05210f04202f05210f24210f05202f05210f24210f05210f24210f05202f24210f05202f25210f04210f05210f24210f04202f05210f04202f05210f04202f05210f04202f05210f25202f25210f04202f05202f24210f05202f05210f05202f25210f04210
01:53:52.933 [DEBUG] [serial] Sin header 0xAA, descartando 128 bytes: 4202f05210f24210f05210f25210f052
01:53:52.969 [DEBUG] [serial] RX 128 bytes: f05202f24210f05202f24210f05210f04210f05202f05210f25202f25210f04210f05210f24210f05202f05210f25202f05210f24210f05210f04210f05202f25210f25202f25210f04202f04210f05202f25210f04202f04210f05210f24210f05210f24210f04202f05210f24202f05202f25210f05210f25210f04202f052
01:53:52.969 [DEBUG] [serial] Sin header 0xAA, descartando 128 bytes: f05202f24210f05202f24210f05210f0
01:53:53.004 [DEBUG] [serial] RX 128 bytes: 02f24210f05202f05210f05210f24210f05202f05210f25202f25210f04210f05210f24210f04200f05202f24210f04202f05202f24210f05202f25210f04210f05210f24210f05202f24210f05202f05210f24210f05202f25210f04202f05210f04202f05202f25210f05202f25210f04202f05210f05202f25210f04202f0
01:53:53.004 [DEBUG] [serial] Sin header 0xAA, descartando 128 bytes: 02f24210f05202f05210f05210f24210
01:53:53.040 [DEBUG] [serial] RX 128 bytes: 5210f04202f05210f24202f05202f25210f04202f05210f04202f05210f24202f05210f04202f05210f05202f24210f05202f24200f05210f24210f05210f24202f05210f24210f05210f25210f04202f05210f25202f05210f24210f05210f04202f05210f04202f05210f05202f05210f25202f05210f04202f05210f25202
01:53:53.040 [DEBUG] [serial] Sin header 0xAA, descartando 128 bytes: 5210f04202f05210f24202f05202f252
01:53:53.076 [DEBUG] [serial] RX 128 bytes: f05210f05202f24210f05210f24210f05202f25202f05210f04202f04210f05210f24210f05202f24210f05202f25210f05202f25210f05202f25210f05210f24210f05210f25202f05210f24210f04202f04210f05202f25210f25202f25210f04202f05210f05210f24210f05202f24200f05210f24210f05210f25202f252
01:53:53.076 [DEBUG] [serial] Sin header 0xAA, descartando 128 bytes: f05210f05202f24210f05210f24210f0
01:53:53.111 [DEBUG] [serial] RX 128 bytes: 10f05202f24210f05202f25210f04202f04210f05202f25210f05202f25210f04202f05202f24210f05202f25210f05210f25210f04202f05210f24202f05210f24210f05210f24210f05202f25210f05202f25210f05202f24210f05210f25210f04202f05210f05202f05210f25202f05210f24210f04202f05210f04202f0
01:53:53.111 [DEBUG] [serial] Sin header 0xAA, descartando 128 bytes: 10f05202f24210f05202f25210f04202
01:53:53.147 [DEBUG] [serial] RX 128 bytes: 5210f24202f05210f24210f05202f24202f05210f24210f05210f04202f05210f24210f05202f25210f24210f05202f05210f24210f04202f05210f04202f05210f24210f05202f25210f24210f05210f25210f04210f05210f24210f05202f05210f24202f05210f25210f05202f25210f24210f05202f04210f05202f25210
01:53:53.147 [DEBUG] [serial] Sin header 0xAA, descartando 128 bytes: 5210f24202f05210f24210f05202f242
01:53:53.183 [DEBUG] [serial] RX 128 bytes: f05202f25210f04202f05210f24202f05210f24210f05210f05202f25210f24200f05210f24210f05202f24202f05210f24210f04202f05210f04202f05202f24202f05210f24210f05202f24210f05202f25210f05202f25210f24210f05202f05210f24210f05202f04210f04202f05202f25210f24210f05202f25210f252
01:53:53.183 [DEBUG] [serial] Sin header 0xAA, descartando 128 bytes: f05202f25210f04202f05210f24202f0
01:53:53.218 [DEBUG] [serial] RX 128 bytes: 02f25210f24210f05202f24202f05210f24210f05210f04202f05210f04210f05210f24210f05202f24210f05210f24210f05202f24202f05210f24210f05210f04202f05202f25210f05202f25210f04202f05210f04210f05202f25210f05202f05210f25210f05202f25210f04202f05210f24200f05210f24210f05210f0
01:53:53.218 [DEBUG] [serial] Sin header 0xAA, descartando 128 bytes: 02f25210f24210f05202f24202f05210
01:53:53.254 [DEBUG] [serial] RX 128 bytes: 5202f05210f04202f05210f04210f05202f24210f05202f05210f24210f05210f24210f05202f24202f05202f24210f05202f24202f05210f24202f05210f05202f24210f05202f24210f05202f25210f05202f25210f04202f05210f25202f25210f04202f04210f05202f24210f05202f24210f05202f24210f05210f24210
01:53:53.254 [DEBUG] [serial] Sin header 0xAA, descartando 128 bytes: 5202f05210f04202f05210f04210f052
01:53:53.290 [DEBUG] [serial] RX 128 bytes: f04202f05210f05202f25210f04202f04210f05202f05210f05202f24202f05210f24202f04210f04202f05210f24210f05210f24210f05202f04210f05210f24210f05210f25202f24210f05202f24202f05210f24210f05202f24210f05202f25210f05202f25210f04202f05210f25202f24210f05202f24210f05202f252
01:53:53.290 [DEBUG] [serial] Sin header 0xAA, descartando 128 bytes: f04202f05210f05202f25210f04202f0
01:53:53.325 [DEBUG] [serial] RX 128 bytes: 10f05202f04210f05202f24210f05210f24210f05210f24210f05210f04202f05210f25202f25210f05202f25210f05202f25210f05202f24202f05210f24210f05202f24200f05210f24210f05210f05202f25210f05202f04210f05210f24202f04210f05202f25210f04202f05210f04210f05202f24210f05202f25210f0
01:53:53.325 [DEBUG] [serial] Sin header 0xAA, descartando 128 bytes: 10f05202f04210f05202f24210f05210
01:53:53.361 [DEBUG] [serial] RX 128 bytes: 4202f05210f04210f05202f24200f05202f25210f04202f05210f04210f05210f24202f05210f24210f05202f24210f05202f25210f05210f24202f05210f24200f04210f05202f25210f05202f25210f24202f05210f24202f05210f24210f05210f24210f05202f25210f05202f25210f24210f05210f24210f05202f05210
01:53:53.361 [DEBUG] [serial] Sin header 0xAA, descartando 128 bytes: 4202f05210f04210f05202f24200f052
01:53:53.396 [DEBUG] [serial] RX 128 bytes: f05202f25210f04210f05210f24210f05202f25210f05202f05210f24210f05210f25210f04202f05202f24202f05210f24202f05210f04202f05210f24210f05210f24210f04202f05210f04210f05202f25210f05202f25210f24210f05210f25210f04202f05202f24210f05202f24210f05210f04202f05210f25210f052
01:53:53.397 [DEBUG] [serial] Sin header 0xAA, descartando 128 bytes: f05202f25210f04210f05210f24210f0
01:53:53.432 [DEBUG] [serial] RX 128 bytes: 10f25210f04202f04210f05202f05210f24210f05210f24210f05202f24202f05210f24210f05202f04210f05202f24210f05210f24210f05210f24210f05210f05202f25210f05210f24210f05202f05210f24202f05210f24200f05210f05202f05210f05202f24210f05202f24210f05210f24210f05210f24210f05210f0
01:53:53.432 [DEBUG] [serial] Sin header 0xAA, descartando 128 bytes: 10f25210f04202f04210f05202f05210
01:53:53.467 [DEBUG] [serial] RX 128 bytes: 5202f05210f05202f24210f05202f05210f05202f25210f04202f05210f04202f05210f24210f05210f24210f04202f05210f04202f05210f25210f05210f24210f05202f24210f05202f25210f04202f04210f04202f05210f24202f05210f24210f05202f24202f05210f24210f05210f24210f05202f25210f05202f24210
01:53:53.468 [DEBUG] [serial] Sin header 0xAA, descartando 128 bytes: 5202f05210f05202f24210f05202f052
01:53:53.503 [DEBUG] [serial] RX 128 bytes: f05210f25202f05210f24210f05210f25202f25210f04202f05210f04202f05210f24210f05210f24210f05210f24202f05210f24210f05202f24210f05202f05210f25202f05210f04202f05210f05202f25210f04202f05210f04202f05210f24210f05210f25210f04202f04210f05202f05210f25210f05210f24210f052
01:53:53.504 [DEBUG] [serial] Sin header 0xAA, descartando 128 bytes: f05210f25202f05210f24210f05210f2
01:53:53.539 [DEBUG] [serial] RX 128 bytes: 02f24202f05210f24210f05202f24210f05202f05210f25202f25210f04202f05210f24202f05202f25210f05202f05210f04210f05202f04210f05202f25210f05202f25210f04202f05202f24210f05202f05210f24202f05210f24210f04202f05210f04200f05202f24202f05210f25210f04202f05210f04210f05202f2
01:53:53.539 [DEBUG] [serial] Sin header 0xAA, descartando 128 bytes: 02f24202f05210f24210f05202f24210
01:53:53.574 [DEBUG] [serial] RX 128 bytes: 4210f05202f25210f24210f05210f24210f04202f05210f04210f04202f05202f24210f04202f05202f04210f04202f05202f25210f05202f05210f25210f05210f25210f04202f05210f24202f05210f24210f05210f24210f05202f25210f05210f24210f05202f04210f05202f05210f24210f05210f24210f04202f05210
01:53:53.575 [DEBUG] [serial] Sin header 0xAA, descartando 128 bytes: 4210f05202f25210f24210f05210f242
01:53:53.610 [DEBUG] [serial] RX 128 bytes: f04202f05210f24210f05210f24210f05202f24210f05202f25210f04202f05210f04200f05210f25202f25210f05202f05210f24202f05210f24210f05210f04202f05210f24200f04210f05202f05210f05202f25210f05202f25210f05210f24210f05202f24210f05202f25210f04202f05210f05202f25210f05202f252
01:53:53.610 [DEBUG] [serial] Sin header 0xAA, descartando 128 bytes: f04202f05210f24210f05210f24210f0
01:53:53.645 [DEBUG] [serial] RX 128 bytes: 10f04202f05210f24202f05210f24210f05210f24210f05202f05210f25202f25210f04202f04210f04202f05210f24210f05210f24210f05202f24210f05210f24210f05202f04210f04210f05202f24210f04202f05210f24210f05210f24210f05202f04210f05202f25210f04202f04210f05202f05210f25202f24210f0
01:53:53.646 [DEBUG] [serial] Sin header 0xAA, descartando 128 bytes: 10f04202f05210f24202f05210f24210
01:53:53.681 [DEBUG] [serial] RX 128 bytes: 5210f24202f04210f05202f25210f05210f24202f05210f24210f05210f24210f05202f24202f05210f24210f05202f24202f05210f24210f05210f25210f04202f05210f24202f05210f24210f05210f05202f25210f04202f04210f05202f25210f05210f24210f05202f25210f05202f25210f04210f05210f24202f05210
01:53:53.681 [DEBUG] [serial] Sin header 0xAA, descartando 128 bytes: 5210f24202f04210f05202f25210f052
01:53:53.717 [DEBUG] [serial] RX 128 bytes: f24210f05210f24210f04202f05210f04202f05210f24210f05210f04202f05210f25202f05210f24200f05210f24202f05210f24210f05210f04202f05210f04202f05210f04202f05210f25202f05210f05202f05210f24202f05210f24210f05210f24210f05202f25210f24202f05202f25210f05202f25210f04202f052
01:53:53.717 [DEBUG] [serial] Sin header 0xAA, descartando 128 bytes: f24210f05210f24210f04202f05210f0
01:53:53.752 [DEBUG] [serial] RX 128 bytes: 10f24210f05202f25210f05210f24210f05202f05210f25202f25210f04202f05210f04202f05210f24210f05210f24210f05202f24202f05202f25210f04202f04210f05202f25210f05202f05210f24210f04202f05210f04202f05210f25202f05210f04210f05210f24202f05202f25210f05202f25210f04202f05210f2
01:53:53.753 [DEBUG] [serial] Sin header 0xAA, descartando 128 bytes: 10f24210f05202f25210f05210f24210
01:53:53.788 [DEBUG] [serial] RX 128 bytes: 4202f05210f25210f05202f25210f04202f05202f24210f05202f05210f05202f25210f25210f04200f05210f04202f05202f24210f05202f05210f24210f05210f24200f05210f24210f04202f05210f24210f05210f24210f05202f24210f05202f05210f04210f05210f25210f04202f05210f04202f05210f24210f05210
01:53:53.788 [DEBUG] [serial] Sin header 0xAA, descartando 128 bytes: 4202f05210f25210f05202f25210f042
01:53:53.824 [DEBUG] [serial] RX 128 bytes: f24200f05210f24202f05210f24210f05202f24202f05202f25210f05202f05210f24210f05202f24210f05202f25210f25202f24210f05202f05210f25202f25210f04202f05210f04202f05210f24210f05210f24210f05202f04210f04202f05202f25210f05202f25210f24210f05210f25210f04202f05202f24210f052
01:53:53.824 [DEBUG] [serial] Sin header 0xAA, descartando 128 bytes: f24200f05210f24202f05210f24210f0
01:53:53.859 [DEBUG] [serial] RX 128 bytes: 02f25210f25202f25210f24210f05202f24210f05202f25210f05202f25210f04210f05202f24210f05202f25210f05202f25210f04202f05210f25202f25210f04202f04210f05202f24210f05202f24210f05202f25210f24202f05202f05202f25210f25202f05210f25210f05202f05210f25210f24210f05202f25210f2
01:53:53.859 [DEBUG] [serial] Sin header 0xAA, descartando 128 bytes: 02f25210f25202f25210f24210f05202
01:53:53.895 [DEBUG] [serial] RX 128 bytes: 4210f05210f24210f05202f25210f25202f05210f24210f05202f24210f05202f05210f24202f05202f25210f25202f25210f24210f05202f24210f05202f05210f24202f05210f24210f04202f04210f04202f05202f24210f05202f05210f24210f05210f24210f04202f05210f04210f05202f25210f05202f25210f25210
01:53:53.895 [DEBUG] [serial] Sin header 0xAA, descartando 128 bytes: 4210f05210f24210f05202f25210f252
01:53:53.931 [DEBUG] [serial] RX 128 bytes: f05202f25210f04200f05210f24202f05210f24210f05202f25210f04202f05202f24210f05202f25210f25202f25210f24210f05202f04210f05202f25210f05202f25210f04202f05210f24202f05210f04202f05210f04202f05210f24200f05210f04202f05202f24210f04202f05210f25210f05202f25210f04202f052
01:53:53.931 [DEBUG] [serial] Sin header 0xAA, descartando 128 bytes: f05202f25210f04200f05210f24202f0
01:53:53.966 [DEBUG] [serial] RX 128 bytes: 10f04210f05202f25210f25202f25210f24210f05210f24210f05202f25210f05202f25210f04202f05210f05202f05210f04202f05210f04202f05210f24202f05202f25210f04210f05210f24210f04202f05210f04210f05202f25210f24202f05202f25210f05202f25210f04210f05202f04210f04202f05202f24210f0
01:53:53.966 [DEBUG] [serial] Sin header 0xAA, descartando 128 bytes: 10f04210f05202f25210f25202f25210
01:53:54.002 [DEBUG] [serial] RX 128 bytes: 5202f25210f04202f05210f24210f05202f05210f04210f05202f05210f24210f05202f05210f24210f05202f05210f24210f05210f24210f05202f24210f05210f25210f04202f05210f04202f05202f24210f05202f25210f04210f05210f04210f05202f05210f04202f05210f24210f05202f25210f04202f04202f05202
01:53:54.002 [DEBUG] [serial] Sin header 0xAA, descartando 128 bytes: 5202f25210f04202f05210f24210f052
01:53:54.038 [DEBUG] [serial] RX 128 bytes: f25210f05202f04210f05202f05210f24202f05210f04210f05202f24210f05202f24210f05210f24210f05202f25210f25202f05210f24202f04210f05202f24210f05202f24202f05210f24210f05210f24210f05202f25210f24202f05210f24210f05210f04202f05210f24202f05210f04202f05210f25202f25210f042
01:53:54.038 [DEBUG] [serial] Sin header 0xAA, descartando 128 bytes: f25210f05202f04210f05202f05210f2
01:53:54.073 [DEBUG] [serial] RX 128 bytes: 02f05210f25202f25210f04202f05210f04210f05202f25210f05202f25210f04200f05210f04202f05210f24210f05210f24200f05210f25202f05210f24210f05202f24202f05210f24210f05210f05202f25210f04202f05210f04210f05202f05210f04202f05210f25210f05210f24210f05202f24202f05210f24210f0
01:53:54.073 [DEBUG] [serial] Sin header 0xAA, descartando 128 bytes: 02f05210f25202f25210f04202f05210
01:53:54.109 [DEBUG] [serial] RX 128 bytes: 5202f04210f05202f25210f05210f24210f05210f24210f05210f24210f05202f24210f05202f25210f04210f05210f24210f04202f05210f04210f05202f25210f24202f05210f24210f05210f24210f05202f25210f05202f25210f24210f05210f04210f05202f25210f05202f05210f24210f05202f25210f04202f05210
01:53:54.109 [DEBUG] [serial] Sin header 0xAA, descartando 128 bytes: 5202f04210f05202f25210f05210f242
01:53:54.145 [DEBUG] [serial] RX 128 bytes: f24202f05202f25210f24202f05202f25210f25210f05202f25210f24210f05210f24210f05202f25210f05202f25210f24210f05210f24210f04202f05210f24202f05210f25210f05202f25210f04202f05202f24210f05202f05210f05202f24210f04202f05210f24202f05210f24210f05210f24210f05202f25210f252
01:53:54.145 [DEBUG] [serial] Sin header 0xAA, descartando 128 bytes: f24202f05202f25210f24202f05202f2
01:53:54.180 [DEBUG] [serial] RX 128 bytes: 02f25210f24210f05210f24210f05202f05210f25202f24210f05202f04210f05202f05210f24210f05210f05202f05210f05210f24210f05210f24210f05210f04202f05210f05202f25210f04202f05202f24210f05202f25210f05202f05210f04200f05210f24202f05210f24210f05210f24210f05202f05210f24202f0
01:53:54.180 [DEBUG] [serial] Sin header 0xAA, descartando 128 bytes: 02f25210f24210f05210f24210f05202
01:53:54.216 [DEBUG] [serial] RX 128 bytes: 5210f25210f05202f05210f04210f05202f24202f05210f24202f04210f05202f24210f05202f24202f05210f04202f04210f05202f24210f05202f24210f05202f25210f05202f25210f04202f05210f24202f05210f24210f05210f24210f05202f25210f05210f24210f05202f24202f05210f24210f05202f05210f04202
01:53:54.216 [DEBUG] [serial] Sin header 0xAA, descartando 128 bytes: 5210f25210f05202f05210f04210f052
01:53:54.252 [DEBUG] [serial] RX 128 bytes: f05202f24210f05202f25210f24210f05202f25210f04210f05210f25210f04202f05210f24210f05202f25210f05202f24210f05202f25210f05202f25210f04202f05210f05202f05210f24210f05210f04210f05202f24210f04202f05210f24210f05202f25210f24210f05210f25210f04210f05202f24210f05202f052
01:53:54.252 [DEBUG] [serial] Sin header 0xAA, descartando 128 bytes: f05202f24210f05202f25210f24210f0
01:53:54.287 [DEBUG] [serial] RX 128 bytes: 10f24202f05202f25210f24210f05210f25210f04210f05210f25210f04202f05210f24210f05202f25210f24202f05202f25210f24210f05210f24210f05210f25202f05210f24210f05202f04210f04202f05210f05210f24210f05202f25210f05202f25210f04210f05210f24210f05202f05210f24202f05210f24210f0
01:53:54.287 [DEBUG] [serial] Sin header 0xAA, descartando 128 bytes: 10f24202f05202f25210f24210f05210
01:53:54.323 [DEBUG] [serial] RX 128 bytes: 5202f05210f24210f04202f05210f04202f05210f25202f25210f24200f05202f24202f05210f25210f05202f25210f04202f05210f24202f05202f25210f24202f05210f24210f05202f04210f05202f05210f25202f05210f25210f04202f04210f04202f05210f24202f05210f24210f05202f24210f05202f25210f05202
01:53:54.323 [DEBUG] [serial] Sin header 0xAA, descartando 128 bytes: 5202f05210f24210f04202f05210f042
01:53:54.359 [DEBUG] [serial] RX 128 bytes: f25210f04210f05202f24210f04202f05202f04210f04202f05202f25210f05202f25210f24210f05210f24210f05202f05210f25202f25210f05202f24210f05202f05210f24210f05210f04210f05202f24210f05202f05210f24210f05210f04202f05210f24202f05210f24210f05202f24210f05202f05210f24202f052
01:53:54.359 [DEBUG] [serial] Sin header 0xAA, descartando 128 bytes: f25210f04210f05202f24210f04202f0
01:53:54.394 [DEBUG] [serial] RX 128 bytes: 10f25210f04210f05210f04210f05202f24210f05202f05210f25210f05202f05210f24210f05210f24210f04202f05202f24210f05202f25210f05202f05210f24210f05210f24202f05210f24210f05210f24210f05210f24210f05210f24210f04202f05210f05202f05210f04210f05210f24210f05202f24210f05202f2
01:53:54.394 [DEBUG] [serial] Sin header 0xAA, descartando 128 bytes: 10f25210f04210f05210f04210f05202
01:53:54.429 [DEBUG] [serial] RX 128 bytes: 5210f04202f05210f04202f05202f24202f05202f25210f04210f05210f24210f04202f04210f05202f24210f05202f25202f24210f05202f24202f05210f05202f05210f05202f24210f05202f24210f05202f24210f04202f05210f04202f05210f24202f05210f24210f05202f04210f05202f05210f05202f25210f04202
01:53:54.430 [DEBUG] [serial] Sin header 0xAA, descartando 128 bytes: 5210f04202f05210f04202f05202f242
01:53:54.465 [DEBUG] [serial] RX 128 bytes: f05202f24210f05210f24210f05210f05202f05210f24210f05210f24210f05202f24210f05210f25210f04210f05210f25210f04210f05210f24210f05210f24210f05210f24210f05202f24210f05202f05210f24210f05210f04200f05210f24202f05210f04200f05202f24210f05202f25210f24202f05210f24210f052
01:53:54.466 [DEBUG] [serial] Sin header 0xAA, descartando 128 bytes: f05202f24210f05210f24210f05210f0
01:53:54.501 [DEBUG] [serial] RX 128 bytes: 02f04210f04202f05202f24210f05202f24210f05202f04210f05202f25210f25202f25210f04202f05210f24202f05210f24210f05210f04200f05210f24210f05202f25210f24210f05210f24210f05210f24210f05210f24210f05202f24202f05210f25210f04202f04210f04202f05210f24202f05210f25210f05202f2
01:53:54.501 [DEBUG] [serial] Sin header 0xAA, descartando 128 bytes: 02f04210f04202f05202f24210f05202
01:53:54.536 [DEBUG] [serial] RX 128 bytes: 4210f05202f25210f25202f25210f04202f05210f24200f05202f25210f05202f25210f04202f05210f25202f05210f24210f05210f05202f25210f04210f05210f25210f04210f05210f24210f05202f25210f05202f25210f04202f05210f04202f05210f24210f05210f24210f04202f05210f04202f05210f24202f04210
01:53:54.537 [DEBUG] [serial] Sin header 0xAA, descartando 128 bytes: 4210f05202f25210f25202f25210f042
01:53:54.572 [DEBUG] [serial] RX 128 bytes: f05202f25210f05210f24210f05202f25210f05202f25210f04202f05210f24210f05202f25210f05210f24210f05202f04210f05210f24210f05202f24202f05210f24210f05210f24210f05202f05210f25202f05210f24210f05210f04210f05202f05210f24202f05210f25210f05202f25210f24210f04202f04210f042
01:53:54.572 [DEBUG] [serial] Sin header 0xAA, descartando 128 bytes: f05202f25210f05210f24210f05202f2
01:53:54.607 [DEBUG] [serial] RX 128 bytes: 02f05202f24210f05202f25210f04202f04210f05202f05210f25202f25210f04202f05210f25202f25210f04202f05210f04202f05210f24210f05210f24200f05202f24202f05210f24210f05202f24210f05210f24210f05210f04202f05210f24210f05210f04202f05210f24210f04202f05202f24210f05210f24210f0
01:53:54.608 [DEBUG] [serial] Sin header 0xAA, descartando 128 bytes: 02f05202f24210f05202f25210f04202
01:53:54.643 [DEBUG] [serial] RX 128 bytes: 5202f04210f05202f05210f25210f05202f25210f25210f05202f05210f24210f05202f24210f05202f24210f05210f04202f05210f24202f04210f05202f25210f05202f25210f04202f05210f05202f25210f04210f05210f24210f05202f05210f25202f25210f04210f05210f24210f05202f25210f05210f25210f04202
01:53:54.643 [DEBUG] [serial] Sin header 0xAA, descartando 128 bytes: 5202f04210f05202f05210f25210f052
01:53:54.679 [DEBUG] [serial] RX 128 bytes: f05210f04202f05210f04202f05210f05202f05210f25202f05210f25210f04202f05210f04210f05202f05210f04202f05202f05210f24200f05202f05210f05202f25210f04202f05210f24202f05210f25210f05202f25210f24210f05202f24202f05210f24210f05210f24210f05202f25210f05210f24210f05202f052
01:53:54.679 [DEBUG] [serial] Sin header 0xAA, descartando 128 bytes: f05210f04202f05210f04202f05210f0
01:53:54.714 [DEBUG] [serial] RX 128 bytes: 10f04210f05202f25210f24202f05202f25210f24202f05210f24210f05202f24210f04202f05202f05210f04210f04202f05202f24210f04202f05210f24210f05202f05210f24210f05210f24210f05202f05210f04210f05202f25210f25202f05210f25210f05202f25210f04210f05202f05210f04210f05202f04210f0
01:53:54.715 [DEBUG] [serial] Sin header 0xAA, descartando 128 bytes: 10f04210f05202f25210f24202f05202
01:53:54.750 [DEBUG] [serial] RX 128 bytes: 4202f05202f25210f25202f05210f24210f05210f04202f05202f25210f25202f05210f24210f05202f25210f04202f05202f24210f05202f25210f05202f25210f04210f05210f25202f05210f24210f05210f24210f04202f05210f25202f05210f24210f05210f24202f05210f25210f05202f25210f24210f05210f24210
01:53:54.750 [DEBUG] [serial] Sin header 0xAA, descartando 128 bytes: 4202f05202f25210f25202f05210f242
01:53:54.786 [DEBUG] [serial] RX 128 bytes: f04202f05202f24210f05202f05210f24202f05210f24210f04202f05210f24210f05202f25210f04202f05202f25210f05202f25210f24210f05210f24210f05202f05210f25202f05210f25210f24202f05202f25210f04210f05210f25210f04210f05210f24210f05202f05210f24202f05202f25210f24210f04202f052
01:53:54.786 [DEBUG] [serial] Sin header 0xAA, descartando 128 bytes: f04202f05202f24210f05202f05210f2
01:53:54.821 [DEBUG] [serial] RX 128 bytes: 02f25210f24210f05202f05202f24210f04202f05202f25210f05202f25210f24210f05210f24210f04202f05210f24202f05210f25210f05202f25210f24210f04202f05210f04202f05202f24210f04202f05202f25210f24202f05202f25210f24210f04202f05202f25210f24202f05210f25210f24202f05202f25210f0
01:53:54.821 [DEBUG] [serial] Sin header 0xAA, descartando 128 bytes: 02f25210f24210f05202f05202f24210
01:53:54.857 [DEBUG] [serial] RX 128 bytes: 4210f05202f25210f24210f05202f25210f25210f04210f05202f25210f25210f05202f05210f25210f04210f05210f25210f24210f05202f25210f25210f04202f05210f04210f05202f05210f04202f05202f25210f25202f05210f25210f05202f25210f04210f05202f04210f04202f05210f24210f05202f25210f04210
01:53:54.857 [DEBUG] [serial] Sin header 0xAA, descartando 128 bytes: 4210f05202f25210f24210f05202f252
01:53:54.893 [DEBUG] [serial] RX 128 bytes: f05202f25210f24210f05210f24210f04202f05202f24210f04202f05202f24210f05202f05210f04210f05210f25210f24210f05202f25210f24210f05202f24210f05202f05210f24202f05202f25210f04202f05210f04202f05202f24210f05202f05210f24210f05210f24210f04202f05210f04210f05202f25210f052
01:53:54.893 [DEBUG] [serial] Sin header 0xAA, descartando 128 bytes: f05202f25210f24210f05210f24210f0
01:53:54.928 [DEBUG] [serial] RX 128 bytes: 02f05210f24210f05210f25210f04210f05202f24210f05202f25210f24202f05202f05202f05202f25210f04210f04202f05210f25210f25210f04210f05210f25210f04210f05210f04210f04202f05202f05210f04210f04202f05210f24210f04202f05202f24210f05202f05210f24200f05202f25210f04210f05210f0
01:53:54.928 [DEBUG] [serial] Sin header 0xAA, descartando 128 bytes: 02f05210f24210f05210f25210f04210
01:53:54.964 [DEBUG] [serial] RX 128 bytes: 4210f05202f24210f05202f25210f24210f05210f24210f05202f05210f04210f05202f05210f24202f05210f24210f05210f24210f05202f05210f24210f05210f25210f05202f25210f24210f04202f05210f24210f05202f05210f04202f05210f24210f05210f24210f05202f05210f04210f05202f25210f25202f05210
01:53:54.964 [DEBUG] [serial] Sin header 0xAA, descartando 128 bytes: 4210f05202f24210f05202f25210f242
01:53:55.000 [DEBUG] [serial] RX 128 bytes: f25210f05202f05210f24210f04202f04210f05202f05210f24202f05210f25210f04210f05210f04202f05202f24210f04202f05210f24210f05210f24210f05202f05210f04210f05202f25210f24202f05210f24210f05210f04202f05210f24210f05210f25210f04210f05210f24210f04202f05210f24210f04202f052
01:53:55.000 [DEBUG] [serial] Sin header 0xAA, descartando 128 bytes: f25210f05202f05210f24210f04202f0
01:53:55.035 [DEBUG] [serial] RX 128 bytes: 02f24210f05202f25210f24210f05210f25210f04210f05210f04202f05210f25210f05202f25210f04210f05210f25210f04210f04210f05210f25210f04210f05210f04210f05202f05210f24202f05202f25210f25202f05210f25210f04202f05210f04202f05210f05202f25210f04202f05202f04210f04202f05202f2
01:53:55.035 [DEBUG] [serial] Sin header 0xAA, descartando 128 bytes: 02f24210f05202f25210f24210f05210
01:53:55.071 [DEBUG] [serial] RX 128 bytes: 4210f04202f05202f25210f24202f05210f25210f05202f05210f24210f05202f05210f04200f05202f24210f05202f05210f25210f04202f05202f25210f24202f05202f25210f24210f05202f25210f24210f05210f24210f05202f05210f24210f05202f05210f25202f05210f25210f04202f05210f04210f04202f05210
01:53:55.071 [DEBUG] [serial] Sin header 0xAA, descartando 128 bytes: 4210f04202f05202f25210f24202f052
01:53:55.107 [DEBUG] [serial] RX 128 bytes: f24210f04202f05202f24210f05202f05210f24202f05210f25210f04210f05210f25210f04202f05210f04202f05202f25210f05202f25210f04202f05210f04202f05210f24210f05210f24210f05202f24210f05210f25210f04202f05210f24210f05202f24210f05202f05210f04210f05210f24210f05210f24202f052
01:53:55.107 [DEBUG] [serial] Sin header 0xAA, descartando 128 bytes: f24210f04202f05202f24210f05202f0
01:53:55.110 [INFO] [GUI] Click MuxIn -> 1
01:53:55.110 [INFO] [serial] Encolando TX CMD_MUX_IN sel=1: bb0101
01:53:55.142 [INFO] [serial] TX CMD_MUX_IN sel=1: bb0101
01:53:55.142 [DEBUG] [serial] TX OK: 3 bytes escritos
01:53:55.142 [DEBUG] [serial] RX 128 bytes: 02f25210f24210f05202f25210f24210f05210f25210f04202f05210f24210f05202f25210f05202f25210f04210f05210f24202f05210f04202f04210f05202f25210f24210f05202f25210f04210f05210f24210f05202f25210f05202f25210f05202f04210f05202f25210f04210f05210f24210f05210f24202f05210f2
01:53:55.142 [DEBUG] [serial] Sin header 0xAA, descartando 128 bytes: 02f25210f24210f05202f25210f24210
01:53:55.178 [DEBUG] [serial] RX 128 bytes: 5210f04202f05210f04202f05210f24202f05210f24210f05202f04210f05202f05210f25202f05210f24210f04202f05210f24210f05202f05210f04202f05202f25210f25202f05210f24210f05210f04202f05210f24210f05210f04202f05210f25202f05210f24210f05202f24210f05202f25210f05202f25210f24210
01:53:55.178 [DEBUG] [serial] Sin header 0xAA, descartando 128 bytes: 5210f04202f05210f04202f05210f242
01:53:55.213 [DEBUG] [serial] RX 128 bytes: f05202f24210f05202f25210f24202f05210f24210f05202f05210f04202f05210f24202f05210f04210f04202f05210f04210f05202f24210f05202f05210f25210f04202f05210f25210f05202f05210f25210f04202f05210f04202f05202f24210f04202f05210f24210f05210f25210f04202f05210f04210f05202f052
01:53:55.214 [DEBUG] [serial] Sin header 0xAA, descartando 128 bytes: f05202f24210f05202f25210f24202f0
01:53:55.249 [DEBUG] [serial] RX 128 bytes: 10f24202f05210f24210f05210f04202f05202f25210f05202f25210f04202f05210f04202f05210f04200f05210f04210f05202f24210f05210f25210f04202f05210f24210f05202f04210f05202f05210f04202f04210f05202f05210f24202f05210f25210f04202f04210f05202f05210f24202f05210f04210f05202f2
01:53:55.249 [DEBUG] [serial] Sin header 0xAA, descartando 128 bytes: 10f24202f05210f24210f05210f04202
01:53:55.284 [DEBUG] [serial] RX 128 bytes: 4210f05202f25210f24202f05202f25210f04202f05210f04210f05202f05210f04210f04202f05202f24210f04210f04202f05210f04210f04210f05202f05210f04210f05202f05210f04202f05210f24210f05210f25210f04210f05210f24210f04202f05210f24202f05202f25210f24202f05210f25210f04202f05210
01:53:55.285 [DEBUG] [serial] Sin header 0xAA, descartando 128 bytes: 4210f05202f25210f24202f05202f252
01:53:55.320 [DEBUG] [serial] RX 128 bytes: f04200f05210f24200f05210f25210f04210f05210f24210f04200f05210f25210f04210f04202f05210f04210f05202f04210f04202f05210f25210f24202f05202f25210f24202f05210f25210f24210f05202f25210f25210f05202f25210f24210f05202f04210f04202f05202f24210f04202f05210f25210f05202f252
01:53:55.320 [DEBUG] [serial] Sin header 0xAA, descartando 128 bytes: f04200f05210f24200f05210f25210f0
01:53:55.356 [DEBUG] [serial] RX 128 bytes: 10f25210f05202f05210f24210f05202f05210f04210f05202f04210f04202f05202f05210f24202f05202f25210f24202f05202f25210f24210f05210f24210f05202f05210f04210f05202f05202f24210f04202f05202f25210f04210f05202f05210f24200f05202f25210f05202f25210f04210f05202f05210f04202f0
01:53:55.356 [DEBUG] [serial] Sin header 0xAA, descartando 128 bytes: 10f25210f05202f05210f24210f05202
01:53:55.391 [DEBUG] [serial] RX 128 bytes: 5202f24210f05202f05210f25210f04202f05202f25210f24210f05202f05210f25210f05202f05210f25210f24202f05202f25210f24210f05210f24210f04202f05210f04202f05210f24210f05210f05202f05210f24202f05202f25210f04210f05210f24210f04202f05210f04210f05202f05210f24210f05202f25210
01:53:55.392 [DEBUG] [serial] Sin header 0xAA, descartando 128 bytes: 5202f24210f05202f05210f25210f042
01:53:55.427 [DEBUG] [serial] RX 128 bytes: f24202f05210f24210f05202f05210f04210f04202f05210f24210f05202f05210f24210f05202f05210f24210f05202f25210f24210f05210f24210f05202f24210f05202f05210f24210f05210f24210f05202f24210f05202f25210f24210f05210f24210f05202f04210f05202f24210f05202f24210f05202f25210f052
01:53:55.427 [DEBUG] [serial] Sin header 0xAA, descartando 128 bytes: f24202f05210f24210f05202f05210f0
01:53:55.428 [INFO] [serial] Stats: 0 pkts, 17280 bytes rx
01:53:55.462 [DEBUG] [serial] RX 128 bytes: 02f25210f24210f05202f04210f05202f05210f24210f05202f05202f25210f24202f05210f25210f05202f25210f04200f05202f04210f05202f05210f24202f05210f24210f04202f05210f24210f05202f04210f04202f05210f25210f05202f25210f25210f05202f25210f04210f05202f24210f05202f05210f25202f2
01:53:55.463 [DEBUG] [serial] Sin header 0xAA, descartando 128 bytes: 02f25210f24210f05202f04210f05202
01:53:55.498 [DEBUG] [serial] RX 128 bytes: 5210f24200f05202f24202f05210f24210f05210f25210f04200f05202f24210f05202f24210f05210f25210f04202f05202f04210f05202f05210f24202f05202f25210f04202f05210f24210f04202f05210f04202f05202f25210f25202f05202f25210f24202f05202f25210f24210f05210f25210f04210f05210f25210
01:53:55.498 [DEBUG] [serial] Sin header 0xAA, descartando 128 bytes: 5210f24200f05202f24202f05210f242
01:53:55.534 [DEBUG] [serial] RX 128 bytes: f04202f05202f24210f05202f25210f05202f05210f25210f04202f05210f04202f05202f24210f05202f05210f25210f04202f05202f25210f24202f05202f05210f25210f05202f05210f25210f05202f05202f25210f04210f05210f24210f04202f05210f04210f05202f25210f05202f25210f04210f05210f24210f052
01:53:55.534 [DEBUG] [serial] Sin header 0xAA, descartando 128 bytes: f04202f05202f24210f05202f25210f0
01:53:55.569 [DEBUG] [serial] RX 128 bytes: 10f24210f05210f24210f05210f24202f05210f24210f04202f04210f04202f05210f25202f25210f04210f05202f24210f05202f25210f24202f05202f25210f04210f05202f25210f24210f05210f24210f05202f05210f24202f05210f24210f05210f24210f05202f05210f24202f05202f25210f05210f24210f05202f2
01:53:55.570 [DEBUG] [serial] Sin header 0xAA, descartando 128 bytes: 10f24210f05210f24210f05210f24202
01:53:55.605 [DEBUG] [serial] RX 128 bytes: 5210f05210f25210f05202f24210f05202f25210f24210f05210f24210f04202f05210f24210f05202f25210f05202f25210f04210f05210f24210f04202f05210f24210f05202f25210f05202f25210f24210f04202f05210f04202f05210f24202f05210f24210f05202f24210f05202f25210f05202f25210f04210f05202
01:53:55.606 [DEBUG] [serial] Sin header 0xAA, descartando 128 bytes: 5210f05210f25210f05202f24210f052
01:53:55.641 [DEBUG] [serial] RX 128 bytes: f24202f05210f24210f05210f25210f04210f05202f05210f04202f05202f24210f05202f05210f24210f05210f04210f05202f24210f05202f25210f04202f05210f24210f05202f05210f04210f05202f25210f24202f05210f24210f05202f25210f25210f04210f05210f24210f05202f05210f04210f04202f05210f242
01:53:55.641 [DEBUG] [serial] Sin header 0xAA, descartando 128 bytes: f24202f05210f24210f05210f25210f0
01:53:55.676 [DEBUG] [serial] RX 128 bytes: 02f05210f25210f05202f25210f04210f05202f24210f05202f05210f25202f05210f24210f05202f04210f05202f05210f24210f05202f25210f04210f05210f24210f04202f05210f04210f05202f05210f24210f05202f05210f24210f05202f05202f25210f24210f04202f05210f24202f05202f25210f04210f05210f2
01:53:55.676 [DEBUG] [serial] Sin header 0xAA, descartando 128 bytes: 02f05210f25210f05202f25210f04210
01:53:55.712 [DEBUG] [serial] RX 128 bytes: 5210f04202f05210f04202f05210f24210f05210f24210f05202f24210f05202f05210f24210f05210f24210f05202f24210f04202f05210f24210f05202f25210f04210f05210f04210f05202f05210f24202f05210f24202f05210f24210f05202f05210f24202f05202f25210f05210f24210f04202f05202f24210f05202
01:53:55.712 [DEBUG] [serial] Sin header 0xAA, descartando 128 bytes: 5210f04202f05210f04202f05210f242
01:53:55.748 [DEBUG] [serial] RX 128 bytes: f05210f25202f05210f04202f05210f25202f05210f24210f05210f04202f05202f25210f25202f05210f24210f05210f24210f05202f05210f25202f25210f04210f05210f24210f05202f25210f05202f25210f04202f05210f04210f05202f25210f25202f05210f25210f05202f25210f24210f05202f05210f04210f052
01:53:55.748 [DEBUG] [serial] Sin header 0xAA, descartando 128 bytes: f05210f25202f05210f04202f05210f2
01:53:55.783 [DEBUG] [serial] RX 128 bytes: 02f04210f05202f25210f04202f04210f04202f05210f24202f05202f25210f24210f05210f25210f04200f05210f24210f04202f05210f24210f05202f05210f24210f04202f05202f25210f05202f25210f04210f05210f24210f05202f25210f05210f24210f05202f24202f05210f25210f04202f05210f04202f05202f2
01:53:55.783 [DEBUG] [serial] Sin header 0xAA, descartando 128 bytes: 02f04210f05202f25210f04202f04210
01:53:55.819 [DEBUG] [serial] RX 128 bytes: 4210f04202f05202f05202f24210f04202f05202f05210f04202f05202f25210f24202f05202f25210f05202f25210f25210f04210f05202f25210f04200f05210f04210f05202f25210f05202f25210f24210f05210f25210f24210f04202f04210f05202f25210f25202f25210f04202f05210f24202f05210f04202f04210
01:53:55.819 [DEBUG] [serial] Sin header 0xAA, descartando 128 bytes: 4210f04202f05202f05202f24210f042
01:53:55.855 [DEBUG] [serial] RX 128 bytes: f04202f05210f24210f05210f24210f05202f24210f05202f05210f24210f05210f04202f05210f24202f05202f25210f04202f05210f04200f05202f04210f04202f05210f25210f05202f24210f05202f24210f05202f05202f25210f24202f05210f24210f05210f24210f05202f25210f05202f25210f04210f05202f252
01:53:55.855 [DEBUG] [serial] Sin header 0xAA, descartando 128 bytes: f04202f05210f24210f05210f24210f0
01:53:55.890 [DEBUG] [serial] RX 128 bytes: 10f24210f04202f05210f24210f05202f05210f04210f05202f05210f24202f05210f24210f05210f25210f24210f04202f05210f25210f04210f05202f25210f25210f04202f05210f04202f05202f24210f05202f25210f24210f05210f24210f04202f05210f04210f05202f25210f24210f05202f05210f24210f05202f2
01:53:55.890 [DEBUG] [serial] Sin header 0xAA, descartando 128 bytes: 10f24210f04202f05210f24210f05202
01:53:55.926 [DEBUG] [serial] RX 128 bytes: 5210f24210f05210f25210f25210f05202f05202f25210f24210f05202f25210f04210f05210f25210f04210f05202f24210f04200f05202f24210f04202f05202f05210f24210f05202f05210f24210f05202f25210f04202f05210f24210f05202f24210f04202f05210f25210f04202f05202f25210f24210f04202f05202
01:53:55.926 [DEBUG] [serial] Sin header 0xAA, descartando 128 bytes: 5210f24210f05210f25210f25210f052
01:53:55.962 [DEBUG] [serial] RX 128 bytes: f25210f24200f05202f25210f24202f05202f25210f04210f05210f25210f04202f05210f04210f05202f05210f24202f05210f24210f05210f25210f04202f05202f24210f05202f25210f24210f04202f05202f05210f24210f05202f05210f24210f05202f05210f25210f05202f05210f25210f05202f05202f25210f242
01:53:55.963 [DEBUG] [serial] Sin header 0xAA, descartando 128 bytes: f25210f24200f05202f25210f24202f0
01:53:55.997 [DEBUG] [serial] RX 128 bytes: 10f05202f25210f24210f05210f25210f04210f05202f25210f04210f04202f05210f25210f04202f05202f24210f04210f05202f05210f04210f04202f05210f24210f05202f05210f24202f05202f25210f25210f04202f05202f25210f24210f05202f05202f25210f24210f04202f05202f05210f04210f04210f04210f0
01:53:55.997 [DEBUG] [serial] Sin header 0xAA, descartando 128 bytes: 10f05202f25210f24210f05210f25210
01:53:56.033 [DEBUG] [serial] RX 128 bytes: 5202f25210f25210f04202f05202f05210f25210f24210f05202f05210f24210f05202f25210f24210f05202f25210f04210f05210f25210f24210f05202f04210f04202f05202f24210f05202f05210f24210f05202f25210f04210f05210f25210f04202f05210f24210f05202f25210f05202f25210f24210f04202f05210
01:53:56.033 [DEBUG] [serial] Sin header 0xAA, descartando 128 bytes: 5202f25210f25210f04202f05202f052
01:53:56.069 [DEBUG] [serial] RX 128 bytes: f04210f04210f05202f25210f25210f04210f05202f25210f25210f04202f05202f05202f25210f24210f04202f05202f05210f04210f04210f04202f05210f25210f04210f05202f05202f25210f25210f24210f04202f04202f05210f25210f04210f04210f05202f25210f25210f24202f05202f05202f25210f25202f052
01:53:56.069 [DEBUG] [serial] Sin header 0xAA, descartando 128 bytes: f04210f04210f05202f25210f25210f0
01:53:56.104 [DEBUG] [serial] RX 128 bytes: 10f25210f04202f05202f25210f25210f04202f05202f25210f24210f04210f04202f05202f05210f05210f04210f05210f25210f04210f05202f05210f04210f04202f05210f04210f04210f04202f05210f25210f04210f05210f24210f04210f05202f05210f04210f05202f05210f04210f05202f05210f24210f05202f0
01:53:56.104 [DEBUG] [serial] Sin header 0xAA, descartando 128 bytes: 10f25210f04202f05202f25210f25210
01:53:56.125 [INFO] [GUI] Click MuxOut -> 1
01:53:56.125 [INFO] [serial] Encolando TX CMD_MUX_OUT sel=1: bb0201
01:53:56.140 [INFO] [serial] TX CMD_MUX_OUT sel=1: bb0201
01:53:56.140 [DEBUG] [serial] TX OK: 3 bytes escritos
01:53:56.140 [DEBUG] [serial] RX 128 bytes: 5210f24202f05210f24210f04202f05210f24210f04202f05210f25210f24210f04210f05202f25210f24210f05210f25210f24210f05202f05210f04210f04202f05210f24210f04210f05202f05210f04210f04210f05210f25210f24210f04202f05210f04210f05202f24210f04202f05202f05210f24210f04202f05202
01:53:56.140 [DEBUG] [serial] Sin header 0xAA, descartando 128 bytes: 5210f24202f05210f24210f04202f052
01:53:56.175 [DEBUG] [serial] RX 128 bytes: f24210f04202f05202f25210f24202f05210f24210f05202f25210f04210f04202f05210f24210f05202f04210f04202f05202f25210f24210f04210f05202f05210f04210f04202f05202f05210f04210f04210f05202f25202f05202f25210f24210f04210f04202f05210f25210f25210f25210f04210f05202f05202f242
01:53:56.176 [DEBUG] [serial] Sin header 0xAA, descartando 128 bytes: f24210f04202f05202f25210f24202f0
01:53:56.211 [DEBUG] [serial] RX 128 bytes: 10f04210f04202f05202f05210f04210f04202f05210f25210f25210f25210f05202f05210f25210f05202f05210f25210f04210f05202f05210f25210f05202f05202f25210f25210f05202f05210f25210f05202f05202f25210f24210f05202f05202f25210f24210f04202f05202f25210f24210f04202f05210f24210f0
01:53:56.211 [DEBUG] [serial] Sin header 0xAA, descartando 128 bytes: 10f04210f04202f05202f05210f04210
01:53:56.246 [DEBUG] [serial] RX 128 bytes: 5202f05202f25210f24210f04202f05210f24210f04202f05202f05210f24202f05202f25210f24202f05202f25210f04210f05210f25210f04210f05202f25210f25210f24210f05202f25210f04202f05210f04210f05202f25210f25202f05210f24210f05210f25210f04210f05202f25210f04210f04202f05210f04210
01:53:56.247 [DEBUG] [serial] Sin header 0xAA, descartando 128 bytes: 5202f05202f25210f24210f04202f052
01:53:56.282 [DEBUG] [serial] RX 128 bytes: f05202f05210f24202f05202f05210f24210f04202f05202f25210f24202f05202f25202f24210f05202f05210f25210f05202f25210f25210f05202f25210f24210f04202f05210f25210f04210f05210f25210f04210f05202f05210f04202f05202f24202f05210f24210f05202f05210f04210f05202f05210f04210f042
01:53:56.283 [DEBUG] [serial] Sin header 0xAA, descartando 128 bytes: f05202f05210f24202f05202f05210f2
01:53:56.317 [DEBUG] [serial] RX 128 bytes: 02f05210f24210f05202f05202f24210f04202f05210f25210f24210f05202f05202f24210f05202f05202f25210f24210f05202f25210f04202f05202f25210f25210f24210f05202f05202f24210f05202f05210f25210f05202f25210f24210f05210f25210f24210f05202f04210f05202f25210f24202f05202f25210f2
01:53:56.318 [DEBUG] [serial] Sin header 0xAA, descartando 128 bytes: 02f05210f24210f05202f05202f24210
01:53:56.353 [DEBUG] [serial] RX 128 bytes: 5210f05202f05210f24210f05202f25210f25210f04210f05210f25210f04210f05202f25210f25210f25210f24202f05202f05202f24210f04210f05202f05210f24210f05202f05210f24202f05202f05210f24210f05210f25210f24210f05210f25210f04210f05202f24210f05202f05202f24210f05202f25210f04210
01:53:56.354 [DEBUG] [serial] Sin header 0xAA, descartando 128 bytes: 5210f05202f05210f24210f05202f252
01:53:56.389 [DEBUG] [serial] RX 128 bytes: f05210f25210f24210f05202f25210f25210f04210f05210f25210f04210f05210f25210f04210f04202f05210f25210f04210f05210f24210f05202f05202f24210f04202f05202f24210f05202f05210f24210f05202f25210f04210f05202f25210f24210f04202f05210f24210f04202f05210f24210f04210f05202f052
01:53:56.389 [DEBUG] [serial] Sin header 0xAA, descartando 128 bytes: f05210f25210f24210f05202f25210f2
01:53:56.424 [DEBUG] [serial] RX 128 bytes: 10f24210f04202f05210f25210f04210f04202f05210f24210f05202f04210f04210f05202f05210f24210f04202f05202f24210f04202f05210f24210f05210f25210f04202f05210f24210f04202f05210f24202f05210f25210f24202f05202f25210f25210f24210f05202f05210f24210f05202f05202f25210f24210f0
01:53:56.425 [DEBUG] [serial] Sin header 0xAA, descartando 128 bytes: 10f24210f04202f05210f25210f04210
01:53:56.460 [DEBUG] [serial] RX 128 bytes: 5202f05202f24210f04210f05202f05202f24210f04202f05202f24210f04202f05210f25210f24202f04202f05202f24210f04210f04202f05202f05210f24210f04210f05210f24210f04202f05210f25202f25210f04210f05210f25210f04210f04202f05210f04202f05202f24210f05202f05210f24210f05210f24210
01:53:56.460 [DEBUG] [serial] Sin header 0xAA, descartando 128 bytes: 5202f05202f24210f04210f05202f052
01:53:56.496 [DEBUG] [serial] RX 128 bytes: f05202f24210f05202f25210f04202f05210f04202f05210f24202f05202f25210f24210f05202f25210f04210f05210f04202f05202f25210f05202f05210f24210f05210f25210f04210f05202f25210f04210f05202f05210f04210f04210f05202f04210f04202f05210f24210f05202f25210f25210f05202f05202f252
01:53:56.496 [DEBUG] [serial] Sin header 0xAA, descartando 128 bytes: f05202f24210f05202f25210f04202f0
01:53:56.531 [DEBUG] [serial] RX 128 bytes: 10f24210f04210f04202f05202f05210f04210f04202f05210f25210f24210f04202f05210f24210f04202f05210f24210f04202f05202f05210f04210f04202f05210f04210f05202f25210f05202f25210f04202f04210f04202f05210f25210f05202f05210f25210f05202f05210f24210f04202f05210f05202f05210f2
01:53:56.531 [DEBUG] [serial] Sin header 0xAA, descartando 128 bytes: 10f24210f04210f04202f05202f05210
01:53:56.567 [DEBUG] [serial] RX 128 bytes: 4202f05210f05202f24210f05210f04202f05210f05202f25210f04200f05202f24210f04202f05202f24210f04202f05202f25210f24202f05202f25210f24210f05202f05202f25210f24202f05202f25210f24210f04202f05202f05210f24210f04202f05202f05210f04210f04202f05202f05210f04210f04210f05210
01:53:56.567 [DEBUG] [serial] Sin header 0xAA, descartando 128 bytes: 4202f05210f05202f24210f05210f042
01:53:56.603 [DEBUG] [serial] RX 128 bytes: f25210f25210f04202f05210f04210f05202f05210f25210f04210f05202f05210f04210f05202f24210f04202f05210f25210f05202f05210f25210f24210f04202f05202f05202f24210f04202f05202f05210f04210f04210f04202f05210f04202f05202f05210f04210f04202f05202f24210f05202f25210f05202f252
01:53:56.603 [DEBUG] [serial] Sin header 0xAA, descartando 128 bytes: f25210f25210f04202f05210f04210f0
01:53:56.638 [DEBUG] [serial] RX 128 bytes: 10f24210f04202f05210f04210f05202f24210f05202f05210f24210f05210f24210f04202f05210f04210f05202f05210f24202f05202f25210f05202f25210f04210f05202f05210f04200f05202f24210f05202f25210f24210f05202f25210f24210f05202f25210f24210f04210f05210f24210f04202f05210f04210f0
01:53:56.639 [DEBUG] [serial] Sin header 0xAA, descartando 128 bytes: 10f24210f04202f05210f04210f05202
01:53:56.674 [DEBUG] [serial] RX 128 bytes: 5202f25210f05202f25210f04210f05210f04210f05202f25210f24210f05202f05210f24210f04202f05202f05202f24210f04210f04202f05210f04210f04202f05202f05210f04210f04202f05210f24210f05202f05210f24210f04202f05202f05210f25210f25210f25210f24202f05202f25210f04202f05202f25210
01:53:56.674 [DEBUG] [serial] Sin header 0xAA, descartando 128 bytes: 5202f25210f05202f25210f04210f052
01:53:56.710 [DEBUG] [serial] RX 128 bytes: f25210f04202f05202f25210f05202f05210f25210f24210f05202f25210f25210f05202f05210f25210f04210f05210f25210f04210f05210f25210f04210f04202f05210f25210f04210f05210f25210f04210f04202f05210f25210f04202f05210f04202f05202f25210f25202f05210f25210f24202f05202f05202f252
01:53:56.710 [DEBUG] [serial] Sin header 0xAA, descartando 128 bytes: f25210f04202f05202f25210f05202f0
01:53:56.745 [DEBUG] [serial] RX 128 bytes: 10f24210f05202f05210f24210f05202f25210f04210f05210f25210f25210f05202f05210f25210f04210f05210f24210f05202f24210f05202f25210f04210f05210f24210f04202f05210f25210f04202f05210f24210f05202f25210f24202f05210f25210f24210f05210f25210f04202f05210f04210f04202f05202f0
01:53:56.745 [DEBUG] [serial] Sin header 0xAA, descartando 128 bytes: 10f24210f05202f05210f24210f05202
01:53:56.781 [DEBUG] [serial] RX 128 bytes: 5210f04210f04202f05210f25210f04210f04202f05210f25210f04202f05210f24210f04210f04202f05210f25210f04210f05202f25210f25210f04210f05210f25210f04210f05210f25210f04210f05202f24210f04202f05210f24202f05210f24210f05202f05210f04202f05202f24210f05202f05210f24210f05202
01:53:56.781 [DEBUG] [serial] Sin header 0xAA, descartando 128 bytes: 5210f04210f04202f05210f25210f042
01:53:56.817 [DEBUG] [serial] RX 128 bytes: f25210f04210f05202f25210f25210f04210f05202f25210f24210f05210f25210f04210f05202f24210f04202f05202f05210f04210f05202f25210f24202f05202f25210f05202f05210f25210f24210f05202f05210f25210f05202f05210f25210f04210f05210f24210f04202f05210f24210f04202f05210f24210f052
01:53:56.817 [DEBUG] [serial] Sin header 0xAA, descartando 128 bytes: f25210f04210f05202f25210f25210f0
01:53:56.852 [DEBUG] [serial] RX 128 bytes: 10f25210f05202f05210f25210f25210f04202f04202f05202f24210f04210f05202f05210f24210f04202f05202f25210f04210f04202f05202f24210f04210f04202f05210f25210f04210f05202f24210f04210f04202f05210f24210f05202f25210f05202f25210f24210f05210f25210f04210f05202f04210f05202f2
01:53:56.852 [DEBUG] [serial] Sin header 0xAA, descartando 128 bytes: 10f25210f05202f05210f25210f25210
01:53:56.888 [DEBUG] [serial] RX 128 bytes: 5210f24210f05202f05202f25210f24202f05202f25210f25202f05202f25210f24210f05202f05202f25210f24202f05210f25210f04210f05210f24210f05202f24210f04210f05202f05202f24210f04202f05202f24202f05202f25210f04210f05210f24210f05202f05210f04210f05202f05202f24210f04202f05202
01:53:56.889 [DEBUG] [serial] Sin header 0xAA, descartando 128 bytes: 5210f24210f05202f05202f25210f242
01:53:56.924 [DEBUG] [serial] RX 128 bytes: f24210f04202f05202f25210f24210f05202f05202f24210f04210f05202f05210f24202f05202f25210f25202f05210f25210f04202f05210f04210f05202f24210f04202f05210f25210f24202f05202f25210f24210f05202f25210f24210f05210f24210f05202f05210f04202f05210f25210f05202f25210f04210f052
01:53:56.924 [DEBUG] [serial] Sin header 0xAA, descartando 128 bytes: f24210f04202f05202f25210f24210f0
01:53:56.959 [DEBUG] [serial] RX 128 bytes: 02f25210f24210f04202f05210f24210f04202f05210f25210f04202f05202f25210f04202f05202f24210f04202f05210f24210f05210f25210f24210f05202f05210f25210f25210f04202f05202f05210f24210f04202f05202f25210f24202f05202f05202f05210f04210f05202f05210f24210f05202f05210f24210f0
01:53:56.959 [DEBUG] [serial] Sin header 0xAA, descartando 128 bytes: 02f25210f24210f04202f05210f24210
01:53:56.995 [DEBUG] [serial] RX 128 bytes: 4210f05202f25210f24202f05202f25210f05202f25210f25210f04210f05210f25210f04210f05210f25210f25210f04210f05202f25210f25210f24210f05202f25210f25210f05202f25210f24210f05210f25210f04202f05210f24202f05202f25210f05202f05210f25210f04210f05210f24210f04202f05210f25210
01:53:56.996 [DEBUG] [serial] Sin header 0xAA, descartando 128 bytes: 4210f05202f25210f24202f05202f252
01:53:57.031 [DEBUG] [serial] RX 128 bytes: f04202f05202f24210f04202f05202f24210f05202f05210f25210f05202f05210f24210f05210f25210f04202f05202f24202f05202f05210f24202f05210f25210f04202f05210f24210f04202f05210f04210f04202f05202f05210f04210f05202f04210f05202f05210f24210f05210f25210f04202f05210f04210f052
01:53:57.031 [DEBUG] [serial] Sin header 0xAA, descartando 128 bytes: f04202f05202f24210f04202f05202f2
01:53:57.066 [DEBUG] [serial] RX 128 bytes: 02f25210f05202f25210f04202f05210f04210f05202f05210f24210f04202f05210f24210f05202f05202f25210f24210f05202f05202f24210f05202f25210f04210f05210f04210f05202f24210f04210f05202f05202f24210f04202f05202f24210f04210f05202f05210f25210f25210f04210f05202f05202f25210f2
01:53:57.066 [DEBUG] [serial] Sin header 0xAA, descartando 128 bytes: 02f25210f05202f25210f04202f05210
01:53:57.102 [DEBUG] [serial] RX 128 bytes: 5210f05202f25210f25210f05202f25210f04202f05202f24210f04202f05202f05210f04210f05202f05210f24202f05202f25210f24202f05202f25210f25210f05202f25210f04210f05210f24210f04202f05202f24202f05210f24210f05210f25210f04210f05202f05210f04210f05202f24210f05202f25210f04210
01:53:57.102 [DEBUG] [serial] Sin header 0xAA, descartando 128 bytes: 5210f05202f25210f25210f05202f252
01:53:57.137 [DEBUG] [serial] RX 128 bytes: f05202f25210f25210f05202f25210f04210f04210f05202f25210f04210f05210f24210f05202f05210f24202f05210f24210f05202f25210f04202f05202f24210f04202f05202f24210f04202f05202f25210f24202f05210f25210f05202f24210f04202f05202f24210f04202f05210f24210f05202f05202f25210f052
01:53:57.138 [DEBUG] [serial] Sin header 0xAA, descartando 128 bytes: f05202f25210f25210f05202f25210f0
01:53:57.173 [DEBUG] [serial] RX 128 bytes: 02f05210f25210f05202f05202f25210f24210f05202f25210f04210f05210f24210f05202f05210f24210f05202f05210f24202f05210f25210f04210f05210f25210f04202f05210f04210f04202f05210f25202f05210f24210f05210f24210f04202f05202f25210f04210f05202f04210f04202f05202f25210f05202f0
01:53:57.173 [DEBUG] [serial] Sin header 0xAA, descartando 128 bytes: 02f05210f25210f05202f05202f25210
01:53:57.208 [DEBUG] [serial] RX 128 bytes: 5210f25210f05202f25210f25210f04210f05210f25210f25210f04202f05202f25210f04202f05210f24210f05202f24210f05202f25210f04202f05210f04210f05202f24210f05202f25210f04210f05202f25210f24210f05210f25210f04210f04210f05210f24210f05202f05210f04210f04202f05210f24210f05202
01:53:57.209 [DEBUG] [serial] Sin header 0xAA, descartando 128 bytes: 5210f25210f05202f25210f25210f042
01:53:57.244 [DEBUG] [serial] RX 128 bytes: f05210f24202f05202f25210f24210f05202f25210f04210f05202f25210f24210f04202f05210f04210f04210f05210f25210f04210f04202f05210f04210f05202f05210f04210f05202f05210f24210f05202f05210f24210f05202f25210f25210f05202f05210f25210f05202f25210f04202f05202f24210f05202f252
01:53:57.245 [DEBUG] [serial] Sin header 0xAA, descartando 128 bytes: f05210f24202f05202f25210f24210f0
01:53:57.280 [DEBUG] [serial] RX 128 bytes: 10f24202f04202f05202f25210f24210f05202f05210f24210f05202f05202f25210f05202f05210f25210f05202f05202f25210f24210f05202f25210f25210f25202f05210f25210f04210f05210f25210f04210f05202f25210f25210f04202f05210f25210f04200f05210f25210f04210f05202f24210f04210f05202f2
01:53:57.280 [DEBUG] [serial] Sin header 0xAA, descartando 128 bytes: 10f24202f04202f05202f25210f24210
01:53:57.315 [DEBUG] [serial] RX 128 bytes: 5210f04210f05202f05210f24202f05210f24210f05202f25210f04210f05202f24210f04202f05202f25210f04210f05202f25210f05202f05210f24210f05210f24210f05202f25210f24202f05210f25210f24210f05202f25210f04210f05202f25210f04210f05210f24210f04210f04202f05210f04210f05202f24210
01:53:57.316 [DEBUG] [serial] Sin header 0xAA, descartando 128 bytes: 5210f04210f05202f05210f24202f052
01:53:57.351 [DEBUG] [serial] RX 128 bytes: f04202f05202f25210f05202f05210f25210f05202f05210f25210f04210f05202f25210f24210f05202f25210f24210f05202f24210f04202f05210f25202f25210f04200f05202f05210f25210f04210f05202f25210f04210f05202f05210f04210f05202f05210f04202f05202f25210f24202f05202f05210f24210f042
01:53:57.351 [DEBUG] [serial] Sin header 0xAA, descartando 128 bytes: f04202f05202f25210f05202f05210f2
01:53:57.386 [DEBUG] [serial] RX 128 bytes: 02f05210f25210f05202f25210f24210f05210f25210f04202f05202f25210f04210f05202f24210f05202f25210f04202f05210f24210f04202f05210f24210f04202f05202f05210f04210f04210f05202f25210f24210f04202f05210f25210f04210f05210f25210f24210f04210f05210f25210f25210f05202f05210f2
01:53:57.386 [DEBUG] [serial] Sin header 0xAA, descartando 128 bytes: 02f05210f25210f05202f25210f24210
01:53:57.422 [DEBUG] [serial] RX 128 bytes: 5210f24210f05202f05210f25210f24200f05202f05210f25210f05202f05210f25210f25202f05210f25210f04210f05210f25210f04202f05210f04210f04202f05202f24210f04202f05202f25210f04210f04202f05202f25210f04210f04210f05210f04210f05202f05210f24210f05202f05202f25210f04210f04210
01:53:57.423 [DEBUG] [serial] Sin header 0xAA, descartando 128 bytes: 5210f24210f05202f05210f25210f242
01:53:57.458 [DEBUG] [serial] RX 128 bytes: f05202f05210f04210f05202f05210f04210f05202f25210f24202f05210f25210f05202f25210f25210f24210f05210f25210f04210f05210f25210f04202f05202f24210f05202f05210f25202f05210f24210f04202f05210f04210f04202f05210f04202f05210f25210f04202f05202f25210f24202f05202f05210f252
01:53:57.458 [DEBUG] [serial] Sin header 0xAA, descartando 128 bytes: f05202f05210f04210f05202f05210f0
01:53:57.493 [DEBUG] [serial] RX 128 bytes: 10f05202f25210f04210f05202f25210f25210f04210f05202f25210f04202f05210f04210f05202f25210f24210f05202f25210f24202f05202f25210f04210f05210f25210f04210f05210f25210f04210f04202f05210f24210f04202f05210f04210f05202f25210f25202f05210f25210f05202f25210f24210f04202f0
01:53:57.494 [DEBUG] [serial] Sin header 0xAA, descartando 128 bytes: 10f05202f25210f04210f05202f25210
01:53:57.529 [DEBUG] [serial] RX 128 bytes: 5210f04210f05202f05210f04210f04210f05202f25210f04210f04202f05210f04210f05202f05210f24210f04202f05202f05210f04210f04202f05210f24210f04202f05202f24210f04202f05210f25210f05202f05210f25210f05202f25210f24210f05202f04210f04202f05202f24210f04202f05202f25210f24210
01:53:57.529 [DEBUG] [serial] Sin header 0xAA, descartando 128 bytes: 5210f04210f05202f05210f04210f042
01:53:57.565 [DEBUG] [serial] RX 128 bytes: f05202f05210f24210f05202f25210f24210f05202f25210f24210f05210f25210f04210f04202f05210f24210f04210f05210f25210f04210f05202f05210f04210f05202f04210f04202f05202f25210f24202f05210f24210f05210f24202f05210f25210f05202f05202f25210f24210f04202f05202f25210f05202f052
01:53:57.565 [DEBUG] [serial] Sin header 0xAA, descartando 128 bytes: f05202f05210f24210f05202f25210f2
01:53:57.600 [DEBUG] [serial] RX 128 bytes: 10f25210f04202f05202f25210f25210f05202f25210f04210f05210f24210f04202f05202f24210f04202f05202f24210f05202f05210f24210f05210f25210f24210f05210f25210f04210f05202f24210f04202f05202f25210f04210f05202f25210f24202f05202f25210f05202f05210f24210f05202f05210f04202f0
01:53:57.600 [DEBUG] [serial] Sin header 0xAA, descartando 128 bytes: 10f25210f04202f05202f25210f25210
01:53:57.636 [DEBUG] [serial] RX 128 bytes: 5210f24202f05202f25210f24210f05210f25210f04202f04210f04202f05202f25210f25202f05210f25210f05202f25210f24210f04202f05210f24210f04202f05210f24210f05202f05202f24210f04202f05210f24202f05202f05210f25210f05202f25210f24210f05210f24210f04210f05202f05210f04210f05202
01:53:57.636 [DEBUG] [serial] Sin header 0xAA, descartando 128 bytes: 5210f24202f05202f25210f24210f052
01:53:57.672 [DEBUG] [serial] RX 128 bytes: f05210f04202f05202f25210f04202f05202f25210f25202f05202f25210f24210f05210f24210f04202f05210f24210f04202f05210f24202f05210f25210f05202f25210f24210f04210f05202f25210f24210f05202f25210f04210f05202f05210f04210f05202f05210f04210f05202f05210f24210f05202f05210f242
01:53:57.672 [DEBUG] [serial] Sin header 0xAA, descartando 128 bytes: f05210f04202f05202f25210f04202f0
01:53:57.707 [DEBUG] [serial] RX 128 bytes: 02f05202f25210f04210f05210f24210f04202f05210f24210f04202f05210f24202f05210f24210f05210f25210f04202f05210f24210f05202f05210f24210f04202f05202f05210f24200f05210f24210f05202f24210f05202f25210f05202f25210f04210f05210f25210f04202f05210f24210f05202f05210f24202f0
01:53:57.708 [DEBUG] [serial] Sin header 0xAA, descartando 128 bytes: 02f05202f25210f04210f05210f24210
01:53:57.743 [DEBUG] [serial] RX 128 bytes: 5202f05202f25210f24202f05202f25210f24202f05202f25210f24210f05210f04202f05210f25202f05210f04210f05202f05210f04202f05202f24210f04202f05202f25210f24210f04202f05202f05210f25210f04210f04210f05202f25210f24210f05210f04210f05202f05210f24210f04202f05202f24210f04202
01:53:57.743 [DEBUG] [serial] Sin header 0xAA, descartando 128 bytes: 5202f05202f25210f24202f05202f252
01:53:57.779 [DEBUG] [serial] RX 128 bytes: f05202f25210f24210f05202f25210f24202f05202f25210f25210f04202f05202f25210f24210f04202f05202f05202f25210f04210f04210f05202f25210f25210f25210f04202f05202f25202f24210f05202f05210f25210f05202f25210f24210f05210f25210f04202f05202f24210f04202f05202f24210f04202f052
01:53:57.779 [DEBUG] [serial] Sin header 0xAA, descartando 128 bytes: f05202f25210f24210f05202f25210f2
01:53:57.814 [DEBUG] [serial] RX 128 bytes: 02f25210f05202f05210f24210f05210f25210f04210f05202f24210f04202f05210f24202f05202f25210f25210f05202f25210f24210f05202f25210f04210f05202f05210f04210f04202f05210f25210f24210f04202f05210f25210f04210f05210f25210f04202f05202f24210f05202f05210f24202f05202f25210f0
01:53:57.814 [DEBUG] [serial] Sin header 0xAA, descartando 128 bytes: 02f25210f05202f05210f24210f05210
01:53:57.850 [DEBUG] [serial] RX 128 bytes: 4210f05210f24210f05202f24210f05202f05210f24210f05210f24210f05202f05210f04200f05202f25210f24202f05202f25210f05202f25210f24210f04202f05210f04210f05202f04210f05202f05202f25210f04202f05210f24210f05210f24210f04202f05210f24210f05202f25210f24202f05202f05210f25210
01:53:57.850 [DEBUG] [serial] Sin header 0xAA, descartando 128 bytes: 4210f05210f24210f05202f24210f052
01:53:57.886 [DEBUG] [serial] RX 128 bytes: f05202f05210f24210f05202f25210f04210f04202f05210f24210f04202f05210f25210f04210f04202f05210f04202f05210f24202f05210f24210f05202f04210f04202f05210f24202f05202f25210f04210f05210f25210f04200f05210f24210f05202f05210f24210f04200f05202f05210f04210f05202f25210f242
01:53:57.886 [DEBUG] [serial] Sin header 0xAA, descartando 128 bytes: f05202f05210f24210f05202f25210f0
01:53:57.921 [DEBUG] [serial] RX 128 bytes: 02f05210f25210f05202f25210f24210f04202f05210f25210f04210f05210f25210f04210f05202f05210f04200f05210f24202f05202f25210f24200f05210f04202f05210f24202f05202f24210f04202f05210f24210f04202f05210f04210f05202f25210f24202f05202f25210f05202f25210f04200f05202f24210f0
01:53:57.921 [DEBUG] [serial] Sin header 0xAA, descartando 128 bytes: 02f05210f25210f05202f25210f24210
01:53:57.957 [DEBUG] [serial] RX 128 bytes: 4202f05202f25210f04200f05202f05210f24210f04202f05210f24210f05202f05202f25210f24202f05210f25210f05202f05202f25210f24210f05202f25210f04202f05210f04210f05202f25210f05202f05210f24210f05210f25210f04210f05202f24210f04202f05202f05210f25210f24210f04210f05202f25210
01:53:57.957 [DEBUG] [serial] Sin header 0xAA, descartando 128 bytes: 4202f05202f25210f04200f05202f052
01:53:57.992 [DEBUG] [serial] RX 128 bytes: f25210f05202f05202f25210f24210f05202f25210f25210f24202f05202f25202f25210f24210f04210f04210f05210f25210f04202f05202f24210f04202f05202f24210f05202f05210f24210f05210f25210f04202f05210f24210f05202f05210f05202f05210f24210f05202f25210f04202f05210f24210f05202f252
01:53:57.993 [DEBUG] [serial] Sin header 0xAA, descartando 128 bytes: f25210f05202f05202f25210f24210f0
01:53:58.028 [DEBUG] [serial] RX 128 bytes: 10f05210f25210f05202f05210f05202f24210f04202f05210f04202f05210f25210f24202f05202f05202f24210f04202f05202f25210f24202f05202f25210f24202f05202f25210f04210f05210f25210f04210f05210f24210f05202f05210f05202f25210f04210f05210f24210f04202f05202f24210f05202f25210f0
01:53:58.028 [DEBUG] [serial] Sin header 0xAA, descartando 128 bytes: 10f05210f25210f05202f05210f05202
01:53:58.064 [DEBUG] [serial] RX 128 bytes: 5202f05210f25210f04210f05202f25210f04210f05210f25210f24210f05202f05210f24210f05202f05210f04210f05202f25210f05202f25210f04210f05202f25210f24210f04202f05210f25210f04210f05210f25210f04210f05202f05210f24210f05202f24210f05202f25210f24210f05210f24210f05202f24210
01:53:58.064 [DEBUG] [serial] Sin header 0xAA, descartando 128 bytes: 5202f05210f25210f04210f05202f252
01:53:58.099 [DEBUG] [serial] RX 128 bytes: f05202f25210f24210f05210f24210f05202f04210f04202f05210f25210f05202f25210f25210f05202f25210f24210f04202f05210f04210f05202f24210f05202f05210f24210f05210f25210f04202f05210f24210f04200f05202f25210f04210f05202f05210f04202f05210f25210f05202f05210f25210f24210f052
01:53:58.100 [DEBUG] [serial] Sin header 0xAA, descartando 128 bytes: f05202f25210f24210f05210f24210f0
01:53:58.135 [DEBUG] [serial] RX 128 bytes: 02f25210f04210f05210f24210f05202f05210f04202f05210f24210f05210f25210f04202f05210f24210f05202f05210f24202f05202f25210f05202f05210f24210f05202f24210f05202f24210f05210f24200f05202f25210f05202f05210f24210f05210f24210f04202f05210f24200f05202f25210f24202f05210f2
01:53:58.135 [DEBUG] [serial] Sin header 0xAA, descartando 128 bytes: 02f25210f04210f05210f24210f05202
01:53:58.170 [DEBUG] [serial] RX 128 bytes: 5210f04202f04210f04202f05210f25202f24210f04202f05210f25202f24210f04202f05210f05202f05210f05202f24210f04202f05210f25202f25210f04202f05202f24210f05210f24210f05210f24210f05202f05210f24202f05210f24210f05210f05202f05210f04202f05210f04202f05202f24210f05202f25210
01:53:58.171 [DEBUG] [serial] Sin header 0xAA, descartando 128 bytes: 5210f04202f04210f04202f05210f252
01:53:58.206 [DEBUG] [serial] RX 128 bytes: f24210f05210f25210f04202f05210f04202f05210f24210f05210f04210f05202f24210f05202f05210f25210f05202f25210f24210f05210f24210f05202f05210f24202f05202f25210f05202f05210f24210f05202f24202f05210f24210f05202f25210f04202f05202f24210f05202f25210f05202f25210f24210f052
01:53:58.206 [DEBUG] [serial] Sin header 0xAA, descartando 128 bytes: f24210f05210f25210f04202f05210f0
01:53:58.241 [DEBUG] [serial] RX 128 bytes: 02f24210f04202f05202f24202f05210f24200f05210f24202f05202f25210f05202f05210f25210f04210f05210f24210f05202f04210f05202f25210f24210f05210f04202f05210f25202f05210f04202f05210f24202f05202f25210f04202f05202f25210f24210f05202f25210f24210f05210f25210f04210f05202f0
01:53:58.242 [DEBUG] [serial] Sin header 0xAA, descartando 128 bytes: 02f24210f04202f05202f24202f05210
01:53:58.277 [DEBUG] [serial] RX 128 bytes: 5210f04210f05202f24210f05202f25210f24210f05210f24210f04202f04210f04202f05202f25210f24210f05202f05210f24210f04202f05210f25210f05210f24210f05202f04210f04202f05202f25210f25202f05210f24210f05210f04202f05210f25210f05210f24210f05202f24210f05210f24202f05210f25202
01:53:58.278 [DEBUG] [serial] Sin header 0xAA, descartando 128 bytes: 5210f04210f05202f24210f05202f252
01:53:58.313 [DEBUG] [serial] RX 128 bytes: f24210f05210f24202f05210f24210f05202f04210f05202f25210f05210f24210f05202f25210f05202f25210f04202f05210f04202f05210f04202f04210f05202f25210f05210f25210f04202f05210f24202f05210f24200f05210f04202f05210f25210f05202f24210f05202f04210f04202f05210f24200f05210f042
01:53:58.313 [DEBUG] [serial] Sin header 0xAA, descartando 128 bytes: f24210f05210f24202f05210f24210f0
01:53:58.348 [DEBUG] [serial] RX 128 bytes: 10f05202f04210f05202f25210f05202f05210f04202f05202f24210f05202f25210f24202f05210f24210f05202f24210f05202f25210f04202f05210f24210f05210f24210f05202f05210f24210f05202f25210f24210f05202f25210f04202f05202f05210f24210f04202f05210f04210f05202f05210f24202f05202f2
01:53:58.349 [DEBUG] [serial] Sin header 0xAA, descartando 128 bytes: 10f05202f04210f05202f25210f05202
01:53:58.384 [DEBUG] [serial] RX 128 bytes: 5210f24210f04202f05202f25210f25202f05210f24210f05210f25210f04210f04202f05210f04200f05202f24210f04202f05210f24210f05210f24210f05202f24210f05202f24210f05202f04210f05202f25210f05202f25210f24210f05202f04210f05202f25210f24202f05210f24210f05202f24210f05202f05210
01:53:58.384 [DEBUG] [serial] Sin header 0xAA, descartando 128 bytes: 5210f24210f04202f05202f25210f252
01:53:58.420 [DEBUG] [serial] RX 128 bytes: f25202f25210f04202f05202f24210f05202f25210f05202f05210f24210f05202f04210f04202f05202f24210f05202f25210f24210f05202f25210f24210f05210f24210f05202f05210f24210f05202f05210f24202f05210f24210f05202f04210f05202f05210f24202f05210f24210f05210f25202f24210f05202f242
01:53:58.420 [DEBUG] [serial] Sin header 0xAA, descartando 128 bytes: f25202f25210f04202f05202f24210f0
01:53:58.455 [DEBUG] [serial] RX 128 bytes: 10f05202f25210f04202f04210f05202f25210f05202f25210f05202f25210f05202f24210f04202f04210f05202f05210f04202f05210f04210f04202f05210f24210f04202f05202f24210f04202f05202f24210f05202f25210f04202f05210f04210f05202f24210f05202f25210f24210f05210f24210f05202f05210f0
01:53:58.455 [DEBUG] [serial] Sin header 0xAA, descartando 128 bytes: 10f05202f25210f04202f04210f05202
01:53:58.491 [DEBUG] [serial] RX 128 bytes: 4202f05210f25210f05202f05210f24210f05210f24210f04202f05202f24210f05202f24210f05202f24210f05202f25210f05202f25210f24210f05202f25210f24210f04202f05210f04202f05202f24200f05202f25210f25210f05202f25210f24210f05210f24210f05202f05210f24202f05210f25210f05202f25210
01:53:58.491 [DEBUG] [serial] Sin header 0xAA, descartando 128 bytes: 4202f05210f25210f05202f05210f242
01:53:58.527 [DEBUG] [serial] RX 128 bytes: f24200f05202f04210f05202f05210f24210f05210f25210f04202f05210f04202f05202f24210f05202f25210f04210f05210f24210f04202f05210f04202f05202f25210f05210f24210f05202f24210f05202f25210f04210f05210f25210f24210f05210f24210f04202f05210f24210f05202f05210f24202f05202f252
01:53:58.527 [DEBUG] [serial] Sin header 0xAA, descartando 128 bytes: f24200f05202f04210f05202f05210f2
01:53:58.562 [DEBUG] [serial] RX 128 bytes: 10f24210f05210f25210f04202f05210f24210f04202f05210f24210f05202f25210f24202f05202f05210f24210f05210f24210f05202f04210f04202f05202f05210f24210f05202f05202f24210f05202f25210f04202f05210f04210f05202f24210f04210f05202f05210f24210f05202f05202f24210f04202f05202f2
01:53:58.562 [DEBUG] [serial] Sin header 0xAA, descartando 128 bytes: 10f24210f05210f25210f04202f05210
01:53:58.598 [DEBUG] [serial] RX 128 bytes: 5210f24210f05202f05210f24210f05202f25210f04200f05210f25210f04210f05210f25210f04210f04202f05210f04210f04202f05210f25210f04210f04200f05210f25210f04210f05210f25210f04210f05202f05210f24210f04210f05210f25210f04210f05202f05210f04210f04202f05210f25210f04210f05202
01:53:58.598 [DEBUG] [serial] Sin header 0xAA, descartando 128 bytes: 5210f24210f05202f05210f24210f052
01:53:58.634 [DEBUG] [serial] RX 128 bytes: f05210f04210f04202f05210f24210f04202f05210f25202f05210f24210f05202f25210f04210f05202f05210f04210f05202f05210f04210f05202f05210f24202f05202f25210f24200f05202f25210f25210f05202f05210f25210f05202f05210f25210f04210f05210f24210f05202f24210f05202f25210f24210f052
01:53:58.634 [DEBUG] [serial] Sin header 0xAA, descartando 128 bytes: f05210f04210f04202f05210f24210f0
01:53:58.669 [DEBUG] [serial] RX 128 bytes: 10f24210f05202f24210f04202f05210f24210f05210f25210f04210f05210f25210f04202f05210f24202f05202f25210f05202f25210f04210f05202f04210f05202f05210f25202f25210f04202f05202f25210f04210f04200f05210f25210f04210f04202f05210f24210f04202f05210f24210f04210f04202f05210f0
01:53:58.670 [DEBUG] [serial] Sin header 0xAA, descartando 128 bytes: 10f24210f05202f24210f04202f05210
01:53:58.705 [DEBUG] [serial] RX 128 bytes: 4210f05202f04210f05202f05210f24210f05202f25210f04210f05202f05202f05202f25210f24210f04202f05202f24210f04202f05202f25210f24202f05202f25210f24200f05202f05202f25210f24202f05202f25210f25202f05210f24210f04202f05210f24210f04202f05210f24210f05202f05210f24202f05210
01:53:58.705 [DEBUG] [serial] Sin header 0xAA, descartando 128 bytes: 4210f05202f04210f05202f05210f242
01:53:58.741 [DEBUG] [serial] RX 128 bytes: f25210f05202f25210f24210f04202f05210f04202f05210f24210f04202f05202f25210f24210f04202f05202f05210f04210f04202f05202f25210f04210f04202f05210f04210f04202f05202f24210f04202f05202f25210f04210f05202f05210f25202f05202f25210f24210f04202f05202f05210f24210f04202f052
01:53:58.741 [DEBUG] [serial] Sin header 0xAA, descartando 128 bytes: f25210f05202f25210f24210f04202f0
01:53:58.776 [DEBUG] [serial] RX 128 bytes: 02f05210f25210f04210f04202f05210f25210f04210f05210f25210f04200f05202f05210f04210f05202f24210f05202f25210f04202f05210f24210f04202f05210f04210f04202f05202f24210f05202f05210f24202f05202f25210f24210f05210f25210f04200f05210f04210f04202f05202f24210f05202f05210f2
01:53:58.776 [DEBUG] [serial] Sin header 0xAA, descartando 128 bytes: 02f05210f25210f04210f04202f05210
01:53:58.812 [DEBUG] [serial] RX 128 bytes: 5202f05210f24210f04210f05210f24210f04202f05210f04202f05210f25210f05202f25210f24210f05210f25210f25210f04202f05210f24210f05202f04210f04210f04202f05202f24210f04202f05202f24210f04210f04202f05210f24210f05202f05210f24202f05210f24210f04202f05210f04210f04202f05210
01:53:58.812 [DEBUG] [serial] Sin header 0xAA, descartando 128 bytes: 5202f05210f24210f04210f05210f242
01:53:58.848 [DEBUG] [serial] RX 128 bytes: f24210f04210f05210f24202f05210f24210f05210f24210f04202f05202f24210f05202f25210f25202f25210f05202f25210f05210f24210f05202f24200f05202f25210f04210f05210f25210f24210f05210f24210f05202f25210f05202f25210f04210f05210f25210f04210f05202f04210f05202f05210f25202f052
01:53:58.848 [DEBUG] [serial] Sin header 0xAA, descartando 128 bytes: f24210f04210f05210f24202f05210f2
01:53:58.883 [DEBUG] [serial] RX 128 bytes: 10f25210f04200f05210f25210f04202f05210f04202f05202f25210f05202f25210f25210f05202f25210f04202f05210f25202f05210f24210f05210f24210f05202f25210f05202f25210f24210f05210f25210f04202f05210f24202f05202f25210f24202f05202f25210f24210f05202f25210f24210f05210f24210f0
01:53:58.883 [DEBUG] [serial] Sin header 0xAA, descartando 128 bytes: 10f25210f04200f05210f25210f04202
01:53:58.919 [DEBUG] [serial] RX 128 bytes: 4202f05202f24210f05202f25210f25202f05210f25210f04202f05210f24210f04210f05210f25210f04210f04202f05210f04202f05202f24210f04202f05202f25210f24202f05202f05210f24210f04202f05202f25210f05202f25210f24210f05210f25210f05210f04200f05210f04210f05210f24210f05202f25210
01:53:58.919 [DEBUG] [serial] Sin header 0xAA, descartando 128 bytes: 4202f05202f24210f05202f25210f252
01:53:58.955 [DEBUG] [serial] RX 128 bytes: f24210f05210f25210f04210f05210f24210f05202f25210f05202f25210f04202f04210f05202f25210f24210f05202f25210f25210f05202f25210f24210f05202f24202f05210f24210f05210f24210f05202f25210f05210f24202f05210f25202f25210f24210f05202f04210f05202f05210f24202f05210f24210f052
01:53:58.955 [DEBUG] [serial] Sin header 0xAA, descartando 128 bytes: f24210f05210f25210f04210f05210f2
01:53:58.990 [DEBUG] [serial] RX 128 bytes: 02f24210f04202f05210f25202f05210f24210f05202f04210f05202f05210f25202f05210f24210f05202f04210f05202f05210f24200f05202f25210f24210f05210f24210f04202f05210f04202f05210f24210f05210f25210f04210f05210f25210f04202f05202f24210f05202f05210f24202f05210f25210f04210f0
01:53:58.990 [DEBUG] [serial] Sin header 0xAA, descartando 128 bytes: 02f24210f04202f05210f25202f05210
01:53:58.996 [INFO] [GUI] Cerrando ventana...
01:53:58.996 [INFO] [serial] Encolando TX CMD_STOP (close): bb05
01:53:58.996 [INFO] [serial] Solicitando parada del worker...
01:53:59.026 [INFO] [serial] TX CMD_STOP (close): bb05
01:53:59.026 [DEBUG] [serial] TX OK: 2 bytes escritos
01:53:59.026 [DEBUG] [serial] RX 128 bytes: 5210f25210f04210f05210f24210f05202f05210f25202f05210f24210f05210f25210f05202f05210f25202f05202f25210f05202f25210f24210f04202f04210f05202f05210f25202f05210f04202f05210f24202f05210f24210f05210f04210f05210f24210f05210f24210f05202f04210f04202f05210f25210f24202
01:53:59.026 [DEBUG] [serial] Sin header 0xAA, descartando 128 bytes: 5210f25210f04210f05210f24210f052
01:53:59.026 [INFO] [serial] Loop de lectura terminado.
01:53:59.027 [INFO] [serial] Puerto cerrado.
01:53:59.027 [INFO] [GUI] Worker terminado, cerrando.
01:53:59.035 [INFO] [GUI] app.exec_() retorno con codigo 0
