05:07:52.283 [INFO] Log file: C:\Github\Tesis\src\python\geophone_scope - Copy\logs\scope_min_20260420_050752.log
05:07:52.283 [INFO] ============================================================
05:07:52.283 [INFO] scope_min.py arrancando
05:07:52.283 [INFO] ============================================================
05:07:52.283 [INFO] [USB] Buscando dispositivo Cypress (VID=0x04B4)...
05:07:52.290 [INFO] [USB] Puertos encontrados: 1
05:07:52.290 [INFO] [USB]   COM7 | VID=0x04b4 | PID=0xf139 | desc=KitProg USB-UART (COM7)
05:07:52.290 [INFO] [USB] -> Cypress encontrado en COM7
05:07:52.291 [INFO] Usando puerto: COM7
05:07:52.303 [INFO] [GUI] Iniciando ScopeWindow, puerto=COM7
05:07:52.304 [INFO] [GUI] Construyendo UI...
05:07:52.484 [INFO] [GUI] UI construida OK
05:07:52.484 [INFO] [GUI] Creando SerialWorker para COM7
05:07:52.485 [INFO] [serial] Abriendo puerto COM7 ...
05:07:52.485 [INFO] [GUI] SerialWorker iniciado
05:07:52.485 [INFO] [GUI] Timer de refresh iniciado (80ms)
05:07:52.485 [INFO] [GUI] ScopeWindow lista
05:07:52.698 [INFO] [GUI] app.exec_() — entrando en event loop Qt
05:07:52.698 [INFO] [serial] Puerto abierto: Serial<id=0x1d216593ee0, open=True>(port='COM7', baudrate=9600, bytesize=8, parity='N', stopbits=1, timeout=0.1, xonxoff=False, rtscts=False, dsrdtr=False)
05:07:52.699 [INFO] [serial] Entrando en loop de lectura...
05:07:54.590 [INFO] [GUI] Freq cambiada a 1.0 Hz (freq_dh=10)
05:07:54.590 [INFO] [serial] Encolando TX CMD_FREQ freq=1.0Hz dh=10: bb03000a
05:07:54.660 [INFO] [serial] TX CMD_FREQ freq=1.0Hz dh=10: bb03000a
05:07:54.660 [DEBUG] [serial] TX OK: 4 bytes escritos
05:07:57.422 [INFO] [GUI] Freq cambiada a 10.0 Hz (freq_dh=100)
05:07:57.422 [INFO] [serial] Encolando TX CMD_FREQ freq=10.0Hz dh=100: bb030064
05:07:57.495 [INFO] [serial] TX CMD_FREQ freq=10.0Hz dh=100: bb030064
05:07:57.495 [DEBUG] [serial] TX OK: 4 bytes escritos
05:08:00.350 [INFO] [GUI] Freq cambiada a 150.0 Hz (freq_dh=1500)
05:08:00.350 [INFO] [serial] Encolando TX CMD_FREQ freq=150.0Hz dh=1500: bb0305dc
05:08:00.434 [INFO] [serial] TX CMD_FREQ freq=150.0Hz dh=1500: bb0305dc
05:08:00.434 [DEBUG] [serial] TX OK: 4 bytes escritos
05:08:04.422 [INFO] [GUI] Freq cambiada a 200.0 Hz (freq_dh=2000)
05:08:04.422 [INFO] [serial] Encolando TX CMD_FREQ freq=200.0Hz dh=2000: bb0307d0
05:08:04.456 [INFO] [serial] TX CMD_FREQ freq=200.0Hz dh=2000: bb0307d0
05:08:04.456 [DEBUG] [serial] TX OK: 4 bytes escritos
05:08:06.959 [INFO] [GUI] Freq cambiada a 200.0 Hz (freq_dh=2000)
05:08:06.959 [INFO] [serial] Encolando TX CMD_FREQ freq=200.0Hz dh=2000: bb0307d0
05:08:06.961 [INFO] [serial] TX CMD_FREQ freq=200.0Hz dh=2000: bb0307d0
05:08:06.964 [DEBUG] [serial] TX OK: 4 bytes escritos
05:08:38.246 [INFO] [GUI] Freq cambiada a 200.0 Hz (freq_dh=2000)
05:08:38.246 [INFO] [serial] Encolando TX CMD_FREQ freq=200.0Hz dh=2000: bb0307d0
05:08:38.306 [INFO] [serial] TX CMD_FREQ freq=200.0Hz dh=2000: bb0307d0
05:08:38.307 [DEBUG] [serial] TX OK: 4 bytes escritos
05:08:56.983 [ERROR] [serial] Error de lectura: ClearCommError failed (PermissionError(13, 'The device does not recognize the command.', None, 22))
05:08:56.983 [INFO] [serial] Loop de lectura terminado.
05:08:56.983 [INFO] [serial] Puerto cerrado.
05:15:55.387 [INFO] [GUI] Cerrando ventana...
05:15:55.387 [WARNING] [serial] TX ignorado (puerto no abierto): CMD_STOP (close)
05:15:55.387 [INFO] [serial] Solicitando parada del worker...
05:15:55.388 [INFO] [GUI] Worker terminado, cerrando.
05:15:55.388 [INFO] [GUI] Freq cambiada a 200.0 Hz (freq_dh=2000)
05:15:55.388 [WARNING] [serial] TX ignorado (puerto no abierto): CMD_FREQ freq=200.0Hz dh=2000
05:15:55.399 [INFO] [GUI] app.exec_() retorno con codigo 0
