19:01:36.496 [INFO] Log file: C:\Github\Tesis\src\python\geophone_scope - Copy\logs\scope_min_20260419_190136.log
19:01:36.496 [INFO] ============================================================
19:01:36.496 [INFO] scope_min.py arrancando
19:01:36.496 [INFO] ============================================================
19:01:36.496 [INFO] Puerto forzado por argumento: COM3
19:01:36.496 [INFO] Usando puerto: COM3
19:01:36.507 [INFO] [GUI] Iniciando ScopeWindow, puerto=COM3
19:01:36.507 [INFO] [GUI] Construyendo UI...
19:01:36.675 [INFO] [GUI] UI construida OK
19:01:36.675 [INFO] [GUI] Creando SerialWorker para COM3
19:01:36.676 [INFO] [serial] Abriendo puerto COM3 ...
19:01:36.676 [INFO] [GUI] SerialWorker iniciado
19:01:36.677 [INFO] [GUI] Timer de refresh iniciado (80ms)
19:01:36.677 [INFO] [GUI] ScopeWindow lista
19:01:36.851 [INFO] [serial] Puerto abierto: Serial<id=0x1a92e2f99f0, open=True>(port='COM3', baudrate=115200, bytesize=8, parity='N', stopbits=1, timeout=0.1, xonxoff=False, rtscts=False, dsrdtr=False)
19:01:36.864 [INFO] [GUI] app.exec_() — entrando en event loop Qt
19:01:36.865 [INFO] [serial] Entrando en loop de lectura...
19:01:39.505 [INFO] [GUI] Click MuxIn -> 1
19:01:39.505 [INFO] [serial] TX CMD_MUX_IN sel=1: bb0101
19:01:39.505 [DEBUG] [serial] TX OK: 3 bytes escritos
19:01:50.767 [INFO] [GUI] Freq cambiada a 12.0 Hz (freq_dh=120)
19:01:50.767 [INFO] [serial] TX CMD_FREQ freq=12.0Hz dh=120: bb030078
19:01:51.778 [ERROR] [serial] TX TIMEOUT — puerto ocupado?
19:01:51.785 [INFO] [GUI] Click START
19:01:51.785 [INFO] [serial] TX CMD_START: bb04
19:01:52.789 [ERROR] [serial] TX TIMEOUT — puerto ocupado?
19:08:59.543 [INFO] [GUI] Cerrando ventana...
19:08:59.543 [INFO] [serial] TX CMD_STOP (close): bb05
19:09:00.554 [ERROR] [serial] TX TIMEOUT — puerto ocupado?
19:09:00.555 [INFO] [serial] Solicitando parada del worker...
19:09:00.606 [INFO] [serial] Loop de lectura terminado.
19:09:00.607 [INFO] [serial] Puerto cerrado.
19:09:00.607 [INFO] [GUI] Worker terminado, cerrando.
19:09:00.612 [INFO] [GUI] app.exec_() retorno con codigo 0
