04:49:30.046 [INFO] Log file: C:\Github\Tesis\src\python\geophone_scope - Copy\logs\scope_min_20260420_044930.log
04:49:30.047 [INFO] ============================================================
04:49:30.047 [INFO] scope_min.py arrancando
04:49:30.047 [INFO] ============================================================
04:49:30.047 [INFO] [USB] Buscando dispositivo Cypress (VID=0x04B4)...
04:49:30.054 [INFO] [USB] Puertos encontrados: 1
04:49:30.054 [INFO] [USB]   COM7 | VID=0x04b4 | PID=0xf139 | desc=KitProg USB-UART (COM7)
04:49:30.054 [INFO] [USB] -> Cypress encontrado en COM7
04:49:30.054 [INFO] Usando puerto: COM7
04:49:30.067 [INFO] [GUI] Iniciando ScopeWindow, puerto=COM7
04:49:30.068 [INFO] [GUI] Construyendo UI...
04:49:30.242 [INFO] [GUI] UI construida OK
04:49:30.242 [INFO] [GUI] Creando SerialWorker para COM7
04:49:30.243 [INFO] [serial] Abriendo puerto COM7 ...
04:49:30.243 [INFO] [GUI] SerialWorker iniciado
04:49:30.243 [INFO] [GUI] Timer de refresh iniciado (80ms)
04:49:30.243 [INFO] [GUI] ScopeWindow lista
04:49:30.440 [INFO] [GUI] app.exec_() — entrando en event loop Qt
04:49:30.440 [INFO] [serial] Puerto abierto: Serial<id=0x1e6d7d32d70, open=True>(port='COM7', baudrate=9600, bytesize=8, parity='N', stopbits=1, timeout=0.1, xonxoff=False, rtscts=False, dsrdtr=False)
04:49:30.440 [INFO] [serial] Entrando en loop de lectura...
04:49:36.023 [INFO] [GUI] Freq cambiada a 150.0 Hz (freq_dh=1500)
04:49:36.023 [INFO] [serial] Encolando TX CMD_FREQ freq=150.0Hz dh=1500: bb0305dc
04:49:36.104 [INFO] [serial] TX CMD_FREQ freq=150.0Hz dh=1500: bb0305dc
04:49:36.104 [DEBUG] [serial] TX OK: 4 bytes escritos
04:50:21.191 [INFO] [GUI] Freq cambiada a 15.0 Hz (freq_dh=150)
04:50:21.191 [INFO] [serial] Encolando TX CMD_FREQ freq=15.0Hz dh=150: bb030096
04:50:21.285 [INFO] [serial] TX CMD_FREQ freq=15.0Hz dh=150: bb030096
04:50:21.286 [DEBUG] [serial] TX OK: 4 bytes escritos
04:50:21.304 [INFO] [GUI] Click START
04:50:21.305 [INFO] [serial] Encolando TX CMD_START: bb04
04:50:21.394 [INFO] [serial] TX CMD_START: bb04
04:50:21.394 [DEBUG] [serial] TX OK: 2 bytes escritos
04:50:24.687 [INFO] [GUI] Freq cambiada a 15.0 Hz (freq_dh=150)
04:50:24.687 [INFO] [serial] Encolando TX CMD_FREQ freq=15.0Hz dh=150: bb030096
04:50:24.772 [INFO] [serial] TX CMD_FREQ freq=15.0Hz dh=150: bb030096
04:50:24.773 [DEBUG] [serial] TX OK: 4 bytes escritos
04:50:29.927 [INFO] [GUI] Freq cambiada a 1.0 Hz (freq_dh=10)
04:50:29.927 [INFO] [serial] Encolando TX CMD_FREQ freq=1.0Hz dh=10: bb03000a
04:50:30.007 [INFO] [serial] TX CMD_FREQ freq=1.0Hz dh=10: bb03000a
04:50:30.007 [DEBUG] [serial] TX OK: 4 bytes escritos
04:50:57.289 [INFO] [GUI] Freq cambiada a 1.0 Hz (freq_dh=10)
04:50:57.289 [INFO] [serial] Encolando TX CMD_FREQ freq=1.0Hz dh=10: bb03000a
04:50:57.352 [INFO] [serial] TX CMD_FREQ freq=1.0Hz dh=10: bb03000a
04:50:57.353 [DEBUG] [serial] TX OK: 4 bytes escritos
04:51:22.883 [INFO] [GUI] Cerrando ventana...
04:51:22.883 [INFO] [serial] Encolando TX CMD_STOP (close): bb05
04:51:22.883 [INFO] [serial] Solicitando parada del worker...
04:51:22.970 [INFO] [serial] TX CMD_STOP (close): bb05
04:51:22.971 [DEBUG] [serial] TX OK: 2 bytes escritos
04:51:22.976 [INFO] [serial] Loop de lectura terminado.
04:51:22.976 [INFO] [serial] Puerto cerrado.
04:51:22.977 [INFO] [GUI] Worker terminado, cerrando.
04:51:22.977 [INFO] [GUI] Freq cambiada a 1.0 Hz (freq_dh=10)
04:51:22.977 [WARNING] [serial] TX ignorado (puerto no abierto): CMD_FREQ freq=1.0Hz dh=10
04:51:22.991 [INFO] [GUI] app.exec_() retorno con codigo 0
