04:52:15.125 [INFO] Log file: C:\Github\Tesis\src\python\geophone_scope - Copy\logs\scope_min_20260420_045215.log
04:52:15.125 [INFO] ============================================================
04:52:15.125 [INFO] scope_min.py arrancando
04:52:15.125 [INFO] ============================================================
04:52:15.126 [INFO] [USB] Buscando dispositivo Cypress (VID=0x04B4)...
04:52:15.131 [INFO] [USB] Puertos encontrados: 1
04:52:15.131 [INFO] [USB]   COM7 | VID=0x04b4 | PID=0xf139 | desc=KitProg USB-UART (COM7)
04:52:15.131 [INFO] [USB] -> Cypress encontrado en COM7
04:52:15.131 [INFO] Usando puerto: COM7
04:52:15.144 [INFO] [GUI] Iniciando ScopeWindow, puerto=COM7
04:52:15.144 [INFO] [GUI] Construyendo UI...
04:52:15.319 [INFO] [GUI] UI construida OK
04:52:15.319 [INFO] [GUI] Creando SerialWorker para COM7
04:52:15.319 [INFO] [serial] Abriendo puerto COM7 ...
04:52:15.320 [INFO] [GUI] SerialWorker iniciado
04:52:15.320 [INFO] [GUI] Timer de refresh iniciado (80ms)
04:52:15.320 [INFO] [GUI] ScopeWindow lista
04:52:15.512 [INFO] [GUI] app.exec_() — entrando en event loop Qt
04:52:15.512 [INFO] [serial] Puerto abierto: Serial<id=0x2854ca22d70, open=True>(port='COM7', baudrate=9600, bytesize=8, parity='N', stopbits=1, timeout=0.1, xonxoff=False, rtscts=False, dsrdtr=False)
04:52:15.513 [INFO] [serial] Entrando en loop de lectura...
04:52:30.533 [INFO] [GUI] Freq cambiada a 1.0 Hz (freq_dh=10)
04:52:30.534 [INFO] [serial] Encolando TX CMD_FREQ freq=1.0Hz dh=10: bb03000a
04:52:30.544 [INFO] [serial] TX CMD_FREQ freq=1.0Hz dh=10: bb03000a
04:52:30.546 [DEBUG] [serial] TX OK: 4 bytes escritos
04:52:32.625 [INFO] [GUI] Cerrando ventana...
04:52:32.625 [INFO] [serial] Encolando TX CMD_STOP (close): bb05
04:52:32.625 [INFO] [serial] Solicitando parada del worker...
04:52:32.631 [INFO] [serial] TX CMD_STOP (close): bb05
04:52:32.632 [DEBUG] [serial] TX OK: 2 bytes escritos
04:52:32.637 [INFO] [serial] Loop de lectura terminado.
04:52:32.637 [INFO] [serial] Puerto cerrado.
04:52:32.638 [INFO] [GUI] Worker terminado, cerrando.
04:52:32.638 [INFO] [GUI] Freq cambiada a 1.0 Hz (freq_dh=10)
04:52:32.638 [WARNING] [serial] TX ignorado (puerto no abierto): CMD_FREQ freq=1.0Hz dh=10
04:52:32.647 [INFO] [GUI] app.exec_() retorno con codigo 0
