01:02:51.524 [INFO] Log file: C:\Github\Tesis\src\python\geophone_scope - Copy\logs\scope_min_20260420_010251.log
01:02:51.524 [INFO] ============================================================
01:02:51.524 [INFO] scope_min.py arrancando
01:02:51.525 [INFO] ============================================================
01:02:51.525 [INFO] [USB] Buscando dispositivo Cypress (VID=0x04B4)...
01:02:51.531 [INFO] [USB] Puertos encontrados: 1
01:02:51.531 [INFO] [USB]   COM3 | VID=0x04b4 | PID=0xf232 | desc=USB Serial Device (COM3)
01:02:51.531 [INFO] [USB] -> Cypress encontrado en COM3
01:02:51.531 [INFO] Usando puerto: COM3
01:02:51.542 [INFO] [GUI] Iniciando ScopeWindow, puerto=COM3
01:02:51.543 [INFO] [GUI] Construyendo UI...
01:02:51.714 [INFO] [GUI] UI construida OK
01:02:51.714 [INFO] [GUI] Creando SerialWorker para COM3
01:02:51.714 [INFO] [serial] Abriendo puerto COM3 ...
01:02:51.714 [INFO] [GUI] SerialWorker iniciado
01:02:51.715 [INFO] [GUI] Timer de refresh iniciado (80ms)
01:02:51.715 [INFO] [GUI] ScopeWindow lista
01:02:51.900 [INFO] [serial] Puerto abierto: Serial<id=0x24f7d09a2f0, open=True>(port='COM3', baudrate=115200, bytesize=8, parity='N', stopbits=1, timeout=0.1, xonxoff=False, rtscts=False, dsrdtr=False)
01:02:51.900 [INFO] [GUI] app.exec_() — entrando en event loop Qt
01:02:51.900 [INFO] [serial] Entrando en loop de lectura...
01:02:54.760 [INFO] [GUI] Click MuxIn -> 1
01:02:54.760 [INFO] [serial] Encolando TX CMD_MUX_IN sel=1: bb0101
01:02:54.842 [INFO] [serial] TX CMD_MUX_IN sel=1: bb0101
01:02:54.843 [DEBUG] [serial] TX OK: 3 bytes escritos
01:02:59.224 [INFO] [GUI] Freq cambiada a 100.0 Hz (freq_dh=1000)
01:02:59.225 [INFO] [serial] Encolando TX CMD_FREQ freq=100.0Hz dh=1000: bb0303e8
01:02:59.304 [INFO] [serial] TX CMD_FREQ freq=100.0Hz dh=1000: bb0303e8
01:02:59.305 [DEBUG] [serial] TX OK: 4 bytes escritos
01:03:00.914 [INFO] [GUI] Freq cambiada a 100.0 Hz (freq_dh=1000)
01:03:00.914 [INFO] [serial] Encolando TX CMD_FREQ freq=100.0Hz dh=1000: bb0303e8
01:03:00.940 [INFO] [serial] TX CMD_FREQ freq=100.0Hz dh=1000: bb0303e8
01:03:00.941 [DEBUG] [serial] TX OK: 4 bytes escritos
01:03:01.005 [INFO] [GUI] Click START
01:03:01.006 [INFO] [serial] Encolando TX CMD_START: bb04
01:03:01.049 [INFO] [serial] TX CMD_START: bb04
01:03:01.050 [DEBUG] [serial] TX OK: 2 bytes escritos
01:03:23.335 [INFO] [GUI] Click STOP
01:03:23.336 [INFO] [serial] Encolando TX CMD_STOP: bb05
01:03:23.387 [INFO] [serial] TX CMD_STOP: bb05
01:03:23.387 [DEBUG] [serial] TX OK: 2 bytes escritos
01:03:27.309 [INFO] [GUI] Click MuxOut -> 1
01:03:27.309 [INFO] [serial] Encolando TX CMD_MUX_OUT sel=1: bb0201
01:03:27.417 [INFO] [serial] TX CMD_MUX_OUT sel=1: bb0201
01:03:27.417 [DEBUG] [serial] TX OK: 3 bytes escritos
01:03:29.073 [INFO] [GUI] Click MuxIn -> 0
01:03:29.073 [INFO] [serial] Encolando TX CMD_MUX_IN sel=0: bb0100
01:03:29.161 [INFO] [serial] TX CMD_MUX_IN sel=0: bb0100
01:03:29.162 [DEBUG] [serial] TX OK: 3 bytes escritos
01:03:31.117 [INFO] [GUI] Click START
01:03:31.117 [INFO] [serial] Encolando TX CMD_START: bb04
01:03:31.123 [INFO] [serial] TX CMD_START: bb04
01:03:31.123 [DEBUG] [serial] TX OK: 2 bytes escritos
01:03:38.265 [INFO] [GUI] Cerrando ventana...
01:03:38.265 [INFO] [serial] Encolando TX CMD_STOP (close): bb05
01:03:38.265 [INFO] [serial] Solicitando parada del worker...
01:03:38.319 [INFO] [serial] TX CMD_STOP (close): bb05
01:03:38.319 [DEBUG] [serial] TX OK: 2 bytes escritos
01:03:38.325 [INFO] [serial] Loop de lectura terminado.
01:03:38.325 [INFO] [serial] Puerto cerrado.
01:03:38.325 [INFO] [GUI] Worker terminado, cerrando.
01:03:38.332 [INFO] [GUI] app.exec_() retorno con codigo 0
