19:34:21.899 [INFO] Log file: C:\Github\Tesis\src\python\geophone_scope - Copy\logs\scope_min_20260419_193421.log
19:34:21.899 [INFO] ============================================================
19:34:21.900 [INFO] scope_min.py arrancando
19:34:21.900 [INFO] ============================================================
19:34:21.900 [INFO] Puerto forzado por argumento: COM3
19:34:21.900 [INFO] Usando puerto: COM3
19:34:21.911 [INFO] [GUI] Iniciando ScopeWindow, puerto=COM3
19:34:21.911 [INFO] [GUI] Construyendo UI...
19:34:22.074 [INFO] [GUI] UI construida OK
19:34:22.074 [INFO] [GUI] Creando SerialWorker para COM3
19:34:22.075 [INFO] [serial] Abriendo puerto COM3 ...
19:34:22.075 [INFO] [GUI] SerialWorker iniciado
19:34:22.076 [INFO] [GUI] Timer de refresh iniciado (80ms)
19:34:22.076 [INFO] [GUI] ScopeWindow lista
19:34:22.240 [INFO] [serial] Puerto abierto: Serial<id=0x2ca605f9cf0, open=True>(port='COM3', baudrate=115200, bytesize=8, parity='N', stopbits=1, timeout=0.1, xonxoff=False, rtscts=False, dsrdtr=False)
19:34:22.256 [INFO] [GUI] app.exec_() — entrando en event loop Qt
19:34:22.256 [INFO] [serial] Entrando en loop de lectura...
19:34:24.988 [INFO] [GUI] Click MuxIn -> 1
19:34:24.988 [INFO] [serial] Encolando TX CMD_MUX_IN sel=1: bb0101
19:34:25.082 [INFO] [serial] TX CMD_MUX_IN sel=1: bb0101
19:34:25.083 [DEBUG] [serial] TX OK: 3 bytes escritos
19:34:36.545 [INFO] [GUI] Freq cambiada a 100.0 Hz (freq_dh=1000)
19:34:36.545 [INFO] [serial] Encolando TX CMD_FREQ freq=100.0Hz dh=1000: bb0303e8
19:34:36.612 [INFO] [serial] TX CMD_FREQ freq=100.0Hz dh=1000: bb0303e8
19:34:36.613 [DEBUG] [serial] TX OK: 4 bytes escritos
19:34:40.492 [INFO] [GUI] Freq cambiada a 100.0 Hz (freq_dh=1000)
19:34:40.493 [INFO] [serial] Encolando TX CMD_FREQ freq=100.0Hz dh=1000: bb0303e8
19:34:40.523 [INFO] [serial] TX CMD_FREQ freq=100.0Hz dh=1000: bb0303e8
19:34:40.524 [DEBUG] [serial] TX OK: 4 bytes escritos
19:34:40.566 [INFO] [GUI] Click START
19:34:40.567 [INFO] [serial] Encolando TX CMD_START: bb04
19:34:40.632 [INFO] [serial] TX CMD_START: bb04
19:34:40.633 [DEBUG] [serial] TX OK: 2 bytes escritos
19:34:53.129 [INFO] [GUI] Cerrando ventana...
19:34:53.129 [INFO] [serial] Encolando TX CMD_STOP (close): bb05
19:34:53.129 [INFO] [serial] Solicitando parada del worker...
19:34:53.130 [INFO] [serial] TX CMD_STOP (close): bb05
19:34:53.130 [DEBUG] [serial] TX OK: 2 bytes escritos
19:34:53.136 [INFO] [serial] Loop de lectura terminado.
19:34:53.136 [INFO] [serial] Puerto cerrado.
19:34:53.136 [INFO] [GUI] Worker terminado, cerrando.
19:34:53.142 [INFO] [GUI] app.exec_() retorno con codigo 0
